216.144.248.27 - - [06/Nov/2023:07:27:31 +0000] "HEAD /admin/admin/login HTTP/1.1" 200 1494 "https://mplan.ashesi.edu.gh/admin" "Mozilla/5.0+(compatible; UptimeRobot/2.0; http://www.uptimerobot.com/)"
41.79.97.5 - - [06/Nov/2023:07:22:26 +0000] "GET /API/api/getSalesReport/4 HTTP/1.1" 200 6596 "https://mplan.ashesi.edu.gh/pos/" "Mozilla/5.0 (Windows NT 10.0; Win64; x64) AppleWebKit/537.36 (KHTML, like Gecko) Chrome/118.0.0.0 Safari/537.36"
::1 - - [06/Nov/2023:07:27:47 +0000] "OPTIONS * HTTP/1.0" 200 126 "-" "Apache/2.4.29 (Ubuntu) OpenSSL/1.1.1 (internal dummy connection)"
66.249.64.33 - - [06/Nov/2023:07:28:00 +0000] "GET / HTTP/1.1" 302 5410 "-" "Mozilla/5.0 (Linux; Android 6.0.1; Nexus 5X Build/MMB29P) AppleWebKit/537.36 (KHTML, like Gecko) Chrome/119.0.6045.105 Mobile Safari/537.36 (compatible; Googlebot/2.1; +http://www.google.com/bot.html)"
41.79.97.5 - - [06/Nov/2023:07:28:01 +0000] "GET /subscriber/vite.svg HTTP/1.1" 304 5383 "-" "Mozilla/5.0 (iPhone; CPU iPhone OS 17_0 like Mac OS X) AppleWebKit/605.1.15 (KHTML, like Gecko) CriOS/119.0.6045.109 Mobile/15E148 Safari/604.1"
66.249.64.34 - - [06/Nov/2023:07:28:01 +0000] "GET /subscriber/ HTTP/1.1" 200 5887 "-" "Mozilla/5.0 (Linux; Android 6.0.1; Nexus 5X Build/MMB29P) AppleWebKit/537.36 (KHTML, like Gecko) Chrome/119.0.6045.105 Mobile Safari/537.36 (compatible; Googlebot/2.1; +http://www.google.com/bot.html)"
41.79.97.5 - - [06/Nov/2023:07:28:19 +0000] "-" 408 5164 "-" "-"
216.144.248.27 - - [06/Nov/2023:07:28:19 +0000] "HEAD /subscriber HTTP/1.1" 301 5373 "https://mplan.ashesi.edu.gh/subscriber" "Mozilla/5.0+(compatible; UptimeRobot/2.0; http://www.uptimerobot.com/)"
216.144.248.27 - - [06/Nov/2023:07:28:19 +0000] "HEAD /subscriber/ HTTP/1.1" 200 866 "https://mplan.ashesi.edu.gh/subscriber" "Mozilla/5.0+(compatible; UptimeRobot/2.0; http://www.uptimerobot.com/)"
41.79.97.5 - - [06/Nov/2023:07:22:52 +0000] "GET /API/api/getSalesReport/4 HTTP/1.1" 200 6626 "https://mplan.ashesi.edu.gh/pos/" "Mozilla/5.0 (Windows NT 10.0; Win64; x64) AppleWebKit/537.36 (KHTML, like Gecko) Chrome/118.0.0.0 Safari/537.36"
::1 - - [06/Nov/2023:07:28:23 +0000] "OPTIONS * HTTP/1.0" 200 126 "-" "Apache/2.4.29 (Ubuntu) OpenSSL/1.1.1 (internal dummy connection)"
41.79.97.5 - - [06/Nov/2023:07:23:09 +0000] "GET /API/api/getSalesReport/4 HTTP/1.1" 200 6628 "https://mplan.ashesi.edu.gh/pos/" "Mozilla/5.0 (Windows NT 10.0; Win64; x64) AppleWebKit/537.36 (KHTML, like Gecko) Chrome/118.0.0.0 Safari/537.36"
::1 - - [06/Nov/2023:07:28:31 +0000] "OPTIONS * HTTP/1.0" 200 126 "-" "Apache/2.4.29 (Ubuntu) OpenSSL/1.1.1 (internal dummy connection)"
41.79.97.5 - - [06/Nov/2023:07:23:15 +0000] "GET /API/api/getSalesReport/4 HTTP/1.1" 200 11229 "https://mplan.ashesi.edu.gh/pos/" "Mozilla/5.0 (Windows NT 10.0; Win64; x64) AppleWebKit/537.36 (KHTML, like Gecko) Chrome/118.0.0.0 Safari/537.36"
::1 - - [06/Nov/2023:07:28:33 +0000] "OPTIONS * HTTP/1.0" 200 126 "-" "Apache/2.4.29 (Ubuntu) OpenSSL/1.1.1 (internal dummy connection)"
41.79.97.5 - - [06/Nov/2023:07:23:36 +0000] "GET /API/api/getSalesReport/4 HTTP/1.1" 200 11221 "https://mplan.ashesi.edu.gh/pos/" "Mozilla/5.0 (Windows NT 10.0; Win64; x64) AppleWebKit/537.36 (KHTML, like Gecko) Chrome/118.0.0.0 Safari/537.36"
::1 - - [06/Nov/2023:07:28:41 +0000] "OPTIONS * HTTP/1.0" 200 126 "-" "Apache/2.4.29 (Ubuntu) OpenSSL/1.1.1 (internal dummy connection)"
216.144.248.27 - - [06/Nov/2023:07:30:52 +0000] "HEAD /pos HTTP/1.1" 301 5366 "https://mplan.ashesi.edu.gh/pos" "Mozilla/5.0+(compatible; UptimeRobot/2.0; http://www.uptimerobot.com/)"
216.144.248.27 - - [06/Nov/2023:07:30:52 +0000] "HEAD /pos/ HTTP/1.1" 200 867 "https://mplan.ashesi.edu.gh/pos" "Mozilla/5.0+(compatible; UptimeRobot/2.0; http://www.uptimerobot.com/)"
41.79.97.5 - - [06/Nov/2023:07:31:43 +0000] "GET /API/api/getCurrentBalance/87922025 HTTP/1.1" 200 6298 "https://mplan.ashesi.edu.gh/pos/" "Mozilla/5.0 (Windows NT 10.0; Win64; x64) AppleWebKit/537.36 (KHTML, like Gecko) Chrome/119.0.0.0 Safari/537.36"
41.79.97.5 - - [06/Nov/2023:07:31:51 +0000] "PUT /API/api/make_order HTTP/1.1" 200 1503 "https://mplan.ashesi.edu.gh/pos/" "Mozilla/5.0 (Windows NT 10.0; Win64; x64) AppleWebKit/537.36 (KHTML, like Gecko) Chrome/119.0.0.0 Safari/537.36"
216.144.248.27 - - [06/Nov/2023:07:32:06 +0000] "HEAD /vendor/public/admin HTTP/1.1" 302 6089 "https://mplan.ashesi.edu.gh/vendor/public/admin" "Mozilla/5.0+(compatible; UptimeRobot/2.0; http://www.uptimerobot.com/)"
216.144.248.27 - - [06/Nov/2023:07:32:06 +0000] "HEAD /vendor/public/admin/login HTTP/1.1" 200 1426 "https://mplan.ashesi.edu.gh/vendor/public/admin" "Mozilla/5.0+(compatible; UptimeRobot/2.0; http://www.uptimerobot.com/)"
216.144.248.27 - - [06/Nov/2023:07:32:30 +0000] "HEAD /admin HTTP/1.1" 301 5368 "https://mplan.ashesi.edu.gh/admin" "Mozilla/5.0+(compatible; UptimeRobot/2.0; http://www.uptimerobot.com/)"
216.144.248.27 - - [06/Nov/2023:07:32:30 +0000] "HEAD /admin/ HTTP/1.1" 302 1546 "https://mplan.ashesi.edu.gh/admin" "Mozilla/5.0+(compatible; UptimeRobot/2.0; http://www.uptimerobot.com/)"
216.144.248.27 - - [06/Nov/2023:07:32:31 +0000] "HEAD /admin/admin/login HTTP/1.1" 200 1494 "https://mplan.ashesi.edu.gh/admin" "Mozilla/5.0+(compatible; UptimeRobot/2.0; http://www.uptimerobot.com/)"
216.144.248.27 - - [06/Nov/2023:07:33:19 +0000] "HEAD /subscriber HTTP/1.1" 301 5373 "https://mplan.ashesi.edu.gh/subscriber" "Mozilla/5.0+(compatible; UptimeRobot/2.0; http://www.uptimerobot.com/)"
216.144.248.27 - - [06/Nov/2023:07:33:19 +0000] "HEAD /subscriber/ HTTP/1.1" 200 866 "https://mplan.ashesi.edu.gh/subscriber" "Mozilla/5.0+(compatible; UptimeRobot/2.0; http://www.uptimerobot.com/)"
216.144.248.27 - - [06/Nov/2023:07:35:52 +0000] "HEAD /pos HTTP/1.1" 301 5366 "https://mplan.ashesi.edu.gh/pos" "Mozilla/5.0+(compatible; UptimeRobot/2.0; http://www.uptimerobot.com/)"
216.144.248.27 - - [06/Nov/2023:07:35:52 +0000] "HEAD /pos/ HTTP/1.1" 200 867 "https://mplan.ashesi.edu.gh/pos" "Mozilla/5.0+(compatible; UptimeRobot/2.0; http://www.uptimerobot.com/)"
41.79.97.5 - - [06/Nov/2023:07:36:35 +0000] "GET /API/api/getCurrentBalance/01602025 HTTP/1.1" 200 1717 "https://mplan.ashesi.edu.gh/pos/" "Mozilla/5.0 (Windows NT 10.0; Win64; x64) AppleWebKit/537.36 (KHTML, like Gecko) Chrome/119.0.0.0 Safari/537.36"
41.79.97.5 - - [06/Nov/2023:07:36:46 +0000] "PUT /API/api/make_order HTTP/1.1" 200 1487 "https://mplan.ashesi.edu.gh/pos/" "Mozilla/5.0 (Windows NT 10.0; Win64; x64) AppleWebKit/537.36 (KHTML, like Gecko) Chrome/119.0.0.0 Safari/537.36"
216.144.248.27 - - [06/Nov/2023:07:37:06 +0000] "HEAD /vendor/public/admin HTTP/1.1" 302 6083 "https://mplan.ashesi.edu.gh/vendor/public/admin" "Mozilla/5.0+(compatible; UptimeRobot/2.0; http://www.uptimerobot.com/)"
216.144.248.27 - - [06/Nov/2023:07:37:06 +0000] "HEAD /vendor/public/admin/login HTTP/1.1" 200 1426 "https://mplan.ashesi.edu.gh/vendor/public/admin" "Mozilla/5.0+(compatible; UptimeRobot/2.0; http://www.uptimerobot.com/)"
216.144.248.27 - - [06/Nov/2023:07:37:30 +0000] "HEAD /admin HTTP/1.1" 301 5368 "https://mplan.ashesi.edu.gh/admin" "Mozilla/5.0+(compatible; UptimeRobot/2.0; http://www.uptimerobot.com/)"
216.144.248.27 - - [06/Nov/2023:07:37:30 +0000] "HEAD /admin/ HTTP/1.1" 302 1550 "https://mplan.ashesi.edu.gh/admin" "Mozilla/5.0+(compatible; UptimeRobot/2.0; http://www.uptimerobot.com/)"
216.144.248.27 - - [06/Nov/2023:07:37:31 +0000] "HEAD /admin/admin/login HTTP/1.1" 200 1492 "https://mplan.ashesi.edu.gh/admin" "Mozilla/5.0+(compatible; UptimeRobot/2.0; http://www.uptimerobot.com/)"
66.249.64.44 - - [06/Nov/2023:07:37:37 +0000] "GET /subscriber HTTP/1.1" 301 606 "-" "Mozilla/5.0 (Linux; Android 6.0.1; Nexus 5X Build/MMB29P) AppleWebKit/537.36 (KHTML, like Gecko) Chrome/119.0.6045.105 Mobile Safari/537.36 (compatible; Googlebot/2.1; +http://www.google.com/bot.html)"
216.144.248.27 - - [06/Nov/2023:07:38:19 +0000] "HEAD /subscriber HTTP/1.1" 301 5373 "https://mplan.ashesi.edu.gh/subscriber" "Mozilla/5.0+(compatible; UptimeRobot/2.0; http://www.uptimerobot.com/)"
216.144.248.27 - - [06/Nov/2023:07:38:19 +0000] "HEAD /subscriber/ HTTP/1.1" 200 866 "https://mplan.ashesi.edu.gh/subscriber" "Mozilla/5.0+(compatible; UptimeRobot/2.0; http://www.uptimerobot.com/)"
41.79.97.5 - - [06/Nov/2023:07:38:26 +0000] "GET /API/api/getCurrentBalance/16552027 HTTP/1.1" 200 1760 "https://mplan.ashesi.edu.gh/pos/" "Mozilla/5.0 (Windows NT 10.0; Win64; x64) AppleWebKit/537.36 (KHTML, like Gecko) Chrome/119.0.0.0 Safari/537.36"
41.79.97.5 - - [06/Nov/2023:07:38:42 +0000] "PUT /API/api/make_order HTTP/1.1" 200 1503 "https://mplan.ashesi.edu.gh/pos/" "Mozilla/5.0 (Windows NT 10.0; Win64; x64) AppleWebKit/537.36 (KHTML, like Gecko) Chrome/119.0.0.0 Safari/537.36"
41.79.97.5 - - [06/Nov/2023:07:39:42 +0000] "GET /API/api/getCurrentBalance/53792026 HTTP/1.1" 200 1741 "https://mplan.ashesi.edu.gh/pos/" "Mozilla/5.0 (Windows NT 10.0; Win64; x64) AppleWebKit/537.36 (KHTML, like Gecko) Chrome/119.0.0.0 Safari/537.36"
41.79.97.5 - - [06/Nov/2023:07:39:44 +0000] "GET /API/api/getCurrentBalance/53792026 HTTP/1.1" 200 1741 "https://mplan.ashesi.edu.gh/pos/" "Mozilla/5.0 (Windows NT 10.0; Win64; x64) AppleWebKit/537.36 (KHTML, like Gecko) Chrome/119.0.0.0 Safari/537.36"
41.79.97.5 - - [06/Nov/2023:07:39:53 +0000] "PUT /API/api/make_order HTTP/1.1" 200 1487 "https://mplan.ashesi.edu.gh/pos/" "Mozilla/5.0 (Windows NT 10.0; Win64; x64) AppleWebKit/537.36 (KHTML, like Gecko) Chrome/119.0.0.0 Safari/537.36"
41.79.97.5 - - [06/Nov/2023:07:40:41 +0000] "GET /API/api/getCurrentBalance/aue00244 HTTP/1.1" 200 1776 "https://mplan.ashesi.edu.gh/pos/" "Mozilla/5.0 (Windows NT 10.0; Win64; x64) AppleWebKit/537.36 (KHTML, like Gecko) Chrome/119.0.0.0 Safari/537.36"
41.79.97.5 - - [06/Nov/2023:07:40:43 +0000] "GET /API/api/getCurrentBalance/aue00244 HTTP/1.1" 200 1776 "https://mplan.ashesi.edu.gh/pos/" "Mozilla/5.0 (Windows NT 10.0; Win64; x64) AppleWebKit/537.36 (KHTML, like Gecko) Chrome/119.0.0.0 Safari/537.36"
41.79.97.5 - - [06/Nov/2023:07:40:50 +0000] "PUT /API/api/make_order HTTP/1.1" 200 1046 "https://mplan.ashesi.edu.gh/pos/" "Mozilla/5.0 (Windows NT 10.0; Win64; x64) AppleWebKit/537.36 (KHTML, like Gecko) Chrome/119.0.0.0 Safari/537.36"
216.144.248.27 - - [06/Nov/2023:07:40:52 +0000] "HEAD /pos HTTP/1.1" 301 5366 "https://mplan.ashesi.edu.gh/pos" "Mozilla/5.0+(compatible; UptimeRobot/2.0; http://www.uptimerobot.com/)"
216.144.248.27 - - [06/Nov/2023:07:40:52 +0000] "HEAD /pos/ HTTP/1.1" 200 867 "https://mplan.ashesi.edu.gh/pos" "Mozilla/5.0+(compatible; UptimeRobot/2.0; http://www.uptimerobot.com/)"
41.79.97.5 - - [06/Nov/2023:07:41:23 +0000] "GET /API/api/getCurrentBalance/aue00244 HTTP/1.1" 200 1776 "https://mplan.ashesi.edu.gh/pos/" "Mozilla/5.0 (Windows NT 10.0; Win64; x64) AppleWebKit/537.36 (KHTML, like Gecko) Chrome/119.0.0.0 Safari/537.36"
41.79.97.5 - - [06/Nov/2023:07:41:23 +0000] "PUT /API/api/make_order HTTP/1.1" 200 1501 "https://mplan.ashesi.edu.gh/pos/" "Mozilla/5.0 (Windows NT 10.0; Win64; x64) AppleWebKit/537.36 (KHTML, like Gecko) Chrome/119.0.0.0 Safari/537.36"
41.79.97.5 - - [06/Nov/2023:07:42:04 +0000] "GET /API/api/getCurrentBalance/aue00229 HTTP/1.1" 200 1784 "https://mplan.ashesi.edu.gh/pos/" "Mozilla/5.0 (Windows NT 10.0; Win64; x64) AppleWebKit/537.36 (KHTML, like Gecko) Chrome/119.0.0.0 Safari/537.36"
216.144.248.27 - - [06/Nov/2023:07:42:06 +0000] "HEAD /vendor/public/admin HTTP/1.1" 302 6083 "https://mplan.ashesi.edu.gh/vendor/public/admin" "Mozilla/5.0+(compatible; UptimeRobot/2.0; http://www.uptimerobot.com/)"
216.144.248.27 - - [06/Nov/2023:07:42:06 +0000] "HEAD /vendor/public/admin/login HTTP/1.1" 200 1424 "https://mplan.ashesi.edu.gh/vendor/public/admin" "Mozilla/5.0+(compatible; UptimeRobot/2.0; http://www.uptimerobot.com/)"
41.79.97.5 - - [06/Nov/2023:07:42:06 +0000] "GET /API/api/getCurrentBalance/aue00229 HTTP/1.1" 200 1768 "https://mplan.ashesi.edu.gh/pos/" "Mozilla/5.0 (Windows NT 10.0; Win64; x64) AppleWebKit/537.36 (KHTML, like Gecko) Chrome/119.0.0.0 Safari/537.36"
41.79.97.5 - - [06/Nov/2023:07:42:07 +0000] "GET /API/api/getCurrentBalance/aue00229 HTTP/1.1" 200 1784 "https://mplan.ashesi.edu.gh/pos/" "Mozilla/5.0 (Windows NT 10.0; Win64; x64) AppleWebKit/537.36 (KHTML, like Gecko) Chrome/119.0.0.0 Safari/537.36"
41.79.97.5 - - [06/Nov/2023:07:42:09 +0000] "GET /API/api/getCurrentBalance/aue00229 HTTP/1.1" 200 1768 "https://mplan.ashesi.edu.gh/pos/" "Mozilla/5.0 (Windows NT 10.0; Win64; x64) AppleWebKit/537.36 (KHTML, like Gecko) Chrome/119.0.0.0 Safari/537.36"
41.79.97.5 - - [06/Nov/2023:07:42:11 +0000] "GET /API/api/getCurrentBalance/aue00229 HTTP/1.1" 200 1768 "https://mplan.ashesi.edu.gh/pos/" "Mozilla/5.0 (Windows NT 10.0; Win64; x64) AppleWebKit/537.36 (KHTML, like Gecko) Chrome/119.0.0.0 Safari/537.36"
41.79.97.5 - - [06/Nov/2023:07:42:12 +0000] "PUT /API/api/make_order HTTP/1.1" 200 1501 "https://mplan.ashesi.edu.gh/pos/" "Mozilla/5.0 (Windows NT 10.0; Win64; x64) AppleWebKit/537.36 (KHTML, like Gecko) Chrome/119.0.0.0 Safari/537.36"
41.79.97.5 - - [06/Nov/2023:07:42:13 +0000] "GET /API/api/getCurrentBalance/aue00229 HTTP/1.1" 200 1767 "https://mplan.ashesi.edu.gh/pos/" "Mozilla/5.0 (Windows NT 10.0; Win64; x64) AppleWebKit/537.36 (KHTML, like Gecko) Chrome/119.0.0.0 Safari/537.36"
41.79.97.5 - - [06/Nov/2023:07:42:15 +0000] "GET /API/api/getCurrentBalance/aue00229 HTTP/1.1" 200 1767 "https://mplan.ashesi.edu.gh/pos/" "Mozilla/5.0 (Windows NT 10.0; Win64; x64) AppleWebKit/537.36 (KHTML, like Gecko) Chrome/119.0.0.0 Safari/537.36"
216.144.248.27 - - [06/Nov/2023:07:42:30 +0000] "HEAD /admin HTTP/1.1" 301 5368 "https://mplan.ashesi.edu.gh/admin" "Mozilla/5.0+(compatible; UptimeRobot/2.0; http://www.uptimerobot.com/)"
216.144.248.27 - - [06/Nov/2023:07:42:30 +0000] "HEAD /admin/ HTTP/1.1" 302 1550 "https://mplan.ashesi.edu.gh/admin" "Mozilla/5.0+(compatible; UptimeRobot/2.0; http://www.uptimerobot.com/)"
216.144.248.27 - - [06/Nov/2023:07:42:31 +0000] "HEAD /admin/admin/login HTTP/1.1" 200 1488 "https://mplan.ashesi.edu.gh/admin" "Mozilla/5.0+(compatible; UptimeRobot/2.0; http://www.uptimerobot.com/)"
216.144.248.27 - - [06/Nov/2023:07:43:19 +0000] "HEAD /subscriber HTTP/1.1" 301 5373 "https://mplan.ashesi.edu.gh/subscriber" "Mozilla/5.0+(compatible; UptimeRobot/2.0; http://www.uptimerobot.com/)"
216.144.248.27 - - [06/Nov/2023:07:43:19 +0000] "HEAD /subscriber/ HTTP/1.1" 200 866 "https://mplan.ashesi.edu.gh/subscriber" "Mozilla/5.0+(compatible; UptimeRobot/2.0; http://www.uptimerobot.com/)"
41.79.97.5 - - [06/Nov/2023:07:43:42 +0000] "GET /API/api/getCurrentBalance/02802026 HTTP/1.1" 200 6327 "https://mplan.ashesi.edu.gh/pos/" "Mozilla/5.0 (Windows NT 10.0; Win64; x64) AppleWebKit/537.36 (KHTML, like Gecko) Chrome/119.0.0.0 Safari/537.36"
41.79.97.5 - - [06/Nov/2023:07:43:47 +0000] "PUT /API/api/make_order HTTP/1.1" 200 1506 "https://mplan.ashesi.edu.gh/pos/" "Mozilla/5.0 (Windows NT 10.0; Win64; x64) AppleWebKit/537.36 (KHTML, like Gecko) Chrome/119.0.0.0 Safari/537.36"
41.79.97.5 - - [06/Nov/2023:07:44:19 +0000] "GET /API/api/getCurrentBalance/30512027 HTTP/1.1" 200 1735 "https://mplan.ashesi.edu.gh/pos/" "Mozilla/5.0 (Windows NT 10.0; Win64; x64) AppleWebKit/537.36 (KHTML, like Gecko) Chrome/119.0.0.0 Safari/537.36"
41.79.97.5 - - [06/Nov/2023:07:44:25 +0000] "PUT /API/api/make_order HTTP/1.1" 200 1493 "https://mplan.ashesi.edu.gh/pos/" "Mozilla/5.0 (Windows NT 10.0; Win64; x64) AppleWebKit/537.36 (KHTML, like Gecko) Chrome/119.0.0.0 Safari/537.36"
66.249.64.33 - - [06/Nov/2023:07:44:28 +0000] "GET / HTTP/1.1" 302 5410 "-" "Mozilla/5.0 (compatible; Googlebot/2.1; +http://www.google.com/bot.html)"
66.249.64.43 - - [06/Nov/2023:07:44:29 +0000] "GET /subscriber HTTP/1.1" 301 606 "-" "Mozilla/5.0 (compatible; Googlebot/2.1; +http://www.google.com/bot.html)"
66.249.64.35 - - [06/Nov/2023:07:44:29 +0000] "GET /subscriber HTTP/1.1" 301 5764 "-" "Mozilla/5.0 (compatible; Googlebot/2.1; +http://www.google.com/bot.html)"
66.249.64.33 - - [06/Nov/2023:07:44:29 +0000] "GET /subscriber/ HTTP/1.1" 200 753 "-" "Mozilla/5.0 (compatible; Googlebot/2.1; +http://www.google.com/bot.html)"
41.79.97.5 - - [06/Nov/2023:07:45:24 +0000] "GET /API/api/getCurrentBalance/30142027 HTTP/1.1" 200 1766 "https://mplan.ashesi.edu.gh/pos/" "Mozilla/5.0 (Windows NT 10.0; Win64; x64) AppleWebKit/537.36 (KHTML, like Gecko) Chrome/119.0.0.0 Safari/537.36"
41.79.97.5 - - [06/Nov/2023:07:45:26 +0000] "GET /API/api/getCurrentBalance/30142027 HTTP/1.1" 200 1750 "https://mplan.ashesi.edu.gh/pos/" "Mozilla/5.0 (Windows NT 10.0; Win64; x64) AppleWebKit/537.36 (KHTML, like Gecko) Chrome/119.0.0.0 Safari/537.36"
41.79.97.5 - - [06/Nov/2023:07:45:28 +0000] "GET /API/api/getCurrentBalance/30142027 HTTP/1.1" 200 1766 "https://mplan.ashesi.edu.gh/pos/" "Mozilla/5.0 (Windows NT 10.0; Win64; x64) AppleWebKit/537.36 (KHTML, like Gecko) Chrome/119.0.0.0 Safari/537.36"
41.79.97.5 - - [06/Nov/2023:07:45:30 +0000] "GET /API/api/getCurrentBalance/30142027 HTTP/1.1" 200 1766 "https://mplan.ashesi.edu.gh/pos/" "Mozilla/5.0 (Windows NT 10.0; Win64; x64) AppleWebKit/537.36 (KHTML, like Gecko) Chrome/119.0.0.0 Safari/537.36"
41.79.97.5 - - [06/Nov/2023:07:45:32 +0000] "GET /API/api/getCurrentBalance/30142027 HTTP/1.1" 200 1750 "https://mplan.ashesi.edu.gh/pos/" "Mozilla/5.0 (Windows NT 10.0; Win64; x64) AppleWebKit/537.36 (KHTML, like Gecko) Chrome/119.0.0.0 Safari/537.36"
41.79.97.5 - - [06/Nov/2023:07:45:33 +0000] "PUT /API/api/make_order HTTP/1.1" 200 1489 "https://mplan.ashesi.edu.gh/pos/" "Mozilla/5.0 (Windows NT 10.0; Win64; x64) AppleWebKit/537.36 (KHTML, like Gecko) Chrome/119.0.0.0 Safari/537.36"
41.79.97.5 - - [06/Nov/2023:07:45:34 +0000] "GET /API/api/getCurrentBalance/30142027 HTTP/1.1" 200 1768 "https://mplan.ashesi.edu.gh/pos/" "Mozilla/5.0 (Windows NT 10.0; Win64; x64) AppleWebKit/537.36 (KHTML, like Gecko) Chrome/119.0.0.0 Safari/537.36"
216.144.248.27 - - [06/Nov/2023:07:45:52 +0000] "HEAD /pos HTTP/1.1" 301 5366 "https://mplan.ashesi.edu.gh/pos" "Mozilla/5.0+(compatible; UptimeRobot/2.0; http://www.uptimerobot.com/)"
216.144.248.27 - - [06/Nov/2023:07:45:52 +0000] "HEAD /pos/ HTTP/1.1" 200 867 "https://mplan.ashesi.edu.gh/pos" "Mozilla/5.0+(compatible; UptimeRobot/2.0; http://www.uptimerobot.com/)"
41.79.97.5 - - [06/Nov/2023:07:46:22 +0000] "GET /API/api/get_orders_not_deliveries/6 HTTP/1.1" 200 1006 "https://mplan.ashesi.edu.gh/pos/" "Mozilla/5.0 (Windows NT 10.0; Win64; x64) AppleWebKit/537.36 (KHTML, like Gecko) Chrome/119.0.0.0 Safari/537.36"
41.79.97.5 - - [06/Nov/2023:07:46:24 +0000] "GET /API/api/get_sales/6/6110 HTTP/1.1" 200 8857 "https://mplan.ashesi.edu.gh/pos/" "Mozilla/5.0 (Windows NT 10.0; Win64; x64) AppleWebKit/537.36 (KHTML, like Gecko) Chrome/119.0.0.0 Safari/537.36"
41.79.97.5 - - [06/Nov/2023:07:46:33 +0000] "PUT /API/api/cancel_order/41044473 HTTP/1.1" 200 6184 "https://mplan.ashesi.edu.gh/pos/" "Mozilla/5.0 (Windows NT 10.0; Win64; x64) AppleWebKit/537.36 (KHTML, like Gecko) Chrome/119.0.0.0 Safari/537.36"
41.79.97.5 - - [06/Nov/2023:07:46:33 +0000] "GET /API/api/get_sales/6/6110 HTTP/1.1" 200 8857 "https://mplan.ashesi.edu.gh/pos/" "Mozilla/5.0 (Windows NT 10.0; Win64; x64) AppleWebKit/537.36 (KHTML, like Gecko) Chrome/119.0.0.0 Safari/537.36"
41.79.97.5 - - [06/Nov/2023:07:46:36 +0000] "GET /API/api/get_sales/6/6110 HTTP/1.1" 200 8198 "https://mplan.ashesi.edu.gh/pos/" "Mozilla/5.0 (Windows NT 10.0; Win64; x64) AppleWebKit/537.36 (KHTML, like Gecko) Chrome/119.0.0.0 Safari/537.36"
41.79.97.5 - - [06/Nov/2023:07:46:38 +0000] "GET /API/api/get_sales/6/6110 HTTP/1.1" 200 8198 "https://mplan.ashesi.edu.gh/pos/" "Mozilla/5.0 (Windows NT 10.0; Win64; x64) AppleWebKit/537.36 (KHTML, like Gecko) Chrome/119.0.0.0 Safari/537.36"
216.144.248.27 - - [06/Nov/2023:07:47:06 +0000] "HEAD /vendor/public/admin HTTP/1.1" 302 6081 "https://mplan.ashesi.edu.gh/vendor/public/admin" "Mozilla/5.0+(compatible; UptimeRobot/2.0; http://www.uptimerobot.com/)"
216.144.248.27 - - [06/Nov/2023:07:47:07 +0000] "HEAD /vendor/public/admin/login HTTP/1.1" 200 1422 "https://mplan.ashesi.edu.gh/vendor/public/admin" "Mozilla/5.0+(compatible; UptimeRobot/2.0; http://www.uptimerobot.com/)"
216.144.248.27 - - [06/Nov/2023:07:47:30 +0000] "HEAD /admin HTTP/1.1" 301 5368 "https://mplan.ashesi.edu.gh/admin" "Mozilla/5.0+(compatible; UptimeRobot/2.0; http://www.uptimerobot.com/)"
216.144.248.27 - - [06/Nov/2023:07:47:30 +0000] "HEAD /admin/ HTTP/1.1" 302 1550 "https://mplan.ashesi.edu.gh/admin" "Mozilla/5.0+(compatible; UptimeRobot/2.0; http://www.uptimerobot.com/)"
216.144.248.27 - - [06/Nov/2023:07:47:31 +0000] "HEAD /admin/admin/login HTTP/1.1" 200 1492 "https://mplan.ashesi.edu.gh/admin" "Mozilla/5.0+(compatible; UptimeRobot/2.0; http://www.uptimerobot.com/)"
41.79.97.5 - - [06/Nov/2023:07:47:44 +0000] "-" 408 5148 "-" "-"
41.79.97.5 - - [06/Nov/2023:07:47:44 +0000] "-" 408 5180 "-" "-"
216.144.248.27 - - [06/Nov/2023:07:48:19 +0000] "HEAD /subscriber HTTP/1.1" 301 5373 "https://mplan.ashesi.edu.gh/subscriber" "Mozilla/5.0+(compatible; UptimeRobot/2.0; http://www.uptimerobot.com/)"
216.144.248.27 - - [06/Nov/2023:07:48:19 +0000] "HEAD /subscriber/ HTTP/1.1" 200 866 "https://mplan.ashesi.edu.gh/subscriber" "Mozilla/5.0+(compatible; UptimeRobot/2.0; http://www.uptimerobot.com/)"
170.187.229.21 - - [06/Nov/2023:07:48:46 +0000] "GET / HTTP/1.1" 301 586 "-" "python-requests/2.31.0"
170.187.229.21 - - [06/Nov/2023:07:48:46 +0000] "GET / HTTP/1.1" 302 5441 "-" "python-requests/2.31.0"
170.187.229.21 - - [06/Nov/2023:07:48:47 +0000] "GET /subscriber HTTP/1.1" 301 605 "-" "python-requests/2.31.0"
170.187.229.21 - - [06/Nov/2023:07:48:47 +0000] "GET /subscriber HTTP/1.1" 301 630 "-" "python-requests/2.31.0"
170.187.229.21 - - [06/Nov/2023:07:48:47 +0000] "GET /subscriber/ HTTP/1.1" 200 753 "-" "python-requests/2.31.0"
80.82.77.202 - - [06/Nov/2023:07:49:13 +0000] "\x16\x03\x02\x01o\x01" 400 493 "-" "-"
41.79.97.5 - - [06/Nov/2023:07:49:17 +0000] "GET /subscriber/ HTTP/1.1" 200 5918 "-" "Mozilla/5.0 (iPhone; CPU iPhone OS 17_1 like Mac OS X) AppleWebKit/605.1.15 (KHTML, like Gecko) Version/17.1 Mobile/15E148 Safari/604.1"
41.79.97.5 - - [06/Nov/2023:07:49:18 +0000] "GET /subscriber/assets/index-e7c9cb4e.js HTTP/1.1" 200 187467 "https://mplan.ashesi.edu.gh/subscriber/" "Mozilla/5.0 (iPhone; CPU iPhone OS 17_1 like Mac OS X) AppleWebKit/605.1.15 (KHTML, like Gecko) Version/17.1 Mobile/15E148 Safari/604.1"
41.79.97.5 - - [06/Nov/2023:07:49:18 +0000] "GET /subscriber/assets/index-919520b5.css HTTP/1.1" 200 6607 "https://mplan.ashesi.edu.gh/subscriber/" "Mozilla/5.0 (iPhone; CPU iPhone OS 17_1 like Mac OS X) AppleWebKit/605.1.15 (KHTML, like Gecko) Version/17.1 Mobile/15E148 Safari/604.1"
41.79.97.5 - - [06/Nov/2023:07:49:18 +0000] "GET /subscriber/assets/headerimg-5519f95f.png HTTP/1.1" 200 1760353 "https://mplan.ashesi.edu.gh/subscriber/" "Mozilla/5.0 (iPhone; CPU iPhone OS 17_1 like Mac OS X) AppleWebKit/605.1.15 (KHTML, like Gecko) Version/17.1 Mobile/15E148 Safari/604.1"
41.79.97.5 - - [06/Nov/2023:07:49:39 +0000] "GET /subscriber/vite.svg HTTP/1.1" 200 6973 "https://mplan.ashesi.edu.gh/subscriber/" "Mozilla/5.0 (iPhone; CPU iPhone OS 17_1 like Mac OS X) AppleWebKit/605.1.15 (KHTML, like Gecko) Version/17.1 Mobile/15E148 Safari/604.1"
216.144.248.27 - - [06/Nov/2023:07:50:52 +0000] "HEAD /pos HTTP/1.1" 301 5366 "https://mplan.ashesi.edu.gh/pos" "Mozilla/5.0+(compatible; UptimeRobot/2.0; http://www.uptimerobot.com/)"
216.144.248.27 - - [06/Nov/2023:07:50:52 +0000] "HEAD /pos/ HTTP/1.1" 200 867 "https://mplan.ashesi.edu.gh/pos" "Mozilla/5.0+(compatible; UptimeRobot/2.0; http://www.uptimerobot.com/)"
216.144.248.27 - - [06/Nov/2023:07:52:06 +0000] "HEAD /vendor/public/admin HTTP/1.1" 302 6091 "https://mplan.ashesi.edu.gh/vendor/public/admin" "Mozilla/5.0+(compatible; UptimeRobot/2.0; http://www.uptimerobot.com/)"
216.144.248.27 - - [06/Nov/2023:07:52:07 +0000] "HEAD /vendor/public/admin/login HTTP/1.1" 200 1424 "https://mplan.ashesi.edu.gh/vendor/public/admin" "Mozilla/5.0+(compatible; UptimeRobot/2.0; http://www.uptimerobot.com/)"
192.155.90.220 - - [06/Nov/2023:07:52:26 +0000] "\x16\x03\x01" 400 493 "-" "-"
216.144.248.27 - - [06/Nov/2023:07:52:30 +0000] "HEAD /admin HTTP/1.1" 301 5368 "https://mplan.ashesi.edu.gh/admin" "Mozilla/5.0+(compatible; UptimeRobot/2.0; http://www.uptimerobot.com/)"
41.79.97.5 - - [06/Nov/2023:07:52:30 +0000] "GET /subscriber/vite.svg HTTP/1.1" 304 5367 "https://mplan.ashesi.edu.gh/subscriber/" "Mozilla/5.0 (Linux; Android 12) AppleWebKit/537.36 (KHTML, like Gecko) Chrome/112.0.0.0 Mobile Safari/537.36"
216.144.248.27 - - [06/Nov/2023:07:52:30 +0000] "HEAD /admin/ HTTP/1.1" 302 1548 "https://mplan.ashesi.edu.gh/admin" "Mozilla/5.0+(compatible; UptimeRobot/2.0; http://www.uptimerobot.com/)"
216.144.248.27 - - [06/Nov/2023:07:52:31 +0000] "HEAD /admin/admin/login HTTP/1.1" 200 1496 "https://mplan.ashesi.edu.gh/admin" "Mozilla/5.0+(compatible; UptimeRobot/2.0; http://www.uptimerobot.com/)"
216.144.248.27 - - [06/Nov/2023:07:53:19 +0000] "HEAD /subscriber HTTP/1.1" 301 5373 "https://mplan.ashesi.edu.gh/subscriber" "Mozilla/5.0+(compatible; UptimeRobot/2.0; http://www.uptimerobot.com/)"
216.144.248.27 - - [06/Nov/2023:07:53:19 +0000] "HEAD /subscriber/ HTTP/1.1" 200 866 "https://mplan.ashesi.edu.gh/subscriber" "Mozilla/5.0+(compatible; UptimeRobot/2.0; http://www.uptimerobot.com/)"
66.249.64.42 - - [06/Nov/2023:07:54:26 +0000] "GET / HTTP/1.1" 301 586 "-" "Mozilla/5.0 (compatible; Googlebot/2.1; +http://www.google.com/bot.html)"
66.249.64.34 - - [06/Nov/2023:07:54:27 +0000] "GET / HTTP/1.1" 302 5410 "-" "Mozilla/5.0 (compatible; Googlebot/2.1; +http://www.google.com/bot.html)"
66.249.64.43 - - [06/Nov/2023:07:54:28 +0000] "GET /subscriber HTTP/1.1" 301 606 "-" "Mozilla/5.0 (compatible; Googlebot/2.1; +http://www.google.com/bot.html)"
66.249.64.33 - - [06/Nov/2023:07:54:28 +0000] "GET /subscriber HTTP/1.1" 301 5764 "-" "Mozilla/5.0 (compatible; Googlebot/2.1; +http://www.google.com/bot.html)"
66.249.64.33 - - [06/Nov/2023:07:54:29 +0000] "GET /subscriber/ HTTP/1.1" 200 753 "-" "Mozilla/5.0 (compatible; Googlebot/2.1; +http://www.google.com/bot.html)"
41.79.97.5 - - [06/Nov/2023:07:55:48 +0000] "GET /pos/ HTTP/1.1" 200 6481 "-" "Mozilla/5.0 (Windows NT 10.0; Win64; x64) AppleWebKit/537.36 (KHTML, like Gecko) Chrome/119.0.0.0 Safari/537.36"
41.79.97.5 - - [06/Nov/2023:07:55:49 +0000] "GET /pos/web/css/angucomplete-alt.css HTTP/1.1" 200 5989 "https://mplan.ashesi.edu.gh/pos/" "Mozilla/5.0 (Windows NT 10.0; Win64; x64) AppleWebKit/537.36 (KHTML, like Gecko) Chrome/119.0.0.0 Safari/537.36"
41.79.97.5 - - [06/Nov/2023:07:55:49 +0000] "GET /pos/web/css/uikit.min.css HTTP/1.1" 200 27488 "https://mplan.ashesi.edu.gh/pos/" "Mozilla/5.0 (Windows NT 10.0; Win64; x64) AppleWebKit/537.36 (KHTML, like Gecko) Chrome/119.0.0.0 Safari/537.36"
41.79.97.5 - - [06/Nov/2023:07:55:49 +0000] "GET /pos/web/css/angular-datatables.min.css HTTP/1.1" 200 813 "https://mplan.ashesi.edu.gh/pos/" "Mozilla/5.0 (Windows NT 10.0; Win64; x64) AppleWebKit/537.36 (KHTML, like Gecko) Chrome/119.0.0.0 Safari/537.36"
41.79.97.5 - - [06/Nov/2023:07:55:49 +0000] "GET /pos/web/css/datatables.css HTTP/1.1" 200 3642 "https://mplan.ashesi.edu.gh/pos/" "Mozilla/5.0 (Windows NT 10.0; Win64; x64) AppleWebKit/537.36 (KHTML, like Gecko) Chrome/119.0.0.0 Safari/537.36"
41.79.97.5 - - [06/Nov/2023:07:55:49 +0000] "GET /pos/web/css/pos.css HTTP/1.1" 200 7910 "https://mplan.ashesi.edu.gh/pos/" "Mozilla/5.0 (Windows NT 10.0; Win64; x64) AppleWebKit/537.36 (KHTML, like Gecko) Chrome/119.0.0.0 Safari/537.36"
41.79.97.5 - - [06/Nov/2023:07:55:49 +0000] "GET /pos/web/css/angular-on-screen-keyboard.min.css HTTP/1.1" 200 5840 "https://mplan.ashesi.edu.gh/pos/" "Mozilla/5.0 (Windows NT 10.0; Win64; x64) AppleWebKit/537.36 (KHTML, like Gecko) Chrome/119.0.0.0 Safari/537.36"
41.79.97.5 - - [06/Nov/2023:07:55:49 +0000] "GET /pos/web/css/pretty-checkbox.min.css HTTP/1.1" 200 8276 "https://mplan.ashesi.edu.gh/pos/" "Mozilla/5.0 (Windows NT 10.0; Win64; x64) AppleWebKit/537.36 (KHTML, like Gecko) Chrome/119.0.0.0 Safari/537.36"
41.79.97.5 - - [06/Nov/2023:07:55:49 +0000] "GET /pos/web/js/uikit.min.js HTTP/1.1" 200 39409 "https://mplan.ashesi.edu.gh/pos/" "Mozilla/5.0 (Windows NT 10.0; Win64; x64) AppleWebKit/537.36 (KHTML, like Gecko) Chrome/119.0.0.0 Safari/537.36"
41.79.97.5 - - [06/Nov/2023:07:55:49 +0000] "GET /pos/web/js/uikit-icons.min.js HTTP/1.1" 200 17102 "https://mplan.ashesi.edu.gh/pos/" "Mozilla/5.0 (Windows NT 10.0; Win64; x64) AppleWebKit/537.36 (KHTML, like Gecko) Chrome/119.0.0.0 Safari/537.36"
41.79.97.5 - - [06/Nov/2023:07:55:49 +0000] "GET /pos/web/js/keyboard.js HTTP/1.1" 200 1720 "https://mplan.ashesi.edu.gh/pos/" "Mozilla/5.0 (Windows NT 10.0; Win64; x64) AppleWebKit/537.36 (KHTML, like Gecko) Chrome/119.0.0.0 Safari/537.36"
41.79.97.5 - - [06/Nov/2023:07:55:49 +0000] "GET /pos/web/js/angular-route.js HTTP/1.1" 200 12283 "https://mplan.ashesi.edu.gh/pos/" "Mozilla/5.0 (Windows NT 10.0; Win64; x64) AppleWebKit/537.36 (KHTML, like Gecko) Chrome/119.0.0.0 Safari/537.36"
41.79.97.5 - - [06/Nov/2023:07:55:49 +0000] "GET /pos/web/js/jquery.dataTables.min.js HTTP/1.1" 200 28328 "https://mplan.ashesi.edu.gh/pos/" "Mozilla/5.0 (Windows NT 10.0; Win64; x64) AppleWebKit/537.36 (KHTML, like Gecko) Chrome/119.0.0.0 Safari/537.36"
41.79.97.5 - - [06/Nov/2023:07:55:49 +0000] "GET /pos/web/js/angular.min.js HTTP/1.1" 200 60210 "https://mplan.ashesi.edu.gh/pos/" "Mozilla/5.0 (Windows NT 10.0; Win64; x64) AppleWebKit/537.36 (KHTML, like Gecko) Chrome/119.0.0.0 Safari/537.36"
41.79.97.5 - - [06/Nov/2023:07:55:49 +0000] "GET /pos/web/js/angular-datatables.min.js HTTP/1.1" 200 5146 "https://mplan.ashesi.edu.gh/pos/" "Mozilla/5.0 (Windows NT 10.0; Win64; x64) AppleWebKit/537.36 (KHTML, like Gecko) Chrome/119.0.0.0 Safari/537.36"
41.79.97.5 - - [06/Nov/2023:07:55:49 +0000] "GET /pos/web/js/angular-datatables.fixedheader.min.js HTTP/1.1" 200 860 "https://mplan.ashesi.edu.gh/pos/" "Mozilla/5.0 (Windows NT 10.0; Win64; x64) AppleWebKit/537.36 (KHTML, like Gecko) Chrome/119.0.0.0 Safari/537.36"
41.79.97.5 - - [06/Nov/2023:07:55:49 +0000] "GET /pos/web/js/angular-datatables.select.min.js HTTP/1.1" 200 825 "https://mplan.ashesi.edu.gh/pos/" "Mozilla/5.0 (Windows NT 10.0; Win64; x64) AppleWebKit/537.36 (KHTML, like Gecko) Chrome/119.0.0.0 Safari/537.36"
41.79.97.5 - - [06/Nov/2023:07:55:49 +0000] "GET /pos/web/js/app.js HTTP/1.1" 200 1352 "https://mplan.ashesi.edu.gh/pos/" "Mozilla/5.0 (Windows NT 10.0; Win64; x64) AppleWebKit/537.36 (KHTML, like Gecko) Chrome/119.0.0.0 Safari/537.36"
41.79.97.5 - - [06/Nov/2023:07:55:49 +0000] "GET /pos/controllers/user.js HTTP/1.1" 200 1524 "https://mplan.ashesi.edu.gh/pos/" "Mozilla/5.0 (Windows NT 10.0; Win64; x64) AppleWebKit/537.36 (KHTML, like Gecko) Chrome/119.0.0.0 Safari/537.36"
41.79.97.5 - - [06/Nov/2023:07:55:49 +0000] "GET /pos/web/js/angucomplete-alt.js HTTP/1.1" 200 6760 "https://mplan.ashesi.edu.gh/pos/" "Mozilla/5.0 (Windows NT 10.0; Win64; x64) AppleWebKit/537.36 (KHTML, like Gecko) Chrome/119.0.0.0 Safari/537.36"
41.79.97.5 - - [06/Nov/2023:07:55:49 +0000] "GET /pos/web/js/print.min.js HTTP/1.1" 200 4213 "https://mplan.ashesi.edu.gh/pos/" "Mozilla/5.0 (Windows NT 10.0; Win64; x64) AppleWebKit/537.36 (KHTML, like Gecko) Chrome/119.0.0.0 Safari/537.36"
41.79.97.5 - - [06/Nov/2023:07:55:49 +0000] "GET /pos/controllers/register.js HTTP/1.1" 200 2198 "https://mplan.ashesi.edu.gh/pos/" "Mozilla/5.0 (Windows NT 10.0; Win64; x64) AppleWebKit/537.36 (KHTML, like Gecko) Chrome/119.0.0.0 Safari/537.36"
41.79.97.5 - - [06/Nov/2023:07:55:49 +0000] "GET /pos/web/js/moment.js HTTP/1.1" 200 33122 "https://mplan.ashesi.edu.gh/pos/" "Mozilla/5.0 (Windows NT 10.0; Win64; x64) AppleWebKit/537.36 (KHTML, like Gecko) Chrome/119.0.0.0 Safari/537.36"
41.79.97.5 - - [06/Nov/2023:07:55:49 +0000] "GET /pos/controllers/store.js HTTP/1.1" 200 1440 "https://mplan.ashesi.edu.gh/pos/" "Mozilla/5.0 (Windows NT 10.0; Win64; x64) AppleWebKit/537.36 (KHTML, like Gecko) Chrome/119.0.0.0 Safari/537.36"
41.79.97.5 - - [06/Nov/2023:07:55:49 +0000] "GET /pos/controllers/menu.js HTTP/1.1" 200 1167 "https://mplan.ashesi.edu.gh/pos/" "Mozilla/5.0 (Windows NT 10.0; Win64; x64) AppleWebKit/537.36 (KHTML, like Gecko) Chrome/119.0.0.0 Safari/537.36"
41.79.97.5 - - [06/Nov/2023:07:55:49 +0000] "GET /pos/controllers/pos.js HTTP/1.1" 200 8431 "https://mplan.ashesi.edu.gh/pos/" "Mozilla/5.0 (Windows NT 10.0; Win64; x64) AppleWebKit/537.36 (KHTML, like Gecko) Chrome/119.0.0.0 Safari/537.36"
41.79.97.5 - - [06/Nov/2023:07:55:49 +0000] "GET /pos/controllers/order.js HTTP/1.1" 200 8514 "https://mplan.ashesi.edu.gh/pos/" "Mozilla/5.0 (Windows NT 10.0; Win64; x64) AppleWebKit/537.36 (KHTML, like Gecko) Chrome/119.0.0.0 Safari/537.36"
41.79.97.5 - - [06/Nov/2023:07:55:49 +0000] "GET /pos/controllers/rider.js HTTP/1.1" 200 1492 "https://mplan.ashesi.edu.gh/pos/" "Mozilla/5.0 (Windows NT 10.0; Win64; x64) AppleWebKit/537.36 (KHTML, like Gecko) Chrome/119.0.0.0 Safari/537.36"
41.79.97.5 - - [06/Nov/2023:07:55:49 +0000] "GET /pos/controllers/customer.js HTTP/1.1" 200 1561 "https://mplan.ashesi.edu.gh/pos/" "Mozilla/5.0 (Windows NT 10.0; Win64; x64) AppleWebKit/537.36 (KHTML, like Gecko) Chrome/119.0.0.0 Safari/537.36"
41.79.97.5 - - [06/Nov/2023:07:55:50 +0000] "GET /pos/controllers/subscriber.js HTTP/1.1" 200 6760 "https://mplan.ashesi.edu.gh/pos/" "Mozilla/5.0 (Windows NT 10.0; Win64; x64) AppleWebKit/537.36 (KHTML, like Gecko) Chrome/119.0.0.0 Safari/537.36"
41.79.97.5 - - [06/Nov/2023:07:55:50 +0000] "GET /pos/directives/modal.directive.js HTTP/1.1" 200 1008 "https://mplan.ashesi.edu.gh/pos/" "Mozilla/5.0 (Windows NT 10.0; Win64; x64) AppleWebKit/537.36 (KHTML, like Gecko) Chrome/119.0.0.0 Safari/537.36"
41.79.97.5 - - [06/Nov/2023:07:55:50 +0000] "GET /pos/services/modal.service.js HTTP/1.1" 200 744 "https://mplan.ashesi.edu.gh/pos/" "Mozilla/5.0 (Windows NT 10.0; Win64; x64) AppleWebKit/537.36 (KHTML, like Gecko) Chrome/119.0.0.0 Safari/537.36"
41.79.97.5 - - [06/Nov/2023:07:55:50 +0000] "GET /pos/services/toast.service.js HTTP/1.1" 200 817 "https://mplan.ashesi.edu.gh/pos/" "Mozilla/5.0 (Windows NT 10.0; Win64; x64) AppleWebKit/537.36 (KHTML, like Gecko) Chrome/119.0.0.0 Safari/537.36"
41.79.97.5 - - [06/Nov/2023:07:55:50 +0000] "GET /pos/services/navparam.service.js HTTP/1.1" 200 628 "https://mplan.ashesi.edu.gh/pos/" "Mozilla/5.0 (Windows NT 10.0; Win64; x64) AppleWebKit/537.36 (KHTML, like Gecko) Chrome/119.0.0.0 Safari/537.36"
41.79.97.5 - - [06/Nov/2023:07:55:50 +0000] "GET /pos/web/js/angular-route.min.js HTTP/1.1" 200 2962 "https://mplan.ashesi.edu.gh/pos/" "Mozilla/5.0 (Windows NT 10.0; Win64; x64) AppleWebKit/537.36 (KHTML, like Gecko) Chrome/119.0.0.0 Safari/537.36"
41.79.97.5 - - [06/Nov/2023:07:55:50 +0000] "GET /pos/cordova.js HTTP/1.1" 404 520 "https://mplan.ashesi.edu.gh/pos/" "Mozilla/5.0 (Windows NT 10.0; Win64; x64) AppleWebKit/537.36 (KHTML, like Gecko) Chrome/119.0.0.0 Safari/537.36"
41.79.97.5 - - [06/Nov/2023:07:55:50 +0000] "GET /pos/services/cordova-plugin-printer-master/www/printer.js HTTP/1.1" 200 2158 "https://mplan.ashesi.edu.gh/pos/" "Mozilla/5.0 (Windows NT 10.0; Win64; x64) AppleWebKit/537.36 (KHTML, like Gecko) Chrome/119.0.0.0 Safari/537.36"
41.79.97.5 - - [06/Nov/2023:07:55:50 +0000] "GET /pos/view/layout/pos.html HTTP/1.1" 200 1128 "https://mplan.ashesi.edu.gh/pos/" "Mozilla/5.0 (Windows NT 10.0; Win64; x64) AppleWebKit/537.36 (KHTML, like Gecko) Chrome/119.0.0.0 Safari/537.36"
41.79.97.5 - - [06/Nov/2023:07:55:50 +0000] "GET /favicon.ico HTTP/1.1" 404 520 "https://mplan.ashesi.edu.gh/pos/" "Mozilla/5.0 (Windows NT 10.0; Win64; x64) AppleWebKit/537.36 (KHTML, like Gecko) Chrome/119.0.0.0 Safari/537.36"
41.79.97.5 - - [06/Nov/2023:07:55:50 +0000] "GET /pos/view/layout/riders.html HTTP/1.1" 200 751 "https://mplan.ashesi.edu.gh/pos/" "Mozilla/5.0 (Windows NT 10.0; Win64; x64) AppleWebKit/537.36 (KHTML, like Gecko) Chrome/119.0.0.0 Safari/537.36"
41.79.97.5 - - [06/Nov/2023:07:55:50 +0000] "GET /pos/view/layout/customers.html HTTP/1.1" 200 754 "https://mplan.ashesi.edu.gh/pos/" "Mozilla/5.0 (Windows NT 10.0; Win64; x64) AppleWebKit/537.36 (KHTML, like Gecko) Chrome/119.0.0.0 Safari/537.36"
41.79.97.5 - - [06/Nov/2023:07:55:50 +0000] "GET /pos/view/layout/orders.html HTTP/1.1" 200 3353 "https://mplan.ashesi.edu.gh/pos/" "Mozilla/5.0 (Windows NT 10.0; Win64; x64) AppleWebKit/537.36 (KHTML, like Gecko) Chrome/119.0.0.0 Safari/537.36"
41.79.97.5 - - [06/Nov/2023:07:55:50 +0000] "GET /pos/view/layout/subscribers.html HTTP/1.1" 200 1153 "https://mplan.ashesi.edu.gh/pos/" "Mozilla/5.0 (Windows NT 10.0; Win64; x64) AppleWebKit/537.36 (KHTML, like Gecko) Chrome/119.0.0.0 Safari/537.36"
41.79.97.5 - - [06/Nov/2023:07:55:50 +0000] "GET /pos/view/layout/shift.html HTTP/1.1" 200 784 "https://mplan.ashesi.edu.gh/pos/" "Mozilla/5.0 (Windows NT 10.0; Win64; x64) AppleWebKit/537.36 (KHTML, like Gecko) Chrome/119.0.0.0 Safari/537.36"
41.79.97.5 - - [06/Nov/2023:07:55:50 +0000] "GET /pos/view/layout/report.html HTTP/1.1" 200 800 "https://mplan.ashesi.edu.gh/pos/" "Mozilla/5.0 (Windows NT 10.0; Win64; x64) AppleWebKit/537.36 (KHTML, like Gecko) Chrome/119.0.0.0 Safari/537.36"
41.79.97.5 - - [06/Nov/2023:07:55:50 +0000] "GET /API/api/get_store_products/4 HTTP/1.1" 200 152724 "https://mplan.ashesi.edu.gh/pos/" "Mozilla/5.0 (Windows NT 10.0; Win64; x64) AppleWebKit/537.36 (KHTML, like Gecko) Chrome/119.0.0.0 Safari/537.36"
41.79.97.5 - - [06/Nov/2023:07:55:50 +0000] "GET /API/api/get_store_modifiers/4 HTTP/1.1" 200 447 "https://mplan.ashesi.edu.gh/pos/" "Mozilla/5.0 (Windows NT 10.0; Win64; x64) AppleWebKit/537.36 (KHTML, like Gecko) Chrome/119.0.0.0 Safari/537.36"
41.79.97.5 - - [06/Nov/2023:07:55:50 +0000] "GET /API/api/get_store_product_categories/4 HTTP/1.1" 200 1215 "https://mplan.ashesi.edu.gh/pos/" "Mozilla/5.0 (Windows NT 10.0; Win64; x64) AppleWebKit/537.36 (KHTML, like Gecko) Chrome/119.0.0.0 Safari/537.36"
41.79.97.5 - - [06/Nov/2023:07:55:50 +0000] "GET /pos/view/template/side_menu.template.html HTTP/1.1" 200 819 "https://mplan.ashesi.edu.gh/pos/" "Mozilla/5.0 (Windows NT 10.0; Win64; x64) AppleWebKit/537.36 (KHTML, like Gecko) Chrome/119.0.0.0 Safari/537.36"
41.79.97.5 - - [06/Nov/2023:07:55:50 +0000] "GET /pos/view/template/close_register.template.html HTTP/1.1" 200 938 "https://mplan.ashesi.edu.gh/pos/" "Mozilla/5.0 (Windows NT 10.0; Win64; x64) AppleWebKit/537.36 (KHTML, like Gecko) Chrome/119.0.0.0 Safari/537.36"
41.79.97.5 - - [06/Nov/2023:07:55:50 +0000] "GET /pos/view/template/product_section.template.html HTTP/1.1" 200 1416 "https://mplan.ashesi.edu.gh/pos/" "Mozilla/5.0 (Windows NT 10.0; Win64; x64) AppleWebKit/537.36 (KHTML, like Gecko) Chrome/119.0.0.0 Safari/537.36"
41.79.97.5 - - [06/Nov/2023:07:55:51 +0000] "GET /pos/view/template/order_details.template.html HTTP/1.1" 200 2677 "https://mplan.ashesi.edu.gh/pos/" "Mozilla/5.0 (Windows NT 10.0; Win64; x64) AppleWebKit/537.36 (KHTML, like Gecko) Chrome/119.0.0.0 Safari/537.36"
41.79.97.5 - - [06/Nov/2023:07:55:51 +0000] "GET /pos/view/template/pos_page_receipt.template.html HTTP/1.1" 200 1145 "https://mplan.ashesi.edu.gh/pos/" "Mozilla/5.0 (Windows NT 10.0; Win64; x64) AppleWebKit/537.36 (KHTML, like Gecko) Chrome/119.0.0.0 Safari/537.36"
41.79.97.5 - - [06/Nov/2023:07:55:51 +0000] "GET /pos/view/template/make_order_receipt.template.html HTTP/1.1" 200 58798 "https://mplan.ashesi.edu.gh/pos/" "Mozilla/5.0 (Windows NT 10.0; Win64; x64) AppleWebKit/537.36 (KHTML, like Gecko) Chrome/119.0.0.0 Safari/537.36"
41.79.97.5 - - [06/Nov/2023:07:55:51 +0000] "GET /pos/view/template/customer_form.template.html HTTP/1.1" 200 834 "https://mplan.ashesi.edu.gh/pos/" "Mozilla/5.0 (Windows NT 10.0; Win64; x64) AppleWebKit/537.36 (KHTML, like Gecko) Chrome/119.0.0.0 Safari/537.36"
41.79.97.5 - - [06/Nov/2023:07:55:51 +0000] "GET /pos/view/template/modifier_popup.template.html HTTP/1.1" 200 1299 "https://mplan.ashesi.edu.gh/pos/" "Mozilla/5.0 (Windows NT 10.0; Win64; x64) AppleWebKit/537.36 (KHTML, like Gecko) Chrome/119.0.0.0 Safari/537.36"
41.79.97.5 - - [06/Nov/2023:07:55:51 +0000] "GET /pos/view/template/print_shift.template.html HTTP/1.1" 200 1760 "https://mplan.ashesi.edu.gh/pos/" "Mozilla/5.0 (Windows NT 10.0; Win64; x64) AppleWebKit/537.36 (KHTML, like Gecko) Chrome/119.0.0.0 Safari/537.36"
41.79.97.5 - - [06/Nov/2023:07:55:51 +0000] "GET /pos/view/template/print_sales.template.html HTTP/1.1" 200 2078 "https://mplan.ashesi.edu.gh/pos/" "Mozilla/5.0 (Windows NT 10.0; Win64; x64) AppleWebKit/537.36 (KHTML, like Gecko) Chrome/119.0.0.0 Safari/537.36"
41.79.97.5 - - [06/Nov/2023:07:55:51 +0000] "GET /pos/view/template/orders_tab_receipt.template.html HTTP/1.1" 200 1132 "https://mplan.ashesi.edu.gh/pos/" "Mozilla/5.0 (Windows NT 10.0; Win64; x64) AppleWebKit/537.36 (KHTML, like Gecko) Chrome/119.0.0.0 Safari/537.36"
41.79.97.5 - - [06/Nov/2023:07:55:51 +0000] "GET /pos/view/template/deliveries_tab_receipt.template.html HTTP/1.1" 200 6353 "https://mplan.ashesi.edu.gh/pos/" "Mozilla/5.0 (Windows NT 10.0; Win64; x64) AppleWebKit/537.36 (KHTML, like Gecko) Chrome/119.0.0.0 Safari/537.36"
41.79.97.5 - - [06/Nov/2023:07:55:51 +0000] "GET /API/api/get_riders/4 HTTP/1.1" 200 447 "https://mplan.ashesi.edu.gh/pos/" "Mozilla/5.0 (Windows NT 10.0; Win64; x64) AppleWebKit/537.36 (KHTML, like Gecko) Chrome/119.0.0.0 Safari/537.36"
41.79.97.5 - - [06/Nov/2023:07:55:51 +0000] "GET /pos/view/template/cancel_delivery.template.html HTTP/1.1" 200 697 "https://mplan.ashesi.edu.gh/pos/" "Mozilla/5.0 (Windows NT 10.0; Win64; x64) AppleWebKit/537.36 (KHTML, like Gecko) Chrome/119.0.0.0 Safari/537.36"
41.79.97.5 - - [06/Nov/2023:07:55:51 +0000] "GET /pos/view/template/restore_order.template.html HTTP/1.1" 200 695 "https://mplan.ashesi.edu.gh/pos/" "Mozilla/5.0 (Windows NT 10.0; Win64; x64) AppleWebKit/537.36 (KHTML, like Gecko) Chrome/119.0.0.0 Safari/537.36"
41.79.97.5 - - [06/Nov/2023:07:55:51 +0000] "GET /pos/view/template/checkout.template.html HTTP/1.1" 200 1897 "https://mplan.ashesi.edu.gh/pos/" "Mozilla/5.0 (Windows NT 10.0; Win64; x64) AppleWebKit/537.36 (KHTML, like Gecko) Chrome/119.0.0.0 Safari/537.36"
41.79.97.5 - - [06/Nov/2023:07:55:52 +0000] "GET /pos/view/template/cancel_order.template.html HTTP/1.1" 200 689 "https://mplan.ashesi.edu.gh/pos/" "Mozilla/5.0 (Windows NT 10.0; Win64; x64) AppleWebKit/537.36 (KHTML, like Gecko) Chrome/119.0.0.0 Safari/537.36"
41.79.97.5 - - [06/Nov/2023:07:55:52 +0000] "GET /pos/view/template/delivery_receipt.template.html HTTP/1.1" 200 1979 "https://mplan.ashesi.edu.gh/pos/" "Mozilla/5.0 (Windows NT 10.0; Win64; x64) AppleWebKit/537.36 (KHTML, like Gecko) Chrome/119.0.0.0 Safari/537.36"
41.79.97.5 - - [06/Nov/2023:07:55:52 +0000] "GET /pos/view/template/bulk_delivery_receipt.template.html HTTP/1.1" 200 2078 "https://mplan.ashesi.edu.gh/pos/" "Mozilla/5.0 (Windows NT 10.0; Win64; x64) AppleWebKit/537.36 (KHTML, like Gecko) Chrome/119.0.0.0 Safari/537.36"
41.79.97.5 - - [06/Nov/2023:07:55:52 +0000] "GET /pos/view/template/change_rider_modal.template.html HTTP/1.1" 200 1334 "https://mplan.ashesi.edu.gh/pos/" "Mozilla/5.0 (Windows NT 10.0; Win64; x64) AppleWebKit/537.36 (KHTML, like Gecko) Chrome/119.0.0.0 Safari/537.36"
41.79.97.5 - - [06/Nov/2023:07:55:52 +0000] "GET /API/api/getAllSubscribers/ HTTP/1.1" 301 658 "https://mplan.ashesi.edu.gh/pos/" "Mozilla/5.0 (Windows NT 10.0; Win64; x64) AppleWebKit/537.36 (KHTML, like Gecko) Chrome/119.0.0.0 Safari/537.36"
41.79.97.5 - - [06/Nov/2023:07:55:52 +0000] "GET /API/api/getMyRegisters/33 HTTP/1.1" 200 447 "https://mplan.ashesi.edu.gh/pos/" "Mozilla/5.0 (Windows NT 10.0; Win64; x64) AppleWebKit/537.36 (KHTML, like Gecko) Chrome/119.0.0.0 Safari/537.36"
216.144.248.27 - - [06/Nov/2023:07:55:52 +0000] "HEAD /pos HTTP/1.1" 301 5366 "https://mplan.ashesi.edu.gh/pos" "Mozilla/5.0+(compatible; UptimeRobot/2.0; http://www.uptimerobot.com/)"
41.79.97.5 - - [06/Nov/2023:07:55:52 +0000] "GET /API/api/get_store_products/4 HTTP/1.1" 200 152724 "https://mplan.ashesi.edu.gh/pos/" "Mozilla/5.0 (Windows NT 10.0; Win64; x64) AppleWebKit/537.36 (KHTML, like Gecko) Chrome/119.0.0.0 Safari/537.36"
216.144.248.27 - - [06/Nov/2023:07:55:52 +0000] "HEAD /pos/ HTTP/1.1" 200 867 "https://mplan.ashesi.edu.gh/pos" "Mozilla/5.0+(compatible; UptimeRobot/2.0; http://www.uptimerobot.com/)"
41.79.97.5 - - [06/Nov/2023:07:55:52 +0000] "GET /API/api/get_store_product_categories/4 HTTP/1.1" 200 1790 "https://mplan.ashesi.edu.gh/pos/" "Mozilla/5.0 (Windows NT 10.0; Win64; x64) AppleWebKit/537.36 (KHTML, like Gecko) Chrome/119.0.0.0 Safari/537.36"
41.79.97.5 - - [06/Nov/2023:07:55:53 +0000] "GET /pos/view/template/edit_customer_details_modal.template.html HTTP/1.1" 200 1107 "https://mplan.ashesi.edu.gh/pos/" "Mozilla/5.0 (Windows NT 10.0; Win64; x64) AppleWebKit/537.36 (KHTML, like Gecko) Chrome/119.0.0.0 Safari/537.36"
41.79.97.5 - - [06/Nov/2023:07:55:51 +0000] "GET /API/api/get_orders_not_deliveries/4 HTTP/1.1" 200 447 "https://mplan.ashesi.edu.gh/pos/" "Mozilla/5.0 (Windows NT 10.0; Win64; x64) AppleWebKit/537.36 (KHTML, like Gecko) Chrome/119.0.0.0 Safari/537.36"
41.79.97.5 - - [06/Nov/2023:07:55:51 +0000] "GET /API/api/get_cancelled_orders/4/4709 HTTP/1.1" 200 36012 "https://mplan.ashesi.edu.gh/pos/" "Mozilla/5.0 (Windows NT 10.0; Win64; x64) AppleWebKit/537.36 (KHTML, like Gecko) Chrome/119.0.0.0 Safari/537.36"
41.79.97.5 - - [06/Nov/2023:07:55:53 +0000] "GET /API/api/get_store_modifiers/4 HTTP/1.1" 200 1006 "https://mplan.ashesi.edu.gh/pos/" "Mozilla/5.0 (Windows NT 10.0; Win64; x64) AppleWebKit/537.36 (KHTML, like Gecko) Chrome/119.0.0.0 Safari/537.36"
41.79.97.5 - - [06/Nov/2023:07:55:53 +0000] "GET /pos/web/img/plus-button.svg HTTP/1.1" 200 976 "https://mplan.ashesi.edu.gh/pos/" "Mozilla/5.0 (Windows NT 10.0; Win64; x64) AppleWebKit/537.36 (KHTML, like Gecko) Chrome/119.0.0.0 Safari/537.36"
41.79.97.5 - - [06/Nov/2023:07:55:53 +0000] "GET /pos/web/img/down-arrow.svg HTTP/1.1" 200 729 "https://mplan.ashesi.edu.gh/pos/" "Mozilla/5.0 (Windows NT 10.0; Win64; x64) AppleWebKit/537.36 (KHTML, like Gecko) Chrome/119.0.0.0 Safari/537.36"
41.79.97.5 - - [06/Nov/2023:07:55:53 +0000] "GET /API/api/getAllSubscribers HTTP/1.1" 200 2310649 "https://mplan.ashesi.edu.gh/pos/" "Mozilla/5.0 (Windows NT 10.0; Win64; x64) AppleWebKit/537.36 (KHTML, like Gecko) Chrome/119.0.0.0 Safari/537.36"
41.79.97.5 - - [06/Nov/2023:07:55:51 +0000] "GET /API/api/get_sales/4/4709 HTTP/1.1" 200 16448327 "https://mplan.ashesi.edu.gh/pos/" "Mozilla/5.0 (Windows NT 10.0; Win64; x64) AppleWebKit/537.36 (KHTML, like Gecko) Chrome/119.0.0.0 Safari/537.36"
41.79.97.5 - - [06/Nov/2023:07:56:03 +0000] "GET /pos/web/img/close.svg HTTP/1.1" 200 2204 "https://mplan.ashesi.edu.gh/pos/" "Mozilla/5.0 (Windows NT 10.0; Win64; x64) AppleWebKit/537.36 (KHTML, like Gecko) Chrome/119.0.0.0 Safari/537.36"
41.79.97.5 - - [06/Nov/2023:07:56:03 +0000] "GET /pos/web/img/cancel.svg HTTP/1.1" 200 1579 "https://mplan.ashesi.edu.gh/pos/" "Mozilla/5.0 (Windows NT 10.0; Win64; x64) AppleWebKit/537.36 (KHTML, like Gecko) Chrome/119.0.0.0 Safari/537.36"
41.79.97.5 - - [06/Nov/2023:07:56:03 +0000] "GET /pos/web/img/pen-edit-disabled.svg HTTP/1.1" 200 992 "https://mplan.ashesi.edu.gh/pos/" "Mozilla/5.0 (Windows NT 10.0; Win64; x64) AppleWebKit/537.36 (KHTML, like Gecko) Chrome/119.0.0.0 Safari/537.36"
41.79.97.5 - - [06/Nov/2023:07:56:04 +0000] "GET /pos/web/img/pen-edit.svg HTTP/1.1" 200 1881 "https://mplan.ashesi.edu.gh/pos/" "Mozilla/5.0 (Windows NT 10.0; Win64; x64) AppleWebKit/537.36 (KHTML, like Gecko) Chrome/119.0.0.0 Safari/537.36"
41.79.97.5 - - [06/Nov/2023:07:56:04 +0000] "GET /pos/web/img/error.svg HTTP/1.1" 200 1038 "https://mplan.ashesi.edu.gh/pos/" "Mozilla/5.0 (Windows NT 10.0; Win64; x64) AppleWebKit/537.36 (KHTML, like Gecko) Chrome/119.0.0.0 Safari/537.36"
41.79.97.5 - - [06/Nov/2023:07:55:55 +0000] "GET /API/api/get_sales/4/4709 HTTP/1.1" 200 16448886 "https://mplan.ashesi.edu.gh/pos/" "Mozilla/5.0 (Windows NT 10.0; Win64; x64) AppleWebKit/537.36 (KHTML, like Gecko) Chrome/119.0.0.0 Safari/537.36"
41.79.97.5 - - [06/Nov/2023:07:56:24 +0000] "-" 408 559 "-" "-"
41.79.97.5 - - [06/Nov/2023:07:56:24 +0000] "GET /API/api/getCurrentBalance/30702027 HTTP/1.1" 200 6350 "https://mplan.ashesi.edu.gh/pos/" "Mozilla/5.0 (Windows NT 10.0; Win64; x64) AppleWebKit/537.36 (KHTML, like Gecko) Chrome/119.0.0.0 Safari/537.36"
41.79.97.5 - - [06/Nov/2023:07:56:25 +0000] "GET /API/api/getCurrentBalance/29992027 HTTP/1.1" 200 6349 "https://mplan.ashesi.edu.gh/pos/" "Mozilla/5.0 (Windows NT 10.0; Win64; x64) AppleWebKit/537.36 (KHTML, like Gecko) Chrome/119.0.0.0 Safari/537.36"
41.79.97.5 - - [06/Nov/2023:07:56:26 +0000] "GET /API/api/getCurrentBalance/30702027 HTTP/1.1" 200 1777 "https://mplan.ashesi.edu.gh/pos/" "Mozilla/5.0 (Windows NT 10.0; Win64; x64) AppleWebKit/537.36 (KHTML, like Gecko) Chrome/119.0.0.0 Safari/537.36"
41.79.97.5 - - [06/Nov/2023:07:56:28 +0000] "GET /API/api/getCurrentBalance/30702027 HTTP/1.1" 200 1761 "https://mplan.ashesi.edu.gh/pos/" "Mozilla/5.0 (Windows NT 10.0; Win64; x64) AppleWebKit/537.36 (KHTML, like Gecko) Chrome/119.0.0.0 Safari/537.36"
41.79.97.5 - - [06/Nov/2023:07:56:29 +0000] "GET /API/api/getCurrentBalance/30702027 HTTP/1.1" 200 1777 "https://mplan.ashesi.edu.gh/pos/" "Mozilla/5.0 (Windows NT 10.0; Win64; x64) AppleWebKit/537.36 (KHTML, like Gecko) Chrome/119.0.0.0 Safari/537.36"
41.79.97.5 - - [06/Nov/2023:07:56:30 +0000] "PUT /API/api/make_order HTTP/1.1" 200 1493 "https://mplan.ashesi.edu.gh/pos/" "Mozilla/5.0 (Windows NT 10.0; Win64; x64) AppleWebKit/537.36 (KHTML, like Gecko) Chrome/119.0.0.0 Safari/537.36"
41.79.97.5 - - [06/Nov/2023:07:56:31 +0000] "GET /API/api/getCurrentBalance/30702027 HTTP/1.1" 200 1761 "https://mplan.ashesi.edu.gh/pos/" "Mozilla/5.0 (Windows NT 10.0; Win64; x64) AppleWebKit/537.36 (KHTML, like Gecko) Chrome/119.0.0.0 Safari/537.36"
