41.79.97.5 - - [05/Nov/2023:08:10:40 +0000] "GET /API/api/get_store_products/4 HTTP/1.1" 200 153299 "https://mplan.ashesi.edu.gh/pos/" "Mozilla/5.0 (Windows NT 10.0; Win64; x64) AppleWebKit/537.36 (KHTML, like Gecko) Chrome/118.0.0.0 Safari/537.36"
41.79.97.5 - - [05/Nov/2023:08:10:41 +0000] "GET /API/api/get_store_product_categories/4 HTTP/1.1" 200 1774 "https://mplan.ashesi.edu.gh/pos/" "Mozilla/5.0 (Windows NT 10.0; Win64; x64) AppleWebKit/537.36 (KHTML, like Gecko) Chrome/118.0.0.0 Safari/537.36"
41.79.97.5 - - [05/Nov/2023:08:10:39 +0000] "GET /API/api/get_cancelled_orders/4/2082 HTTP/1.1" 200 190876 "https://mplan.ashesi.edu.gh/pos/" "Mozilla/5.0 (Windows NT 10.0; Win64; x64) AppleWebKit/537.36 (KHTML, like Gecko) Chrome/118.0.0.0 Safari/537.36"
41.79.97.5 - - [05/Nov/2023:08:10:41 +0000] "GET /API/api/get_store_modifiers/4 HTTP/1.1" 200 1022 "https://mplan.ashesi.edu.gh/pos/" "Mozilla/5.0 (Windows NT 10.0; Win64; x64) AppleWebKit/537.36 (KHTML, like Gecko) Chrome/118.0.0.0 Safari/537.36"
41.79.97.5 - - [05/Nov/2023:08:10:42 +0000] "GET /pos/web/img/cancel.svg HTTP/1.1" 200 2139 "https://mplan.ashesi.edu.gh/pos/" "Mozilla/5.0 (Windows NT 10.0; Win64; x64) AppleWebKit/537.36 (KHTML, like Gecko) Chrome/118.0.0.0 Safari/537.36"
41.79.97.5 - - [05/Nov/2023:08:10:42 +0000] "GET /pos/web/img/pen-edit-disabled.svg HTTP/1.1" 200 992 "https://mplan.ashesi.edu.gh/pos/" "Mozilla/5.0 (Windows NT 10.0; Win64; x64) AppleWebKit/537.36 (KHTML, like Gecko) Chrome/118.0.0.0 Safari/537.36"
41.79.97.5 - - [05/Nov/2023:08:10:42 +0000] "GET /pos/web/img/pen-edit.svg HTTP/1.1" 200 1305 "https://mplan.ashesi.edu.gh/pos/" "Mozilla/5.0 (Windows NT 10.0; Win64; x64) AppleWebKit/537.36 (KHTML, like Gecko) Chrome/118.0.0.0 Safari/537.36"
41.79.97.5 - - [05/Nov/2023:08:10:42 +0000] "GET /pos/web/img/error.svg HTTP/1.1" 200 1038 "https://mplan.ashesi.edu.gh/pos/" "Mozilla/5.0 (Windows NT 10.0; Win64; x64) AppleWebKit/537.36 (KHTML, like Gecko) Chrome/118.0.0.0 Safari/537.36"
41.79.97.5 - - [05/Nov/2023:08:10:42 +0000] "GET /API/api/getAllSubscribers HTTP/1.1" 200 2311238 "https://mplan.ashesi.edu.gh/pos/" "Mozilla/5.0 (Windows NT 10.0; Win64; x64) AppleWebKit/537.36 (KHTML, like Gecko) Chrome/118.0.0.0 Safari/537.36"
216.144.248.27 - - [05/Nov/2023:08:10:52 +0000] "HEAD /pos HTTP/1.1" 301 5366 "https://mplan.ashesi.edu.gh/pos" "Mozilla/5.0+(compatible; UptimeRobot/2.0; http://www.uptimerobot.com/)"
216.144.248.27 - - [05/Nov/2023:08:10:52 +0000] "HEAD /pos/ HTTP/1.1" 200 867 "https://mplan.ashesi.edu.gh/pos" "Mozilla/5.0+(compatible; UptimeRobot/2.0; http://www.uptimerobot.com/)"
41.79.97.5 - - [05/Nov/2023:08:10:53 +0000] "GET /API/api/get_sales/4/2082 HTTP/1.1" 200 1227015 "https://mplan.ashesi.edu.gh/pos/" "Mozilla/5.0 (Windows NT 10.0; Win64; x64) AppleWebKit/537.36 (KHTML, like Gecko) Chrome/118.0.0.0 Safari/537.36"
41.79.97.5 - - [05/Nov/2023:08:11:09 +0000] "GET /API/api/get_sales/4/2082 HTTP/1.1" 500 15214 "https://mplan.ashesi.edu.gh/pos/" "Mozilla/5.0 (Windows NT 10.0; Win64; x64) AppleWebKit/537.36 (KHTML, like Gecko) Chrome/118.0.0.0 Safari/537.36"
41.79.97.5 - - [05/Nov/2023:08:11:23 +0000] "GET /subscriber/ HTTP/1.1" 200 5934 "-" "Mozilla/5.0 (iPhone; CPU iPhone OS 17_1 like Mac OS X) AppleWebKit/605.1.15 (KHTML, like Gecko) GSA/288.0.576558892 Mobile/15E148 Safari/604.1"
41.79.97.5 - - [05/Nov/2023:08:10:38 +0000] "GET /API/api/get_sales/4/2082 HTTP/1.1" 200 93559402 "https://mplan.ashesi.edu.gh/pos/" "Mozilla/5.0 (Windows NT 10.0; Win64; x64) AppleWebKit/537.36 (KHTML, like Gecko) Chrome/118.0.0.0 Safari/537.36"
41.79.97.5 - - [05/Nov/2023:08:12:00 +0000] "GET /API/api/getCurrentBalance/02222025 HTTP/1.1" 200 1743 "https://mplan.ashesi.edu.gh/pos/" "Mozilla/5.0 (Windows NT 10.0; Win64; x64) AppleWebKit/537.36 (KHTML, like Gecko) Chrome/118.0.0.0 Safari/537.36"
41.79.97.5 - - [05/Nov/2023:08:10:40 +0000] "GET /API/api/getFunders/2023-11-01/4 HTTP/1.1" 200 2002 "https://mplan.ashesi.edu.gh/pos/" "Mozilla/5.0 (Windows NT 10.0; Win64; x64) AppleWebKit/537.36 (KHTML, like Gecko) Chrome/118.0.0.0 Safari/537.36"
216.144.248.27 - - [05/Nov/2023:08:12:06 +0000] "HEAD /vendor/public/admin HTTP/1.1" 302 6085 "https://mplan.ashesi.edu.gh/vendor/public/admin" "Mozilla/5.0+(compatible; UptimeRobot/2.0; http://www.uptimerobot.com/)"
216.144.248.27 - - [05/Nov/2023:08:12:07 +0000] "HEAD /vendor/public/admin/login HTTP/1.1" 200 1432 "https://mplan.ashesi.edu.gh/vendor/public/admin" "Mozilla/5.0+(compatible; UptimeRobot/2.0; http://www.uptimerobot.com/)"
41.79.97.5 - - [05/Nov/2023:08:12:10 +0000] "PUT /API/api/make_order HTTP/1.1" 200 1501 "https://mplan.ashesi.edu.gh/pos/" "Mozilla/5.0 (Windows NT 10.0; Win64; x64) AppleWebKit/537.36 (KHTML, like Gecko) Chrome/118.0.0.0 Safari/537.36"
216.144.248.27 - - [05/Nov/2023:08:12:30 +0000] "HEAD /admin HTTP/1.1" 301 5368 "https://mplan.ashesi.edu.gh/admin" "Mozilla/5.0+(compatible; UptimeRobot/2.0; http://www.uptimerobot.com/)"
216.144.248.27 - - [05/Nov/2023:08:12:30 +0000] "HEAD /admin/ HTTP/1.1" 302 1548 "https://mplan.ashesi.edu.gh/admin" "Mozilla/5.0+(compatible; UptimeRobot/2.0; http://www.uptimerobot.com/)"
216.144.248.27 - - [05/Nov/2023:08:12:31 +0000] "HEAD /admin/admin/login HTTP/1.1" 200 1490 "https://mplan.ashesi.edu.gh/admin" "Mozilla/5.0+(compatible; UptimeRobot/2.0; http://www.uptimerobot.com/)"
41.79.97.5 - - [05/Nov/2023:08:13:07 +0000] "GET /subscriber/ HTTP/1.1" 200 5918 "https://www.google.co.uk/" "Mozilla/5.0 (iPhone; CPU iPhone OS 16_1_1 like Mac OS X) AppleWebKit/605.1.15 (KHTML, like Gecko) Version/16.1 Mobile/15E148 Safari/604.1"
41.79.97.5 - - [05/Nov/2023:08:13:07 +0000] "GET / HTTP/1.1" 302 5457 "-" "Mozilla/5.0 (iPhone; CPU iPhone OS 16_1_1 like Mac OS X) AppleWebKit/605.1.15 (KHTML, like Gecko) Version/16.1 Mobile/15E148 Safari/604.1"
41.79.97.5 - - [05/Nov/2023:08:13:07 +0000] "GET /subscriber HTTP/1.1" 301 630 "-" "Mozilla/5.0 (iPhone; CPU iPhone OS 16_1_1 like Mac OS X) AppleWebKit/605.1.15 (KHTML, like Gecko) Version/16.1 Mobile/15E148 Safari/604.1"
41.79.97.5 - - [05/Nov/2023:08:13:09 +0000] "GET / HTTP/1.1" 302 5441 "-" "Mozilla/5.0 (iPhone; CPU iPhone OS 16_1_1 like Mac OS X) AppleWebKit/605.1.15 (KHTML, like Gecko) Version/16.1 Mobile/15E148 Safari/604.1"
41.79.97.5 - - [05/Nov/2023:08:13:09 +0000] "GET /subscriber HTTP/1.1" 301 630 "-" "Mozilla/5.0 (iPhone; CPU iPhone OS 16_1_1 like Mac OS X) AppleWebKit/605.1.15 (KHTML, like Gecko) Version/16.1 Mobile/15E148 Safari/604.1"
216.144.248.27 - - [05/Nov/2023:08:13:19 +0000] "HEAD /subscriber HTTP/1.1" 301 5373 "https://mplan.ashesi.edu.gh/subscriber" "Mozilla/5.0+(compatible; UptimeRobot/2.0; http://www.uptimerobot.com/)"
216.144.248.27 - - [05/Nov/2023:08:13:19 +0000] "HEAD /subscriber/ HTTP/1.1" 200 866 "https://mplan.ashesi.edu.gh/subscriber" "Mozilla/5.0+(compatible; UptimeRobot/2.0; http://www.uptimerobot.com/)"
41.79.97.5 - - [05/Nov/2023:08:10:40 +0000] "GET /API/api/getSalesReport/4 HTTP/1.1" 200 5975 "https://mplan.ashesi.edu.gh/pos/" "Mozilla/5.0 (Windows NT 10.0; Win64; x64) AppleWebKit/537.36 (KHTML, like Gecko) Chrome/118.0.0.0 Safari/537.36"
::1 - - [05/Nov/2023:08:13:40 +0000] "OPTIONS * HTTP/1.0" 200 126 "-" "Apache/2.4.29 (Ubuntu) OpenSSL/1.1.1 (internal dummy connection)"
103.183.113.186 - - [05/Nov/2023:08:14:19 +0000] "GET /.env HTTP/1.1" 404 492 "-" "python-requests/2.28.1"
103.183.113.186 - - [05/Nov/2023:08:14:20 +0000] "GET /.env HTTP/1.1" 404 5627 "-" "python-requests/2.28.1"
41.79.97.5 - - [05/Nov/2023:08:15:16 +0000] "GET /API/api/getCurrentBalance/29762024 HTTP/1.1" 200 6347 "https://mplan.ashesi.edu.gh/pos/" "Mozilla/5.0 (Windows NT 10.0; Win64; x64) AppleWebKit/537.36 (KHTML, like Gecko) Chrome/119.0.0.0 Safari/537.36"
41.79.97.5 - - [05/Nov/2023:08:15:24 +0000] "PUT /API/api/make_order HTTP/1.1" 200 1503 "https://mplan.ashesi.edu.gh/pos/" "Mozilla/5.0 (Windows NT 10.0; Win64; x64) AppleWebKit/537.36 (KHTML, like Gecko) Chrome/119.0.0.0 Safari/537.36"
216.144.248.27 - - [05/Nov/2023:08:15:52 +0000] "HEAD /pos HTTP/1.1" 301 5366 "https://mplan.ashesi.edu.gh/pos" "Mozilla/5.0+(compatible; UptimeRobot/2.0; http://www.uptimerobot.com/)"
216.144.248.27 - - [05/Nov/2023:08:15:52 +0000] "HEAD /pos/ HTTP/1.1" 200 867 "https://mplan.ashesi.edu.gh/pos" "Mozilla/5.0+(compatible; UptimeRobot/2.0; http://www.uptimerobot.com/)"
216.144.248.27 - - [05/Nov/2023:08:17:06 +0000] "HEAD /vendor/public/admin HTTP/1.1" 302 6089 "https://mplan.ashesi.edu.gh/vendor/public/admin" "Mozilla/5.0+(compatible; UptimeRobot/2.0; http://www.uptimerobot.com/)"
216.144.248.27 - - [05/Nov/2023:08:17:07 +0000] "HEAD /vendor/public/admin/login HTTP/1.1" 200 1424 "https://mplan.ashesi.edu.gh/vendor/public/admin" "Mozilla/5.0+(compatible; UptimeRobot/2.0; http://www.uptimerobot.com/)"
41.79.97.5 - - [05/Nov/2023:08:17:13 +0000] "GET /pos/ HTTP/1.1" 200 6481 "-" "Mozilla/5.0 (Windows NT 10.0; Win64; x64) AppleWebKit/537.36 (KHTML, like Gecko) Chrome/119.0.0.0 Safari/537.36"
41.79.97.5 - - [05/Nov/2023:08:17:13 +0000] "GET /pos/web/css/angucomplete-alt.css HTTP/1.1" 200 5957 "https://mplan.ashesi.edu.gh/pos/" "Mozilla/5.0 (Windows NT 10.0; Win64; x64) AppleWebKit/537.36 (KHTML, like Gecko) Chrome/119.0.0.0 Safari/537.36"
41.79.97.5 - - [05/Nov/2023:08:17:13 +0000] "GET /pos/web/css/uikit.min.css HTTP/1.1" 200 27488 "https://mplan.ashesi.edu.gh/pos/" "Mozilla/5.0 (Windows NT 10.0; Win64; x64) AppleWebKit/537.36 (KHTML, like Gecko) Chrome/119.0.0.0 Safari/537.36"
41.79.97.5 - - [05/Nov/2023:08:17:13 +0000] "GET /pos/web/css/angular-datatables.min.css HTTP/1.1" 200 813 "https://mplan.ashesi.edu.gh/pos/" "Mozilla/5.0 (Windows NT 10.0; Win64; x64) AppleWebKit/537.36 (KHTML, like Gecko) Chrome/119.0.0.0 Safari/537.36"
41.79.97.5 - - [05/Nov/2023:08:17:13 +0000] "GET /pos/web/css/datatables.css HTTP/1.1" 200 3066 "https://mplan.ashesi.edu.gh/pos/" "Mozilla/5.0 (Windows NT 10.0; Win64; x64) AppleWebKit/537.36 (KHTML, like Gecko) Chrome/119.0.0.0 Safari/537.36"
41.79.97.5 - - [05/Nov/2023:08:17:13 +0000] "GET /pos/web/css/pos.css HTTP/1.1" 200 7350 "https://mplan.ashesi.edu.gh/pos/" "Mozilla/5.0 (Windows NT 10.0; Win64; x64) AppleWebKit/537.36 (KHTML, like Gecko) Chrome/119.0.0.0 Safari/537.36"
41.79.97.5 - - [05/Nov/2023:08:17:14 +0000] "GET /pos/web/css/angular-on-screen-keyboard.min.css HTTP/1.1" 200 675 "https://mplan.ashesi.edu.gh/pos/" "Mozilla/5.0 (Windows NT 10.0; Win64; x64) AppleWebKit/537.36 (KHTML, like Gecko) Chrome/119.0.0.0 Safari/537.36"
41.79.97.5 - - [05/Nov/2023:08:17:14 +0000] "GET /pos/web/css/pretty-checkbox.min.css HTTP/1.1" 200 3127 "https://mplan.ashesi.edu.gh/pos/" "Mozilla/5.0 (Windows NT 10.0; Win64; x64) AppleWebKit/537.36 (KHTML, like Gecko) Chrome/119.0.0.0 Safari/537.36"
41.79.97.5 - - [05/Nov/2023:08:17:14 +0000] "GET /pos/web/js/uikit.min.js HTTP/1.1" 200 39409 "https://mplan.ashesi.edu.gh/pos/" "Mozilla/5.0 (Windows NT 10.0; Win64; x64) AppleWebKit/537.36 (KHTML, like Gecko) Chrome/119.0.0.0 Safari/537.36"
41.79.97.5 - - [05/Nov/2023:08:17:14 +0000] "GET /pos/web/js/uikit-icons.min.js HTTP/1.1" 200 17102 "https://mplan.ashesi.edu.gh/pos/" "Mozilla/5.0 (Windows NT 10.0; Win64; x64) AppleWebKit/537.36 (KHTML, like Gecko) Chrome/119.0.0.0 Safari/537.36"
41.79.97.5 - - [05/Nov/2023:08:17:14 +0000] "GET /pos/web/js/jquery.dataTables.min.js HTTP/1.1" 200 28328 "https://mplan.ashesi.edu.gh/pos/" "Mozilla/5.0 (Windows NT 10.0; Win64; x64) AppleWebKit/537.36 (KHTML, like Gecko) Chrome/119.0.0.0 Safari/537.36"
41.79.97.5 - - [05/Nov/2023:08:17:14 +0000] "GET /pos/web/js/angular.min.js HTTP/1.1" 200 60210 "https://mplan.ashesi.edu.gh/pos/" "Mozilla/5.0 (Windows NT 10.0; Win64; x64) AppleWebKit/537.36 (KHTML, like Gecko) Chrome/119.0.0.0 Safari/537.36"
41.79.97.5 - - [05/Nov/2023:08:17:14 +0000] "GET /pos/web/js/keyboard.js HTTP/1.1" 200 1720 "https://mplan.ashesi.edu.gh/pos/" "Mozilla/5.0 (Windows NT 10.0; Win64; x64) AppleWebKit/537.36 (KHTML, like Gecko) Chrome/119.0.0.0 Safari/537.36"
41.79.97.5 - - [05/Nov/2023:08:17:14 +0000] "GET /pos/web/js/angular-route.js HTTP/1.1" 200 12283 "https://mplan.ashesi.edu.gh/pos/" "Mozilla/5.0 (Windows NT 10.0; Win64; x64) AppleWebKit/537.36 (KHTML, like Gecko) Chrome/119.0.0.0 Safari/537.36"
41.79.97.5 - - [05/Nov/2023:08:17:14 +0000] "GET /pos/web/js/angular-datatables.min.js HTTP/1.1" 200 5146 "https://mplan.ashesi.edu.gh/pos/" "Mozilla/5.0 (Windows NT 10.0; Win64; x64) AppleWebKit/537.36 (KHTML, like Gecko) Chrome/119.0.0.0 Safari/537.36"
41.79.97.5 - - [05/Nov/2023:08:17:14 +0000] "GET /pos/web/js/angular-datatables.fixedheader.min.js HTTP/1.1" 200 860 "https://mplan.ashesi.edu.gh/pos/" "Mozilla/5.0 (Windows NT 10.0; Win64; x64) AppleWebKit/537.36 (KHTML, like Gecko) Chrome/119.0.0.0 Safari/537.36"
41.79.97.5 - - [05/Nov/2023:08:17:14 +0000] "GET /pos/web/js/angular-datatables.select.min.js HTTP/1.1" 200 1401 "https://mplan.ashesi.edu.gh/pos/" "Mozilla/5.0 (Windows NT 10.0; Win64; x64) AppleWebKit/537.36 (KHTML, like Gecko) Chrome/119.0.0.0 Safari/537.36"
41.79.97.5 - - [05/Nov/2023:08:17:15 +0000] "GET /pos/web/js/app.js HTTP/1.1" 200 1352 "https://mplan.ashesi.edu.gh/pos/" "Mozilla/5.0 (Windows NT 10.0; Win64; x64) AppleWebKit/537.36 (KHTML, like Gecko) Chrome/119.0.0.0 Safari/537.36"
41.79.97.5 - - [05/Nov/2023:08:17:15 +0000] "GET /pos/web/js/print.min.js HTTP/1.1" 200 4213 "https://mplan.ashesi.edu.gh/pos/" "Mozilla/5.0 (Windows NT 10.0; Win64; x64) AppleWebKit/537.36 (KHTML, like Gecko) Chrome/119.0.0.0 Safari/537.36"
41.79.97.5 - - [05/Nov/2023:08:17:15 +0000] "GET /pos/web/js/moment.js HTTP/1.1" 200 33122 "https://mplan.ashesi.edu.gh/pos/" "Mozilla/5.0 (Windows NT 10.0; Win64; x64) AppleWebKit/537.36 (KHTML, like Gecko) Chrome/119.0.0.0 Safari/537.36"
41.79.97.5 - - [05/Nov/2023:08:17:15 +0000] "GET /pos/web/js/angucomplete-alt.js HTTP/1.1" 200 6760 "https://mplan.ashesi.edu.gh/pos/" "Mozilla/5.0 (Windows NT 10.0; Win64; x64) AppleWebKit/537.36 (KHTML, like Gecko) Chrome/119.0.0.0 Safari/537.36"
41.79.97.5 - - [05/Nov/2023:08:17:15 +0000] "GET /pos/controllers/register.js HTTP/1.1" 200 2198 "https://mplan.ashesi.edu.gh/pos/" "Mozilla/5.0 (Windows NT 10.0; Win64; x64) AppleWebKit/537.36 (KHTML, like Gecko) Chrome/119.0.0.0 Safari/537.36"
41.79.97.5 - - [05/Nov/2023:08:17:15 +0000] "GET /pos/controllers/user.js HTTP/1.1" 200 1524 "https://mplan.ashesi.edu.gh/pos/" "Mozilla/5.0 (Windows NT 10.0; Win64; x64) AppleWebKit/537.36 (KHTML, like Gecko) Chrome/119.0.0.0 Safari/537.36"
41.79.97.5 - - [05/Nov/2023:08:17:15 +0000] "GET /pos/controllers/store.js HTTP/1.1" 200 1440 "https://mplan.ashesi.edu.gh/pos/" "Mozilla/5.0 (Windows NT 10.0; Win64; x64) AppleWebKit/537.36 (KHTML, like Gecko) Chrome/119.0.0.0 Safari/537.36"
41.79.97.5 - - [05/Nov/2023:08:17:15 +0000] "GET /pos/controllers/pos.js HTTP/1.1" 200 8431 "https://mplan.ashesi.edu.gh/pos/" "Mozilla/5.0 (Windows NT 10.0; Win64; x64) AppleWebKit/537.36 (KHTML, like Gecko) Chrome/119.0.0.0 Safari/537.36"
41.79.97.5 - - [05/Nov/2023:08:17:15 +0000] "GET /pos/controllers/menu.js HTTP/1.1" 200 1167 "https://mplan.ashesi.edu.gh/pos/" "Mozilla/5.0 (Windows NT 10.0; Win64; x64) AppleWebKit/537.36 (KHTML, like Gecko) Chrome/119.0.0.0 Safari/537.36"
41.79.97.5 - - [05/Nov/2023:08:17:15 +0000] "GET /pos/controllers/order.js HTTP/1.1" 200 8514 "https://mplan.ashesi.edu.gh/pos/" "Mozilla/5.0 (Windows NT 10.0; Win64; x64) AppleWebKit/537.36 (KHTML, like Gecko) Chrome/119.0.0.0 Safari/537.36"
41.79.97.5 - - [05/Nov/2023:08:17:15 +0000] "GET /pos/controllers/rider.js HTTP/1.1" 200 1492 "https://mplan.ashesi.edu.gh/pos/" "Mozilla/5.0 (Windows NT 10.0; Win64; x64) AppleWebKit/537.36 (KHTML, like Gecko) Chrome/119.0.0.0 Safari/537.36"
41.79.97.5 - - [05/Nov/2023:08:17:15 +0000] "GET /pos/controllers/customer.js HTTP/1.1" 200 1561 "https://mplan.ashesi.edu.gh/pos/" "Mozilla/5.0 (Windows NT 10.0; Win64; x64) AppleWebKit/537.36 (KHTML, like Gecko) Chrome/119.0.0.0 Safari/537.36"
41.79.97.5 - - [05/Nov/2023:08:17:15 +0000] "GET /pos/controllers/subscriber.js HTTP/1.1" 200 6760 "https://mplan.ashesi.edu.gh/pos/" "Mozilla/5.0 (Windows NT 10.0; Win64; x64) AppleWebKit/537.36 (KHTML, like Gecko) Chrome/119.0.0.0 Safari/537.36"
41.79.97.5 - - [05/Nov/2023:08:17:15 +0000] "GET /pos/directives/modal.directive.js HTTP/1.1" 200 1008 "https://mplan.ashesi.edu.gh/pos/" "Mozilla/5.0 (Windows NT 10.0; Win64; x64) AppleWebKit/537.36 (KHTML, like Gecko) Chrome/119.0.0.0 Safari/537.36"
41.79.97.5 - - [05/Nov/2023:08:17:16 +0000] "GET /pos/services/navparam.service.js HTTP/1.1" 200 628 "https://mplan.ashesi.edu.gh/pos/" "Mozilla/5.0 (Windows NT 10.0; Win64; x64) AppleWebKit/537.36 (KHTML, like Gecko) Chrome/119.0.0.0 Safari/537.36"
41.79.97.5 - - [05/Nov/2023:08:17:16 +0000] "GET /pos/services/modal.service.js HTTP/1.1" 200 744 "https://mplan.ashesi.edu.gh/pos/" "Mozilla/5.0 (Windows NT 10.0; Win64; x64) AppleWebKit/537.36 (KHTML, like Gecko) Chrome/119.0.0.0 Safari/537.36"
41.79.97.5 - - [05/Nov/2023:08:17:16 +0000] "GET /pos/services/toast.service.js HTTP/1.1" 200 817 "https://mplan.ashesi.edu.gh/pos/" "Mozilla/5.0 (Windows NT 10.0; Win64; x64) AppleWebKit/537.36 (KHTML, like Gecko) Chrome/119.0.0.0 Safari/537.36"
41.79.97.5 - - [05/Nov/2023:08:17:16 +0000] "GET /pos/web/js/angular-route.min.js HTTP/1.1" 200 2962 "https://mplan.ashesi.edu.gh/pos/" "Mozilla/5.0 (Windows NT 10.0; Win64; x64) AppleWebKit/537.36 (KHTML, like Gecko) Chrome/119.0.0.0 Safari/537.36"
41.79.97.5 - - [05/Nov/2023:08:17:16 +0000] "GET /pos/cordova.js HTTP/1.1" 404 520 "https://mplan.ashesi.edu.gh/pos/" "Mozilla/5.0 (Windows NT 10.0; Win64; x64) AppleWebKit/537.36 (KHTML, like Gecko) Chrome/119.0.0.0 Safari/537.36"
41.79.97.5 - - [05/Nov/2023:08:17:16 +0000] "GET /pos/services/cordova-plugin-printer-master/www/printer.js HTTP/1.1" 200 2158 "https://mplan.ashesi.edu.gh/pos/" "Mozilla/5.0 (Windows NT 10.0; Win64; x64) AppleWebKit/537.36 (KHTML, like Gecko) Chrome/119.0.0.0 Safari/537.36"
41.79.97.5 - - [05/Nov/2023:08:17:16 +0000] "GET /pos/view/layout/pos.html HTTP/1.1" 200 1128 "https://mplan.ashesi.edu.gh/pos/" "Mozilla/5.0 (Windows NT 10.0; Win64; x64) AppleWebKit/537.36 (KHTML, like Gecko) Chrome/119.0.0.0 Safari/537.36"
41.79.97.5 - - [05/Nov/2023:08:17:16 +0000] "GET /favicon.ico HTTP/1.1" 404 520 "https://mplan.ashesi.edu.gh/pos/" "Mozilla/5.0 (Windows NT 10.0; Win64; x64) AppleWebKit/537.36 (KHTML, like Gecko) Chrome/119.0.0.0 Safari/537.36"
41.79.97.5 - - [05/Nov/2023:08:17:16 +0000] "GET /pos/view/layout/riders.html HTTP/1.1" 200 5900 "https://mplan.ashesi.edu.gh/pos/" "Mozilla/5.0 (Windows NT 10.0; Win64; x64) AppleWebKit/537.36 (KHTML, like Gecko) Chrome/119.0.0.0 Safari/537.36"
41.79.97.5 - - [05/Nov/2023:08:17:16 +0000] "GET /pos/view/layout/customers.html HTTP/1.1" 200 5903 "https://mplan.ashesi.edu.gh/pos/" "Mozilla/5.0 (Windows NT 10.0; Win64; x64) AppleWebKit/537.36 (KHTML, like Gecko) Chrome/119.0.0.0 Safari/537.36"
41.79.97.5 - - [05/Nov/2023:08:17:16 +0000] "GET /pos/view/layout/orders.html HTTP/1.1" 200 3929 "https://mplan.ashesi.edu.gh/pos/" "Mozilla/5.0 (Windows NT 10.0; Win64; x64) AppleWebKit/537.36 (KHTML, like Gecko) Chrome/119.0.0.0 Safari/537.36"
41.79.97.5 - - [05/Nov/2023:08:17:16 +0000] "GET /pos/view/layout/shift.html HTTP/1.1" 200 784 "https://mplan.ashesi.edu.gh/pos/" "Mozilla/5.0 (Windows NT 10.0; Win64; x64) AppleWebKit/537.36 (KHTML, like Gecko) Chrome/119.0.0.0 Safari/537.36"
41.79.97.5 - - [05/Nov/2023:08:17:16 +0000] "GET /pos/view/layout/report.html HTTP/1.1" 200 800 "https://mplan.ashesi.edu.gh/pos/" "Mozilla/5.0 (Windows NT 10.0; Win64; x64) AppleWebKit/537.36 (KHTML, like Gecko) Chrome/119.0.0.0 Safari/537.36"
41.79.97.5 - - [05/Nov/2023:08:17:16 +0000] "GET /pos/view/layout/subscribers.html HTTP/1.1" 200 1153 "https://mplan.ashesi.edu.gh/pos/" "Mozilla/5.0 (Windows NT 10.0; Win64; x64) AppleWebKit/537.36 (KHTML, like Gecko) Chrome/119.0.0.0 Safari/537.36"
41.79.97.5 - - [05/Nov/2023:08:17:16 +0000] "GET /API/api/get_store_product_categories/4 HTTP/1.1" 200 1215 "https://mplan.ashesi.edu.gh/pos/" "Mozilla/5.0 (Windows NT 10.0; Win64; x64) AppleWebKit/537.36 (KHTML, like Gecko) Chrome/119.0.0.0 Safari/537.36"
41.79.97.5 - - [05/Nov/2023:08:17:16 +0000] "GET /pos/view/template/close_register.template.html HTTP/1.1" 200 938 "https://mplan.ashesi.edu.gh/pos/" "Mozilla/5.0 (Windows NT 10.0; Win64; x64) AppleWebKit/537.36 (KHTML, like Gecko) Chrome/119.0.0.0 Safari/537.36"
41.79.97.5 - - [05/Nov/2023:08:17:16 +0000] "GET /pos/view/template/side_menu.template.html HTTP/1.1" 200 819 "https://mplan.ashesi.edu.gh/pos/" "Mozilla/5.0 (Windows NT 10.0; Win64; x64) AppleWebKit/537.36 (KHTML, like Gecko) Chrome/119.0.0.0 Safari/537.36"
41.79.97.5 - - [05/Nov/2023:08:17:16 +0000] "GET /pos/view/template/product_section.template.html HTTP/1.1" 200 1416 "https://mplan.ashesi.edu.gh/pos/" "Mozilla/5.0 (Windows NT 10.0; Win64; x64) AppleWebKit/537.36 (KHTML, like Gecko) Chrome/119.0.0.0 Safari/537.36"
41.79.97.5 - - [05/Nov/2023:08:17:16 +0000] "GET /API/api/get_store_modifiers/4 HTTP/1.1" 200 447 "https://mplan.ashesi.edu.gh/pos/" "Mozilla/5.0 (Windows NT 10.0; Win64; x64) AppleWebKit/537.36 (KHTML, like Gecko) Chrome/119.0.0.0 Safari/537.36"
41.79.97.5 - - [05/Nov/2023:08:17:16 +0000] "GET /pos/view/template/order_details.template.html HTTP/1.1" 200 2677 "https://mplan.ashesi.edu.gh/pos/" "Mozilla/5.0 (Windows NT 10.0; Win64; x64) AppleWebKit/537.36 (KHTML, like Gecko) Chrome/119.0.0.0 Safari/537.36"
41.79.97.5 - - [05/Nov/2023:08:17:16 +0000] "GET /pos/view/template/pos_page_receipt.template.html HTTP/1.1" 200 1145 "https://mplan.ashesi.edu.gh/pos/" "Mozilla/5.0 (Windows NT 10.0; Win64; x64) AppleWebKit/537.36 (KHTML, like Gecko) Chrome/119.0.0.0 Safari/537.36"
41.79.97.5 - - [05/Nov/2023:08:17:16 +0000] "GET /pos/view/template/make_order_receipt.template.html HTTP/1.1" 200 58798 "https://mplan.ashesi.edu.gh/pos/" "Mozilla/5.0 (Windows NT 10.0; Win64; x64) AppleWebKit/537.36 (KHTML, like Gecko) Chrome/119.0.0.0 Safari/537.36"
41.79.97.5 - - [05/Nov/2023:08:17:17 +0000] "GET /pos/view/template/customer_form.template.html HTTP/1.1" 200 834 "https://mplan.ashesi.edu.gh/pos/" "Mozilla/5.0 (Windows NT 10.0; Win64; x64) AppleWebKit/537.36 (KHTML, like Gecko) Chrome/119.0.0.0 Safari/537.36"
41.79.97.5 - - [05/Nov/2023:08:17:17 +0000] "GET /pos/view/template/modifier_popup.template.html HTTP/1.1" 200 1299 "https://mplan.ashesi.edu.gh/pos/" "Mozilla/5.0 (Windows NT 10.0; Win64; x64) AppleWebKit/537.36 (KHTML, like Gecko) Chrome/119.0.0.0 Safari/537.36"
41.79.97.5 - - [05/Nov/2023:08:17:17 +0000] "GET /pos/view/template/print_shift.template.html HTTP/1.1" 200 1760 "https://mplan.ashesi.edu.gh/pos/" "Mozilla/5.0 (Windows NT 10.0; Win64; x64) AppleWebKit/537.36 (KHTML, like Gecko) Chrome/119.0.0.0 Safari/537.36"
41.79.97.5 - - [05/Nov/2023:08:17:16 +0000] "GET /API/api/get_store_products/4 HTTP/1.1" 200 152724 "https://mplan.ashesi.edu.gh/pos/" "Mozilla/5.0 (Windows NT 10.0; Win64; x64) AppleWebKit/537.36 (KHTML, like Gecko) Chrome/119.0.0.0 Safari/537.36"
41.79.97.5 - - [05/Nov/2023:08:17:17 +0000] "GET /pos/view/template/print_sales.template.html HTTP/1.1" 200 2078 "https://mplan.ashesi.edu.gh/pos/" "Mozilla/5.0 (Windows NT 10.0; Win64; x64) AppleWebKit/537.36 (KHTML, like Gecko) Chrome/119.0.0.0 Safari/537.36"
41.79.97.5 - - [05/Nov/2023:08:17:17 +0000] "GET /pos/view/template/orders_tab_receipt.template.html HTTP/1.1" 200 1132 "https://mplan.ashesi.edu.gh/pos/" "Mozilla/5.0 (Windows NT 10.0; Win64; x64) AppleWebKit/537.36 (KHTML, like Gecko) Chrome/119.0.0.0 Safari/537.36"
41.79.97.5 - - [05/Nov/2023:08:17:17 +0000] "GET /API/api/get_riders/4 HTTP/1.1" 200 447 "https://mplan.ashesi.edu.gh/pos/" "Mozilla/5.0 (Windows NT 10.0; Win64; x64) AppleWebKit/537.36 (KHTML, like Gecko) Chrome/119.0.0.0 Safari/537.36"
41.79.97.5 - - [05/Nov/2023:08:17:17 +0000] "GET /pos/view/template/deliveries_tab_receipt.template.html HTTP/1.1" 200 1188 "https://mplan.ashesi.edu.gh/pos/" "Mozilla/5.0 (Windows NT 10.0; Win64; x64) AppleWebKit/537.36 (KHTML, like Gecko) Chrome/119.0.0.0 Safari/537.36"
41.79.97.5 - - [05/Nov/2023:08:17:17 +0000] "GET /pos/view/template/restore_order.template.html HTTP/1.1" 200 695 "https://mplan.ashesi.edu.gh/pos/" "Mozilla/5.0 (Windows NT 10.0; Win64; x64) AppleWebKit/537.36 (KHTML, like Gecko) Chrome/119.0.0.0 Safari/537.36"
41.79.97.5 - - [05/Nov/2023:08:17:17 +0000] "GET /pos/view/template/cancel_delivery.template.html HTTP/1.1" 200 1273 "https://mplan.ashesi.edu.gh/pos/" "Mozilla/5.0 (Windows NT 10.0; Win64; x64) AppleWebKit/537.36 (KHTML, like Gecko) Chrome/119.0.0.0 Safari/537.36"
41.79.97.5 - - [05/Nov/2023:08:17:17 +0000] "GET /pos/view/template/checkout.template.html HTTP/1.1" 200 1897 "https://mplan.ashesi.edu.gh/pos/" "Mozilla/5.0 (Windows NT 10.0; Win64; x64) AppleWebKit/537.36 (KHTML, like Gecko) Chrome/119.0.0.0 Safari/537.36"
41.79.97.5 - - [05/Nov/2023:08:17:17 +0000] "GET /pos/view/template/cancel_order.template.html HTTP/1.1" 200 689 "https://mplan.ashesi.edu.gh/pos/" "Mozilla/5.0 (Windows NT 10.0; Win64; x64) AppleWebKit/537.36 (KHTML, like Gecko) Chrome/119.0.0.0 Safari/537.36"
41.79.97.5 - - [05/Nov/2023:08:17:17 +0000] "GET /pos/view/template/delivery_receipt.template.html HTTP/1.1" 200 2539 "https://mplan.ashesi.edu.gh/pos/" "Mozilla/5.0 (Windows NT 10.0; Win64; x64) AppleWebKit/537.36 (KHTML, like Gecko) Chrome/119.0.0.0 Safari/537.36"
41.79.97.5 - - [05/Nov/2023:08:17:17 +0000] "GET /pos/view/template/bulk_delivery_receipt.template.html HTTP/1.1" 200 1518 "https://mplan.ashesi.edu.gh/pos/" "Mozilla/5.0 (Windows NT 10.0; Win64; x64) AppleWebKit/537.36 (KHTML, like Gecko) Chrome/119.0.0.0 Safari/537.36"
41.79.97.5 - - [05/Nov/2023:08:17:17 +0000] "GET /pos/view/template/change_rider_modal.template.html HTTP/1.1" 200 1334 "https://mplan.ashesi.edu.gh/pos/" "Mozilla/5.0 (Windows NT 10.0; Win64; x64) AppleWebKit/537.36 (KHTML, like Gecko) Chrome/119.0.0.0 Safari/537.36"
41.79.97.5 - - [05/Nov/2023:08:17:18 +0000] "GET /API/api/getAllSubscribers/ HTTP/1.1" 301 658 "https://mplan.ashesi.edu.gh/pos/" "Mozilla/5.0 (Windows NT 10.0; Win64; x64) AppleWebKit/537.36 (KHTML, like Gecko) Chrome/119.0.0.0 Safari/537.36"
41.79.97.5 - - [05/Nov/2023:08:17:17 +0000] "GET /API/api/getMyRegisters/33 HTTP/1.1" 200 447 "https://mplan.ashesi.edu.gh/pos/" "Mozilla/5.0 (Windows NT 10.0; Win64; x64) AppleWebKit/537.36 (KHTML, like Gecko) Chrome/119.0.0.0 Safari/537.36"
41.79.97.5 - - [05/Nov/2023:08:17:18 +0000] "GET /API/api/get_store_product_categories/4 HTTP/1.1" 200 1215 "https://mplan.ashesi.edu.gh/pos/" "Mozilla/5.0 (Windows NT 10.0; Win64; x64) AppleWebKit/537.36 (KHTML, like Gecko) Chrome/119.0.0.0 Safari/537.36"
41.79.97.5 - - [05/Nov/2023:08:17:18 +0000] "GET /API/api/get_store_modifiers/4 HTTP/1.1" 200 1022 "https://mplan.ashesi.edu.gh/pos/" "Mozilla/5.0 (Windows NT 10.0; Win64; x64) AppleWebKit/537.36 (KHTML, like Gecko) Chrome/119.0.0.0 Safari/537.36"
41.79.97.5 - - [05/Nov/2023:08:17:19 +0000] "GET /pos/view/template/edit_customer_details_modal.template.html HTTP/1.1" 200 1107 "https://mplan.ashesi.edu.gh/pos/" "Mozilla/5.0 (Windows NT 10.0; Win64; x64) AppleWebKit/537.36 (KHTML, like Gecko) Chrome/119.0.0.0 Safari/537.36"
41.79.97.5 - - [05/Nov/2023:08:17:18 +0000] "GET /API/api/get_store_products/4 HTTP/1.1" 200 153299 "https://mplan.ashesi.edu.gh/pos/" "Mozilla/5.0 (Windows NT 10.0; Win64; x64) AppleWebKit/537.36 (KHTML, like Gecko) Chrome/119.0.0.0 Safari/537.36"
41.79.97.5 - - [05/Nov/2023:08:17:19 +0000] "GET /pos/web/img/plus-button.svg HTTP/1.1" 200 976 "https://mplan.ashesi.edu.gh/pos/" "Mozilla/5.0 (Windows NT 10.0; Win64; x64) AppleWebKit/537.36 (KHTML, like Gecko) Chrome/119.0.0.0 Safari/537.36"
41.79.97.5 - - [05/Nov/2023:08:17:17 +0000] "GET /API/api/get_orders_not_deliveries/4 HTTP/1.1" 200 447 "https://mplan.ashesi.edu.gh/pos/" "Mozilla/5.0 (Windows NT 10.0; Win64; x64) AppleWebKit/537.36 (KHTML, like Gecko) Chrome/119.0.0.0 Safari/537.36"
41.79.97.5 - - [05/Nov/2023:08:17:17 +0000] "GET /API/api/get_cancelled_orders/4/4709 HTTP/1.1" 200 36012 "https://mplan.ashesi.edu.gh/pos/" "Mozilla/5.0 (Windows NT 10.0; Win64; x64) AppleWebKit/537.36 (KHTML, like Gecko) Chrome/119.0.0.0 Safari/537.36"
41.79.97.5 - - [05/Nov/2023:08:17:19 +0000] "GET /pos/web/img/down-arrow.svg HTTP/1.1" 200 1289 "https://mplan.ashesi.edu.gh/pos/" "Mozilla/5.0 (Windows NT 10.0; Win64; x64) AppleWebKit/537.36 (KHTML, like Gecko) Chrome/119.0.0.0 Safari/537.36"
41.79.97.5 - - [05/Nov/2023:08:17:19 +0000] "GET /API/api/getAllSubscribers HTTP/1.1" 200 2310663 "https://mplan.ashesi.edu.gh/pos/" "Mozilla/5.0 (Windows NT 10.0; Win64; x64) AppleWebKit/537.36 (KHTML, like Gecko) Chrome/119.0.0.0 Safari/537.36"
41.79.97.5 - - [05/Nov/2023:08:17:17 +0000] "GET /API/api/get_sales/4/4709 HTTP/1.1" 200 16418764 "https://mplan.ashesi.edu.gh/pos/" "Mozilla/5.0 (Windows NT 10.0; Win64; x64) AppleWebKit/537.36 (KHTML, like Gecko) Chrome/119.0.0.0 Safari/537.36"
216.144.248.27 - - [05/Nov/2023:08:17:30 +0000] "HEAD /admin HTTP/1.1" 301 5368 "https://mplan.ashesi.edu.gh/admin" "Mozilla/5.0+(compatible; UptimeRobot/2.0; http://www.uptimerobot.com/)"
41.79.97.5 - - [05/Nov/2023:08:17:30 +0000] "GET /pos/web/img/close.svg HTTP/1.1" 200 2188 "https://mplan.ashesi.edu.gh/pos/" "Mozilla/5.0 (Windows NT 10.0; Win64; x64) AppleWebKit/537.36 (KHTML, like Gecko) Chrome/119.0.0.0 Safari/537.36"
41.79.97.5 - - [05/Nov/2023:08:17:30 +0000] "GET /pos/web/img/cancel.svg HTTP/1.1" 200 2155 "https://mplan.ashesi.edu.gh/pos/" "Mozilla/5.0 (Windows NT 10.0; Win64; x64) AppleWebKit/537.36 (KHTML, like Gecko) Chrome/119.0.0.0 Safari/537.36"
41.79.97.5 - - [05/Nov/2023:08:17:30 +0000] "GET /pos/web/img/pen-edit-disabled.svg HTTP/1.1" 200 6141 "https://mplan.ashesi.edu.gh/pos/" "Mozilla/5.0 (Windows NT 10.0; Win64; x64) AppleWebKit/537.36 (KHTML, like Gecko) Chrome/119.0.0.0 Safari/537.36"
216.144.248.27 - - [05/Nov/2023:08:17:30 +0000] "HEAD /admin/ HTTP/1.1" 302 1552 "https://mplan.ashesi.edu.gh/admin" "Mozilla/5.0+(compatible; UptimeRobot/2.0; http://www.uptimerobot.com/)"
41.79.97.5 - - [05/Nov/2023:08:17:31 +0000] "GET /pos/web/img/pen-edit.svg HTTP/1.1" 200 1305 "https://mplan.ashesi.edu.gh/pos/" "Mozilla/5.0 (Windows NT 10.0; Win64; x64) AppleWebKit/537.36 (KHTML, like Gecko) Chrome/119.0.0.0 Safari/537.36"
41.79.97.5 - - [05/Nov/2023:08:17:31 +0000] "GET /pos/web/img/error.svg HTTP/1.1" 200 1038 "https://mplan.ashesi.edu.gh/pos/" "Mozilla/5.0 (Windows NT 10.0; Win64; x64) AppleWebKit/537.36 (KHTML, like Gecko) Chrome/119.0.0.0 Safari/537.36"
216.144.248.27 - - [05/Nov/2023:08:17:31 +0000] "HEAD /admin/admin/login HTTP/1.1" 200 1496 "https://mplan.ashesi.edu.gh/admin" "Mozilla/5.0+(compatible; UptimeRobot/2.0; http://www.uptimerobot.com/)"
41.79.97.5 - - [05/Nov/2023:08:17:21 +0000] "GET /API/api/get_sales/4/4709 HTTP/1.1" 200 16418764 "https://mplan.ashesi.edu.gh/pos/" "Mozilla/5.0 (Windows NT 10.0; Win64; x64) AppleWebKit/537.36 (KHTML, like Gecko) Chrome/119.0.0.0 Safari/537.36"
41.79.97.5 - - [05/Nov/2023:08:17:49 +0000] "GET /API/api/getCurrentBalance/88552025 HTTP/1.1" 200 1749 "https://mplan.ashesi.edu.gh/pos/" "Mozilla/5.0 (Windows NT 10.0; Win64; x64) AppleWebKit/537.36 (KHTML, like Gecko) Chrome/119.0.0.0 Safari/537.36"
41.79.97.5 - - [05/Nov/2023:08:17:56 +0000] "PUT /API/api/make_order HTTP/1.1" 200 1489 "https://mplan.ashesi.edu.gh/pos/" "Mozilla/5.0 (Windows NT 10.0; Win64; x64) AppleWebKit/537.36 (KHTML, like Gecko) Chrome/119.0.0.0 Safari/537.36"
41.79.97.5 - - [05/Nov/2023:08:18:12 +0000] "GET /API/api/getCurrentBalance/11329999 HTTP/1.1" 200 1780 "https://mplan.ashesi.edu.gh/pos/" "Mozilla/5.0 (Windows NT 10.0; Win64; x64) AppleWebKit/537.36 (KHTML, like Gecko) Chrome/119.0.0.0 Safari/537.36"
216.144.248.27 - - [05/Nov/2023:08:18:19 +0000] "HEAD /subscriber HTTP/1.1" 301 5373 "https://mplan.ashesi.edu.gh/subscriber" "Mozilla/5.0+(compatible; UptimeRobot/2.0; http://www.uptimerobot.com/)"
216.144.248.27 - - [05/Nov/2023:08:18:19 +0000] "HEAD /subscriber/ HTTP/1.1" 200 866 "https://mplan.ashesi.edu.gh/subscriber" "Mozilla/5.0+(compatible; UptimeRobot/2.0; http://www.uptimerobot.com/)"
41.79.97.5 - - [05/Nov/2023:08:18:19 +0000] "PUT /API/api/make_order HTTP/1.1" 200 1483 "https://mplan.ashesi.edu.gh/pos/" "Mozilla/5.0 (Windows NT 10.0; Win64; x64) AppleWebKit/537.36 (KHTML, like Gecko) Chrome/119.0.0.0 Safari/537.36"
143.110.222.166 - - [05/Nov/2023:08:20:17 +0000] "GET / HTTP/1.1" 302 199 "-" "Mozilla/5.0 (iPhone; CPU iPhone OS 16_1 like Mac OS X) AppleWebKit/605.1.15 (KHTML, like Gecko) Version/16.1 Mobile/15E148 Safari/604.1"
103.99.0.154 - - [05/Nov/2023:08:20:19 +0000] "GET /.env HTTP/1.1" 404 492 "-" "Mozilla/5.0 (X11; Linux x86_64) AppleWebKit/537.36 (KHTML, like Gecko) Chrome/81.0.4044.129 Safari/537.36"
41.79.97.5 - - [05/Nov/2023:08:17:18 +0000] "GET /API/api/getSalesReport/4 HTTP/1.1" 200 6047 "https://mplan.ashesi.edu.gh/pos/" "Mozilla/5.0 (Windows NT 10.0; Win64; x64) AppleWebKit/537.36 (KHTML, like Gecko) Chrome/119.0.0.0 Safari/537.36"
::1 - - [05/Nov/2023:08:20:20 +0000] "OPTIONS * HTTP/1.0" 200 126 "-" "Apache/2.4.29 (Ubuntu) OpenSSL/1.1.1 (internal dummy connection)"
103.99.0.154 - - [05/Nov/2023:08:20:21 +0000] "POST / HTTP/1.1" 302 255 "-" "Mozilla/5.0 (X11; Linux x86_64) AppleWebKit/537.36 (KHTML, like Gecko) Chrome/81.0.4044.129 Safari/537.36"
103.99.0.154 - - [05/Nov/2023:08:20:26 +0000] "GET /.env HTTP/1.1" 404 5126 "-" "Mozilla/5.0 (X11; Linux x86_64) AppleWebKit/537.36 (KHTML, like Gecko) Chrome/81.0.4044.129 Safari/537.36"
103.99.0.154 - - [05/Nov/2023:08:20:29 +0000] "POST / HTTP/1.1" 302 4888 "-" "Mozilla/5.0 (X11; Linux x86_64) AppleWebKit/537.36 (KHTML, like Gecko) Chrome/81.0.4044.129 Safari/537.36"
41.79.97.5 - - [05/Nov/2023:08:20:45 +0000] "GET /API/api/getCurrentBalance/62572026 HTTP/1.1" 200 1731 "https://mplan.ashesi.edu.gh/pos/" "Mozilla/5.0 (Windows NT 10.0; Win64; x64) AppleWebKit/537.36 (KHTML, like Gecko) Chrome/119.0.0.0 Safari/537.36"
216.144.248.27 - - [05/Nov/2023:08:20:52 +0000] "HEAD /pos HTTP/1.1" 301 5366 "https://mplan.ashesi.edu.gh/pos" "Mozilla/5.0+(compatible; UptimeRobot/2.0; http://www.uptimerobot.com/)"
216.144.248.27 - - [05/Nov/2023:08:20:52 +0000] "HEAD /pos/ HTTP/1.1" 200 867 "https://mplan.ashesi.edu.gh/pos" "Mozilla/5.0+(compatible; UptimeRobot/2.0; http://www.uptimerobot.com/)"
41.79.97.5 - - [05/Nov/2023:08:20:52 +0000] "PUT /API/api/make_order HTTP/1.1" 200 1485 "https://mplan.ashesi.edu.gh/pos/" "Mozilla/5.0 (Windows NT 10.0; Win64; x64) AppleWebKit/537.36 (KHTML, like Gecko) Chrome/119.0.0.0 Safari/537.36"
216.144.248.27 - - [05/Nov/2023:08:22:06 +0000] "HEAD /vendor/public/admin HTTP/1.1" 302 6081 "https://mplan.ashesi.edu.gh/vendor/public/admin" "Mozilla/5.0+(compatible; UptimeRobot/2.0; http://www.uptimerobot.com/)"
216.144.248.27 - - [05/Nov/2023:08:22:06 +0000] "HEAD /vendor/public/admin/login HTTP/1.1" 200 1432 "https://mplan.ashesi.edu.gh/vendor/public/admin" "Mozilla/5.0+(compatible; UptimeRobot/2.0; http://www.uptimerobot.com/)"
216.144.248.27 - - [05/Nov/2023:08:22:30 +0000] "HEAD /admin HTTP/1.1" 301 5368 "https://mplan.ashesi.edu.gh/admin" "Mozilla/5.0+(compatible; UptimeRobot/2.0; http://www.uptimerobot.com/)"
216.144.248.27 - - [05/Nov/2023:08:22:30 +0000] "HEAD /admin/ HTTP/1.1" 302 1556 "https://mplan.ashesi.edu.gh/admin" "Mozilla/5.0+(compatible; UptimeRobot/2.0; http://www.uptimerobot.com/)"
216.144.248.27 - - [05/Nov/2023:08:22:31 +0000] "HEAD /admin/admin/login HTTP/1.1" 200 1492 "https://mplan.ashesi.edu.gh/admin" "Mozilla/5.0+(compatible; UptimeRobot/2.0; http://www.uptimerobot.com/)"
216.144.248.27 - - [05/Nov/2023:08:23:19 +0000] "HEAD /subscriber HTTP/1.1" 301 5373 "https://mplan.ashesi.edu.gh/subscriber" "Mozilla/5.0+(compatible; UptimeRobot/2.0; http://www.uptimerobot.com/)"
216.144.248.27 - - [05/Nov/2023:08:23:19 +0000] "HEAD /subscriber/ HTTP/1.1" 200 866 "https://mplan.ashesi.edu.gh/subscriber" "Mozilla/5.0+(compatible; UptimeRobot/2.0; http://www.uptimerobot.com/)"
216.144.248.27 - - [05/Nov/2023:08:25:52 +0000] "HEAD /pos HTTP/1.1" 301 5366 "https://mplan.ashesi.edu.gh/pos" "Mozilla/5.0+(compatible; UptimeRobot/2.0; http://www.uptimerobot.com/)"
216.144.248.27 - - [05/Nov/2023:08:25:52 +0000] "HEAD /pos/ HTTP/1.1" 200 867 "https://mplan.ashesi.edu.gh/pos" "Mozilla/5.0+(compatible; UptimeRobot/2.0; http://www.uptimerobot.com/)"
154.160.7.138 - - [05/Nov/2023:08:26:09 +0000] "GET /pos/controllers/pos.js HTTP/1.1" 200 13580 "https://mplan.ashesi.edu.gh/pos/" "Mozilla/5.0 (Windows NT 10.0; Win64; x64) AppleWebKit/537.36 (KHTML, like Gecko) Chrome/119.0.0.0 Safari/537.36"
154.160.7.138 - - [05/Nov/2023:08:26:09 +0000] "GET /pos/controllers/subscriber.js HTTP/1.1" 200 11909 "https://mplan.ashesi.edu.gh/pos/" "Mozilla/5.0 (Windows NT 10.0; Win64; x64) AppleWebKit/537.36 (KHTML, like Gecko) Chrome/119.0.0.0 Safari/537.36"
154.160.7.138 - - [05/Nov/2023:08:26:10 +0000] "GET /pos/cordova.js HTTP/1.1" 404 520 "https://mplan.ashesi.edu.gh/pos/" "Mozilla/5.0 (Windows NT 10.0; Win64; x64) AppleWebKit/537.36 (KHTML, like Gecko) Chrome/119.0.0.0 Safari/537.36"
154.160.7.138 - - [05/Nov/2023:08:26:10 +0000] "GET /favicon.ico HTTP/1.1" 404 520 "https://mplan.ashesi.edu.gh/pos/" "Mozilla/5.0 (Windows NT 10.0; Win64; x64) AppleWebKit/537.36 (KHTML, like Gecko) Chrome/119.0.0.0 Safari/537.36"
154.160.7.138 - - [05/Nov/2023:08:26:20 +0000] "POST /API/api/login HTTP/1.1" 200 5853 "https://mplan.ashesi.edu.gh/pos/" "Mozilla/5.0 (Windows NT 10.0; Win64; x64) AppleWebKit/537.36 (KHTML, like Gecko) Chrome/119.0.0.0 Safari/537.36"
154.160.7.138 - - [05/Nov/2023:08:26:21 +0000] "GET /API/api/get_store_product_categories/11 HTTP/1.1" 200 5627 "https://mplan.ashesi.edu.gh/pos/" "Mozilla/5.0 (Windows NT 10.0; Win64; x64) AppleWebKit/537.36 (KHTML, like Gecko) Chrome/119.0.0.0 Safari/537.36"
154.160.7.138 - - [05/Nov/2023:08:26:21 +0000] "GET /API/api/get_store_modifiers/11 HTTP/1.1" 200 5595 "https://mplan.ashesi.edu.gh/pos/" "Mozilla/5.0 (Windows NT 10.0; Win64; x64) AppleWebKit/537.36 (KHTML, like Gecko) Chrome/119.0.0.0 Safari/537.36"
154.160.7.138 - - [05/Nov/2023:08:26:21 +0000] "GET /API/api/get_user_store_list/75 HTTP/1.1" 200 1176 "https://mplan.ashesi.edu.gh/pos/" "Mozilla/5.0 (Windows NT 10.0; Win64; x64) AppleWebKit/537.36 (KHTML, like Gecko) Chrome/119.0.0.0 Safari/537.36"
154.160.7.138 - - [05/Nov/2023:08:26:21 +0000] "GET /API/api/get_store_products/11 HTTP/1.1" 200 48601 "https://mplan.ashesi.edu.gh/pos/" "Mozilla/5.0 (Windows NT 10.0; Win64; x64) AppleWebKit/537.36 (KHTML, like Gecko) Chrome/119.0.0.0 Safari/537.36"
154.160.7.138 - - [05/Nov/2023:08:26:22 +0000] "GET /API/api/get_user_store_list/75 HTTP/1.1" 200 1160 "https://mplan.ashesi.edu.gh/pos/" "Mozilla/5.0 (Windows NT 10.0; Win64; x64) AppleWebKit/537.36 (KHTML, like Gecko) Chrome/119.0.0.0 Safari/537.36"
154.160.7.138 - - [05/Nov/2023:08:26:24 +0000] "GET /API/api/get_store_settings/11 HTTP/1.1" 200 1553 "https://mplan.ashesi.edu.gh/pos/" "Mozilla/5.0 (Windows NT 10.0; Win64; x64) AppleWebKit/537.36 (KHTML, like Gecko) Chrome/119.0.0.0 Safari/537.36"
154.160.7.138 - - [05/Nov/2023:08:26:24 +0000] "GET /API/api/check_register_status/11/75 HTTP/1.1" 202 1027 "https://mplan.ashesi.edu.gh/pos/" "Mozilla/5.0 (Windows NT 10.0; Win64; x64) AppleWebKit/537.36 (KHTML, like Gecko) Chrome/119.0.0.0 Safari/537.36"
154.160.7.138 - - [05/Nov/2023:08:26:26 +0000] "GET /API/api/open_register/11/75/undefined HTTP/1.1" 200 1311 "https://mplan.ashesi.edu.gh/pos/" "Mozilla/5.0 (Windows NT 10.0; Win64; x64) AppleWebKit/537.36 (KHTML, like Gecko) Chrome/119.0.0.0 Safari/537.36"
154.160.7.138 - - [05/Nov/2023:08:26:27 +0000] "GET /pos/view/template/make_order_receipt.template.html HTTP/1.1" 200 63979 "https://mplan.ashesi.edu.gh/pos/" "Mozilla/5.0 (Windows NT 10.0; Win64; x64) AppleWebKit/537.36 (KHTML, like Gecko) Chrome/119.0.0.0 Safari/537.36"
154.160.7.138 - - [05/Nov/2023:08:26:26 +0000] "GET /API/api/get_store_product_categories/11 HTTP/1.1" 200 5627 "https://mplan.ashesi.edu.gh/pos/" "Mozilla/5.0 (Windows NT 10.0; Win64; x64) AppleWebKit/537.36 (KHTML, like Gecko) Chrome/119.0.0.0 Safari/537.36"
154.160.7.138 - - [05/Nov/2023:08:26:26 +0000] "GET /API/api/get_store_modifiers/11 HTTP/1.1" 200 1022 "https://mplan.ashesi.edu.gh/pos/" "Mozilla/5.0 (Windows NT 10.0; Win64; x64) AppleWebKit/537.36 (KHTML, like Gecko) Chrome/119.0.0.0 Safari/537.36"
154.160.7.138 - - [05/Nov/2023:08:26:26 +0000] "GET /API/api/get_store_products/11 HTTP/1.1" 200 48617 "https://mplan.ashesi.edu.gh/pos/" "Mozilla/5.0 (Windows NT 10.0; Win64; x64) AppleWebKit/537.36 (KHTML, like Gecko) Chrome/119.0.0.0 Safari/537.36"
154.160.7.138 - - [05/Nov/2023:08:26:27 +0000] "GET /API/api/get_riders/11 HTTP/1.1" 200 1022 "https://mplan.ashesi.edu.gh/pos/" "Mozilla/5.0 (Windows NT 10.0; Win64; x64) AppleWebKit/537.36 (KHTML, like Gecko) Chrome/119.0.0.0 Safari/537.36"
154.160.7.138 - - [05/Nov/2023:08:26:27 +0000] "GET /API/api/get_sales/11/6108 HTTP/1.1" 200 5627 "https://mplan.ashesi.edu.gh/pos/" "Mozilla/5.0 (Windows NT 10.0; Win64; x64) AppleWebKit/537.36 (KHTML, like Gecko) Chrome/119.0.0.0 Safari/537.36"
154.160.7.138 - - [05/Nov/2023:08:26:27 +0000] "GET /API/api/get_cancelled_orders/11/6108 HTTP/1.1" 200 447 "https://mplan.ashesi.edu.gh/pos/" "Mozilla/5.0 (Windows NT 10.0; Win64; x64) AppleWebKit/537.36 (KHTML, like Gecko) Chrome/119.0.0.0 Safari/537.36"
154.160.7.138 - - [05/Nov/2023:08:26:27 +0000] "GET /API/api/get_orders_not_deliveries/11 HTTP/1.1" 200 5611 "https://mplan.ashesi.edu.gh/pos/" "Mozilla/5.0 (Windows NT 10.0; Win64; x64) AppleWebKit/537.36 (KHTML, like Gecko) Chrome/119.0.0.0 Safari/537.36"
154.160.7.138 - - [05/Nov/2023:08:26:28 +0000] "GET /API/api/getAllSubscribers HTTP/1.1" 200 2311237 "https://mplan.ashesi.edu.gh/pos/" "Mozilla/5.0 (Windows NT 10.0; Win64; x64) AppleWebKit/537.36 (KHTML, like Gecko) Chrome/119.0.0.0 Safari/537.36"
154.160.7.138 - - [05/Nov/2023:08:26:30 +0000] "GET /API/api/get_store_product_categories/11 HTTP/1.1" 200 1006 "https://mplan.ashesi.edu.gh/pos/" "Mozilla/5.0 (Windows NT 10.0; Win64; x64) AppleWebKit/537.36 (KHTML, like Gecko) Chrome/119.0.0.0 Safari/537.36"
154.160.7.138 - - [05/Nov/2023:08:26:30 +0000] "GET /API/api/get_store_modifiers/11 HTTP/1.1" 200 1022 "https://mplan.ashesi.edu.gh/pos/" "Mozilla/5.0 (Windows NT 10.0; Win64; x64) AppleWebKit/537.36 (KHTML, like Gecko) Chrome/119.0.0.0 Safari/537.36"
154.160.7.138 - - [05/Nov/2023:08:26:30 +0000] "GET /API/api/get_store_products/11 HTTP/1.1" 200 48617 "https://mplan.ashesi.edu.gh/pos/" "Mozilla/5.0 (Windows NT 10.0; Win64; x64) AppleWebKit/537.36 (KHTML, like Gecko) Chrome/119.0.0.0 Safari/537.36"
154.160.7.138 - - [05/Nov/2023:08:26:30 +0000] "GET /API/api/get_sales/11/6108 HTTP/1.1" 200 5627 "https://mplan.ashesi.edu.gh/pos/" "Mozilla/5.0 (Windows NT 10.0; Win64; x64) AppleWebKit/537.36 (KHTML, like Gecko) Chrome/119.0.0.0 Safari/537.36"
154.160.7.138 - - [05/Nov/2023:08:27:04 +0000] "GET /API/api/getCurrentBalance/08672026 HTTP/1.1" 200 1725 "https://mplan.ashesi.edu.gh/pos/" "Mozilla/5.0 (Windows NT 10.0; Win64; x64) AppleWebKit/537.36 (KHTML, like Gecko) Chrome/119.0.0.0 Safari/537.36"
216.144.248.27 - - [05/Nov/2023:08:27:06 +0000] "HEAD /vendor/public/admin HTTP/1.1" 302 6085 "https://mplan.ashesi.edu.gh/vendor/public/admin" "Mozilla/5.0+(compatible; UptimeRobot/2.0; http://www.uptimerobot.com/)"
216.144.248.27 - - [05/Nov/2023:08:27:06 +0000] "HEAD /vendor/public/admin/login HTTP/1.1" 200 1438 "https://mplan.ashesi.edu.gh/vendor/public/admin" "Mozilla/5.0+(compatible; UptimeRobot/2.0; http://www.uptimerobot.com/)"
154.160.7.138 - - [05/Nov/2023:08:27:09 +0000] "PUT /API/api/make_order HTTP/1.1" 200 1486 "https://mplan.ashesi.edu.gh/pos/" "Mozilla/5.0 (Windows NT 10.0; Win64; x64) AppleWebKit/537.36 (KHTML, like Gecko) Chrome/119.0.0.0 Safari/537.36"
216.144.248.27 - - [05/Nov/2023:08:27:30 +0000] "HEAD /admin HTTP/1.1" 301 5368 "https://mplan.ashesi.edu.gh/admin" "Mozilla/5.0+(compatible; UptimeRobot/2.0; http://www.uptimerobot.com/)"
216.144.248.27 - - [05/Nov/2023:08:27:30 +0000] "HEAD /admin/ HTTP/1.1" 302 1558 "https://mplan.ashesi.edu.gh/admin" "Mozilla/5.0+(compatible; UptimeRobot/2.0; http://www.uptimerobot.com/)"
216.144.248.27 - - [05/Nov/2023:08:27:31 +0000] "HEAD /admin/admin/login HTTP/1.1" 200 1490 "https://mplan.ashesi.edu.gh/admin" "Mozilla/5.0+(compatible; UptimeRobot/2.0; http://www.uptimerobot.com/)"
154.160.7.138 - - [05/Nov/2023:08:26:27 +0000] "GET /API/api/getMyRegisters/75 HTTP/1.1" 200 8472 "https://mplan.ashesi.edu.gh/pos/" "Mozilla/5.0 (Windows NT 10.0; Win64; x64) AppleWebKit/537.36 (KHTML, like Gecko) Chrome/119.0.0.0 Safari/537.36"
41.79.97.5 - - [05/Nov/2023:08:27:48 +0000] "GET /API/api/getCurrentBalance/52252024 HTTP/1.1" 200 6334 "https://mplan.ashesi.edu.gh/pos/" "Mozilla/5.0 (Windows NT 10.0; Win64; x64) AppleWebKit/537.36 (KHTML, like Gecko) Chrome/119.0.0.0 Safari/537.36"
41.79.97.5 - - [05/Nov/2023:08:27:57 +0000] "PUT /API/api/make_order HTTP/1.1" 200 1501 "https://mplan.ashesi.edu.gh/pos/" "Mozilla/5.0 (Windows NT 10.0; Win64; x64) AppleWebKit/537.36 (KHTML, like Gecko) Chrome/119.0.0.0 Safari/537.36"
41.79.97.5 - - [05/Nov/2023:08:28:03 +0000] "GET /API/api/getCurrentBalance/76302026 HTTP/1.1" 200 6318 "https://mplan.ashesi.edu.gh/pos/" "Mozilla/5.0 (Windows NT 10.0; Win64; x64) AppleWebKit/537.36 (KHTML, like Gecko) Chrome/118.0.0.0 Safari/537.36"
41.79.97.5 - - [05/Nov/2023:08:28:11 +0000] "PUT /API/api/make_order HTTP/1.1" 200 1485 "https://mplan.ashesi.edu.gh/pos/" "Mozilla/5.0 (Windows NT 10.0; Win64; x64) AppleWebKit/537.36 (KHTML, like Gecko) Chrome/118.0.0.0 Safari/537.36"
216.144.248.27 - - [05/Nov/2023:08:28:19 +0000] "HEAD /subscriber HTTP/1.1" 301 5373 "https://mplan.ashesi.edu.gh/subscriber" "Mozilla/5.0+(compatible; UptimeRobot/2.0; http://www.uptimerobot.com/)"
216.144.248.27 - - [05/Nov/2023:08:28:19 +0000] "HEAD /subscriber/ HTTP/1.1" 200 866 "https://mplan.ashesi.edu.gh/subscriber" "Mozilla/5.0+(compatible; UptimeRobot/2.0; http://www.uptimerobot.com/)"
41.79.97.5 - - [05/Nov/2023:08:28:55 +0000] "GET /API/api/getCurrentBalance/906020285 HTTP/1.1" 200 1037 "https://mplan.ashesi.edu.gh/pos/" "Mozilla/5.0 (Windows NT 10.0; Win64; x64) AppleWebKit/537.36 (KHTML, like Gecko) Chrome/119.0.0.0 Safari/537.36"
41.79.97.5 - - [05/Nov/2023:08:29:06 +0000] "GET /API/api/getCurrentBalance/90602025 HTTP/1.1" 200 1732 "https://mplan.ashesi.edu.gh/pos/" "Mozilla/5.0 (Windows NT 10.0; Win64; x64) AppleWebKit/537.36 (KHTML, like Gecko) Chrome/119.0.0.0 Safari/537.36"
41.79.97.5 - - [05/Nov/2023:08:29:12 +0000] "PUT /API/api/make_order HTTP/1.1" 200 1487 "https://mplan.ashesi.edu.gh/pos/" "Mozilla/5.0 (Windows NT 10.0; Win64; x64) AppleWebKit/537.36 (KHTML, like Gecko) Chrome/119.0.0.0 Safari/537.36"
154.160.7.138 - - [05/Nov/2023:08:26:28 +0000] "GET /API/api/getSalesReport/11 HTTP/1.1" 200 7135 "https://mplan.ashesi.edu.gh/pos/" "Mozilla/5.0 (Windows NT 10.0; Win64; x64) AppleWebKit/537.36 (KHTML, like Gecko) Chrome/119.0.0.0 Safari/537.36"
::1 - - [05/Nov/2023:08:29:42 +0000] "OPTIONS * HTTP/1.0" 200 126 "-" "Apache/2.4.29 (Ubuntu) OpenSSL/1.1.1 (internal dummy connection)"
35.195.93.98 - - [05/Nov/2023:08:29:49 +0000] "GET / HTTP/1.1" 302 255 "-" "python-requests/2.31.0"
179.43.191.162 - - [05/Nov/2023:08:30:37 +0000] "GET /_profiler/phpinfo HTTP/1.1" 404 492 "-" "Mozilla/5.0 (Windows NT 10.0; Win64; x64)"
179.43.191.162 - - [05/Nov/2023:08:30:37 +0000] "GET /.boto HTTP/1.1" 404 491 "-" "Mozilla/5.0 (Windows NT 10.0; Win64; x64)"
179.43.191.162 - - [05/Nov/2023:08:30:37 +0000] "GET /.passwd-s3fs HTTP/1.1" 404 491 "-" "Mozilla/5.0 (Windows NT 10.0; Win64; x64)"
179.43.191.162 - - [05/Nov/2023:08:30:37 +0000] "GET /.s3b_config HTTP/1.1" 404 491 "-" "Mozilla/5.0 (Windows NT 10.0; Win64; x64)"
179.43.191.162 - - [05/Nov/2023:08:30:37 +0000] "GET /.s3backer_passwd HTTP/1.1" 404 491 "-" "Mozilla/5.0 (Windows NT 10.0; Win64; x64)"
179.43.191.162 - - [05/Nov/2023:08:30:37 +0000] "GET /s3proxy.conf HTTP/1.1" 404 491 "-" "Mozilla/5.0 (Windows NT 10.0; Win64; x64)"
179.43.191.162 - - [05/Nov/2023:08:30:37 +0000] "GET /azure.json HTTP/1.1" 404 491 "-" "Mozilla/5.0 (Windows NT 10.0; Win64; x64)"
216.144.248.27 - - [05/Nov/2023:08:30:52 +0000] "HEAD /pos HTTP/1.1" 301 5366 "https://mplan.ashesi.edu.gh/pos" "Mozilla/5.0+(compatible; UptimeRobot/2.0; http://www.uptimerobot.com/)"
216.144.248.27 - - [05/Nov/2023:08:30:52 +0000] "HEAD /pos/ HTTP/1.1" 200 867 "https://mplan.ashesi.edu.gh/pos" "Mozilla/5.0+(compatible; UptimeRobot/2.0; http://www.uptimerobot.com/)"
41.79.97.5 - - [05/Nov/2023:08:31:26 +0000] "OPTIONS /API/api/getCurrentBalance/30512027 HTTP/1.1" 200 5635 "http://104.248.33.13/" "Mozilla/5.0 (Windows NT 10.0; Win64; x64) AppleWebKit/537.36 (KHTML, like Gecko) Chrome/119.0.0.0 Safari/537.36"
41.79.97.5 - - [05/Nov/2023:08:31:26 +0000] "OPTIONS /API/api/getCurrentBalance/30512027 HTTP/1.1" 200 5619 "http://104.248.33.13/" "Mozilla/5.0 (Windows NT 10.0; Win64; x64) AppleWebKit/537.36 (KHTML, like Gecko) Chrome/119.0.0.0 Safari/537.36"
41.79.97.5 - - [05/Nov/2023:08:31:26 +0000] "OPTIONS /API/api/getCurrentBalance/30512027 HTTP/1.1" 200 5635 "http://104.248.33.13/" "Mozilla/5.0 (Windows NT 10.0; Win64; x64) AppleWebKit/537.36 (KHTML, like Gecko) Chrome/119.0.0.0 Safari/537.36"
41.79.97.5 - - [05/Nov/2023:08:31:26 +0000] "GET /API/api/getCurrentBalance/30512027 HTTP/1.1" 200 1734 "http://104.248.33.13/" "Mozilla/5.0 (Windows NT 10.0; Win64; x64) AppleWebKit/537.36 (KHTML, like Gecko) Chrome/119.0.0.0 Safari/537.36"
167.94.146.55 - - [05/Nov/2023:08:31:28 +0000] "GET / HTTP/1.1" 302 5286 "-" "-"
167.94.146.55 - - [05/Nov/2023:08:31:28 +0000] "GET / HTTP/1.1" 302 5286 "-" "Mozilla/5.0 (compatible; CensysInspect/1.1; +https://about.censys.io/)"
41.79.97.5 - - [05/Nov/2023:08:31:28 +0000] "GET /API/api/getCurrentBalance/30512027 HTTP/1.1" 200 1734 "http://104.248.33.13/" "Mozilla/5.0 (Windows NT 10.0; Win64; x64) AppleWebKit/537.36 (KHTML, like Gecko) Chrome/119.0.0.0 Safari/537.36"
