216.144.248.27 - - [05/Nov/2023:09:20:52 +0000] "HEAD /pos/ HTTP/1.1" 200 867 "https://mplan.ashesi.edu.gh/pos" "Mozilla/5.0+(compatible; UptimeRobot/2.0; http://www.uptimerobot.com/)"
41.79.97.5 - - [05/Nov/2023:09:20:52 +0000] "PUT /API/api/make_order HTTP/1.1" 200 1484 "https://mplan.ashesi.edu.gh/pos/" "Mozilla/5.0 (Windows NT 10.0; Win64; x64) AppleWebKit/537.36 (KHTML, like Gecko) Chrome/119.0.0.0 Safari/537.36"
41.79.97.5 - - [05/Nov/2023:09:21:23 +0000] "GET /API/api/getCurrentBalance/87922025 HTTP/1.1" 200 6314 "https://mplan.ashesi.edu.gh/pos/" "Mozilla/5.0 (Windows NT 10.0; Win64; x64) AppleWebKit/537.36 (KHTML, like Gecko) Chrome/118.0.0.0 Safari/537.36"
41.79.97.5 - - [05/Nov/2023:09:21:35 +0000] "PUT /API/api/make_order HTTP/1.1" 200 1500 "https://mplan.ashesi.edu.gh/pos/" "Mozilla/5.0 (Windows NT 10.0; Win64; x64) AppleWebKit/537.36 (KHTML, like Gecko) Chrome/118.0.0.0 Safari/537.36"
41.79.97.5 - - [05/Nov/2023:09:22:00 +0000] "GET /API/api/getCurrentBalance/aue00253 HTTP/1.1" 200 1774 "https://mplan.ashesi.edu.gh/pos/" "Mozilla/5.0 (Windows NT 10.0; Win64; x64) AppleWebKit/537.36 (KHTML, like Gecko) Chrome/118.0.0.0 Safari/537.36"
216.144.248.27 - - [05/Nov/2023:09:22:06 +0000] "HEAD /vendor/public/admin HTTP/1.1" 302 6083 "https://mplan.ashesi.edu.gh/vendor/public/admin" "Mozilla/5.0+(compatible; UptimeRobot/2.0; http://www.uptimerobot.com/)"
216.144.248.27 - - [05/Nov/2023:09:22:07 +0000] "HEAD /vendor/public/admin/login HTTP/1.1" 200 1430 "https://mplan.ashesi.edu.gh/vendor/public/admin" "Mozilla/5.0+(compatible; UptimeRobot/2.0; http://www.uptimerobot.com/)"
41.79.97.5 - - [05/Nov/2023:09:22:08 +0000] "PUT /API/api/make_order HTTP/1.1" 200 1501 "https://mplan.ashesi.edu.gh/pos/" "Mozilla/5.0 (Windows NT 10.0; Win64; x64) AppleWebKit/537.36 (KHTML, like Gecko) Chrome/118.0.0.0 Safari/537.36"
216.144.248.27 - - [05/Nov/2023:09:22:30 +0000] "HEAD /admin HTTP/1.1" 301 5368 "https://mplan.ashesi.edu.gh/admin" "Mozilla/5.0+(compatible; UptimeRobot/2.0; http://www.uptimerobot.com/)"
216.144.248.27 - - [05/Nov/2023:09:22:30 +0000] "HEAD /admin/ HTTP/1.1" 302 1552 "https://mplan.ashesi.edu.gh/admin" "Mozilla/5.0+(compatible; UptimeRobot/2.0; http://www.uptimerobot.com/)"
216.144.248.27 - - [05/Nov/2023:09:22:31 +0000] "HEAD /admin/admin/login HTTP/1.1" 200 1490 "https://mplan.ashesi.edu.gh/admin" "Mozilla/5.0+(compatible; UptimeRobot/2.0; http://www.uptimerobot.com/)"
216.144.248.27 - - [05/Nov/2023:09:23:19 +0000] "HEAD /subscriber HTTP/1.1" 301 5373 "https://mplan.ashesi.edu.gh/subscriber" "Mozilla/5.0+(compatible; UptimeRobot/2.0; http://www.uptimerobot.com/)"
216.144.248.27 - - [05/Nov/2023:09:23:19 +0000] "HEAD /subscriber/ HTTP/1.1" 200 866 "https://mplan.ashesi.edu.gh/subscriber" "Mozilla/5.0+(compatible; UptimeRobot/2.0; http://www.uptimerobot.com/)"
41.79.97.5 - - [05/Nov/2023:09:24:50 +0000] "GET /API/api/getCurrentBalance/63262025 HTTP/1.1" 200 6327 "https://mplan.ashesi.edu.gh/pos/" "Mozilla/5.0 (Windows NT 10.0; Win64; x64) AppleWebKit/537.36 (KHTML, like Gecko) Chrome/119.0.0.0 Safari/537.36"
41.79.97.5 - - [05/Nov/2023:09:24:59 +0000] "PUT /API/api/make_order HTTP/1.1" 200 1487 "https://mplan.ashesi.edu.gh/pos/" "Mozilla/5.0 (Windows NT 10.0; Win64; x64) AppleWebKit/537.36 (KHTML, like Gecko) Chrome/119.0.0.0 Safari/537.36"
41.79.97.5 - - [05/Nov/2023:09:25:32 +0000] "GET /API/api/getCurrentBalance/68302026 HTTP/1.1" 200 6321 "https://mplan.ashesi.edu.gh/pos/" "Mozilla/5.0 (Windows NT 10.0; Win64; x64) AppleWebKit/537.36 (KHTML, like Gecko) Chrome/119.0.0.0 Safari/537.36"
41.79.97.5 - - [05/Nov/2023:09:25:39 +0000] "PUT /API/api/make_order HTTP/1.1" 200 1501 "https://mplan.ashesi.edu.gh/pos/" "Mozilla/5.0 (Windows NT 10.0; Win64; x64) AppleWebKit/537.36 (KHTML, like Gecko) Chrome/119.0.0.0 Safari/537.36"
216.144.248.27 - - [05/Nov/2023:09:25:52 +0000] "HEAD /pos HTTP/1.1" 301 5366 "https://mplan.ashesi.edu.gh/pos" "Mozilla/5.0+(compatible; UptimeRobot/2.0; http://www.uptimerobot.com/)"
216.144.248.27 - - [05/Nov/2023:09:25:52 +0000] "HEAD /pos/ HTTP/1.1" 200 867 "https://mplan.ashesi.edu.gh/pos" "Mozilla/5.0+(compatible; UptimeRobot/2.0; http://www.uptimerobot.com/)"
41.79.97.5 - - [05/Nov/2023:09:26:18 +0000] "GET /API/api/getCurrentBalance/78132026 HTTP/1.1" 200 1727 "https://mplan.ashesi.edu.gh/pos/" "Mozilla/5.0 (Windows NT 10.0; Win64; x64) AppleWebKit/537.36 (KHTML, like Gecko) Chrome/118.0.0.0 Safari/537.36"
41.79.97.5 - - [05/Nov/2023:09:26:27 +0000] "PUT /API/api/make_order HTTP/1.1" 200 1502 "https://mplan.ashesi.edu.gh/pos/" "Mozilla/5.0 (Windows NT 10.0; Win64; x64) AppleWebKit/537.36 (KHTML, like Gecko) Chrome/118.0.0.0 Safari/537.36"
216.144.248.27 - - [05/Nov/2023:09:27:06 +0000] "HEAD /vendor/public/admin HTTP/1.1" 302 6083 "https://mplan.ashesi.edu.gh/vendor/public/admin" "Mozilla/5.0+(compatible; UptimeRobot/2.0; http://www.uptimerobot.com/)"
216.144.248.27 - - [05/Nov/2023:09:27:07 +0000] "HEAD /vendor/public/admin/login HTTP/1.1" 200 1432 "https://mplan.ashesi.edu.gh/vendor/public/admin" "Mozilla/5.0+(compatible; UptimeRobot/2.0; http://www.uptimerobot.com/)"
216.144.248.27 - - [05/Nov/2023:09:27:30 +0000] "HEAD /admin HTTP/1.1" 301 5368 "https://mplan.ashesi.edu.gh/admin" "Mozilla/5.0+(compatible; UptimeRobot/2.0; http://www.uptimerobot.com/)"
216.144.248.27 - - [05/Nov/2023:09:27:30 +0000] "HEAD /admin/ HTTP/1.1" 302 1552 "https://mplan.ashesi.edu.gh/admin" "Mozilla/5.0+(compatible; UptimeRobot/2.0; http://www.uptimerobot.com/)"
216.144.248.27 - - [05/Nov/2023:09:27:31 +0000] "HEAD /admin/admin/login HTTP/1.1" 200 1496 "https://mplan.ashesi.edu.gh/admin" "Mozilla/5.0+(compatible; UptimeRobot/2.0; http://www.uptimerobot.com/)"
216.144.248.27 - - [05/Nov/2023:09:28:19 +0000] "HEAD /subscriber HTTP/1.1" 301 5373 "https://mplan.ashesi.edu.gh/subscriber" "Mozilla/5.0+(compatible; UptimeRobot/2.0; http://www.uptimerobot.com/)"
216.144.248.27 - - [05/Nov/2023:09:28:19 +0000] "HEAD /subscriber/ HTTP/1.1" 200 866 "https://mplan.ashesi.edu.gh/subscriber" "Mozilla/5.0+(compatible; UptimeRobot/2.0; http://www.uptimerobot.com/)"
41.79.97.5 - - [05/Nov/2023:09:30:37 +0000] "GET /API/api/getCurrentBalance/83752026 HTTP/1.1" 200 6332 "https://mplan.ashesi.edu.gh/pos/" "Mozilla/5.0 (Windows NT 10.0; Win64; x64) AppleWebKit/537.36 (KHTML, like Gecko) Chrome/119.0.0.0 Safari/537.36"
41.79.97.5 - - [05/Nov/2023:09:30:48 +0000] "GET /API/api/getCurrentBalance/83752026 HTTP/1.1" 200 1727 "https://mplan.ashesi.edu.gh/pos/" "Mozilla/5.0 (Windows NT 10.0; Win64; x64) AppleWebKit/537.36 (KHTML, like Gecko) Chrome/119.0.0.0 Safari/537.36"
216.144.248.27 - - [05/Nov/2023:09:30:52 +0000] "HEAD /pos HTTP/1.1" 301 5366 "https://mplan.ashesi.edu.gh/pos" "Mozilla/5.0+(compatible; UptimeRobot/2.0; http://www.uptimerobot.com/)"
216.144.248.27 - - [05/Nov/2023:09:30:52 +0000] "HEAD /pos/ HTTP/1.1" 200 867 "https://mplan.ashesi.edu.gh/pos" "Mozilla/5.0+(compatible; UptimeRobot/2.0; http://www.uptimerobot.com/)"
41.79.97.5 - - [05/Nov/2023:09:31:24 +0000] "GET /API/api/getCurrentBalance/83752026 HTTP/1.1" 200 1711 "https://mplan.ashesi.edu.gh/pos/" "Mozilla/5.0 (Windows NT 10.0; Win64; x64) AppleWebKit/537.36 (KHTML, like Gecko) Chrome/119.0.0.0 Safari/537.36"
41.79.97.5 - - [05/Nov/2023:09:31:24 +0000] "PUT /API/api/make_order HTTP/1.1" 200 1488 "https://mplan.ashesi.edu.gh/pos/" "Mozilla/5.0 (Windows NT 10.0; Win64; x64) AppleWebKit/537.36 (KHTML, like Gecko) Chrome/119.0.0.0 Safari/537.36"
216.144.248.27 - - [05/Nov/2023:09:32:06 +0000] "HEAD /vendor/public/admin HTTP/1.1" 302 6085 "https://mplan.ashesi.edu.gh/vendor/public/admin" "Mozilla/5.0+(compatible; UptimeRobot/2.0; http://www.uptimerobot.com/)"
216.144.248.27 - - [05/Nov/2023:09:32:06 +0000] "HEAD /vendor/public/admin/login HTTP/1.1" 200 1426 "https://mplan.ashesi.edu.gh/vendor/public/admin" "Mozilla/5.0+(compatible; UptimeRobot/2.0; http://www.uptimerobot.com/)"
216.144.248.27 - - [05/Nov/2023:09:32:30 +0000] "HEAD /admin HTTP/1.1" 301 5368 "https://mplan.ashesi.edu.gh/admin" "Mozilla/5.0+(compatible; UptimeRobot/2.0; http://www.uptimerobot.com/)"
216.144.248.27 - - [05/Nov/2023:09:32:30 +0000] "HEAD /admin/ HTTP/1.1" 302 1552 "https://mplan.ashesi.edu.gh/admin" "Mozilla/5.0+(compatible; UptimeRobot/2.0; http://www.uptimerobot.com/)"
216.144.248.27 - - [05/Nov/2023:09:32:31 +0000] "HEAD /admin/admin/login HTTP/1.1" 200 1488 "https://mplan.ashesi.edu.gh/admin" "Mozilla/5.0+(compatible; UptimeRobot/2.0; http://www.uptimerobot.com/)"
41.79.97.5 - - [05/Nov/2023:09:32:53 +0000] "GET /API/api/getCurrentBalance/30362027 HTTP/1.1" 200 1774 "https://mplan.ashesi.edu.gh/pos/" "Mozilla/5.0 (Windows NT 10.0; Win64; x64) AppleWebKit/537.36 (KHTML, like Gecko) Chrome/119.0.0.0 Safari/537.36"
41.79.97.5 - - [05/Nov/2023:09:33:01 +0000] "PUT /API/api/make_order HTTP/1.1" 200 1507 "https://mplan.ashesi.edu.gh/pos/" "Mozilla/5.0 (Windows NT 10.0; Win64; x64) AppleWebKit/537.36 (KHTML, like Gecko) Chrome/119.0.0.0 Safari/537.36"
216.144.248.27 - - [05/Nov/2023:09:33:19 +0000] "HEAD /subscriber HTTP/1.1" 301 5373 "https://mplan.ashesi.edu.gh/subscriber" "Mozilla/5.0+(compatible; UptimeRobot/2.0; http://www.uptimerobot.com/)"
216.144.248.27 - - [05/Nov/2023:09:33:19 +0000] "HEAD /subscriber/ HTTP/1.1" 200 866 "https://mplan.ashesi.edu.gh/subscriber" "Mozilla/5.0+(compatible; UptimeRobot/2.0; http://www.uptimerobot.com/)"
94.142.138.104 - - [05/Nov/2023:09:34:04 +0000] "GET /+CSCOE+/logon.html HTTP/1.1" 404 5543 "-" "Go-http-client/1.1"
94.142.138.104 - - [05/Nov/2023:09:34:20 +0000] "GET /global-protect/login.esp HTTP/1.1" 404 5543 "-" "Go-http-client/1.1"
216.144.248.27 - - [05/Nov/2023:09:35:52 +0000] "HEAD /pos HTTP/1.1" 301 5366 "https://mplan.ashesi.edu.gh/pos" "Mozilla/5.0+(compatible; UptimeRobot/2.0; http://www.uptimerobot.com/)"
216.144.248.27 - - [05/Nov/2023:09:35:52 +0000] "HEAD /pos/ HTTP/1.1" 200 867 "https://mplan.ashesi.edu.gh/pos" "Mozilla/5.0+(compatible; UptimeRobot/2.0; http://www.uptimerobot.com/)"
41.79.97.5 - - [05/Nov/2023:09:36:37 +0000] "GET / HTTP/1.1" 302 5457 "-" "Mozilla/5.0 (Macintosh; Intel Mac OS X 10_15_7) AppleWebKit/605.1.15 (KHTML, like Gecko) Version/17.2 Safari/605.1.15"
41.79.97.5 - - [05/Nov/2023:09:36:37 +0000] "GET /subscriber HTTP/1.1" 301 630 "-" "Mozilla/5.0 (Macintosh; Intel Mac OS X 10_15_7) AppleWebKit/605.1.15 (KHTML, like Gecko) Version/17.2 Safari/605.1.15"
41.79.97.5 - - [05/Nov/2023:09:36:38 +0000] "GET /subscriber/ HTTP/1.1" 200 753 "-" "Mozilla/5.0 (Macintosh; Intel Mac OS X 10_15_7) AppleWebKit/605.1.15 (KHTML, like Gecko) Version/17.2 Safari/605.1.15"
41.79.97.5 - - [05/Nov/2023:09:36:38 +0000] "GET /subscriber/assets/index-919520b5.css HTTP/1.1" 200 6623 "https://mplan.ashesi.edu.gh/subscriber/" "Mozilla/5.0 (Macintosh; Intel Mac OS X 10_15_7) AppleWebKit/605.1.15 (KHTML, like Gecko) Version/17.2 Safari/605.1.15"
41.79.97.5 - - [05/Nov/2023:09:36:38 +0000] "GET /subscriber/assets/index-e7c9cb4e.js HTTP/1.1" 200 187467 "https://mplan.ashesi.edu.gh/subscriber/" "Mozilla/5.0 (Macintosh; Intel Mac OS X 10_15_7) AppleWebKit/605.1.15 (KHTML, like Gecko) Version/17.2 Safari/605.1.15"
41.79.97.5 - - [05/Nov/2023:09:36:40 +0000] "GET /subscriber/vite.svg HTTP/1.1" 304 202 "https://mplan.ashesi.edu.gh/subscriber/" "Mozilla/5.0 (Macintosh; Intel Mac OS X 10_15_7) AppleWebKit/605.1.15 (KHTML, like Gecko) Version/17.2 Safari/605.1.15"
41.79.97.5 - - [05/Nov/2023:09:36:39 +0000] "GET /subscriber/assets/headerimg-5519f95f.png HTTP/1.1" 200 1760353 "https://mplan.ashesi.edu.gh/subscriber/" "Mozilla/5.0 (Macintosh; Intel Mac OS X 10_15_7) AppleWebKit/605.1.15 (KHTML, like Gecko) Version/17.2 Safari/605.1.15"
41.79.97.5 - - [05/Nov/2023:09:36:44 +0000] "GET /API/api/getCurrentBalance/aue00163 HTTP/1.1" 200 1735 "https://mplan.ashesi.edu.gh/pos/" "Mozilla/5.0 (Windows NT 10.0; Win64; x64) AppleWebKit/537.36 (KHTML, like Gecko) Chrome/119.0.0.0 Safari/537.36"
41.79.97.5 - - [05/Nov/2023:09:36:52 +0000] "PUT /API/api/make_order HTTP/1.1" 200 1501 "https://mplan.ashesi.edu.gh/pos/" "Mozilla/5.0 (Windows NT 10.0; Win64; x64) AppleWebKit/537.36 (KHTML, like Gecko) Chrome/119.0.0.0 Safari/537.36"
216.144.248.27 - - [05/Nov/2023:09:37:06 +0000] "HEAD /vendor/public/admin HTTP/1.1" 302 6079 "https://mplan.ashesi.edu.gh/vendor/public/admin" "Mozilla/5.0+(compatible; UptimeRobot/2.0; http://www.uptimerobot.com/)"
216.144.248.27 - - [05/Nov/2023:09:37:07 +0000] "HEAD /vendor/public/admin/login HTTP/1.1" 200 1426 "https://mplan.ashesi.edu.gh/vendor/public/admin" "Mozilla/5.0+(compatible; UptimeRobot/2.0; http://www.uptimerobot.com/)"
216.144.248.27 - - [05/Nov/2023:09:37:30 +0000] "HEAD /admin HTTP/1.1" 301 5368 "https://mplan.ashesi.edu.gh/admin" "Mozilla/5.0+(compatible; UptimeRobot/2.0; http://www.uptimerobot.com/)"
216.144.248.27 - - [05/Nov/2023:09:37:30 +0000] "HEAD /admin/ HTTP/1.1" 302 1550 "https://mplan.ashesi.edu.gh/admin" "Mozilla/5.0+(compatible; UptimeRobot/2.0; http://www.uptimerobot.com/)"
216.144.248.27 - - [05/Nov/2023:09:37:31 +0000] "HEAD /admin/admin/login HTTP/1.1" 200 1488 "https://mplan.ashesi.edu.gh/admin" "Mozilla/5.0+(compatible; UptimeRobot/2.0; http://www.uptimerobot.com/)"
216.144.248.27 - - [05/Nov/2023:09:38:19 +0000] "HEAD /subscriber HTTP/1.1" 301 5373 "https://mplan.ashesi.edu.gh/subscriber" "Mozilla/5.0+(compatible; UptimeRobot/2.0; http://www.uptimerobot.com/)"
216.144.248.27 - - [05/Nov/2023:09:38:19 +0000] "HEAD /subscriber/ HTTP/1.1" 200 866 "https://mplan.ashesi.edu.gh/subscriber" "Mozilla/5.0+(compatible; UptimeRobot/2.0; http://www.uptimerobot.com/)"
41.79.97.5 - - [05/Nov/2023:09:38:54 +0000] "GET /API/api/getCurrentBalance/62792026 HTTP/1.1" 200 6327 "https://mplan.ashesi.edu.gh/pos/" "Mozilla/5.0 (Windows NT 10.0; Win64; x64) AppleWebKit/537.36 (KHTML, like Gecko) Chrome/119.0.0.0 Safari/537.36"
41.79.97.5 - - [05/Nov/2023:09:38:59 +0000] "PUT /API/api/make_order HTTP/1.1" 500 57831 "https://mplan.ashesi.edu.gh/pos/" "Mozilla/5.0 (Windows NT 10.0; Win64; x64) AppleWebKit/537.36 (KHTML, like Gecko) Chrome/119.0.0.0 Safari/537.36"
41.79.97.5 - - [05/Nov/2023:09:38:59 +0000] "PUT /API/api/make_order HTTP/1.1" 500 57831 "https://mplan.ashesi.edu.gh/pos/" "Mozilla/5.0 (Windows NT 10.0; Win64; x64) AppleWebKit/537.36 (KHTML, like Gecko) Chrome/119.0.0.0 Safari/537.36"
41.79.97.5 - - [05/Nov/2023:09:38:59 +0000] "PUT /API/api/make_order HTTP/1.1" 500 57847 "https://mplan.ashesi.edu.gh/pos/" "Mozilla/5.0 (Windows NT 10.0; Win64; x64) AppleWebKit/537.36 (KHTML, like Gecko) Chrome/119.0.0.0 Safari/537.36"
41.79.97.5 - - [05/Nov/2023:09:38:58 +0000] "PUT /API/api/make_order HTTP/1.1" 200 1500 "https://mplan.ashesi.edu.gh/pos/" "Mozilla/5.0 (Windows NT 10.0; Win64; x64) AppleWebKit/537.36 (KHTML, like Gecko) Chrome/119.0.0.0 Safari/537.36"
41.79.97.5 - - [05/Nov/2023:09:39:00 +0000] "PUT /API/api/make_order HTTP/1.1" 500 57831 "https://mplan.ashesi.edu.gh/pos/" "Mozilla/5.0 (Windows NT 10.0; Win64; x64) AppleWebKit/537.36 (KHTML, like Gecko) Chrome/119.0.0.0 Safari/537.36"
41.79.97.5 - - [05/Nov/2023:09:39:00 +0000] "PUT /API/api/make_order HTTP/1.1" 500 57847 "https://mplan.ashesi.edu.gh/pos/" "Mozilla/5.0 (Windows NT 10.0; Win64; x64) AppleWebKit/537.36 (KHTML, like Gecko) Chrome/119.0.0.0 Safari/537.36"
41.79.97.5 - - [05/Nov/2023:09:39:00 +0000] "PUT /API/api/make_order HTTP/1.1" 500 57847 "https://mplan.ashesi.edu.gh/pos/" "Mozilla/5.0 (Windows NT 10.0; Win64; x64) AppleWebKit/537.36 (KHTML, like Gecko) Chrome/119.0.0.0 Safari/537.36"
41.79.97.5 - - [05/Nov/2023:09:39:00 +0000] "PUT /API/api/make_order HTTP/1.1" 500 57831 "https://mplan.ashesi.edu.gh/pos/" "Mozilla/5.0 (Windows NT 10.0; Win64; x64) AppleWebKit/537.36 (KHTML, like Gecko) Chrome/119.0.0.0 Safari/537.36"
34.140.248.32 - - [05/Nov/2023:09:40:10 +0000] "GET / HTTP/1.1" 302 255 "-" "python-requests/2.31.0"
41.79.97.5 - - [05/Nov/2023:09:40:25 +0000] "GET /API/api/getCurrentBalance/21952026 HTTP/1.1" 200 6322 "https://mplan.ashesi.edu.gh/pos/" "Mozilla/5.0 (Windows NT 10.0; Win64; x64) AppleWebKit/537.36 (KHTML, like Gecko) Chrome/119.0.0.0 Safari/537.36"
41.79.97.5 - - [05/Nov/2023:09:40:35 +0000] "PUT /API/api/make_order HTTP/1.1" 200 1483 "https://mplan.ashesi.edu.gh/pos/" "Mozilla/5.0 (Windows NT 10.0; Win64; x64) AppleWebKit/537.36 (KHTML, like Gecko) Chrome/119.0.0.0 Safari/537.36"
216.144.248.27 - - [05/Nov/2023:09:40:52 +0000] "HEAD /pos HTTP/1.1" 301 5366 "https://mplan.ashesi.edu.gh/pos" "Mozilla/5.0+(compatible; UptimeRobot/2.0; http://www.uptimerobot.com/)"
216.144.248.27 - - [05/Nov/2023:09:40:52 +0000] "HEAD /pos/ HTTP/1.1" 200 867 "https://mplan.ashesi.edu.gh/pos" "Mozilla/5.0+(compatible; UptimeRobot/2.0; http://www.uptimerobot.com/)"
216.144.248.27 - - [05/Nov/2023:09:42:06 +0000] "HEAD /vendor/public/admin HTTP/1.1" 302 6087 "https://mplan.ashesi.edu.gh/vendor/public/admin" "Mozilla/5.0+(compatible; UptimeRobot/2.0; http://www.uptimerobot.com/)"
216.144.248.27 - - [05/Nov/2023:09:42:06 +0000] "HEAD /vendor/public/admin/login HTTP/1.1" 200 1426 "https://mplan.ashesi.edu.gh/vendor/public/admin" "Mozilla/5.0+(compatible; UptimeRobot/2.0; http://www.uptimerobot.com/)"
216.144.248.27 - - [05/Nov/2023:09:42:30 +0000] "HEAD /admin HTTP/1.1" 301 5368 "https://mplan.ashesi.edu.gh/admin" "Mozilla/5.0+(compatible; UptimeRobot/2.0; http://www.uptimerobot.com/)"
216.144.248.27 - - [05/Nov/2023:09:42:30 +0000] "HEAD /admin/ HTTP/1.1" 302 1554 "https://mplan.ashesi.edu.gh/admin" "Mozilla/5.0+(compatible; UptimeRobot/2.0; http://www.uptimerobot.com/)"
216.144.248.27 - - [05/Nov/2023:09:42:31 +0000] "HEAD /admin/admin/login HTTP/1.1" 200 1488 "https://mplan.ashesi.edu.gh/admin" "Mozilla/5.0+(compatible; UptimeRobot/2.0; http://www.uptimerobot.com/)"
41.79.97.5 - - [05/Nov/2023:09:43:14 +0000] "GET /API/api/getCurrentBalance/99952026 HTTP/1.1" 200 1734 "https://mplan.ashesi.edu.gh/pos/" "Mozilla/5.0 (Windows NT 10.0; Win64; x64) AppleWebKit/537.36 (KHTML, like Gecko) Chrome/119.0.0.0 Safari/537.36"
41.79.97.5 - - [05/Nov/2023:09:43:15 +0000] "GET /API/api/getCurrentBalance/99952026 HTTP/1.1" 200 1734 "https://mplan.ashesi.edu.gh/pos/" "Mozilla/5.0 (Windows NT 10.0; Win64; x64) AppleWebKit/537.36 (KHTML, like Gecko) Chrome/119.0.0.0 Safari/537.36"
216.144.248.27 - - [05/Nov/2023:09:43:19 +0000] "HEAD /subscriber HTTP/1.1" 301 5373 "https://mplan.ashesi.edu.gh/subscriber" "Mozilla/5.0+(compatible; UptimeRobot/2.0; http://www.uptimerobot.com/)"
216.144.248.27 - - [05/Nov/2023:09:43:19 +0000] "HEAD /subscriber/ HTTP/1.1" 200 866 "https://mplan.ashesi.edu.gh/subscriber" "Mozilla/5.0+(compatible; UptimeRobot/2.0; http://www.uptimerobot.com/)"
41.79.97.5 - - [05/Nov/2023:09:43:19 +0000] "PUT /API/api/make_order HTTP/1.1" 200 1484 "https://mplan.ashesi.edu.gh/pos/" "Mozilla/5.0 (Windows NT 10.0; Win64; x64) AppleWebKit/537.36 (KHTML, like Gecko) Chrome/119.0.0.0 Safari/537.36"
154.160.17.31 - - [05/Nov/2023:09:43:58 +0000] "-" 408 5164 "-" "-"
154.160.17.31 - - [05/Nov/2023:09:43:58 +0000] "-" 408 5180 "-" "-"
89.190.156.174 - - [05/Nov/2023:09:45:20 +0000] "GET /cgi/conf.bin HTTP/1.1" 404 492 "http://104.248.33.13:80/mainFrame.htm" "Mozilla/5.0 (Windows NT 6.0) AppleWebKit/537.11 (KHTML, like Gecko) Chrome/23.0.1271.97 Safari/537.11"
41.79.97.5 - - [05/Nov/2023:09:45:52 +0000] "-" 408 5180 "-" "-"
216.144.248.27 - - [05/Nov/2023:09:45:52 +0000] "HEAD /pos HTTP/1.1" 301 5366 "https://mplan.ashesi.edu.gh/pos" "Mozilla/5.0+(compatible; UptimeRobot/2.0; http://www.uptimerobot.com/)"
216.144.248.27 - - [05/Nov/2023:09:45:52 +0000] "HEAD /pos/ HTTP/1.1" 200 867 "https://mplan.ashesi.edu.gh/pos" "Mozilla/5.0+(compatible; UptimeRobot/2.0; http://www.uptimerobot.com/)"
41.79.97.5 - - [05/Nov/2023:09:46:15 +0000] "GET /API/api/getCurrentBalance/85922025 HTTP/1.1" 200 6334 "https://mplan.ashesi.edu.gh/pos/" "Mozilla/5.0 (Windows NT 10.0; Win64; x64) AppleWebKit/537.36 (KHTML, like Gecko) Chrome/119.0.0.0 Safari/537.36"
41.79.97.5 - - [05/Nov/2023:09:46:26 +0000] "PUT /API/api/make_order HTTP/1.1" 200 1489 "https://mplan.ashesi.edu.gh/pos/" "Mozilla/5.0 (Windows NT 10.0; Win64; x64) AppleWebKit/537.36 (KHTML, like Gecko) Chrome/119.0.0.0 Safari/537.36"
41.79.97.5 - - [05/Nov/2023:09:46:39 +0000] "GET /API/api/getCurrentBalance/83092025 HTTP/1.1" 200 1745 "https://mplan.ashesi.edu.gh/pos/" "Mozilla/5.0 (Windows NT 10.0; Win64; x64) AppleWebKit/537.36 (KHTML, like Gecko) Chrome/119.0.0.0 Safari/537.36"
172.104.11.51 - - [05/Nov/2023:09:46:44 +0000] "\x16\x03\x01" 400 493 "-" "-"
41.79.97.5 - - [05/Nov/2023:09:46:46 +0000] "PUT /API/api/make_order HTTP/1.1" 200 1499 "https://mplan.ashesi.edu.gh/pos/" "Mozilla/5.0 (Windows NT 10.0; Win64; x64) AppleWebKit/537.36 (KHTML, like Gecko) Chrome/119.0.0.0 Safari/537.36"
41.79.97.5 - - [05/Nov/2023:09:46:56 +0000] "GET /API/api/getCurrentBalance/95712026 HTTP/1.1" 200 1748 "https://mplan.ashesi.edu.gh/pos/" "Mozilla/5.0 (Windows NT 10.0; Win64; x64) AppleWebKit/537.36 (KHTML, like Gecko) Chrome/119.0.0.0 Safari/537.36"
41.79.97.5 - - [05/Nov/2023:09:46:57 +0000] "GET /API/api/get_orders_not_deliveries/6 HTTP/1.1" 200 1006 "https://mplan.ashesi.edu.gh/pos/" "Mozilla/5.0 (Windows NT 10.0; Win64; x64) AppleWebKit/537.36 (KHTML, like Gecko) Chrome/119.0.0.0 Safari/537.36"
41.79.97.5 - - [05/Nov/2023:09:47:03 +0000] "PUT /API/api/make_order HTTP/1.1" 200 1487 "https://mplan.ashesi.edu.gh/pos/" "Mozilla/5.0 (Windows NT 10.0; Win64; x64) AppleWebKit/537.36 (KHTML, like Gecko) Chrome/119.0.0.0 Safari/537.36"
216.144.248.27 - - [05/Nov/2023:09:47:06 +0000] "HEAD /vendor/public/admin HTTP/1.1" 302 6081 "https://mplan.ashesi.edu.gh/vendor/public/admin" "Mozilla/5.0+(compatible; UptimeRobot/2.0; http://www.uptimerobot.com/)"
216.144.248.27 - - [05/Nov/2023:09:47:06 +0000] "HEAD /vendor/public/admin/login HTTP/1.1" 200 1424 "https://mplan.ashesi.edu.gh/vendor/public/admin" "Mozilla/5.0+(compatible; UptimeRobot/2.0; http://www.uptimerobot.com/)"
41.79.97.5 - - [05/Nov/2023:09:47:07 +0000] "GET /API/api/getCurrentBalance/80062026 HTTP/1.1" 200 1785 "https://mplan.ashesi.edu.gh/pos/" "Mozilla/5.0 (Windows NT 10.0; Win64; x64) AppleWebKit/537.36 (KHTML, like Gecko) Chrome/119.0.0.0 Safari/537.36"
41.79.97.5 - - [05/Nov/2023:09:47:09 +0000] "GET /API/api/getCurrentBalance/80062026 HTTP/1.1" 200 1785 "https://mplan.ashesi.edu.gh/pos/" "Mozilla/5.0 (Windows NT 10.0; Win64; x64) AppleWebKit/537.36 (KHTML, like Gecko) Chrome/119.0.0.0 Safari/537.36"
41.79.97.5 - - [05/Nov/2023:09:47:17 +0000] "PUT /API/api/make_order HTTP/1.1" 200 1486 "https://mplan.ashesi.edu.gh/pos/" "Mozilla/5.0 (Windows NT 10.0; Win64; x64) AppleWebKit/537.36 (KHTML, like Gecko) Chrome/119.0.0.0 Safari/537.36"
41.79.97.5 - - [05/Nov/2023:09:47:27 +0000] "GET /API/api/getCurrentBalance/49682026 HTTP/1.1" 200 6332 "https://mplan.ashesi.edu.gh/pos/" "Mozilla/5.0 (Windows NT 10.0; Win64; x64) AppleWebKit/537.36 (KHTML, like Gecko) Chrome/118.0.0.0 Safari/537.36"
216.144.248.27 - - [05/Nov/2023:09:47:30 +0000] "HEAD /admin HTTP/1.1" 301 5368 "https://mplan.ashesi.edu.gh/admin" "Mozilla/5.0+(compatible; UptimeRobot/2.0; http://www.uptimerobot.com/)"
216.144.248.27 - - [05/Nov/2023:09:47:30 +0000] "HEAD /admin/ HTTP/1.1" 302 1556 "https://mplan.ashesi.edu.gh/admin" "Mozilla/5.0+(compatible; UptimeRobot/2.0; http://www.uptimerobot.com/)"
216.144.248.27 - - [05/Nov/2023:09:47:31 +0000] "HEAD /admin/admin/login HTTP/1.1" 200 1490 "https://mplan.ashesi.edu.gh/admin" "Mozilla/5.0+(compatible; UptimeRobot/2.0; http://www.uptimerobot.com/)"
41.79.97.5 - - [05/Nov/2023:09:47:39 +0000] "PUT /API/api/make_order HTTP/1.1" 200 1507 "https://mplan.ashesi.edu.gh/pos/" "Mozilla/5.0 (Windows NT 10.0; Win64; x64) AppleWebKit/537.36 (KHTML, like Gecko) Chrome/118.0.0.0 Safari/537.36"
41.79.97.5 - - [05/Nov/2023:09:47:53 +0000] "GET /API/api/getCurrentBalance/55112026 HTTP/1.1" 200 1731 "https://mplan.ashesi.edu.gh/pos/" "Mozilla/5.0 (Windows NT 10.0; Win64; x64) AppleWebKit/537.36 (KHTML, like Gecko) Chrome/119.0.0.0 Safari/537.36"
41.79.97.5 - - [05/Nov/2023:09:48:01 +0000] "GET /API/api/getCurrentBalance/49682026 HTTP/1.1" 200 1729 "https://mplan.ashesi.edu.gh/pos/" "Mozilla/5.0 (Windows NT 10.0; Win64; x64) AppleWebKit/537.36 (KHTML, like Gecko) Chrome/118.0.0.0 Safari/537.36"
41.79.97.5 - - [05/Nov/2023:09:48:04 +0000] "GET /subscriber/assets/index-919520b5.css HTTP/1.1" 200 6623 "https://mplan.ashesi.edu.gh/subscriber/" "Mozilla/5.0 (Windows NT 10.0; Win64; x64) AppleWebKit/537.36 (KHTML, like Gecko) Chrome/119.0.0.0 Safari/537.36"
41.79.97.5 - - [05/Nov/2023:09:48:04 +0000] "GET /subscriber/assets/index-e7c9cb4e.js HTTP/1.1" 200 192648 "https://mplan.ashesi.edu.gh/subscriber/" "Mozilla/5.0 (Windows NT 10.0; Win64; x64) AppleWebKit/537.36 (KHTML, like Gecko) Chrome/119.0.0.0 Safari/537.36"
41.79.97.5 - - [05/Nov/2023:09:48:05 +0000] "GET /subscriber/vite.svg HTTP/1.1" 200 2384 "https://mplan.ashesi.edu.gh/subscriber/" "Mozilla/5.0 (Windows NT 10.0; Win64; x64) AppleWebKit/537.36 (KHTML, like Gecko) Chrome/119.0.0.0 Safari/537.36"
41.79.97.5 - - [05/Nov/2023:09:48:05 +0000] "GET /subscriber/assets/headerimg-5519f95f.png HTTP/1.1" 304 205 "https://mplan.ashesi.edu.gh/subscriber/assets/index-919520b5.css" "Mozilla/5.0 (Windows NT 10.0; Win64; x64) AppleWebKit/537.36 (KHTML, like Gecko) Chrome/119.0.0.0 Safari/537.36"
41.79.97.5 - - [05/Nov/2023:09:48:07 +0000] "PUT /API/api/make_order HTTP/1.1" 200 1485 "https://mplan.ashesi.edu.gh/pos/" "Mozilla/5.0 (Windows NT 10.0; Win64; x64) AppleWebKit/537.36 (KHTML, like Gecko) Chrome/118.0.0.0 Safari/537.36"
154.160.7.138 - - [05/Nov/2023:09:48:09 +0000] "GET /API/api/getCurrentBalance/89722026 HTTP/1.1" 200 6331 "https://mplan.ashesi.edu.gh/pos/" "Mozilla/5.0 (Windows NT 10.0; Win64; x64) AppleWebKit/537.36 (KHTML, like Gecko) Chrome/119.0.0.0 Safari/537.36"
154.160.7.138 - - [05/Nov/2023:09:48:14 +0000] "PUT /API/api/make_order HTTP/1.1" 200 1502 "https://mplan.ashesi.edu.gh/pos/" "Mozilla/5.0 (Windows NT 10.0; Win64; x64) AppleWebKit/537.36 (KHTML, like Gecko) Chrome/119.0.0.0 Safari/537.36"
216.144.248.27 - - [05/Nov/2023:09:48:19 +0000] "HEAD /subscriber HTTP/1.1" 301 5373 "https://mplan.ashesi.edu.gh/subscriber" "Mozilla/5.0+(compatible; UptimeRobot/2.0; http://www.uptimerobot.com/)"
216.144.248.27 - - [05/Nov/2023:09:48:19 +0000] "HEAD /subscriber/ HTTP/1.1" 200 866 "https://mplan.ashesi.edu.gh/subscriber" "Mozilla/5.0+(compatible; UptimeRobot/2.0; http://www.uptimerobot.com/)"
41.79.97.5 - - [05/Nov/2023:09:48:25 +0000] "-" 408 575 "-" "-"
41.79.97.5 - - [05/Nov/2023:09:48:43 +0000] "PUT /API/api/make_order HTTP/1.1" 200 1501 "https://mplan.ashesi.edu.gh/pos/" "Mozilla/5.0 (Windows NT 10.0; Win64; x64) AppleWebKit/537.36 (KHTML, like Gecko) Chrome/119.0.0.0 Safari/537.36"
154.160.9.88 - - [05/Nov/2023:09:50:07 +0000] "GET /subscriber/assets/headerimg-5519f95f.png HTTP/1.1" 206 5530 "https://mplan.ashesi.edu.gh/subscriber/assets/index-919520b5.css" "Mozilla/5.0 (Linux; Android 10; K) AppleWebKit/537.36 (KHTML, like Gecko) Chrome/118.0.0.0 Mobile Safari/537.36"
154.160.9.88 - - [05/Nov/2023:09:50:07 +0000] "GET /subscriber/assets/headerimg-5519f95f.png HTTP/1.1" 206 792456 "https://mplan.ashesi.edu.gh/subscriber/assets/index-919520b5.css" "Mozilla/5.0 (Linux; Android 10; K) AppleWebKit/537.36 (KHTML, like Gecko) Chrome/118.0.0.0 Mobile Safari/537.36"
154.160.9.88 - - [05/Nov/2023:09:50:29 +0000] "-" 408 559 "-" "-"
216.144.248.27 - - [05/Nov/2023:09:50:52 +0000] "HEAD /pos HTTP/1.1" 301 5366 "https://mplan.ashesi.edu.gh/pos" "Mozilla/5.0+(compatible; UptimeRobot/2.0; http://www.uptimerobot.com/)"
78.153.140.221 - - [05/Nov/2023:09:50:52 +0000] "GET / HTTP/1.0" 400 630 "-" "-"
216.144.248.27 - - [05/Nov/2023:09:50:52 +0000] "HEAD /pos/ HTTP/1.1" 200 867 "https://mplan.ashesi.edu.gh/pos" "Mozilla/5.0+(compatible; UptimeRobot/2.0; http://www.uptimerobot.com/)"
78.153.140.221 - - [05/Nov/2023:09:50:53 +0000] "GET /.env HTTP/1.1" 404 5580 "-" "Mozilla/5.0 (X11; Linux x86_64) AppleWebKit/537.36 (KHTML, like Gecko) Chrome/81.0.4044.129 Safari/537.36"
41.79.97.5 - - [05/Nov/2023:09:51:52 +0000] "GET /API/api/getCurrentBalance/30592027 HTTP/1.1" 200 1749 "https://mplan.ashesi.edu.gh/pos/" "Mozilla/5.0 (Windows NT 10.0; Win64; x64) AppleWebKit/537.36 (KHTML, like Gecko) Chrome/119.0.0.0 Safari/537.36"
41.79.97.5 - - [05/Nov/2023:09:51:58 +0000] "PUT /API/api/make_order HTTP/1.1" 200 1493 "https://mplan.ashesi.edu.gh/pos/" "Mozilla/5.0 (Windows NT 10.0; Win64; x64) AppleWebKit/537.36 (KHTML, like Gecko) Chrome/119.0.0.0 Safari/537.36"
216.144.248.27 - - [05/Nov/2023:09:52:06 +0000] "HEAD /vendor/public/admin HTTP/1.1" 302 6079 "https://mplan.ashesi.edu.gh/vendor/public/admin" "Mozilla/5.0+(compatible; UptimeRobot/2.0; http://www.uptimerobot.com/)"
216.144.248.27 - - [05/Nov/2023:09:52:06 +0000] "HEAD /vendor/public/admin/login HTTP/1.1" 200 1428 "https://mplan.ashesi.edu.gh/vendor/public/admin" "Mozilla/5.0+(compatible; UptimeRobot/2.0; http://www.uptimerobot.com/)"
216.144.248.27 - - [05/Nov/2023:09:52:30 +0000] "HEAD /admin HTTP/1.1" 301 5368 "https://mplan.ashesi.edu.gh/admin" "Mozilla/5.0+(compatible; UptimeRobot/2.0; http://www.uptimerobot.com/)"
216.144.248.27 - - [05/Nov/2023:09:52:30 +0000] "HEAD /admin/ HTTP/1.1" 302 1554 "https://mplan.ashesi.edu.gh/admin" "Mozilla/5.0+(compatible; UptimeRobot/2.0; http://www.uptimerobot.com/)"
216.144.248.27 - - [05/Nov/2023:09:52:31 +0000] "HEAD /admin/admin/login HTTP/1.1" 200 1496 "https://mplan.ashesi.edu.gh/admin" "Mozilla/5.0+(compatible; UptimeRobot/2.0; http://www.uptimerobot.com/)"
41.79.97.5 - - [05/Nov/2023:09:52:37 +0000] "GET /API/api/getCurrentBalance/84012026 HTTP/1.1" 200 1725 "https://mplan.ashesi.edu.gh/pos/" "Mozilla/5.0 (Windows NT 10.0; Win64; x64) AppleWebKit/537.36 (KHTML, like Gecko) Chrome/119.0.0.0 Safari/537.36"
154.160.7.138 - - [05/Nov/2023:09:52:40 +0000] "GET /API/api/getCurrentBalance/11879999 HTTP/1.1" 200 1799 "https://mplan.ashesi.edu.gh/pos/" "Mozilla/5.0 (Windows NT 10.0; Win64; x64) AppleWebKit/537.36 (KHTML, like Gecko) Chrome/119.0.0.0 Safari/537.36"
41.79.97.5 - - [05/Nov/2023:09:52:44 +0000] "PUT /API/api/make_order HTTP/1.1" 200 1499 "https://mplan.ashesi.edu.gh/pos/" "Mozilla/5.0 (Windows NT 10.0; Win64; x64) AppleWebKit/537.36 (KHTML, like Gecko) Chrome/119.0.0.0 Safari/537.36"
154.160.7.138 - - [05/Nov/2023:09:52:48 +0000] "PUT /API/api/make_order HTTP/1.1" 200 1486 "https://mplan.ashesi.edu.gh/pos/" "Mozilla/5.0 (Windows NT 10.0; Win64; x64) AppleWebKit/537.36 (KHTML, like Gecko) Chrome/119.0.0.0 Safari/537.36"
41.79.97.5 - - [05/Nov/2023:09:52:57 +0000] "GET /API/api/getCurrentBalance/73902026 HTTP/1.1" 200 1743 "https://mplan.ashesi.edu.gh/pos/" "Mozilla/5.0 (Windows NT 10.0; Win64; x64) AppleWebKit/537.36 (KHTML, like Gecko) Chrome/119.0.0.0 Safari/537.36"
41.79.97.5 - - [05/Nov/2023:09:53:05 +0000] "PUT /API/api/make_order HTTP/1.1" 200 1499 "https://mplan.ashesi.edu.gh/pos/" "Mozilla/5.0 (Windows NT 10.0; Win64; x64) AppleWebKit/537.36 (KHTML, like Gecko) Chrome/119.0.0.0 Safari/537.36"
216.144.248.27 - - [05/Nov/2023:09:53:19 +0000] "HEAD /subscriber HTTP/1.1" 301 5373 "https://mplan.ashesi.edu.gh/subscriber" "Mozilla/5.0+(compatible; UptimeRobot/2.0; http://www.uptimerobot.com/)"
216.144.248.27 - - [05/Nov/2023:09:53:19 +0000] "HEAD /subscriber/ HTTP/1.1" 200 866 "https://mplan.ashesi.edu.gh/subscriber" "Mozilla/5.0+(compatible; UptimeRobot/2.0; http://www.uptimerobot.com/)"
41.79.97.5 - - [05/Nov/2023:09:53:57 +0000] "GET /API/api/getCurrentBalance/58342026 HTTP/1.1" 200 1718 "https://mplan.ashesi.edu.gh/pos/" "Mozilla/5.0 (Windows NT 10.0; Win64; x64) AppleWebKit/537.36 (KHTML, like Gecko) Chrome/119.0.0.0 Safari/537.36"
41.79.97.5 - - [05/Nov/2023:09:54:10 +0000] "PUT /API/api/make_order HTTP/1.1" 200 1483 "https://mplan.ashesi.edu.gh/pos/" "Mozilla/5.0 (Windows NT 10.0; Win64; x64) AppleWebKit/537.36 (KHTML, like Gecko) Chrome/119.0.0.0 Safari/537.36"
66.249.66.22 - - [05/Nov/2023:09:54:52 +0000] "GET / HTTP/1.1" 302 5410 "-" "Mozilla/5.0 (compatible; Googlebot/2.1; +http://www.google.com/bot.html)"
66.249.66.9 - - [05/Nov/2023:09:54:53 +0000] "GET /subscriber HTTP/1.1" 301 606 "-" "Mozilla/5.0 (compatible; Googlebot/2.1; +http://www.google.com/bot.html)"
66.249.66.20 - - [05/Nov/2023:09:54:54 +0000] "GET /subscriber HTTP/1.1" 301 5764 "-" "Mozilla/5.0 (compatible; Googlebot/2.1; +http://www.google.com/bot.html)"
66.249.66.21 - - [05/Nov/2023:09:54:54 +0000] "GET /subscriber/ HTTP/1.1" 200 5887 "-" "Mozilla/5.0 (compatible; Googlebot/2.1; +http://www.google.com/bot.html)"
216.144.248.27 - - [05/Nov/2023:09:55:52 +0000] "HEAD /pos HTTP/1.1" 301 5366 "https://mplan.ashesi.edu.gh/pos" "Mozilla/5.0+(compatible; UptimeRobot/2.0; http://www.uptimerobot.com/)"
216.144.248.27 - - [05/Nov/2023:09:55:52 +0000] "HEAD /pos/ HTTP/1.1" 200 867 "https://mplan.ashesi.edu.gh/pos" "Mozilla/5.0+(compatible; UptimeRobot/2.0; http://www.uptimerobot.com/)"
154.160.7.138 - - [05/Nov/2023:09:56:15 +0000] "GET /API/api/getCurrentBalance/37152024 HTTP/1.1" 200 1738 "https://mplan.ashesi.edu.gh/pos/" "Mozilla/5.0 (Windows NT 10.0; Win64; x64) AppleWebKit/537.36 (KHTML, like Gecko) Chrome/119.0.0.0 Safari/537.36"
154.160.7.138 - - [05/Nov/2023:09:56:22 +0000] "PUT /API/api/make_order HTTP/1.1" 200 1502 "https://mplan.ashesi.edu.gh/pos/" "Mozilla/5.0 (Windows NT 10.0; Win64; x64) AppleWebKit/537.36 (KHTML, like Gecko) Chrome/119.0.0.0 Safari/537.36"
154.160.7.138 - - [05/Nov/2023:09:56:51 +0000] "GET /API/api/getCurrentBalance/37152024 HTTP/1.1" 200 1738 "https://mplan.ashesi.edu.gh/pos/" "Mozilla/5.0 (Windows NT 10.0; Win64; x64) AppleWebKit/537.36 (KHTML, like Gecko) Chrome/119.0.0.0 Safari/537.36"
154.160.7.138 - - [05/Nov/2023:09:56:56 +0000] "PUT /API/api/make_order HTTP/1.1" 200 1484 "https://mplan.ashesi.edu.gh/pos/" "Mozilla/5.0 (Windows NT 10.0; Win64; x64) AppleWebKit/537.36 (KHTML, like Gecko) Chrome/119.0.0.0 Safari/537.36"
216.144.248.27 - - [05/Nov/2023:09:57:06 +0000] "HEAD /vendor/public/admin HTTP/1.1" 302 6083 "https://mplan.ashesi.edu.gh/vendor/public/admin" "Mozilla/5.0+(compatible; UptimeRobot/2.0; http://www.uptimerobot.com/)"
216.144.248.27 - - [05/Nov/2023:09:57:07 +0000] "HEAD /vendor/public/admin/login HTTP/1.1" 200 1424 "https://mplan.ashesi.edu.gh/vendor/public/admin" "Mozilla/5.0+(compatible; UptimeRobot/2.0; http://www.uptimerobot.com/)"
154.160.7.138 - - [05/Nov/2023:09:57:22 +0000] "GET /API/api/getCurrentBalance/10112026 HTTP/1.1" 200 1736 "https://mplan.ashesi.edu.gh/pos/" "Mozilla/5.0 (Windows NT 10.0; Win64; x64) AppleWebKit/537.36 (KHTML, like Gecko) Chrome/119.0.0.0 Safari/537.36"
154.160.7.138 - - [05/Nov/2023:09:57:27 +0000] "PUT /API/api/make_order HTTP/1.1" 200 1503 "https://mplan.ashesi.edu.gh/pos/" "Mozilla/5.0 (Windows NT 10.0; Win64; x64) AppleWebKit/537.36 (KHTML, like Gecko) Chrome/119.0.0.0 Safari/537.36"
216.144.248.27 - - [05/Nov/2023:09:57:30 +0000] "HEAD /admin HTTP/1.1" 301 5368 "https://mplan.ashesi.edu.gh/admin" "Mozilla/5.0+(compatible; UptimeRobot/2.0; http://www.uptimerobot.com/)"
216.144.248.27 - - [05/Nov/2023:09:57:30 +0000] "HEAD /admin/ HTTP/1.1" 302 1552 "https://mplan.ashesi.edu.gh/admin" "Mozilla/5.0+(compatible; UptimeRobot/2.0; http://www.uptimerobot.com/)"
216.144.248.27 - - [05/Nov/2023:09:57:31 +0000] "HEAD /admin/admin/login HTTP/1.1" 200 1496 "https://mplan.ashesi.edu.gh/admin" "Mozilla/5.0+(compatible; UptimeRobot/2.0; http://www.uptimerobot.com/)"
216.144.248.27 - - [05/Nov/2023:09:58:19 +0000] "HEAD /subscriber HTTP/1.1" 301 5373 "https://mplan.ashesi.edu.gh/subscriber" "Mozilla/5.0+(compatible; UptimeRobot/2.0; http://www.uptimerobot.com/)"
216.144.248.27 - - [05/Nov/2023:09:58:19 +0000] "HEAD /subscriber/ HTTP/1.1" 200 866 "https://mplan.ashesi.edu.gh/subscriber" "Mozilla/5.0+(compatible; UptimeRobot/2.0; http://www.uptimerobot.com/)"
41.79.97.5 - - [05/Nov/2023:09:58:48 +0000] "GET /API/api/getCurrentBalance/73022025 HTTP/1.1" 200 6314 "https://mplan.ashesi.edu.gh/subscriber/" "Mozilla/5.0 (Linux; Android 10; K) AppleWebKit/537.36 (KHTML, like Gecko) Chrome/119.0.0.0 Mobile Safari/537.36"
41.79.97.5 - - [05/Nov/2023:09:59:08 +0000] "-" 408 5164 "-" "-"
41.79.97.5 - - [05/Nov/2023:09:59:11 +0000] "GET /API/api/getCurrentBalance/58342026 HTTP/1.1" 200 6339 "https://mplan.ashesi.edu.gh/pos/" "Mozilla/5.0 (Windows NT 10.0; Win64; x64) AppleWebKit/537.36 (KHTML, like Gecko) Chrome/118.0.0.0 Safari/537.36"
41.79.97.5 - - [05/Nov/2023:09:59:18 +0000] "PUT /API/api/make_order HTTP/1.1" 200 1501 "https://mplan.ashesi.edu.gh/pos/" "Mozilla/5.0 (Windows NT 10.0; Win64; x64) AppleWebKit/537.36 (KHTML, like Gecko) Chrome/118.0.0.0 Safari/537.36"
35.189.219.213 - - [05/Nov/2023:10:00:29 +0000] "GET /autodiscove/ HTTP/1.1" 404 4936 "-" "Mozilla/5.0 (Windows NT 10.0; Win64; x64) AppleWebKit/537.36 (KHTML, like Gecko) Chrome/105.0.0.0 Safari/537.36"
216.144.248.27 - - [05/Nov/2023:10:00:52 +0000] "HEAD /pos HTTP/1.1" 301 5366 "https://mplan.ashesi.edu.gh/pos" "Mozilla/5.0+(compatible; UptimeRobot/2.0; http://www.uptimerobot.com/)"
216.144.248.27 - - [05/Nov/2023:10:00:52 +0000] "HEAD /pos/ HTTP/1.1" 200 867 "https://mplan.ashesi.edu.gh/pos" "Mozilla/5.0+(compatible; UptimeRobot/2.0; http://www.uptimerobot.com/)"
102.69.221.66 - - [05/Nov/2023:10:01:30 +0000] "GET /subscriber/assets/index-919520b5.css HTTP/1.1" 200 6623 "https://mplan.ashesi.edu.gh/subscriber/" "Mozilla/5.0 (Linux; Android 10; K) AppleWebKit/537.36 (KHTML, like Gecko) Chrome/118.0.0.0 Mobile Safari/537.36"
102.69.221.66 - - [05/Nov/2023:10:01:31 +0000] "GET /subscriber/assets/index-e7c9cb4e.js HTTP/1.1" 200 192616 "https://mplan.ashesi.edu.gh/subscriber/" "Mozilla/5.0 (Linux; Android 10; K) AppleWebKit/537.36 (KHTML, like Gecko) Chrome/118.0.0.0 Mobile Safari/537.36"
102.69.221.66 - - [05/Nov/2023:10:01:38 +0000] "GET /subscriber/assets/headerimg-5519f95f.png HTTP/1.1" 304 205 "https://mplan.ashesi.edu.gh/subscriber/assets/index-919520b5.css" "Mozilla/5.0 (Linux; Android 10; K) AppleWebKit/537.36 (KHTML, like Gecko) Chrome/118.0.0.0 Mobile Safari/537.36"
94.102.61.75 - - [05/Nov/2023:10:01:51 +0000] "GET /subscriber/vite.svg HTTP/1.1" 200 6973 "-" "python-requests/2.26.0"
94.102.61.75 - - [05/Nov/2023:10:01:51 +0000] "GET / HTTP/1.1" 302 5389 "-" "python-requests/2.26.0"
94.102.61.75 - - [05/Nov/2023:10:01:51 +0000] "GET /subscriber HTTP/1.1" 301 606 "-" "python-requests/2.26.0"
94.102.61.75 - - [05/Nov/2023:10:01:51 +0000] "GET /subscriber HTTP/1.1" 301 5795 "-" "python-requests/2.26.0"
94.102.61.75 - - [05/Nov/2023:10:01:51 +0000] "GET /subscriber/ HTTP/1.1" 200 753 "-" "python-requests/2.26.0"
41.79.97.5 - - [05/Nov/2023:10:01:58 +0000] "GET /API/api/getCurrentBalance/16552027 HTTP/1.1" 200 6349 "https://mplan.ashesi.edu.gh/pos/" "Mozilla/5.0 (Windows NT 10.0; Win64; x64) AppleWebKit/537.36 (KHTML, like Gecko) Chrome/119.0.0.0 Safari/537.36"
216.144.248.27 - - [05/Nov/2023:10:02:06 +0000] "HEAD /vendor/public/admin HTTP/1.1" 302 6085 "https://mplan.ashesi.edu.gh/vendor/public/admin" "Mozilla/5.0+(compatible; UptimeRobot/2.0; http://www.uptimerobot.com/)"
216.144.248.27 - - [05/Nov/2023:10:02:07 +0000] "HEAD /vendor/public/admin/login HTTP/1.1" 200 1434 "https://mplan.ashesi.edu.gh/vendor/public/admin" "Mozilla/5.0+(compatible; UptimeRobot/2.0; http://www.uptimerobot.com/)"
41.79.97.5 - - [05/Nov/2023:10:02:15 +0000] "PUT /API/api/make_order HTTP/1.1" 200 1491 "https://mplan.ashesi.edu.gh/pos/" "Mozilla/5.0 (Windows NT 10.0; Win64; x64) AppleWebKit/537.36 (KHTML, like Gecko) Chrome/119.0.0.0 Safari/537.36"
216.144.248.27 - - [05/Nov/2023:10:02:30 +0000] "HEAD /admin HTTP/1.1" 301 5368 "https://mplan.ashesi.edu.gh/admin" "Mozilla/5.0+(compatible; UptimeRobot/2.0; http://www.uptimerobot.com/)"
216.144.248.27 - - [05/Nov/2023:10:02:30 +0000] "HEAD /admin/ HTTP/1.1" 302 1556 "https://mplan.ashesi.edu.gh/admin" "Mozilla/5.0+(compatible; UptimeRobot/2.0; http://www.uptimerobot.com/)"
216.144.248.27 - - [05/Nov/2023:10:02:31 +0000] "HEAD /admin/admin/login HTTP/1.1" 200 1498 "https://mplan.ashesi.edu.gh/admin" "Mozilla/5.0+(compatible; UptimeRobot/2.0; http://www.uptimerobot.com/)"
41.79.97.5 - - [05/Nov/2023:10:02:33 +0000] "OPTIONS /API/api/getCurrentBalance/89542025 HTTP/1.1" 200 5651 "http://104.248.33.13/" "Mozilla/5.0 (Windows NT 10.0; Win64; x64) AppleWebKit/537.36 (KHTML, like Gecko) Chrome/119.0.0.0 Safari/537.36"
41.79.97.5 - - [05/Nov/2023:10:02:34 +0000] "GET /API/api/getCurrentBalance/89542025 HTTP/1.1" 200 1729 "http://104.248.33.13/" "Mozilla/5.0 (Windows NT 10.0; Win64; x64) AppleWebKit/537.36 (KHTML, like Gecko) Chrome/119.0.0.0 Safari/537.36"
41.79.97.5 - - [05/Nov/2023:10:02:39 +0000] "PUT /API/api/make_order HTTP/1.1" 200 1487 "http://104.248.33.13/" "Mozilla/5.0 (Windows NT 10.0; Win64; x64) AppleWebKit/537.36 (KHTML, like Gecko) Chrome/119.0.0.0 Safari/537.36"
41.79.97.5 - - [05/Nov/2023:10:02:42 +0000] "GET /API/api/getCurrentBalance/16552027 HTTP/1.1" 200 1761 "https://mplan.ashesi.edu.gh/pos/" "Mozilla/5.0 (Windows NT 10.0; Win64; x64) AppleWebKit/537.36 (KHTML, like Gecko) Chrome/119.0.0.0 Safari/537.36"
41.79.97.5 - - [05/Nov/2023:10:02:59 +0000] "GET /API/api/get_orders_not_deliveries/6 HTTP/1.1" 200 1006 "https://mplan.ashesi.edu.gh/pos/" "Mozilla/5.0 (Windows NT 10.0; Win64; x64) AppleWebKit/537.36 (KHTML, like Gecko) Chrome/119.0.0.0 Safari/537.36"
41.79.97.5 - - [05/Nov/2023:10:03:02 +0000] "GET /API/api/get_orders_not_deliveries/6 HTTP/1.1" 200 1006 "https://mplan.ashesi.edu.gh/pos/" "Mozilla/5.0 (Windows NT 10.0; Win64; x64) AppleWebKit/537.36 (KHTML, like Gecko) Chrome/119.0.0.0 Safari/537.36"
41.79.97.5 - - [05/Nov/2023:10:03:03 +0000] "GET /API/api/get_cancelled_orders/6/6106 HTTP/1.1" 200 1006 "https://mplan.ashesi.edu.gh/pos/" "Mozilla/5.0 (Windows NT 10.0; Win64; x64) AppleWebKit/537.36 (KHTML, like Gecko) Chrome/119.0.0.0 Safari/537.36"
41.79.97.5 - - [05/Nov/2023:10:03:09 +0000] "GET /API/api/get_sales/6/6106 HTTP/1.1" 200 26466 "https://mplan.ashesi.edu.gh/pos/" "Mozilla/5.0 (Windows NT 10.0; Win64; x64) AppleWebKit/537.36 (KHTML, like Gecko) Chrome/119.0.0.0 Safari/537.36"
41.79.97.5 - - [05/Nov/2023:10:03:13 +0000] "GET /API/api/getCurrentBalance/78132026 HTTP/1.1" 200 6332 "https://mplan.ashesi.edu.gh/pos/" "Mozilla/5.0 (Windows NT 10.0; Win64; x64) AppleWebKit/537.36 (KHTML, like Gecko) Chrome/119.0.0.0 Safari/537.36"
216.144.248.27 - - [05/Nov/2023:10:03:19 +0000] "HEAD /subscriber HTTP/1.1" 301 5373 "https://mplan.ashesi.edu.gh/subscriber" "Mozilla/5.0+(compatible; UptimeRobot/2.0; http://www.uptimerobot.com/)"
216.144.248.27 - - [05/Nov/2023:10:03:19 +0000] "HEAD /subscriber/ HTTP/1.1" 200 866 "https://mplan.ashesi.edu.gh/subscriber" "Mozilla/5.0+(compatible; UptimeRobot/2.0; http://www.uptimerobot.com/)"
41.79.97.5 - - [05/Nov/2023:10:03:24 +0000] "PUT /API/api/cancel_order/89369656 HTTP/1.1" 200 1581 "https://mplan.ashesi.edu.gh/pos/" "Mozilla/5.0 (Windows NT 10.0; Win64; x64) AppleWebKit/537.36 (KHTML, like Gecko) Chrome/119.0.0.0 Safari/537.36"
41.79.97.5 - - [05/Nov/2023:10:03:23 +0000] "PUT /API/api/make_order HTTP/1.1" 200 1500 "https://mplan.ashesi.edu.gh/pos/" "Mozilla/5.0 (Windows NT 10.0; Win64; x64) AppleWebKit/537.36 (KHTML, like Gecko) Chrome/119.0.0.0 Safari/537.36"
41.79.97.5 - - [05/Nov/2023:10:03:24 +0000] "GET /API/api/get_sales/6/6106 HTTP/1.1" 200 25824 "https://mplan.ashesi.edu.gh/pos/" "Mozilla/5.0 (Windows NT 10.0; Win64; x64) AppleWebKit/537.36 (KHTML, like Gecko) Chrome/119.0.0.0 Safari/537.36"
41.79.97.5 - - [05/Nov/2023:10:03:55 +0000] "GET /API/api/get_sales/6/6106 HTTP/1.1" 200 25824 "https://mplan.ashesi.edu.gh/pos/" "Mozilla/5.0 (Windows NT 10.0; Win64; x64) AppleWebKit/537.36 (KHTML, like Gecko) Chrome/119.0.0.0 Safari/537.36"
154.160.7.138 - - [05/Nov/2023:10:03:57 +0000] "GET /API/api/getCurrentBalance/51792024 HTTP/1.1" 200 6357 "https://mplan.ashesi.edu.gh/pos/" "Mozilla/5.0 (Windows NT 10.0; Win64; x64) AppleWebKit/537.36 (KHTML, like Gecko) Chrome/119.0.0.0 Safari/537.36"
154.160.7.138 - - [05/Nov/2023:10:04:01 +0000] "PUT /API/api/make_order HTTP/1.1" 200 1502 "https://mplan.ashesi.edu.gh/pos/" "Mozilla/5.0 (Windows NT 10.0; Win64; x64) AppleWebKit/537.36 (KHTML, like Gecko) Chrome/119.0.0.0 Safari/537.36"
41.79.97.5 - - [05/Nov/2023:10:04:12 +0000] "GET /API/api/getCurrentBalance/16552027 HTTP/1.1" 200 1744 "https://mplan.ashesi.edu.gh/pos/" "Mozilla/5.0 (Windows NT 10.0; Win64; x64) AppleWebKit/537.36 (KHTML, like Gecko) Chrome/119.0.0.0 Safari/537.36"
41.79.97.5 - - [05/Nov/2023:10:04:31 +0000] "GET /API/api/getCurrentBalance/16552027 HTTP/1.1" 200 1760 "https://mplan.ashesi.edu.gh/pos/" "Mozilla/5.0 (Windows NT 10.0; Win64; x64) AppleWebKit/537.36 (KHTML, like Gecko) Chrome/119.0.0.0 Safari/537.36"
41.79.97.5 - - [05/Nov/2023:10:04:34 +0000] "PUT /API/api/make_order HTTP/1.1" 200 1491 "https://mplan.ashesi.edu.gh/pos/" "Mozilla/5.0 (Windows NT 10.0; Win64; x64) AppleWebKit/537.36 (KHTML, like Gecko) Chrome/119.0.0.0 Safari/537.36"
41.79.97.5 - - [05/Nov/2023:10:05:02 +0000] "GET /API/api/getCurrentBalance/86832026 HTTP/1.1" 200 1734 "https://mplan.ashesi.edu.gh/pos/" "Mozilla/5.0 (Windows NT 10.0; Win64; x64) AppleWebKit/537.36 (KHTML, like Gecko) Chrome/119.0.0.0 Safari/537.36"
41.79.97.5 - - [05/Nov/2023:10:05:15 +0000] "PUT /API/api/make_order HTTP/1.1" 200 1499 "https://mplan.ashesi.edu.gh/pos/" "Mozilla/5.0 (Windows NT 10.0; Win64; x64) AppleWebKit/537.36 (KHTML, like Gecko) Chrome/119.0.0.0 Safari/537.36"
216.144.248.27 - - [05/Nov/2023:10:05:52 +0000] "HEAD /pos HTTP/1.1" 301 5366 "https://mplan.ashesi.edu.gh/pos" "Mozilla/5.0+(compatible; UptimeRobot/2.0; http://www.uptimerobot.com/)"
216.144.248.27 - - [05/Nov/2023:10:05:52 +0000] "HEAD /pos/ HTTP/1.1" 200 867 "https://mplan.ashesi.edu.gh/pos" "Mozilla/5.0+(compatible; UptimeRobot/2.0; http://www.uptimerobot.com/)"
216.144.248.27 - - [05/Nov/2023:10:07:06 +0000] "HEAD /vendor/public/admin HTTP/1.1" 302 6083 "https://mplan.ashesi.edu.gh/vendor/public/admin" "Mozilla/5.0+(compatible; UptimeRobot/2.0; http://www.uptimerobot.com/)"
216.144.248.27 - - [05/Nov/2023:10:07:06 +0000] "HEAD /vendor/public/admin/login HTTP/1.1" 200 1426 "https://mplan.ashesi.edu.gh/vendor/public/admin" "Mozilla/5.0+(compatible; UptimeRobot/2.0; http://www.uptimerobot.com/)"
66.249.66.8 - - [05/Nov/2023:10:07:19 +0000] "GET / HTTP/1.1" 301 586 "-" "Mozilla/5.0 (compatible; Googlebot/2.1; +http://www.google.com/bot.html)"
66.249.66.21 - - [05/Nov/2023:10:07:20 +0000] "GET / HTTP/1.1" 302 5410 "-" "Mozilla/5.0 (compatible; Googlebot/2.1; +http://www.google.com/bot.html)"
66.249.66.8 - - [05/Nov/2023:10:07:21 +0000] "GET /subscriber HTTP/1.1" 301 605 "-" "Mozilla/5.0 (compatible; Googlebot/2.1; +http://www.google.com/bot.html)"
66.249.66.20 - - [05/Nov/2023:10:07:21 +0000] "GET /subscriber HTTP/1.1" 301 5764 "-" "Mozilla/5.0 (compatible; Googlebot/2.1; +http://www.google.com/bot.html)"
66.249.66.22 - - [05/Nov/2023:10:07:22 +0000] "GET /subscriber/ HTTP/1.1" 200 5887 "-" "Mozilla/5.0 (compatible; Googlebot/2.1; +http://www.google.com/bot.html)"
216.144.248.27 - - [05/Nov/2023:10:07:30 +0000] "HEAD /admin HTTP/1.1" 301 5368 "https://mplan.ashesi.edu.gh/admin" "Mozilla/5.0+(compatible; UptimeRobot/2.0; http://www.uptimerobot.com/)"
216.144.248.27 - - [05/Nov/2023:10:07:30 +0000] "HEAD /admin/ HTTP/1.1" 302 1550 "https://mplan.ashesi.edu.gh/admin" "Mozilla/5.0+(compatible; UptimeRobot/2.0; http://www.uptimerobot.com/)"
216.144.248.27 - - [05/Nov/2023:10:07:31 +0000] "HEAD /admin/admin/login HTTP/1.1" 200 1494 "https://mplan.ashesi.edu.gh/admin" "Mozilla/5.0+(compatible; UptimeRobot/2.0; http://www.uptimerobot.com/)"
216.144.248.27 - - [05/Nov/2023:10:08:19 +0000] "HEAD /subscriber HTTP/1.1" 301 5373 "https://mplan.ashesi.edu.gh/subscriber" "Mozilla/5.0+(compatible; UptimeRobot/2.0; http://www.uptimerobot.com/)"
216.144.248.27 - - [05/Nov/2023:10:08:19 +0000] "HEAD /subscriber/ HTTP/1.1" 200 866 "https://mplan.ashesi.edu.gh/subscriber" "Mozilla/5.0+(compatible; UptimeRobot/2.0; http://www.uptimerobot.com/)"
41.79.97.5 - - [05/Nov/2023:10:08:41 +0000] "GET /subscriber/ HTTP/1.1" 200 5918 "-" "Mozilla/5.0 (iPhone; CPU iPhone OS 17_0 like Mac OS X) AppleWebKit/605.1.15 (KHTML, like Gecko) Version/17.0 Mobile/15E148 Safari/604.1"
41.79.97.5 - - [05/Nov/2023:10:08:42 +0000] "GET /subscriber/assets/index-919520b5.css HTTP/1.1" 200 6623 "https://mplan.ashesi.edu.gh/subscriber/" "Mozilla/5.0 (iPhone; CPU iPhone OS 17_0 like Mac OS X) AppleWebKit/605.1.15 (KHTML, like Gecko) Version/17.0 Mobile/15E148 Safari/604.1"
41.79.97.5 - - [05/Nov/2023:10:08:42 +0000] "GET /subscriber/assets/index-e7c9cb4e.js HTTP/1.1" 200 187467 "https://mplan.ashesi.edu.gh/subscriber/" "Mozilla/5.0 (iPhone; CPU iPhone OS 17_0 like Mac OS X) AppleWebKit/605.1.15 (KHTML, like Gecko) Version/17.0 Mobile/15E148 Safari/604.1"
41.79.97.5 - - [05/Nov/2023:10:08:43 +0000] "GET /subscriber/assets/headerimg-5519f95f.png HTTP/1.1" 200 1760353 "https://mplan.ashesi.edu.gh/subscriber/" "Mozilla/5.0 (iPhone; CPU iPhone OS 17_0 like Mac OS X) AppleWebKit/605.1.15 (KHTML, like Gecko) Version/17.0 Mobile/15E148 Safari/604.1"
41.79.97.5 - - [05/Nov/2023:10:09:14 +0000] "OPTIONS /API/api/getCurrentBalance/30082027 HTTP/1.1" 200 5635 "http://104.248.33.13/" "Mozilla/5.0 (Windows NT 10.0; Win64; x64) AppleWebKit/537.36 (KHTML, like Gecko) Chrome/119.0.0.0 Safari/537.36"
41.79.97.5 - - [05/Nov/2023:10:09:15 +0000] "GET /API/api/getCurrentBalance/30082027 HTTP/1.1" 200 1780 "http://104.248.33.13/" "Mozilla/5.0 (Windows NT 10.0; Win64; x64) AppleWebKit/537.36 (KHTML, like Gecko) Chrome/119.0.0.0 Safari/537.36"
41.79.97.5 - - [05/Nov/2023:10:09:22 +0000] "PUT /API/api/make_order HTTP/1.1" 200 1507 "http://104.248.33.13/" "Mozilla/5.0 (Windows NT 10.0; Win64; x64) AppleWebKit/537.36 (KHTML, like Gecko) Chrome/119.0.0.0 Safari/537.36"
154.160.7.138 - - [05/Nov/2023:10:09:49 +0000] "GET /API/api/getCurrentBalance/50622024 HTTP/1.1" 200 6316 "https://mplan.ashesi.edu.gh/pos/" "Mozilla/5.0 (Windows NT 10.0; Win64; x64) AppleWebKit/537.36 (KHTML, like Gecko) Chrome/119.0.0.0 Safari/537.36"
