154.160.14.41 - - [06/Nov/2023:08:14:07 +0000] "GET /API/api/get_store_products/11 HTTP/1.1" 200 53206 "https://mplan.ashesi.edu.gh/pos/" "Mozilla/5.0 (Windows NT 10.0; Win64; x64) AppleWebKit/537.36 (KHTML, like Gecko) Chrome/118.0.0.0 Safari/537.36"
154.160.14.41 - - [06/Nov/2023:08:14:07 +0000] "GET /API/api/get_store_product_categories/11 HTTP/1.1" 200 447 "https://mplan.ashesi.edu.gh/pos/" "Mozilla/5.0 (Windows NT 10.0; Win64; x64) AppleWebKit/537.36 (KHTML, like Gecko) Chrome/118.0.0.0 Safari/537.36"
154.160.14.41 - - [06/Nov/2023:08:14:07 +0000] "GET /pos/web/img/close.svg HTTP/1.1" 200 2204 "https://mplan.ashesi.edu.gh/pos/" "Mozilla/5.0 (Windows NT 10.0; Win64; x64) AppleWebKit/537.36 (KHTML, like Gecko) Chrome/118.0.0.0 Safari/537.36"
154.160.14.41 - - [06/Nov/2023:08:14:10 +0000] "GET /API/api/get_store_settings/11 HTTP/1.1" 200 994 "https://mplan.ashesi.edu.gh/pos/" "Mozilla/5.0 (Windows NT 10.0; Win64; x64) AppleWebKit/537.36 (KHTML, like Gecko) Chrome/118.0.0.0 Safari/537.36"
154.160.14.41 - - [06/Nov/2023:08:14:10 +0000] "GET /API/api/check_register_status/11/75 HTTP/1.1" 202 1027 "https://mplan.ashesi.edu.gh/pos/" "Mozilla/5.0 (Windows NT 10.0; Win64; x64) AppleWebKit/537.36 (KHTML, like Gecko) Chrome/118.0.0.0 Safari/537.36"
154.160.14.41 - - [06/Nov/2023:08:14:13 +0000] "GET /API/api/open_register/11/75/undefined HTTP/1.1" 200 1327 "https://mplan.ashesi.edu.gh/pos/" "Mozilla/5.0 (Windows NT 10.0; Win64; x64) AppleWebKit/537.36 (KHTML, like Gecko) Chrome/118.0.0.0 Safari/537.36"
154.160.14.41 - - [06/Nov/2023:08:14:14 +0000] "GET /pos/view/layout/pos.html HTTP/1.1" 200 1704 "https://mplan.ashesi.edu.gh/pos/" "Mozilla/5.0 (Windows NT 10.0; Win64; x64) AppleWebKit/537.36 (KHTML, like Gecko) Chrome/118.0.0.0 Safari/537.36"
154.160.14.41 - - [06/Nov/2023:08:14:14 +0000] "GET /API/api/get_store_products/11 HTTP/1.1" 200 48042 "https://mplan.ashesi.edu.gh/pos/" "Mozilla/5.0 (Windows NT 10.0; Win64; x64) AppleWebKit/537.36 (KHTML, like Gecko) Chrome/118.0.0.0 Safari/537.36"
154.160.14.41 - - [06/Nov/2023:08:14:15 +0000] "GET /pos/view/layout/orders.html HTTP/1.1" 200 3929 "https://mplan.ashesi.edu.gh/pos/" "Mozilla/5.0 (Windows NT 10.0; Win64; x64) AppleWebKit/537.36 (KHTML, like Gecko) Chrome/118.0.0.0 Safari/537.36"
154.160.14.41 - - [06/Nov/2023:08:14:15 +0000] "GET /pos/view/layout/riders.html HTTP/1.1" 200 1327 "https://mplan.ashesi.edu.gh/pos/" "Mozilla/5.0 (Windows NT 10.0; Win64; x64) AppleWebKit/537.36 (KHTML, like Gecko) Chrome/118.0.0.0 Safari/537.36"
154.160.14.41 - - [06/Nov/2023:08:14:15 +0000] "GET /pos/view/layout/customers.html HTTP/1.1" 200 5919 "https://mplan.ashesi.edu.gh/pos/" "Mozilla/5.0 (Windows NT 10.0; Win64; x64) AppleWebKit/537.36 (KHTML, like Gecko) Chrome/118.0.0.0 Safari/537.36"
154.160.14.41 - - [06/Nov/2023:08:14:15 +0000] "GET /API/api/get_store_product_categories/11 HTTP/1.1" 200 5627 "https://mplan.ashesi.edu.gh/pos/" "Mozilla/5.0 (Windows NT 10.0; Win64; x64) AppleWebKit/537.36 (KHTML, like Gecko) Chrome/118.0.0.0 Safari/537.36"
154.160.14.41 - - [06/Nov/2023:08:14:15 +0000] "GET /API/api/get_store_modifiers/11 HTTP/1.1" 200 5595 "https://mplan.ashesi.edu.gh/pos/" "Mozilla/5.0 (Windows NT 10.0; Win64; x64) AppleWebKit/537.36 (KHTML, like Gecko) Chrome/118.0.0.0 Safari/537.36"
154.160.14.41 - - [06/Nov/2023:08:14:15 +0000] "GET /pos/view/layout/subscribers.html HTTP/1.1" 200 1153 "https://mplan.ashesi.edu.gh/pos/" "Mozilla/5.0 (Windows NT 10.0; Win64; x64) AppleWebKit/537.36 (KHTML, like Gecko) Chrome/118.0.0.0 Safari/537.36"
154.160.14.41 - - [06/Nov/2023:08:14:15 +0000] "GET /pos/view/layout/shift.html HTTP/1.1" 200 784 "https://mplan.ashesi.edu.gh/pos/" "Mozilla/5.0 (Windows NT 10.0; Win64; x64) AppleWebKit/537.36 (KHTML, like Gecko) Chrome/118.0.0.0 Safari/537.36"
154.160.14.41 - - [06/Nov/2023:08:14:15 +0000] "GET /pos/view/layout/report.html HTTP/1.1" 200 800 "https://mplan.ashesi.edu.gh/pos/" "Mozilla/5.0 (Windows NT 10.0; Win64; x64) AppleWebKit/537.36 (KHTML, like Gecko) Chrome/118.0.0.0 Safari/537.36"
154.160.14.41 - - [06/Nov/2023:08:14:15 +0000] "GET /pos/view/template/side_menu.template.html HTTP/1.1" 200 819 "https://mplan.ashesi.edu.gh/pos/" "Mozilla/5.0 (Windows NT 10.0; Win64; x64) AppleWebKit/537.36 (KHTML, like Gecko) Chrome/118.0.0.0 Safari/537.36"
154.160.14.41 - - [06/Nov/2023:08:14:15 +0000] "GET /pos/view/template/product_section.template.html HTTP/1.1" 200 1416 "https://mplan.ashesi.edu.gh/pos/" "Mozilla/5.0 (Windows NT 10.0; Win64; x64) AppleWebKit/537.36 (KHTML, like Gecko) Chrome/118.0.0.0 Safari/537.36"
154.160.14.41 - - [06/Nov/2023:08:14:16 +0000] "GET /pos/view/template/order_details.template.html HTTP/1.1" 200 2677 "https://mplan.ashesi.edu.gh/pos/" "Mozilla/5.0 (Windows NT 10.0; Win64; x64) AppleWebKit/537.36 (KHTML, like Gecko) Chrome/118.0.0.0 Safari/537.36"
154.160.14.41 - - [06/Nov/2023:08:14:16 +0000] "GET /pos/view/template/pos_page_receipt.template.html HTTP/1.1" 200 1145 "https://mplan.ashesi.edu.gh/pos/" "Mozilla/5.0 (Windows NT 10.0; Win64; x64) AppleWebKit/537.36 (KHTML, like Gecko) Chrome/118.0.0.0 Safari/537.36"
154.160.14.41 - - [06/Nov/2023:08:14:16 +0000] "GET /pos/view/template/make_order_receipt.template.html HTTP/1.1" 200 59374 "https://mplan.ashesi.edu.gh/pos/" "Mozilla/5.0 (Windows NT 10.0; Win64; x64) AppleWebKit/537.36 (KHTML, like Gecko) Chrome/118.0.0.0 Safari/537.36"
154.160.14.41 - - [06/Nov/2023:08:14:16 +0000] "GET /pos/view/template/customer_form.template.html HTTP/1.1" 200 1410 "https://mplan.ashesi.edu.gh/pos/" "Mozilla/5.0 (Windows NT 10.0; Win64; x64) AppleWebKit/537.36 (KHTML, like Gecko) Chrome/118.0.0.0 Safari/537.36"
154.160.14.41 - - [06/Nov/2023:08:14:17 +0000] "GET /pos/view/template/modifier_popup.template.html HTTP/1.1" 200 1299 "https://mplan.ashesi.edu.gh/pos/" "Mozilla/5.0 (Windows NT 10.0; Win64; x64) AppleWebKit/537.36 (KHTML, like Gecko) Chrome/118.0.0.0 Safari/537.36"
154.160.14.41 - - [06/Nov/2023:08:14:17 +0000] "GET /pos/view/template/print_shift.template.html HTTP/1.1" 200 1184 "https://mplan.ashesi.edu.gh/pos/" "Mozilla/5.0 (Windows NT 10.0; Win64; x64) AppleWebKit/537.36 (KHTML, like Gecko) Chrome/118.0.0.0 Safari/537.36"
154.160.14.41 - - [06/Nov/2023:08:14:17 +0000] "GET /pos/view/template/print_sales.template.html HTTP/1.1" 200 1518 "https://mplan.ashesi.edu.gh/pos/" "Mozilla/5.0 (Windows NT 10.0; Win64; x64) AppleWebKit/537.36 (KHTML, like Gecko) Chrome/118.0.0.0 Safari/537.36"
154.160.14.41 - - [06/Nov/2023:08:14:17 +0000] "GET /API/api/get_store_products/11 HTTP/1.1" 200 48042 "https://mplan.ashesi.edu.gh/pos/" "Mozilla/5.0 (Windows NT 10.0; Win64; x64) AppleWebKit/537.36 (KHTML, like Gecko) Chrome/118.0.0.0 Safari/537.36"
154.160.14.41 - - [06/Nov/2023:08:14:17 +0000] "GET /API/api/get_store_product_categories/11 HTTP/1.1" 200 447 "https://mplan.ashesi.edu.gh/pos/" "Mozilla/5.0 (Windows NT 10.0; Win64; x64) AppleWebKit/537.36 (KHTML, like Gecko) Chrome/118.0.0.0 Safari/537.36"
154.160.14.41 - - [06/Nov/2023:08:14:18 +0000] "GET /API/api/get_riders/11 HTTP/1.1" 200 1006 "https://mplan.ashesi.edu.gh/pos/" "Mozilla/5.0 (Windows NT 10.0; Win64; x64) AppleWebKit/537.36 (KHTML, like Gecko) Chrome/118.0.0.0 Safari/537.36"
154.160.14.41 - - [06/Nov/2023:08:14:19 +0000] "GET /pos/view/template/orders_tab_receipt.template.html HTTP/1.1" 200 1708 "https://mplan.ashesi.edu.gh/pos/" "Mozilla/5.0 (Windows NT 10.0; Win64; x64) AppleWebKit/537.36 (KHTML, like Gecko) Chrome/118.0.0.0 Safari/537.36"
154.160.14.41 - - [06/Nov/2023:08:14:17 +0000] "GET /API/api/get_orders_not_deliveries/11 HTTP/1.1" 200 447 "https://mplan.ashesi.edu.gh/pos/" "Mozilla/5.0 (Windows NT 10.0; Win64; x64) AppleWebKit/537.36 (KHTML, like Gecko) Chrome/118.0.0.0 Safari/537.36"
154.160.14.41 - - [06/Nov/2023:08:14:20 +0000] "GET /pos/view/template/deliveries_tab_receipt.template.html HTTP/1.1" 200 1188 "https://mplan.ashesi.edu.gh/pos/" "Mozilla/5.0 (Windows NT 10.0; Win64; x64) AppleWebKit/537.36 (KHTML, like Gecko) Chrome/118.0.0.0 Safari/537.36"
154.160.14.41 - - [06/Nov/2023:08:14:20 +0000] "GET /pos/view/template/cancel_delivery.template.html HTTP/1.1" 200 697 "https://mplan.ashesi.edu.gh/pos/" "Mozilla/5.0 (Windows NT 10.0; Win64; x64) AppleWebKit/537.36 (KHTML, like Gecko) Chrome/118.0.0.0 Safari/537.36"
154.160.14.41 - - [06/Nov/2023:08:14:20 +0000] "GET /pos/view/template/cancel_order.template.html HTTP/1.1" 200 689 "https://mplan.ashesi.edu.gh/pos/" "Mozilla/5.0 (Windows NT 10.0; Win64; x64) AppleWebKit/537.36 (KHTML, like Gecko) Chrome/118.0.0.0 Safari/537.36"
154.160.14.41 - - [06/Nov/2023:08:14:20 +0000] "GET /pos/view/template/checkout.template.html HTTP/1.1" 200 2473 "https://mplan.ashesi.edu.gh/pos/" "Mozilla/5.0 (Windows NT 10.0; Win64; x64) AppleWebKit/537.36 (KHTML, like Gecko) Chrome/118.0.0.0 Safari/537.36"
154.160.14.41 - - [06/Nov/2023:08:14:20 +0000] "GET /pos/view/template/delivery_receipt.template.html HTTP/1.1" 200 1979 "https://mplan.ashesi.edu.gh/pos/" "Mozilla/5.0 (Windows NT 10.0; Win64; x64) AppleWebKit/537.36 (KHTML, like Gecko) Chrome/118.0.0.0 Safari/537.36"
154.160.14.41 - - [06/Nov/2023:08:14:20 +0000] "GET /pos/view/template/restore_order.template.html HTTP/1.1" 200 1271 "https://mplan.ashesi.edu.gh/pos/" "Mozilla/5.0 (Windows NT 10.0; Win64; x64) AppleWebKit/537.36 (KHTML, like Gecko) Chrome/118.0.0.0 Safari/537.36"
154.160.14.41 - - [06/Nov/2023:08:14:18 +0000] "GET /API/api/get_sales/11/6112 HTTP/1.1" 200 447 "https://mplan.ashesi.edu.gh/pos/" "Mozilla/5.0 (Windows NT 10.0; Win64; x64) AppleWebKit/537.36 (KHTML, like Gecko) Chrome/118.0.0.0 Safari/537.36"
154.160.14.41 - - [06/Nov/2023:08:14:21 +0000] "GET /pos/view/template/bulk_delivery_receipt.template.html HTTP/1.1" 200 1518 "https://mplan.ashesi.edu.gh/pos/" "Mozilla/5.0 (Windows NT 10.0; Win64; x64) AppleWebKit/537.36 (KHTML, like Gecko) Chrome/118.0.0.0 Safari/537.36"
154.160.14.41 - - [06/Nov/2023:08:14:21 +0000] "GET /pos/view/template/change_rider_modal.template.html HTTP/1.1" 200 1334 "https://mplan.ashesi.edu.gh/pos/" "Mozilla/5.0 (Windows NT 10.0; Win64; x64) AppleWebKit/537.36 (KHTML, like Gecko) Chrome/118.0.0.0 Safari/537.36"
154.160.14.41 - - [06/Nov/2023:08:14:21 +0000] "GET /API/api/getAllSubscribers/ HTTP/1.1" 301 658 "https://mplan.ashesi.edu.gh/pos/" "Mozilla/5.0 (Windows NT 10.0; Win64; x64) AppleWebKit/537.36 (KHTML, like Gecko) Chrome/118.0.0.0 Safari/537.36"
154.160.14.41 - - [06/Nov/2023:08:14:21 +0000] "GET /API/api/get_store_modifiers/11 HTTP/1.1" 200 447 "https://mplan.ashesi.edu.gh/pos/" "Mozilla/5.0 (Windows NT 10.0; Win64; x64) AppleWebKit/537.36 (KHTML, like Gecko) Chrome/118.0.0.0 Safari/537.36"
154.160.14.41 - - [06/Nov/2023:08:14:21 +0000] "GET /pos/view/template/edit_customer_details_modal.template.html HTTP/1.1" 200 547 "https://mplan.ashesi.edu.gh/pos/" "Mozilla/5.0 (Windows NT 10.0; Win64; x64) AppleWebKit/537.36 (KHTML, like Gecko) Chrome/118.0.0.0 Safari/537.36"
154.160.14.41 - - [06/Nov/2023:08:14:19 +0000] "GET /API/api/get_cancelled_orders/11/6112 HTTP/1.1" 200 1006 "https://mplan.ashesi.edu.gh/pos/" "Mozilla/5.0 (Windows NT 10.0; Win64; x64) AppleWebKit/537.36 (KHTML, like Gecko) Chrome/118.0.0.0 Safari/537.36"
154.160.14.41 - - [06/Nov/2023:08:14:21 +0000] "GET /API/api/get_orders_not_deliveries/11 HTTP/1.1" 200 447 "https://mplan.ashesi.edu.gh/pos/" "Mozilla/5.0 (Windows NT 10.0; Win64; x64) AppleWebKit/537.36 (KHTML, like Gecko) Chrome/118.0.0.0 Safari/537.36"
154.160.14.41 - - [06/Nov/2023:08:14:22 +0000] "GET /API/api/get_sales/11/6112 HTTP/1.1" 200 1022 "https://mplan.ashesi.edu.gh/pos/" "Mozilla/5.0 (Windows NT 10.0; Win64; x64) AppleWebKit/537.36 (KHTML, like Gecko) Chrome/118.0.0.0 Safari/537.36"
154.160.14.41 - - [06/Nov/2023:08:14:33 +0000] "GET /pos/web/img/cancel.svg HTTP/1.1" 200 2155 "https://mplan.ashesi.edu.gh/pos/" "Mozilla/5.0 (Windows NT 10.0; Win64; x64) AppleWebKit/537.36 (KHTML, like Gecko) Chrome/118.0.0.0 Safari/537.36"
154.160.14.41 - - [06/Nov/2023:08:14:37 +0000] "GET /pos/web/img/plus-button.svg HTTP/1.1" 200 976 "https://mplan.ashesi.edu.gh/pos/" "Mozilla/5.0 (Windows NT 10.0; Win64; x64) AppleWebKit/537.36 (KHTML, like Gecko) Chrome/118.0.0.0 Safari/537.36"
154.160.14.41 - - [06/Nov/2023:08:14:37 +0000] "GET /pos/web/img/pen-edit-disabled.svg HTTP/1.1" 200 1568 "https://mplan.ashesi.edu.gh/pos/" "Mozilla/5.0 (Windows NT 10.0; Win64; x64) AppleWebKit/537.36 (KHTML, like Gecko) Chrome/118.0.0.0 Safari/537.36"
154.160.14.41 - - [06/Nov/2023:08:14:37 +0000] "GET /pos/web/img/pen-edit.svg HTTP/1.1" 200 1305 "https://mplan.ashesi.edu.gh/pos/" "Mozilla/5.0 (Windows NT 10.0; Win64; x64) AppleWebKit/537.36 (KHTML, like Gecko) Chrome/118.0.0.0 Safari/537.36"
154.160.14.41 - - [06/Nov/2023:08:14:38 +0000] "GET /pos/web/img/error.svg HTTP/1.1" 200 1038 "https://mplan.ashesi.edu.gh/pos/" "Mozilla/5.0 (Windows NT 10.0; Win64; x64) AppleWebKit/537.36 (KHTML, like Gecko) Chrome/118.0.0.0 Safari/537.36"
154.160.14.41 - - [06/Nov/2023:08:14:38 +0000] "GET /pos/web/img/down-arrow.svg HTTP/1.1" 200 729 "https://mplan.ashesi.edu.gh/pos/" "Mozilla/5.0 (Windows NT 10.0; Win64; x64) AppleWebKit/537.36 (KHTML, like Gecko) Chrome/118.0.0.0 Safari/537.36"
41.79.97.5 - - [06/Nov/2023:08:14:51 +0000] "GET /subscriber/ HTTP/1.1" 200 5918 "https://www.google.com/" "Mozilla/5.0 (iPhone; CPU iPhone OS 16_6 like Mac OS X) AppleWebKit/605.1.15 (KHTML, like Gecko) Version/16.6 Mobile/15E148 Safari/604.1"
41.79.97.5 - - [06/Nov/2023:08:14:51 +0000] "GET /subscriber/assets/index-e7c9cb4e.js HTTP/1.1" 200 187467 "https://mplan.ashesi.edu.gh/subscriber/" "Mozilla/5.0 (iPhone; CPU iPhone OS 16_6 like Mac OS X) AppleWebKit/605.1.15 (KHTML, like Gecko) Version/16.6 Mobile/15E148 Safari/604.1"
41.79.97.5 - - [06/Nov/2023:08:14:52 +0000] "GET /subscriber/assets/index-919520b5.css HTTP/1.1" 200 6607 "https://mplan.ashesi.edu.gh/subscriber/" "Mozilla/5.0 (iPhone; CPU iPhone OS 16_6 like Mac OS X) AppleWebKit/605.1.15 (KHTML, like Gecko) Version/16.6 Mobile/15E148 Safari/604.1"
41.79.97.5 - - [06/Nov/2023:08:14:52 +0000] "GET /subscriber/assets/headerimg-5519f95f.png HTTP/1.1" 200 1760353 "https://mplan.ashesi.edu.gh/subscriber/" "Mozilla/5.0 (iPhone; CPU iPhone OS 16_6 like Mac OS X) AppleWebKit/605.1.15 (KHTML, like Gecko) Version/16.6 Mobile/15E148 Safari/604.1"
41.79.97.5 - - [06/Nov/2023:08:15:00 +0000] "GET /API/api/getCurrentBalance/86122027 HTTP/1.1" 200 6353 "https://mplan.ashesi.edu.gh/subscriber/" "Mozilla/5.0 (iPhone; CPU iPhone OS 16_6 like Mac OS X) AppleWebKit/605.1.15 (KHTML, like Gecko) Version/16.6 Mobile/15E148 Safari/604.1"
41.79.97.5 - - [06/Nov/2023:08:15:05 +0000] "GET /API/api/getSubscriberHistory/86122027/2023-11-5/2023-11-5 HTTP/1.1" 200 9955 "https://mplan.ashesi.edu.gh/subscriber/" "Mozilla/5.0 (iPhone; CPU iPhone OS 16_6 like Mac OS X) AppleWebKit/605.1.15 (KHTML, like Gecko) Version/16.6 Mobile/15E148 Safari/604.1"
154.160.14.41 - - [06/Nov/2023:08:14:22 +0000] "GET /API/api/getAllSubscribers HTTP/1.1" 200 2311226 "https://mplan.ashesi.edu.gh/pos/" "Mozilla/5.0 (Windows NT 10.0; Win64; x64) AppleWebKit/537.36 (KHTML, like Gecko) Chrome/118.0.0.0 Safari/537.36"
154.160.14.41 - - [06/Nov/2023:08:14:21 +0000] "GET /API/api/getMyRegisters/75 HTTP/1.1" 200 7913 "https://mplan.ashesi.edu.gh/pos/" "Mozilla/5.0 (Windows NT 10.0; Win64; x64) AppleWebKit/537.36 (KHTML, like Gecko) Chrome/118.0.0.0 Safari/537.36"
154.160.14.41 - - [06/Nov/2023:08:14:21 +0000] "GET /API/api/getFunders/2023-10-29/11 HTTP/1.1" 200 2001 "https://mplan.ashesi.edu.gh/pos/" "Mozilla/5.0 (Windows NT 10.0; Win64; x64) AppleWebKit/537.36 (KHTML, like Gecko) Chrome/118.0.0.0 Safari/537.36"
216.144.248.27 - - [06/Nov/2023:08:15:52 +0000] "HEAD /pos HTTP/1.1" 301 5366 "https://mplan.ashesi.edu.gh/pos" "Mozilla/5.0+(compatible; UptimeRobot/2.0; http://www.uptimerobot.com/)"
216.144.248.27 - - [06/Nov/2023:08:15:52 +0000] "HEAD /pos/ HTTP/1.1" 200 867 "https://mplan.ashesi.edu.gh/pos" "Mozilla/5.0+(compatible; UptimeRobot/2.0; http://www.uptimerobot.com/)"
3.73.124.179 - - [06/Nov/2023:08:15:54 +0000] "TRACE / HTTP/1.1" 405 5587 "-" "Mozilla/5.0 (Macintosh; Intel Mac OS X x.y; rv:42.0) Gecko/20100101 Firefox/42.0"
3.73.124.179 - - [06/Nov/2023:08:15:56 +0000] "OPTIONS / HTTP/1.1" 302 5305 "-" "Mozilla/5.0 (Macintosh; Intel Mac OS X x.y; rv:42.0) Gecko/20100101 Firefox/42.0"
41.79.97.5 - - [06/Nov/2023:08:16:35 +0000] "GET /API/api/getCurrentBalance/54982026 HTTP/1.1" 200 1732 "https://mplan.ashesi.edu.gh/pos/" "Mozilla/5.0 (Windows NT 10.0; Win64; x64) AppleWebKit/537.36 (KHTML, like Gecko) Chrome/118.0.0.0 Safari/537.36"
41.79.97.5 - - [06/Nov/2023:08:16:37 +0000] "GET /API/api/getCurrentBalance/54982026 HTTP/1.1" 200 1732 "https://mplan.ashesi.edu.gh/pos/" "Mozilla/5.0 (Windows NT 10.0; Win64; x64) AppleWebKit/537.36 (KHTML, like Gecko) Chrome/118.0.0.0 Safari/537.36"
41.79.97.5 - - [06/Nov/2023:08:16:41 +0000] "PUT /API/api/make_order HTTP/1.1" 200 1501 "https://mplan.ashesi.edu.gh/pos/" "Mozilla/5.0 (Windows NT 10.0; Win64; x64) AppleWebKit/537.36 (KHTML, like Gecko) Chrome/118.0.0.0 Safari/537.36"
41.79.97.5 - - [06/Nov/2023:08:16:50 +0000] "GET /API/api/getCurrentBalance/31062027 HTTP/1.1" 200 1738 "https://mplan.ashesi.edu.gh/pos/" "Mozilla/5.0 (Windows NT 10.0; Win64; x64) AppleWebKit/537.36 (KHTML, like Gecko) Chrome/119.0.0.0 Safari/537.36"
41.79.97.5 - - [06/Nov/2023:08:16:54 +0000] "PUT /API/api/make_order HTTP/1.1" 200 1503 "https://mplan.ashesi.edu.gh/pos/" "Mozilla/5.0 (Windows NT 10.0; Win64; x64) AppleWebKit/537.36 (KHTML, like Gecko) Chrome/119.0.0.0 Safari/537.36"
216.144.248.27 - - [06/Nov/2023:08:17:06 +0000] "HEAD /vendor/public/admin HTTP/1.1" 302 6087 "https://mplan.ashesi.edu.gh/vendor/public/admin" "Mozilla/5.0+(compatible; UptimeRobot/2.0; http://www.uptimerobot.com/)"
216.144.248.27 - - [06/Nov/2023:08:17:07 +0000] "HEAD /vendor/public/admin/login HTTP/1.1" 200 1434 "https://mplan.ashesi.edu.gh/vendor/public/admin" "Mozilla/5.0+(compatible; UptimeRobot/2.0; http://www.uptimerobot.com/)"
216.144.248.27 - - [06/Nov/2023:08:17:30 +0000] "HEAD /admin HTTP/1.1" 301 5368 "https://mplan.ashesi.edu.gh/admin" "Mozilla/5.0+(compatible; UptimeRobot/2.0; http://www.uptimerobot.com/)"
216.144.248.27 - - [06/Nov/2023:08:17:30 +0000] "HEAD /admin/ HTTP/1.1" 302 1548 "https://mplan.ashesi.edu.gh/admin" "Mozilla/5.0+(compatible; UptimeRobot/2.0; http://www.uptimerobot.com/)"
216.144.248.27 - - [06/Nov/2023:08:17:31 +0000] "HEAD /admin/admin/login HTTP/1.1" 200 1494 "https://mplan.ashesi.edu.gh/admin" "Mozilla/5.0+(compatible; UptimeRobot/2.0; http://www.uptimerobot.com/)"
154.160.14.41 - - [06/Nov/2023:08:14:21 +0000] "GET /API/api/getSalesReport/11 HTTP/1.1" 200 7127 "https://mplan.ashesi.edu.gh/pos/" "Mozilla/5.0 (Windows NT 10.0; Win64; x64) AppleWebKit/537.36 (KHTML, like Gecko) Chrome/118.0.0.0 Safari/537.36"
::1 - - [06/Nov/2023:08:17:37 +0000] "OPTIONS * HTTP/1.0" 200 126 "-" "Apache/2.4.29 (Ubuntu) OpenSSL/1.1.1 (internal dummy connection)"
154.160.14.41 - - [06/Nov/2023:08:17:37 +0000] "GET /pos/web/css/DataTables-1.10.16/images/sort_both.png HTTP/1.1" 200 1066 "https://mplan.ashesi.edu.gh/pos/web/css/datatables.css" "Mozilla/5.0 (Windows NT 10.0; Win64; x64) AppleWebKit/537.36 (KHTML, like Gecko) Chrome/118.0.0.0 Safari/537.36"
154.160.14.41 - - [06/Nov/2023:08:17:57 +0000] "-" 408 559 "-" "-"
154.160.14.41 - - [06/Nov/2023:08:18:09 +0000] "GET /API/api/print_day_sales_category/2023-11-05/11/Summary HTTP/1.1" 200 1039 "https://mplan.ashesi.edu.gh/pos/" "Mozilla/5.0 (Windows NT 10.0; Win64; x64) AppleWebKit/537.36 (KHTML, like Gecko) Chrome/118.0.0.0 Safari/537.36"
216.144.248.27 - - [06/Nov/2023:08:18:19 +0000] "HEAD /subscriber HTTP/1.1" 301 5373 "https://mplan.ashesi.edu.gh/subscriber" "Mozilla/5.0+(compatible; UptimeRobot/2.0; http://www.uptimerobot.com/)"
216.144.248.27 - - [06/Nov/2023:08:18:19 +0000] "HEAD /subscriber/ HTTP/1.1" 200 866 "https://mplan.ashesi.edu.gh/subscriber" "Mozilla/5.0+(compatible; UptimeRobot/2.0; http://www.uptimerobot.com/)"
154.160.14.41 - - [06/Nov/2023:08:18:08 +0000] "GET /API/api/getFunders/2023-11-05/11 HTTP/1.1" 200 2576 "https://mplan.ashesi.edu.gh/pos/" "Mozilla/5.0 (Windows NT 10.0; Win64; x64) AppleWebKit/537.36 (KHTML, like Gecko) Chrome/118.0.0.0 Safari/537.36"
41.79.97.5 - - [06/Nov/2023:08:20:15 +0000] "-" 408 5180 "-" "-"
41.79.97.5 - - [06/Nov/2023:08:20:16 +0000] "-" 408 5180 "-" "-"
216.144.248.27 - - [06/Nov/2023:08:20:52 +0000] "HEAD /pos HTTP/1.1" 301 5366 "https://mplan.ashesi.edu.gh/pos" "Mozilla/5.0+(compatible; UptimeRobot/2.0; http://www.uptimerobot.com/)"
216.144.248.27 - - [06/Nov/2023:08:20:52 +0000] "HEAD /pos/ HTTP/1.1" 200 867 "https://mplan.ashesi.edu.gh/pos" "Mozilla/5.0+(compatible; UptimeRobot/2.0; http://www.uptimerobot.com/)"
41.79.97.5 - - [06/Nov/2023:08:20:58 +0000] "-" 408 575 "-" "-"
41.79.97.5 - - [06/Nov/2023:08:20:58 +0000] "-" 408 559 "-" "-"
185.189.182.234 - - [06/Nov/2023:08:21:02 +0000] "GET / HTTP/1.1" 400 493 "-" "-"
41.79.97.5 - - [06/Nov/2023:08:21:05 +0000] "GET /API/api/getCurrentBalance/13569999 HTTP/1.1" 200 1792 "https://mplan.ashesi.edu.gh/pos/" "Mozilla/5.0 (Windows NT 10.0; Win64; x64) AppleWebKit/537.36 (KHTML, like Gecko) Chrome/118.0.0.0 Safari/537.36"
41.79.97.5 - - [06/Nov/2023:08:21:07 +0000] "GET /API/api/getCurrentBalance/13569999 HTTP/1.1" 200 1776 "https://mplan.ashesi.edu.gh/pos/" "Mozilla/5.0 (Windows NT 10.0; Win64; x64) AppleWebKit/537.36 (KHTML, like Gecko) Chrome/118.0.0.0 Safari/537.36"
41.79.97.5 - - [06/Nov/2023:08:21:11 +0000] "PUT /API/api/make_order HTTP/1.1" 200 1483 "https://mplan.ashesi.edu.gh/pos/" "Mozilla/5.0 (Windows NT 10.0; Win64; x64) AppleWebKit/537.36 (KHTML, like Gecko) Chrome/118.0.0.0 Safari/537.36"
41.79.97.5 - - [06/Nov/2023:08:21:42 +0000] "GET /API/api/getCurrentBalance/aue00246 HTTP/1.1" 200 1759 "https://mplan.ashesi.edu.gh/pos/" "Mozilla/5.0 (Windows NT 10.0; Win64; x64) AppleWebKit/537.36 (KHTML, like Gecko) Chrome/119.0.0.0 Safari/537.36"
41.79.97.5 - - [06/Nov/2023:08:21:49 +0000] "PUT /API/api/make_order HTTP/1.1" 200 1485 "https://mplan.ashesi.edu.gh/pos/" "Mozilla/5.0 (Windows NT 10.0; Win64; x64) AppleWebKit/537.36 (KHTML, like Gecko) Chrome/119.0.0.0 Safari/537.36"
41.79.97.5 - - [06/Nov/2023:08:21:58 +0000] "-" 408 5164 "-" "-"
41.79.97.5 - - [06/Nov/2023:08:21:58 +0000] "-" 408 5164 "-" "-"
216.144.248.27 - - [06/Nov/2023:08:22:06 +0000] "HEAD /vendor/public/admin HTTP/1.1" 302 6079 "https://mplan.ashesi.edu.gh/vendor/public/admin" "Mozilla/5.0+(compatible; UptimeRobot/2.0; http://www.uptimerobot.com/)"
216.144.248.27 - - [06/Nov/2023:08:22:06 +0000] "HEAD /vendor/public/admin/login HTTP/1.1" 200 1426 "https://mplan.ashesi.edu.gh/vendor/public/admin" "Mozilla/5.0+(compatible; UptimeRobot/2.0; http://www.uptimerobot.com/)"
41.79.97.5 - - [06/Nov/2023:08:22:12 +0000] "GET /pos/cordova.js HTTP/1.1" 404 5669 "https://mplan.ashesi.edu.gh/pos/" "Mozilla/5.0 (Windows NT 10.0; Win64; x64) AppleWebKit/537.36 (KHTML, like Gecko) Chrome/119.0.0.0 Safari/537.36"
41.79.97.5 - - [06/Nov/2023:08:22:13 +0000] "GET /API/api/get_store_product_categories/6 HTTP/1.1" 200 6249 "https://mplan.ashesi.edu.gh/pos/" "Mozilla/5.0 (Windows NT 10.0; Win64; x64) AppleWebKit/537.36 (KHTML, like Gecko) Chrome/119.0.0.0 Safari/537.36"
41.79.97.5 - - [06/Nov/2023:08:22:13 +0000] "GET /API/api/get_store_products/6 HTTP/1.1" 200 78111 "https://mplan.ashesi.edu.gh/pos/" "Mozilla/5.0 (Windows NT 10.0; Win64; x64) AppleWebKit/537.36 (KHTML, like Gecko) Chrome/119.0.0.0 Safari/537.36"
41.79.97.5 - - [06/Nov/2023:08:22:14 +0000] "GET /favicon.ico HTTP/1.1" 404 1080 "https://mplan.ashesi.edu.gh/pos/" "Mozilla/5.0 (Windows NT 10.0; Win64; x64) AppleWebKit/537.36 (KHTML, like Gecko) Chrome/119.0.0.0 Safari/537.36"
41.79.97.5 - - [06/Nov/2023:08:22:13 +0000] "GET /API/api/get_store_modifiers/6 HTTP/1.1" 200 1022 "https://mplan.ashesi.edu.gh/pos/" "Mozilla/5.0 (Windows NT 10.0; Win64; x64) AppleWebKit/537.36 (KHTML, like Gecko) Chrome/119.0.0.0 Safari/537.36"
41.79.97.5 - - [06/Nov/2023:08:22:14 +0000] "GET /API/api/get_riders/6 HTTP/1.1" 200 5611 "https://mplan.ashesi.edu.gh/pos/" "Mozilla/5.0 (Windows NT 10.0; Win64; x64) AppleWebKit/537.36 (KHTML, like Gecko) Chrome/119.0.0.0 Safari/537.36"
41.79.97.5 - - [06/Nov/2023:08:22:14 +0000] "GET /API/api/get_store_product_categories/6 HTTP/1.1" 200 6249 "https://mplan.ashesi.edu.gh/pos/" "Mozilla/5.0 (Windows NT 10.0; Win64; x64) AppleWebKit/537.36 (KHTML, like Gecko) Chrome/119.0.0.0 Safari/537.36"
41.79.97.5 - - [06/Nov/2023:08:22:15 +0000] "GET /API/api/get_store_products/6 HTTP/1.1" 200 78686 "https://mplan.ashesi.edu.gh/pos/" "Mozilla/5.0 (Windows NT 10.0; Win64; x64) AppleWebKit/537.36 (KHTML, like Gecko) Chrome/119.0.0.0 Safari/537.36"
41.79.97.5 - - [06/Nov/2023:08:22:14 +0000] "GET /API/api/get_orders_not_deliveries/6 HTTP/1.1" 200 5611 "https://mplan.ashesi.edu.gh/pos/" "Mozilla/5.0 (Windows NT 10.0; Win64; x64) AppleWebKit/537.36 (KHTML, like Gecko) Chrome/119.0.0.0 Safari/537.36"
41.79.97.5 - - [06/Nov/2023:08:22:14 +0000] "GET /API/api/get_cancelled_orders/6/6110 HTTP/1.1" 200 6200 "https://mplan.ashesi.edu.gh/pos/" "Mozilla/5.0 (Windows NT 10.0; Win64; x64) AppleWebKit/537.36 (KHTML, like Gecko) Chrome/119.0.0.0 Safari/537.36"
41.79.97.5 - - [06/Nov/2023:08:22:16 +0000] "GET /API/api/get_store_modifiers/6 HTTP/1.1" 200 1022 "https://mplan.ashesi.edu.gh/pos/" "Mozilla/5.0 (Windows NT 10.0; Win64; x64) AppleWebKit/537.36 (KHTML, like Gecko) Chrome/119.0.0.0 Safari/537.36"
41.79.97.5 - - [06/Nov/2023:08:22:14 +0000] "GET /API/api/get_sales/6/6110 HTTP/1.1" 200 9623 "https://mplan.ashesi.edu.gh/pos/" "Mozilla/5.0 (Windows NT 10.0; Win64; x64) AppleWebKit/537.36 (KHTML, like Gecko) Chrome/119.0.0.0 Safari/537.36"
41.79.97.5 - - [06/Nov/2023:08:22:16 +0000] "GET /API/api/getAllSubscribers HTTP/1.1" 200 2311226 "https://mplan.ashesi.edu.gh/pos/" "Mozilla/5.0 (Windows NT 10.0; Win64; x64) AppleWebKit/537.36 (KHTML, like Gecko) Chrome/119.0.0.0 Safari/537.36"
41.79.97.5 - - [06/Nov/2023:08:22:16 +0000] "GET /API/api/get_sales/6/6110 HTTP/1.1" 200 14787 "https://mplan.ashesi.edu.gh/pos/" "Mozilla/5.0 (Windows NT 10.0; Win64; x64) AppleWebKit/537.36 (KHTML, like Gecko) Chrome/119.0.0.0 Safari/537.36"
3.73.124.179 - - [06/Nov/2023:08:22:20 +0000] "GET / HTTP/1.1" 302 5305 "-" "Mozilla/5.0 (Macintosh; Intel Mac OS X x.y; rv:42.0) Gecko/20100101 Firefox/42.0"
216.144.248.27 - - [06/Nov/2023:08:22:30 +0000] "HEAD /admin HTTP/1.1" 301 5368 "https://mplan.ashesi.edu.gh/admin" "Mozilla/5.0+(compatible; UptimeRobot/2.0; http://www.uptimerobot.com/)"
216.144.248.27 - - [06/Nov/2023:08:22:30 +0000] "HEAD /admin/ HTTP/1.1" 302 1550 "https://mplan.ashesi.edu.gh/admin" "Mozilla/5.0+(compatible; UptimeRobot/2.0; http://www.uptimerobot.com/)"
216.144.248.27 - - [06/Nov/2023:08:22:31 +0000] "HEAD /admin/admin/login HTTP/1.1" 200 1494 "https://mplan.ashesi.edu.gh/admin" "Mozilla/5.0+(compatible; UptimeRobot/2.0; http://www.uptimerobot.com/)"
41.79.97.5 - - [06/Nov/2023:08:22:30 +0000] "GET /API/api/getCurrentBalance/63262025 HTTP/1.1" 200 1722 "https://mplan.ashesi.edu.gh/pos/" "Mozilla/5.0 (Windows NT 10.0; Win64; x64) AppleWebKit/537.36 (KHTML, like Gecko) Chrome/119.0.0.0 Safari/537.36"
41.79.97.5 - - [06/Nov/2023:08:22:43 +0000] "PUT /API/api/make_order HTTP/1.1" 500 57904 "https://mplan.ashesi.edu.gh/pos/" "Mozilla/5.0 (Windows NT 10.0; Win64; x64) AppleWebKit/537.36 (KHTML, like Gecko) Chrome/119.0.0.0 Safari/537.36"
41.79.97.5 - - [06/Nov/2023:08:22:47 +0000] "GET /API/api/getCurrentBalance/63262025 HTTP/1.1" 200 1738 "https://mplan.ashesi.edu.gh/pos/" "Mozilla/5.0 (Windows NT 10.0; Win64; x64) AppleWebKit/537.36 (KHTML, like Gecko) Chrome/119.0.0.0 Safari/537.36"
41.79.97.5 - - [06/Nov/2023:08:22:51 +0000] "PUT /API/api/make_order HTTP/1.1" 200 1503 "https://mplan.ashesi.edu.gh/pos/" "Mozilla/5.0 (Windows NT 10.0; Win64; x64) AppleWebKit/537.36 (KHTML, like Gecko) Chrome/119.0.0.0 Safari/537.36"
41.79.97.5 - - [06/Nov/2023:08:22:58 +0000] "-" 408 559 "-" "-"
41.79.97.5 - - [06/Nov/2023:08:22:58 +0000] "-" 408 559 "-" "-"
216.144.248.27 - - [06/Nov/2023:08:23:19 +0000] "HEAD /subscriber HTTP/1.1" 301 5373 "https://mplan.ashesi.edu.gh/subscriber" "Mozilla/5.0+(compatible; UptimeRobot/2.0; http://www.uptimerobot.com/)"
216.144.248.27 - - [06/Nov/2023:08:23:19 +0000] "HEAD /subscriber/ HTTP/1.1" 200 866 "https://mplan.ashesi.edu.gh/subscriber" "Mozilla/5.0+(compatible; UptimeRobot/2.0; http://www.uptimerobot.com/)"
5.188.210.227 - - [06/Nov/2023:08:23:25 +0000] "GET http://5.188.210.227/echo.php HTTP/1.1" 404 455 "https://www.google.com/" "Mozilla/5.0 (Windows NT 6.1) AppleWebKit/537.36 (KHTML, like Gecko) Chrome/70.0.3538.77 Safari/537.36"
41.79.97.5 - - [06/Nov/2023:08:22:14 +0000] "GET /API/api/getMyRegisters/70 HTTP/1.1" 200 8303 "https://mplan.ashesi.edu.gh/pos/" "Mozilla/5.0 (Windows NT 10.0; Win64; x64) AppleWebKit/537.36 (KHTML, like Gecko) Chrome/119.0.0.0 Safari/537.36"
41.79.97.5 - - [06/Nov/2023:08:22:16 +0000] "GET /API/api/getFunders/2023-10-10/6 HTTP/1.1" 200 2318 "https://mplan.ashesi.edu.gh/pos/" "Mozilla/5.0 (Windows NT 10.0; Win64; x64) AppleWebKit/537.36 (KHTML, like Gecko) Chrome/119.0.0.0 Safari/537.36"
216.144.248.27 - - [06/Nov/2023:08:25:52 +0000] "HEAD /pos HTTP/1.1" 301 5366 "https://mplan.ashesi.edu.gh/pos" "Mozilla/5.0+(compatible; UptimeRobot/2.0; http://www.uptimerobot.com/)"
216.144.248.27 - - [06/Nov/2023:08:25:52 +0000] "HEAD /pos/ HTTP/1.1" 200 867 "https://mplan.ashesi.edu.gh/pos" "Mozilla/5.0+(compatible; UptimeRobot/2.0; http://www.uptimerobot.com/)"
41.79.97.5 - - [06/Nov/2023:08:22:14 +0000] "GET /API/api/getSalesReport/6 HTTP/1.1" 200 8248 "https://mplan.ashesi.edu.gh/pos/" "Mozilla/5.0 (Windows NT 10.0; Win64; x64) AppleWebKit/537.36 (KHTML, like Gecko) Chrome/119.0.0.0 Safari/537.36"
::1 - - [06/Nov/2023:08:25:59 +0000] "OPTIONS * HTTP/1.0" 200 126 "-" "Apache/2.4.29 (Ubuntu) OpenSSL/1.1.1 (internal dummy connection)"
216.144.248.27 - - [06/Nov/2023:08:27:06 +0000] "HEAD /vendor/public/admin HTTP/1.1" 302 6089 "https://mplan.ashesi.edu.gh/vendor/public/admin" "Mozilla/5.0+(compatible; UptimeRobot/2.0; http://www.uptimerobot.com/)"
216.144.248.27 - - [06/Nov/2023:08:27:07 +0000] "HEAD /vendor/public/admin/login HTTP/1.1" 200 1422 "https://mplan.ashesi.edu.gh/vendor/public/admin" "Mozilla/5.0+(compatible; UptimeRobot/2.0; http://www.uptimerobot.com/)"
216.144.248.27 - - [06/Nov/2023:08:27:30 +0000] "HEAD /admin HTTP/1.1" 301 5368 "https://mplan.ashesi.edu.gh/admin" "Mozilla/5.0+(compatible; UptimeRobot/2.0; http://www.uptimerobot.com/)"
216.144.248.27 - - [06/Nov/2023:08:27:30 +0000] "HEAD /admin/ HTTP/1.1" 302 1556 "https://mplan.ashesi.edu.gh/admin" "Mozilla/5.0+(compatible; UptimeRobot/2.0; http://www.uptimerobot.com/)"
216.144.248.27 - - [06/Nov/2023:08:27:31 +0000] "HEAD /admin/admin/login HTTP/1.1" 200 1494 "https://mplan.ashesi.edu.gh/admin" "Mozilla/5.0+(compatible; UptimeRobot/2.0; http://www.uptimerobot.com/)"
216.144.248.27 - - [06/Nov/2023:08:28:19 +0000] "HEAD /subscriber HTTP/1.1" 301 5373 "https://mplan.ashesi.edu.gh/subscriber" "Mozilla/5.0+(compatible; UptimeRobot/2.0; http://www.uptimerobot.com/)"
216.144.248.27 - - [06/Nov/2023:08:28:19 +0000] "HEAD /subscriber/ HTTP/1.1" 200 866 "https://mplan.ashesi.edu.gh/subscriber" "Mozilla/5.0+(compatible; UptimeRobot/2.0; http://www.uptimerobot.com/)"
45.79.181.179 - - [06/Nov/2023:08:28:47 +0000] "\x16\x03\x01" 400 493 "-" "-"
41.79.97.5 - - [06/Nov/2023:08:29:02 +0000] "GET /API/api/getCurrentBalance/14009999 HTTP/1.1" 200 6336 "https://mplan.ashesi.edu.gh/pos/" "Mozilla/5.0 (Windows NT 10.0; Win64; x64) AppleWebKit/537.36 (KHTML, like Gecko) Chrome/119.0.0.0 Safari/537.36"
41.79.97.5 - - [06/Nov/2023:08:29:04 +0000] "GET /API/api/getCurrentBalance/14009999 HTTP/1.1" 200 1763 "https://mplan.ashesi.edu.gh/pos/" "Mozilla/5.0 (Windows NT 10.0; Win64; x64) AppleWebKit/537.36 (KHTML, like Gecko) Chrome/119.0.0.0 Safari/537.36"
41.79.97.5 - - [06/Nov/2023:08:29:06 +0000] "GET /API/api/getCurrentBalance/14009999 HTTP/1.1" 200 1747 "https://mplan.ashesi.edu.gh/pos/" "Mozilla/5.0 (Windows NT 10.0; Win64; x64) AppleWebKit/537.36 (KHTML, like Gecko) Chrome/119.0.0.0 Safari/537.36"
41.79.97.5 - - [06/Nov/2023:08:29:08 +0000] "GET /API/api/getCurrentBalance/14009999 HTTP/1.1" 200 1747 "https://mplan.ashesi.edu.gh/pos/" "Mozilla/5.0 (Windows NT 10.0; Win64; x64) AppleWebKit/537.36 (KHTML, like Gecko) Chrome/119.0.0.0 Safari/537.36"
41.79.97.5 - - [06/Nov/2023:08:29:10 +0000] "PUT /API/api/make_order HTTP/1.1" 200 1046 "https://mplan.ashesi.edu.gh/pos/" "Mozilla/5.0 (Windows NT 10.0; Win64; x64) AppleWebKit/537.36 (KHTML, like Gecko) Chrome/119.0.0.0 Safari/537.36"
41.79.97.5 - - [06/Nov/2023:08:29:17 +0000] "PUT /API/api/make_order HTTP/1.1" 200 1505 "https://mplan.ashesi.edu.gh/pos/" "Mozilla/5.0 (Windows NT 10.0; Win64; x64) AppleWebKit/537.36 (KHTML, like Gecko) Chrome/119.0.0.0 Safari/537.36"
41.79.97.5 - - [06/Nov/2023:08:29:49 +0000] "GET /API/api/getCurrentBalance/08442026 HTTP/1.1" 200 6341 "https://mplan.ashesi.edu.gh/pos/" "Mozilla/5.0 (Windows NT 10.0; Win64; x64) AppleWebKit/537.36 (KHTML, like Gecko) Chrome/119.0.0.0 Safari/537.36"
41.79.97.5 - - [06/Nov/2023:08:29:58 +0000] "GET /API/api/getCurrentBalance/08442026 HTTP/1.1" 200 1736 "https://mplan.ashesi.edu.gh/pos/" "Mozilla/5.0 (Windows NT 10.0; Win64; x64) AppleWebKit/537.36 (KHTML, like Gecko) Chrome/119.0.0.0 Safari/537.36"
41.79.97.5 - - [06/Nov/2023:08:30:06 +0000] "PUT /API/api/make_order HTTP/1.1" 200 1493 "https://mplan.ashesi.edu.gh/pos/" "Mozilla/5.0 (Windows NT 10.0; Win64; x64) AppleWebKit/537.36 (KHTML, like Gecko) Chrome/119.0.0.0 Safari/537.36"
216.144.248.27 - - [06/Nov/2023:08:30:52 +0000] "HEAD /pos HTTP/1.1" 301 5366 "https://mplan.ashesi.edu.gh/pos" "Mozilla/5.0+(compatible; UptimeRobot/2.0; http://www.uptimerobot.com/)"
216.144.248.27 - - [06/Nov/2023:08:30:52 +0000] "HEAD /pos/ HTTP/1.1" 200 867 "https://mplan.ashesi.edu.gh/pos" "Mozilla/5.0+(compatible; UptimeRobot/2.0; http://www.uptimerobot.com/)"
216.144.248.27 - - [06/Nov/2023:08:32:06 +0000] "HEAD /vendor/public/admin HTTP/1.1" 302 6087 "https://mplan.ashesi.edu.gh/vendor/public/admin" "Mozilla/5.0+(compatible; UptimeRobot/2.0; http://www.uptimerobot.com/)"
216.144.248.27 - - [06/Nov/2023:08:32:06 +0000] "HEAD /vendor/public/admin/login HTTP/1.1" 200 1428 "https://mplan.ashesi.edu.gh/vendor/public/admin" "Mozilla/5.0+(compatible; UptimeRobot/2.0; http://www.uptimerobot.com/)"
216.144.248.27 - - [06/Nov/2023:08:32:30 +0000] "HEAD /admin HTTP/1.1" 301 5368 "https://mplan.ashesi.edu.gh/admin" "Mozilla/5.0+(compatible; UptimeRobot/2.0; http://www.uptimerobot.com/)"
216.144.248.27 - - [06/Nov/2023:08:32:30 +0000] "HEAD /admin/ HTTP/1.1" 302 1550 "https://mplan.ashesi.edu.gh/admin" "Mozilla/5.0+(compatible; UptimeRobot/2.0; http://www.uptimerobot.com/)"
216.144.248.27 - - [06/Nov/2023:08:32:31 +0000] "HEAD /admin/admin/login HTTP/1.1" 200 1492 "https://mplan.ashesi.edu.gh/admin" "Mozilla/5.0+(compatible; UptimeRobot/2.0; http://www.uptimerobot.com/)"
41.79.97.5 - - [06/Nov/2023:08:32:35 +0000] "GET /subscriber/ HTTP/1.1" 301 608 "-" "Mozilla/5.0 (iPhone; CPU iPhone OS 12_5_7 like Mac OS X) AppleWebKit/605.1.15 (KHTML, like Gecko) Version/12.1.2 Mobile/15E148 Safari/604.1"
41.79.97.5 - - [06/Nov/2023:08:32:35 +0000] "GET /subscriber/ HTTP/1.1" 200 5918 "-" "Mozilla/5.0 (iPhone; CPU iPhone OS 12_5_7 like Mac OS X) AppleWebKit/605.1.15 (KHTML, like Gecko) Version/12.1.2 Mobile/15E148 Safari/604.1"
41.79.97.5 - - [06/Nov/2023:08:32:36 +0000] "GET /apple-touch-icon-120x120-precomposed.png HTTP/1.1" 404 5701 "-" "MobileSafari/604.1 CFNetwork/978.0.7 Darwin/18.7.0"
41.79.97.5 - - [06/Nov/2023:08:32:36 +0000] "GET /apple-touch-icon-120x120.png HTTP/1.1" 404 520 "-" "MobileSafari/604.1 CFNetwork/978.0.7 Darwin/18.7.0"
41.79.97.5 - - [06/Nov/2023:08:32:36 +0000] "GET /apple-touch-icon-precomposed.png HTTP/1.1" 404 520 "-" "MobileSafari/604.1 CFNetwork/978.0.7 Darwin/18.7.0"
41.79.97.5 - - [06/Nov/2023:08:32:37 +0000] "GET /apple-touch-icon.png HTTP/1.1" 404 520 "-" "MobileSafari/604.1 CFNetwork/978.0.7 Darwin/18.7.0"
41.79.97.5 - - [06/Nov/2023:08:32:37 +0000] "GET /subscriber/vite.svg HTTP/1.1" 200 1808 "-" "MobileSafari/604.1 CFNetwork/978.0.7 Darwin/18.7.0"
41.79.97.5 - - [06/Nov/2023:08:32:37 +0000] "GET /favicon.ico HTTP/1.1" 404 520 "-" "MobileSafari/604.1 CFNetwork/978.0.7 Darwin/18.7.0"
41.79.97.5 - - [06/Nov/2023:08:32:37 +0000] "GET /apple-touch-icon-120x120-precomposed.png HTTP/1.1" 404 520 "-" "MobileSafari/604.1 CFNetwork/978.0.7 Darwin/18.7.0"
41.79.97.5 - - [06/Nov/2023:08:32:37 +0000] "GET /apple-touch-icon-120x120.png HTTP/1.1" 404 520 "-" "MobileSafari/604.1 CFNetwork/978.0.7 Darwin/18.7.0"
41.79.97.5 - - [06/Nov/2023:08:32:37 +0000] "GET /apple-touch-icon-precomposed.png HTTP/1.1" 404 520 "-" "MobileSafari/604.1 CFNetwork/978.0.7 Darwin/18.7.0"
41.79.97.5 - - [06/Nov/2023:08:32:38 +0000] "GET /apple-touch-icon.png HTTP/1.1" 404 520 "-" "MobileSafari/604.1 CFNetwork/978.0.7 Darwin/18.7.0"
41.79.97.5 - - [06/Nov/2023:08:32:38 +0000] "GET /subscriber/vite.svg HTTP/1.1" 200 1808 "-" "MobileSafari/604.1 CFNetwork/978.0.7 Darwin/18.7.0"
41.79.97.5 - - [06/Nov/2023:08:32:38 +0000] "GET /favicon.ico HTTP/1.1" 404 520 "-" "MobileSafari/604.1 CFNetwork/978.0.7 Darwin/18.7.0"
41.79.97.5 - - [06/Nov/2023:08:32:39 +0000] "GET /subscriber/ HTTP/1.1" 301 608 "-" "Mozilla/5.0 (iPhone; CPU iPhone OS 12_5_7 like Mac OS X) AppleWebKit/605.1.15 (KHTML, like Gecko) Version/12.1.2 Mobile/15E148 Safari/604.1"
41.79.97.5 - - [06/Nov/2023:08:32:39 +0000] "GET /subscriber/ HTTP/1.1" 200 5934 "-" "Mozilla/5.0 (iPhone; CPU iPhone OS 12_5_7 like Mac OS X) AppleWebKit/605.1.15 (KHTML, like Gecko) Version/12.1.2 Mobile/15E148 Safari/604.1"
41.79.97.5 - - [06/Nov/2023:08:32:40 +0000] "GET /apple-touch-icon-120x120-precomposed.png HTTP/1.1" 404 520 "-" "MobileSafari/604.1 CFNetwork/978.0.7 Darwin/18.7.0"
41.79.97.5 - - [06/Nov/2023:08:32:40 +0000] "GET /apple-touch-icon-120x120.png HTTP/1.1" 404 520 "-" "MobileSafari/604.1 CFNetwork/978.0.7 Darwin/18.7.0"
41.79.97.5 - - [06/Nov/2023:08:32:40 +0000] "GET /apple-touch-icon-precomposed.png HTTP/1.1" 404 520 "-" "MobileSafari/604.1 CFNetwork/978.0.7 Darwin/18.7.0"
41.79.97.5 - - [06/Nov/2023:08:32:40 +0000] "GET /apple-touch-icon.png HTTP/1.1" 404 520 "-" "MobileSafari/604.1 CFNetwork/978.0.7 Darwin/18.7.0"
41.79.97.5 - - [06/Nov/2023:08:32:40 +0000] "GET /subscriber/vite.svg HTTP/1.1" 200 1808 "-" "MobileSafari/604.1 CFNetwork/978.0.7 Darwin/18.7.0"
41.79.97.5 - - [06/Nov/2023:08:32:40 +0000] "GET /favicon.ico HTTP/1.1" 404 520 "-" "MobileSafari/604.1 CFNetwork/978.0.7 Darwin/18.7.0"
41.79.97.5 - - [06/Nov/2023:08:32:40 +0000] "GET /apple-touch-icon-120x120-precomposed.png HTTP/1.1" 404 520 "-" "MobileSafari/604.1 CFNetwork/978.0.7 Darwin/18.7.0"
41.79.97.5 - - [06/Nov/2023:08:32:41 +0000] "GET /apple-touch-icon-120x120.png HTTP/1.1" 404 520 "-" "MobileSafari/604.1 CFNetwork/978.0.7 Darwin/18.7.0"
41.79.97.5 - - [06/Nov/2023:08:32:41 +0000] "GET /apple-touch-icon-precomposed.png HTTP/1.1" 404 520 "-" "MobileSafari/604.1 CFNetwork/978.0.7 Darwin/18.7.0"
41.79.97.5 - - [06/Nov/2023:08:32:41 +0000] "GET /apple-touch-icon.png HTTP/1.1" 404 520 "-" "MobileSafari/604.1 CFNetwork/978.0.7 Darwin/18.7.0"
41.79.97.5 - - [06/Nov/2023:08:32:41 +0000] "GET /subscriber/vite.svg HTTP/1.1" 200 1808 "-" "MobileSafari/604.1 CFNetwork/978.0.7 Darwin/18.7.0"
41.79.97.5 - - [06/Nov/2023:08:32:41 +0000] "GET /favicon.ico HTTP/1.1" 404 520 "-" "MobileSafari/604.1 CFNetwork/978.0.7 Darwin/18.7.0"
216.144.248.27 - - [06/Nov/2023:08:33:19 +0000] "HEAD /subscriber HTTP/1.1" 301 5373 "https://mplan.ashesi.edu.gh/subscriber" "Mozilla/5.0+(compatible; UptimeRobot/2.0; http://www.uptimerobot.com/)"
216.144.248.27 - - [06/Nov/2023:08:33:19 +0000] "HEAD /subscriber/ HTTP/1.1" 200 866 "https://mplan.ashesi.edu.gh/subscriber" "Mozilla/5.0+(compatible; UptimeRobot/2.0; http://www.uptimerobot.com/)"
41.79.97.5 - - [06/Nov/2023:08:34:29 +0000] "GET /API/api/getCurrentBalance/76732026 HTTP/1.1" 200 6335 "https://mplan.ashesi.edu.gh/pos/" "Mozilla/5.0 (Windows NT 10.0; Win64; x64) AppleWebKit/537.36 (KHTML, like Gecko) Chrome/119.0.0.0 Safari/537.36"
41.79.97.5 - - [06/Nov/2023:08:34:30 +0000] "GET /API/api/getCurrentBalance/76732026 HTTP/1.1" 200 1746 "https://mplan.ashesi.edu.gh/pos/" "Mozilla/5.0 (Windows NT 10.0; Win64; x64) AppleWebKit/537.36 (KHTML, like Gecko) Chrome/119.0.0.0 Safari/537.36"
41.79.97.5 - - [06/Nov/2023:08:34:32 +0000] "GET /API/api/getCurrentBalance/76732026 HTTP/1.1" 200 1746 "https://mplan.ashesi.edu.gh/pos/" "Mozilla/5.0 (Windows NT 10.0; Win64; x64) AppleWebKit/537.36 (KHTML, like Gecko) Chrome/119.0.0.0 Safari/537.36"
41.79.97.5 - - [06/Nov/2023:08:34:34 +0000] "GET /API/api/getCurrentBalance/76732026 HTTP/1.1" 200 1730 "https://mplan.ashesi.edu.gh/pos/" "Mozilla/5.0 (Windows NT 10.0; Win64; x64) AppleWebKit/537.36 (KHTML, like Gecko) Chrome/119.0.0.0 Safari/537.36"
41.79.97.5 - - [06/Nov/2023:08:34:36 +0000] "GET /API/api/getCurrentBalance/76732026 HTTP/1.1" 200 1730 "https://mplan.ashesi.edu.gh/pos/" "Mozilla/5.0 (Windows NT 10.0; Win64; x64) AppleWebKit/537.36 (KHTML, like Gecko) Chrome/119.0.0.0 Safari/537.36"
41.79.97.5 - - [06/Nov/2023:08:34:37 +0000] "PUT /API/api/make_order HTTP/1.1" 200 1485 "https://mplan.ashesi.edu.gh/pos/" "Mozilla/5.0 (Windows NT 10.0; Win64; x64) AppleWebKit/537.36 (KHTML, like Gecko) Chrome/119.0.0.0 Safari/537.36"
216.144.248.27 - - [06/Nov/2023:08:35:52 +0000] "HEAD /pos HTTP/1.1" 301 5366 "https://mplan.ashesi.edu.gh/pos" "Mozilla/5.0+(compatible; UptimeRobot/2.0; http://www.uptimerobot.com/)"
216.144.248.27 - - [06/Nov/2023:08:35:52 +0000] "HEAD /pos/ HTTP/1.1" 200 867 "https://mplan.ashesi.edu.gh/pos" "Mozilla/5.0+(compatible; UptimeRobot/2.0; http://www.uptimerobot.com/)"
87.88.147.253 - - [06/Nov/2023:08:36:55 +0000] "GET / HTTP/1.1" 302 5457 "https://www.google.com/" "Mozilla/5.0 (Linux; Android 10; K) AppleWebKit/537.36 (KHTML, like Gecko) Chrome/118.0.0.0 Mobile Safari/537.36"
87.88.147.253 - - [06/Nov/2023:08:36:55 +0000] "GET /subscriber/ HTTP/1.1" 200 753 "https://www.google.com/" "Mozilla/5.0 (Linux; Android 10; K) AppleWebKit/537.36 (KHTML, like Gecko) Chrome/118.0.0.0 Mobile Safari/537.36"
87.88.147.253 - - [06/Nov/2023:08:36:55 +0000] "GET /subscriber/assets/index-919520b5.css HTTP/1.1" 200 6607 "https://mplan.ashesi.edu.gh/subscriber/" "Mozilla/5.0 (Linux; Android 10; K) AppleWebKit/537.36 (KHTML, like Gecko) Chrome/118.0.0.0 Mobile Safari/537.36"
87.88.147.253 - - [06/Nov/2023:08:36:55 +0000] "GET /subscriber/assets/index-e7c9cb4e.js HTTP/1.1" 200 187467 "https://mplan.ashesi.edu.gh/subscriber/" "Mozilla/5.0 (Linux; Android 10; K) AppleWebKit/537.36 (KHTML, like Gecko) Chrome/118.0.0.0 Mobile Safari/537.36"
87.88.147.253 - - [06/Nov/2023:08:36:56 +0000] "GET /subscriber/assets/headerimg-5519f95f.png HTTP/1.1" 200 1760353 "https://mplan.ashesi.edu.gh/subscriber/assets/index-919520b5.css" "Mozilla/5.0 (Linux; Android 10; K) AppleWebKit/537.36 (KHTML, like Gecko) Chrome/118.0.0.0 Mobile Safari/537.36"
87.88.147.253 - - [06/Nov/2023:08:37:02 +0000] "GET /API/api/getCurrentBalance/29352025 HTTP/1.1" 200 1739 "https://mplan.ashesi.edu.gh/subscriber/" "Mozilla/5.0 (Linux; Android 10; K) AppleWebKit/537.36 (KHTML, like Gecko) Chrome/118.0.0.0 Mobile Safari/537.36"
216.144.248.27 - - [06/Nov/2023:08:37:06 +0000] "HEAD /vendor/public/admin HTTP/1.1" 302 6087 "https://mplan.ashesi.edu.gh/vendor/public/admin" "Mozilla/5.0+(compatible; UptimeRobot/2.0; http://www.uptimerobot.com/)"
216.144.248.27 - - [06/Nov/2023:08:37:06 +0000] "HEAD /vendor/public/admin/login HTTP/1.1" 200 1426 "https://mplan.ashesi.edu.gh/vendor/public/admin" "Mozilla/5.0+(compatible; UptimeRobot/2.0; http://www.uptimerobot.com/)"
41.79.97.5 - - [06/Nov/2023:08:37:09 +0000] "GET /API/api/getCurrentBalance/85722025 HTTP/1.1" 200 6346 "https://mplan.ashesi.edu.gh/pos/" "Mozilla/5.0 (Windows NT 10.0; Win64; x64) AppleWebKit/537.36 (KHTML, like Gecko) Chrome/118.0.0.0 Safari/537.36"
41.79.97.5 - - [06/Nov/2023:08:37:10 +0000] "GET /API/api/getCurrentBalance/85722025 HTTP/1.1" 200 1741 "https://mplan.ashesi.edu.gh/pos/" "Mozilla/5.0 (Windows NT 10.0; Win64; x64) AppleWebKit/537.36 (KHTML, like Gecko) Chrome/118.0.0.0 Safari/537.36"
41.79.97.5 - - [06/Nov/2023:08:37:15 +0000] "PUT /API/api/make_order HTTP/1.1" 200 1504 "https://mplan.ashesi.edu.gh/pos/" "Mozilla/5.0 (Windows NT 10.0; Win64; x64) AppleWebKit/537.36 (KHTML, like Gecko) Chrome/118.0.0.0 Safari/537.36"
216.144.248.27 - - [06/Nov/2023:08:37:30 +0000] "HEAD /admin HTTP/1.1" 301 5368 "https://mplan.ashesi.edu.gh/admin" "Mozilla/5.0+(compatible; UptimeRobot/2.0; http://www.uptimerobot.com/)"
216.144.248.27 - - [06/Nov/2023:08:37:30 +0000] "HEAD /admin/ HTTP/1.1" 302 1552 "https://mplan.ashesi.edu.gh/admin" "Mozilla/5.0+(compatible; UptimeRobot/2.0; http://www.uptimerobot.com/)"
216.144.248.27 - - [06/Nov/2023:08:37:31 +0000] "HEAD /admin/admin/login HTTP/1.1" 200 1502 "https://mplan.ashesi.edu.gh/admin" "Mozilla/5.0+(compatible; UptimeRobot/2.0; http://www.uptimerobot.com/)"
216.144.248.27 - - [06/Nov/2023:08:38:19 +0000] "HEAD /subscriber HTTP/1.1" 301 5373 "https://mplan.ashesi.edu.gh/subscriber" "Mozilla/5.0+(compatible; UptimeRobot/2.0; http://www.uptimerobot.com/)"
216.144.248.27 - - [06/Nov/2023:08:38:19 +0000] "HEAD /subscriber/ HTTP/1.1" 200 866 "https://mplan.ashesi.edu.gh/subscriber" "Mozilla/5.0+(compatible; UptimeRobot/2.0; http://www.uptimerobot.com/)"
212.195.54.52 - - [06/Nov/2023:08:39:41 +0000] "GET /subscriber/ HTTP/1.1" 200 5934 "-" "Mozilla/5.0 (Linux; Android 10; K) AppleWebKit/537.36 (KHTML, like Gecko) Chrome/118.0.0.0 Mobile Safari/537.36"
212.195.54.52 - - [06/Nov/2023:08:39:41 +0000] "GET /subscriber/assets/index-e7c9cb4e.js HTTP/1.1" 200 187467 "https://mplan.ashesi.edu.gh/subscriber/" "Mozilla/5.0 (Linux; Android 10; K) AppleWebKit/537.36 (KHTML, like Gecko) Chrome/118.0.0.0 Mobile Safari/537.36"
212.195.54.52 - - [06/Nov/2023:08:39:41 +0000] "GET /subscriber/assets/index-919520b5.css HTTP/1.1" 200 2034 "https://mplan.ashesi.edu.gh/subscriber/" "Mozilla/5.0 (Linux; Android 10; K) AppleWebKit/537.36 (KHTML, like Gecko) Chrome/118.0.0.0 Mobile Safari/537.36"
212.195.54.52 - - [06/Nov/2023:08:39:42 +0000] "GET /subscriber/assets/headerimg-5519f95f.png HTTP/1.1" 200 1760353 "https://mplan.ashesi.edu.gh/subscriber/assets/index-919520b5.css" "Mozilla/5.0 (Linux; Android 10; K) AppleWebKit/537.36 (KHTML, like Gecko) Chrome/118.0.0.0 Mobile Safari/537.36"
212.195.54.52 - - [06/Nov/2023:08:39:42 +0000] "GET /subscriber/vite.svg HTTP/1.1" 304 202 "https://mplan.ashesi.edu.gh/subscriber/" "Mozilla/5.0 (Linux; Android 10; K) AppleWebKit/537.36 (KHTML, like Gecko) Chrome/118.0.0.0 Mobile Safari/537.36"
212.195.54.52 - - [06/Nov/2023:08:39:48 +0000] "GET /API/api/getCurrentBalance/73022025 HTTP/1.1" 200 1741 "https://mplan.ashesi.edu.gh/subscriber/" "Mozilla/5.0 (Linux; Android 10; K) AppleWebKit/537.36 (KHTML, like Gecko) Chrome/118.0.0.0 Mobile Safari/537.36"
34.79.185.83 - - [06/Nov/2023:08:40:12 +0000] "\x16\x03\x01" 400 493 "-" "-"
34.79.185.83 - - [06/Nov/2023:08:40:14 +0000] "OPTIONS / HTTP/1.0" 302 218 "-" "-"
216.144.248.27 - - [06/Nov/2023:08:40:52 +0000] "HEAD /pos HTTP/1.1" 301 5366 "https://mplan.ashesi.edu.gh/pos" "Mozilla/5.0+(compatible; UptimeRobot/2.0; http://www.uptimerobot.com/)"
216.144.248.27 - - [06/Nov/2023:08:40:52 +0000] "HEAD /pos/ HTTP/1.1" 200 867 "https://mplan.ashesi.edu.gh/pos" "Mozilla/5.0+(compatible; UptimeRobot/2.0; http://www.uptimerobot.com/)"
41.79.97.5 - - [06/Nov/2023:08:41:22 +0000] "GET /API/api/getCurrentBalance/73022025 HTTP/1.1" 200 1725 "https://mplan.ashesi.edu.gh/pos/" "Mozilla/5.0 (Windows NT 10.0; Win64; x64) AppleWebKit/537.36 (KHTML, like Gecko) Chrome/118.0.0.0 Safari/537.36"
41.79.97.5 - - [06/Nov/2023:08:41:23 +0000] "GET /API/api/getCurrentBalance/73022025 HTTP/1.1" 200 1725 "https://mplan.ashesi.edu.gh/pos/" "Mozilla/5.0 (Windows NT 10.0; Win64; x64) AppleWebKit/537.36 (KHTML, like Gecko) Chrome/118.0.0.0 Safari/537.36"
41.79.97.5 - - [06/Nov/2023:08:41:32 +0000] "PUT /API/api/make_order HTTP/1.1" 200 1483 "https://mplan.ashesi.edu.gh/pos/" "Mozilla/5.0 (Windows NT 10.0; Win64; x64) AppleWebKit/537.36 (KHTML, like Gecko) Chrome/118.0.0.0 Safari/537.36"
216.144.248.27 - - [06/Nov/2023:08:42:06 +0000] "HEAD /vendor/public/admin HTTP/1.1" 302 6079 "https://mplan.ashesi.edu.gh/vendor/public/admin" "Mozilla/5.0+(compatible; UptimeRobot/2.0; http://www.uptimerobot.com/)"
216.144.248.27 - - [06/Nov/2023:08:42:06 +0000] "HEAD /vendor/public/admin/login HTTP/1.1" 200 1430 "https://mplan.ashesi.edu.gh/vendor/public/admin" "Mozilla/5.0+(compatible; UptimeRobot/2.0; http://www.uptimerobot.com/)"
41.79.97.5 - - [06/Nov/2023:08:42:12 +0000] "GET /API/api/getCurrentBalance/90962025 HTTP/1.1" 200 1749 "https://mplan.ashesi.edu.gh/pos/" "Mozilla/5.0 (Windows NT 10.0; Win64; x64) AppleWebKit/537.36 (KHTML, like Gecko) Chrome/118.0.0.0 Safari/537.36"
41.79.97.5 - - [06/Nov/2023:08:42:14 +0000] "GET /API/api/getCurrentBalance/90962025 HTTP/1.1" 200 1749 "https://mplan.ashesi.edu.gh/pos/" "Mozilla/5.0 (Windows NT 10.0; Win64; x64) AppleWebKit/537.36 (KHTML, like Gecko) Chrome/118.0.0.0 Safari/537.36"
41.79.97.5 - - [06/Nov/2023:08:42:21 +0000] "PUT /API/api/make_order HTTP/1.1" 200 1490 "https://mplan.ashesi.edu.gh/pos/" "Mozilla/5.0 (Windows NT 10.0; Win64; x64) AppleWebKit/537.36 (KHTML, like Gecko) Chrome/118.0.0.0 Safari/537.36"
102.176.94.18 - - [06/Nov/2023:08:42:28 +0000] "-" 408 5164 "-" "-"
102.176.94.18 - - [06/Nov/2023:08:42:28 +0000] "-" 408 5148 "-" "-"
216.144.248.27 - - [06/Nov/2023:08:42:30 +0000] "HEAD /admin HTTP/1.1" 301 5368 "https://mplan.ashesi.edu.gh/admin" "Mozilla/5.0+(compatible; UptimeRobot/2.0; http://www.uptimerobot.com/)"
