41.79.97.5 - - [05/Nov/2023:11:38:49 +0000] "OPTIONS /API/api/getCurrentBalance/27392026 HTTP/1.1" 200 1030 "http://104.248.33.13/" "Mozilla/5.0 (Windows NT 10.0; Win64; x64) AppleWebKit/537.36 (KHTML, like Gecko) Chrome/119.0.0.0 Safari/537.36"
41.79.97.5 - - [05/Nov/2023:11:38:49 +0000] "OPTIONS /API/api/getCurrentBalance/27392026 HTTP/1.1" 200 1030 "http://104.248.33.13/" "Mozilla/5.0 (Windows NT 10.0; Win64; x64) AppleWebKit/537.36 (KHTML, like Gecko) Chrome/119.0.0.0 Safari/537.36"
41.79.97.5 - - [05/Nov/2023:11:38:50 +0000] "GET /API/api/getCurrentBalance/27392026 HTTP/1.1" 200 1744 "http://104.248.33.13/" "Mozilla/5.0 (Windows NT 10.0; Win64; x64) AppleWebKit/537.36 (KHTML, like Gecko) Chrome/119.0.0.0 Safari/537.36"
41.79.97.5 - - [05/Nov/2023:11:38:52 +0000] "GET /API/api/getCurrentBalance/27392026 HTTP/1.1" 200 1760 "http://104.248.33.13/" "Mozilla/5.0 (Windows NT 10.0; Win64; x64) AppleWebKit/537.36 (KHTML, like Gecko) Chrome/119.0.0.0 Safari/537.36"
41.79.97.5 - - [05/Nov/2023:11:39:07 +0000] "GET /API/api/getCurrentBalance/27392026 HTTP/1.1" 200 1760 "http://104.248.33.13/" "Mozilla/5.0 (Windows NT 10.0; Win64; x64) AppleWebKit/537.36 (KHTML, like Gecko) Chrome/119.0.0.0 Safari/537.36"
41.79.97.5 - - [05/Nov/2023:11:39:10 +0000] "GET /API/api/getCurrentBalance/27392026 HTTP/1.1" 200 1744 "http://104.248.33.13/" "Mozilla/5.0 (Windows NT 10.0; Win64; x64) AppleWebKit/537.36 (KHTML, like Gecko) Chrome/119.0.0.0 Safari/537.36"
41.79.97.5 - - [05/Nov/2023:11:39:11 +0000] "PUT /API/api/make_order HTTP/1.1" 200 1488 "http://104.248.33.13/" "Mozilla/5.0 (Windows NT 10.0; Win64; x64) AppleWebKit/537.36 (KHTML, like Gecko) Chrome/119.0.0.0 Safari/537.36"
41.79.97.5 - - [05/Nov/2023:11:39:11 +0000] "GET /API/api/getCurrentBalance/27392026 HTTP/1.1" 200 1760 "http://104.248.33.13/" "Mozilla/5.0 (Windows NT 10.0; Win64; x64) AppleWebKit/537.36 (KHTML, like Gecko) Chrome/119.0.0.0 Safari/537.36"
41.79.97.5 - - [05/Nov/2023:11:39:15 +0000] "GET /API/api/getCurrentBalance/27392026 HTTP/1.1" 200 1760 "http://104.248.33.13/" "Mozilla/5.0 (Windows NT 10.0; Win64; x64) AppleWebKit/537.36 (KHTML, like Gecko) Chrome/119.0.0.0 Safari/537.36"
41.79.97.5 - - [05/Nov/2023:11:39:17 +0000] "GET /API/api/getCurrentBalance/27392026 HTTP/1.1" 200 1760 "http://104.248.33.13/" "Mozilla/5.0 (Windows NT 10.0; Win64; x64) AppleWebKit/537.36 (KHTML, like Gecko) Chrome/119.0.0.0 Safari/537.36"
41.79.97.5 - - [05/Nov/2023:11:39:19 +0000] "GET /subscriber/ HTTP/1.1" 200 5918 "-" "Mozilla/5.0 (iPhone; CPU iPhone OS 16_6_1 like Mac OS X) AppleWebKit/605.1.15 (KHTML, like Gecko) Version/16.6 Mobile/15E148 Safari/604.1"
41.79.97.5 - - [05/Nov/2023:11:39:20 +0000] "GET /subscriber/assets/index-e7c9cb4e.js HTTP/1.1" 200 192616 "https://mplan.ashesi.edu.gh/subscriber/" "Mozilla/5.0 (iPhone; CPU iPhone OS 16_6_1 like Mac OS X) AppleWebKit/605.1.15 (KHTML, like Gecko) Version/16.6 Mobile/15E148 Safari/604.1"
41.79.97.5 - - [05/Nov/2023:11:39:20 +0000] "GET /subscriber/assets/index-919520b5.css HTTP/1.1" 200 6623 "https://mplan.ashesi.edu.gh/subscriber/" "Mozilla/5.0 (iPhone; CPU iPhone OS 16_6_1 like Mac OS X) AppleWebKit/605.1.15 (KHTML, like Gecko) Version/16.6 Mobile/15E148 Safari/604.1"
41.79.97.5 - - [05/Nov/2023:11:39:20 +0000] "GET /subscriber/assets/headerimg-5519f95f.png HTTP/1.1" 200 1760353 "https://mplan.ashesi.edu.gh/subscriber/" "Mozilla/5.0 (iPhone; CPU iPhone OS 16_6_1 like Mac OS X) AppleWebKit/605.1.15 (KHTML, like Gecko) Version/16.6 Mobile/15E148 Safari/604.1"
41.79.97.5 - - [05/Nov/2023:11:39:28 +0000] "GET /API/api/getCurrentBalance/46762026 HTTP/1.1" 200 6345 "https://mplan.ashesi.edu.gh/subscriber/" "Mozilla/5.0 (iPhone; CPU iPhone OS 16_6_1 like Mac OS X) AppleWebKit/605.1.15 (KHTML, like Gecko) Version/16.6 Mobile/15E148 Safari/604.1"
41.79.97.5 - - [05/Nov/2023:11:39:48 +0000] "GET /API/api/get_sales/6/6106 HTTP/1.1" 200 42182 "https://mplan.ashesi.edu.gh/pos/" "Mozilla/5.0 (Windows NT 10.0; Win64; x64) AppleWebKit/537.36 (KHTML, like Gecko) Chrome/119.0.0.0 Safari/537.36"
41.79.97.5 - - [05/Nov/2023:11:39:52 +0000] "GET /API/api/getCurrentBalance/76752026 HTTP/1.1" 200 1733 "https://mplan.ashesi.edu.gh/pos/" "Mozilla/5.0 (Windows NT 10.0; Win64; x64) AppleWebKit/537.36 (KHTML, like Gecko) Chrome/119.0.0.0 Safari/537.36"
41.79.97.5 - - [05/Nov/2023:11:39:52 +0000] "GET /API/api/getCurrentBalance/27392026 HTTP/1.1" 200 1744 "http://104.248.33.13/" "Mozilla/5.0 (Windows NT 10.0; Win64; x64) AppleWebKit/537.36 (KHTML, like Gecko) Chrome/119.0.0.0 Safari/537.36"
41.79.97.5 - - [05/Nov/2023:11:39:59 +0000] "PUT /API/api/make_order HTTP/1.1" 200 1483 "http://104.248.33.13/" "Mozilla/5.0 (Windows NT 10.0; Win64; x64) AppleWebKit/537.36 (KHTML, like Gecko) Chrome/119.0.0.0 Safari/537.36"
41.79.97.5 - - [05/Nov/2023:11:40:06 +0000] "PUT /API/api/make_order HTTP/1.1" 200 1030 "https://mplan.ashesi.edu.gh/pos/" "Mozilla/5.0 (Windows NT 10.0; Win64; x64) AppleWebKit/537.36 (KHTML, like Gecko) Chrome/119.0.0.0 Safari/537.36"
41.79.97.5 - - [05/Nov/2023:11:40:15 +0000] "PUT /API/api/make_order HTTP/1.1" 200 1507 "https://mplan.ashesi.edu.gh/pos/" "Mozilla/5.0 (Windows NT 10.0; Win64; x64) AppleWebKit/537.36 (KHTML, like Gecko) Chrome/119.0.0.0 Safari/537.36"
41.79.97.5 - - [05/Nov/2023:11:40:29 +0000] "GET /API/api/getCurrentBalance/75162026 HTTP/1.1" 200 1726 "http://104.248.33.13/" "Mozilla/5.0 (Windows NT 10.0; Win64; x64) AppleWebKit/537.36 (KHTML, like Gecko) Chrome/119.0.0.0 Safari/537.36"
41.79.97.5 - - [05/Nov/2023:11:40:31 +0000] "GET /API/api/getCurrentBalance/75162026 HTTP/1.1" 200 1742 "http://104.248.33.13/" "Mozilla/5.0 (Windows NT 10.0; Win64; x64) AppleWebKit/537.36 (KHTML, like Gecko) Chrome/119.0.0.0 Safari/537.36"
41.79.97.5 - - [05/Nov/2023:11:40:34 +0000] "PUT /API/api/make_order HTTP/1.1" 200 1030 "http://104.248.33.13/" "Mozilla/5.0 (Windows NT 10.0; Win64; x64) AppleWebKit/537.36 (KHTML, like Gecko) Chrome/119.0.0.0 Safari/537.36"
41.79.97.5 - - [05/Nov/2023:11:40:40 +0000] "PUT /API/api/make_order HTTP/1.1" 200 1503 "http://104.248.33.13/" "Mozilla/5.0 (Windows NT 10.0; Win64; x64) AppleWebKit/537.36 (KHTML, like Gecko) Chrome/119.0.0.0 Safari/537.36"
41.79.97.5 - - [05/Nov/2023:11:40:43 +0000] "GET /API/api/getCurrentBalance/78172025 HTTP/1.1" 200 1723 "https://mplan.ashesi.edu.gh/pos/" "Mozilla/5.0 (Windows NT 10.0; Win64; x64) AppleWebKit/537.36 (KHTML, like Gecko) Chrome/118.0.0.0 Safari/537.36"
41.79.97.5 - - [05/Nov/2023:11:40:45 +0000] "-" 408 559 "-" "-"
34.140.248.32 - - [05/Nov/2023:11:40:49 +0000] "GET / HTTP/1.1" 302 255 "-" "python-requests/2.31.0"
216.144.248.27 - - [05/Nov/2023:11:40:52 +0000] "HEAD /pos HTTP/1.1" 301 5366 "https://mplan.ashesi.edu.gh/pos" "Mozilla/5.0+(compatible; UptimeRobot/2.0; http://www.uptimerobot.com/)"
216.144.248.27 - - [05/Nov/2023:11:40:52 +0000] "HEAD /pos/ HTTP/1.1" 200 867 "https://mplan.ashesi.edu.gh/pos" "Mozilla/5.0+(compatible; UptimeRobot/2.0; http://www.uptimerobot.com/)"
154.65.20.39 - - [05/Nov/2023:11:40:53 +0000] "GET /subscriber/ HTTP/1.1" 200 5902 "-" "Mozilla/5.0 (iPhone; CPU iPhone OS 17_0_3 like Mac OS X) AppleWebKit/605.1.15 (KHTML, like Gecko) Version/17.0.1 Mobile/15E148 Safari/604.1"
41.79.97.5 - - [05/Nov/2023:11:40:59 +0000] "PUT /API/api/make_order HTTP/1.1" 200 1485 "https://mplan.ashesi.edu.gh/pos/" "Mozilla/5.0 (Windows NT 10.0; Win64; x64) AppleWebKit/537.36 (KHTML, like Gecko) Chrome/118.0.0.0 Safari/537.36"
41.79.97.5 - - [05/Nov/2023:11:41:04 +0000] "GET /API/api/get_sales/6/6106 HTTP/1.1" 200 42834 "https://mplan.ashesi.edu.gh/pos/" "Mozilla/5.0 (Windows NT 10.0; Win64; x64) AppleWebKit/537.36 (KHTML, like Gecko) Chrome/119.0.0.0 Safari/537.36"
41.79.97.5 - - [05/Nov/2023:11:41:18 +0000] "PUT /API/api/cancel_order/40504944 HTTP/1.1" 200 1581 "https://mplan.ashesi.edu.gh/pos/" "Mozilla/5.0 (Windows NT 10.0; Win64; x64) AppleWebKit/537.36 (KHTML, like Gecko) Chrome/119.0.0.0 Safari/537.36"
41.79.97.5 - - [05/Nov/2023:11:41:18 +0000] "PUT /API/api/cancel_order/40504944 HTTP/1.1" 200 6186 "https://mplan.ashesi.edu.gh/pos/" "Mozilla/5.0 (Windows NT 10.0; Win64; x64) AppleWebKit/537.36 (KHTML, like Gecko) Chrome/119.0.0.0 Safari/537.36"
41.79.97.5 - - [05/Nov/2023:11:41:18 +0000] "PUT /API/api/cancel_order/40504944 HTTP/1.1" 500 31536 "https://mplan.ashesi.edu.gh/pos/" "Mozilla/5.0 (Windows NT 10.0; Win64; x64) AppleWebKit/537.36 (KHTML, like Gecko) Chrome/119.0.0.0 Safari/537.36"
41.79.97.5 - - [05/Nov/2023:11:41:18 +0000] "PUT /API/api/cancel_order/40504944 HTTP/1.1" 500 31504 "https://mplan.ashesi.edu.gh/pos/" "Mozilla/5.0 (Windows NT 10.0; Win64; x64) AppleWebKit/537.36 (KHTML, like Gecko) Chrome/119.0.0.0 Safari/537.36"
41.79.97.5 - - [05/Nov/2023:11:41:18 +0000] "PUT /API/api/cancel_order/40504944 HTTP/1.1" 200 6186 "https://mplan.ashesi.edu.gh/pos/" "Mozilla/5.0 (Windows NT 10.0; Win64; x64) AppleWebKit/537.36 (KHTML, like Gecko) Chrome/119.0.0.0 Safari/537.36"
41.79.97.5 - - [05/Nov/2023:11:41:18 +0000] "PUT /API/api/cancel_order/40504944 HTTP/1.1" 200 6186 "https://mplan.ashesi.edu.gh/pos/" "Mozilla/5.0 (Windows NT 10.0; Win64; x64) AppleWebKit/537.36 (KHTML, like Gecko) Chrome/119.0.0.0 Safari/537.36"
41.79.97.5 - - [05/Nov/2023:11:41:18 +0000] "PUT /API/api/cancel_order/40504944 HTTP/1.1" 500 26931 "https://mplan.ashesi.edu.gh/pos/" "Mozilla/5.0 (Windows NT 10.0; Win64; x64) AppleWebKit/537.36 (KHTML, like Gecko) Chrome/119.0.0.0 Safari/537.36"
41.79.97.5 - - [05/Nov/2023:11:41:19 +0000] "PUT /API/api/cancel_order/40504944 HTTP/1.1" 500 26931 "https://mplan.ashesi.edu.gh/pos/" "Mozilla/5.0 (Windows NT 10.0; Win64; x64) AppleWebKit/537.36 (KHTML, like Gecko) Chrome/119.0.0.0 Safari/537.36"
41.79.97.5 - - [05/Nov/2023:11:41:19 +0000] "PUT /API/api/cancel_order/40504944 HTTP/1.1" 500 31520 "https://mplan.ashesi.edu.gh/pos/" "Mozilla/5.0 (Windows NT 10.0; Win64; x64) AppleWebKit/537.36 (KHTML, like Gecko) Chrome/119.0.0.0 Safari/537.36"
41.79.97.5 - - [05/Nov/2023:11:41:19 +0000] "PUT /API/api/cancel_order/40504944 HTTP/1.1" 500 31520 "https://mplan.ashesi.edu.gh/pos/" "Mozilla/5.0 (Windows NT 10.0; Win64; x64) AppleWebKit/537.36 (KHTML, like Gecko) Chrome/119.0.0.0 Safari/537.36"
41.79.97.5 - - [05/Nov/2023:11:41:19 +0000] "GET /API/api/get_sales/6/6106 HTTP/1.1" 200 46771 "https://mplan.ashesi.edu.gh/pos/" "Mozilla/5.0 (Windows NT 10.0; Win64; x64) AppleWebKit/537.36 (KHTML, like Gecko) Chrome/119.0.0.0 Safari/537.36"
41.79.97.5 - - [05/Nov/2023:11:41:21 +0000] "GET /API/api/get_sales/6/6106 HTTP/1.1" 200 42166 "https://mplan.ashesi.edu.gh/pos/" "Mozilla/5.0 (Windows NT 10.0; Win64; x64) AppleWebKit/537.36 (KHTML, like Gecko) Chrome/119.0.0.0 Safari/537.36"
41.79.97.5 - - [05/Nov/2023:11:41:24 +0000] "GET /API/api/get_sales/6/6106 HTTP/1.1" 200 42166 "https://mplan.ashesi.edu.gh/pos/" "Mozilla/5.0 (Windows NT 10.0; Win64; x64) AppleWebKit/537.36 (KHTML, like Gecko) Chrome/119.0.0.0 Safari/537.36"
41.79.97.5 - - [05/Nov/2023:11:41:26 +0000] "GET /API/api/get_sales/6/6106 HTTP/1.1" 200 42166 "https://mplan.ashesi.edu.gh/pos/" "Mozilla/5.0 (Windows NT 10.0; Win64; x64) AppleWebKit/537.36 (KHTML, like Gecko) Chrome/119.0.0.0 Safari/537.36"
::1 - - [05/Nov/2023:11:41:30 +0000] "OPTIONS * HTTP/1.0" 200 126 "-" "Apache/2.4.29 (Ubuntu) OpenSSL/1.1.1 (internal dummy connection)"
154.160.7.138 - - [05/Nov/2023:11:41:31 +0000] "GET /API/api/getCurrentBalance/73702026 HTTP/1.1" 200 6333 "https://mplan.ashesi.edu.gh/pos/" "Mozilla/5.0 (Windows NT 10.0; Win64; x64) AppleWebKit/537.36 (KHTML, like Gecko) Chrome/119.0.0.0 Safari/537.36"
154.160.7.138 - - [05/Nov/2023:11:41:37 +0000] "PUT /API/api/make_order HTTP/1.1" 200 1487 "https://mplan.ashesi.edu.gh/pos/" "Mozilla/5.0 (Windows NT 10.0; Win64; x64) AppleWebKit/537.36 (KHTML, like Gecko) Chrome/119.0.0.0 Safari/537.36"
203.33.203.148 - - [05/Nov/2023:11:41:39 +0000] "GET / HTTP/1.1" 302 218 "-" "Mozilla/5.0 (iPhone; CPU iPhone OS 13_2_3 like Mac OS X) AppleWebKit/605.1.15 (KHTML, like Gecko) Version/13.0.3 Mobile/15E148 Safari/604.1"
41.79.97.5 - - [05/Nov/2023:11:41:45 +0000] "GET /API/api/getCurrentBalance/73922026 HTTP/1.1" 200 1725 "https://mplan.ashesi.edu.gh/pos/" "Mozilla/5.0 (Windows NT 10.0; Win64; x64) AppleWebKit/537.36 (KHTML, like Gecko) Chrome/118.0.0.0 Safari/537.36"
41.79.97.5 - - [05/Nov/2023:11:41:46 +0000] "GET /API/api/getCurrentBalance/76752026 HTTP/1.1" 200 1717 "https://mplan.ashesi.edu.gh/pos/" "Mozilla/5.0 (Windows NT 10.0; Win64; x64) AppleWebKit/537.36 (KHTML, like Gecko) Chrome/119.0.0.0 Safari/537.36"
154.65.20.38 - - [05/Nov/2023:11:41:48 +0000] "GET /subscriber/assets/headerimg-5519f95f.png HTTP/1.1" 304 5354 "https://mplan.ashesi.edu.gh/subscriber/" "Mozilla/5.0 (iPhone; CPU iPhone OS 16_6_1 like Mac OS X) AppleWebKit/605.1.15 (KHTML, like Gecko) Version/16.6 Mobile/15E148 Safari/604.1"
41.79.97.5 - - [05/Nov/2023:11:41:53 +0000] "PUT /API/api/make_order HTTP/1.1" 200 1487 "https://mplan.ashesi.edu.gh/pos/" "Mozilla/5.0 (Windows NT 10.0; Win64; x64) AppleWebKit/537.36 (KHTML, like Gecko) Chrome/118.0.0.0 Safari/537.36"
154.160.7.138 - - [05/Nov/2023:11:41:58 +0000] "-" 408 575 "-" "-"
41.79.97.5 - - [05/Nov/2023:11:41:58 +0000] "PUT /API/api/make_order HTTP/1.1" 200 1506 "https://mplan.ashesi.edu.gh/pos/" "Mozilla/5.0 (Windows NT 10.0; Win64; x64) AppleWebKit/537.36 (KHTML, like Gecko) Chrome/119.0.0.0 Safari/537.36"
216.144.248.27 - - [05/Nov/2023:11:42:06 +0000] "HEAD /vendor/public/admin HTTP/1.1" 302 6089 "https://mplan.ashesi.edu.gh/vendor/public/admin" "Mozilla/5.0+(compatible; UptimeRobot/2.0; http://www.uptimerobot.com/)"
216.144.248.27 - - [05/Nov/2023:11:42:07 +0000] "HEAD /vendor/public/admin/login HTTP/1.1" 200 1422 "https://mplan.ashesi.edu.gh/vendor/public/admin" "Mozilla/5.0+(compatible; UptimeRobot/2.0; http://www.uptimerobot.com/)"
216.144.248.27 - - [05/Nov/2023:11:42:30 +0000] "HEAD /admin HTTP/1.1" 301 5368 "https://mplan.ashesi.edu.gh/admin" "Mozilla/5.0+(compatible; UptimeRobot/2.0; http://www.uptimerobot.com/)"
216.144.248.27 - - [05/Nov/2023:11:42:30 +0000] "HEAD /admin/ HTTP/1.1" 302 1560 "https://mplan.ashesi.edu.gh/admin" "Mozilla/5.0+(compatible; UptimeRobot/2.0; http://www.uptimerobot.com/)"
216.144.248.27 - - [05/Nov/2023:11:42:31 +0000] "HEAD /admin/admin/login HTTP/1.1" 200 1492 "https://mplan.ashesi.edu.gh/admin" "Mozilla/5.0+(compatible; UptimeRobot/2.0; http://www.uptimerobot.com/)"
41.79.97.5 - - [05/Nov/2023:11:42:42 +0000] "GET /subscriber/ HTTP/1.1" 200 5934 "-" "Mozilla/5.0 (iPhone; CPU iPhone OS 16_1 like Mac OS X) AppleWebKit/605.1.15 (KHTML, like Gecko) Version/16.1 Mobile/15E148 Safari/604.1"
41.79.97.5 - - [05/Nov/2023:11:42:43 +0000] "GET /subscriber/assets/index-919520b5.css HTTP/1.1" 200 6607 "https://mplan.ashesi.edu.gh/subscriber/" "Mozilla/5.0 (iPhone; CPU iPhone OS 16_1 like Mac OS X) AppleWebKit/605.1.15 (KHTML, like Gecko) Version/16.1 Mobile/15E148 Safari/604.1"
41.79.97.5 - - [05/Nov/2023:11:42:42 +0000] "GET /subscriber/assets/index-e7c9cb4e.js HTTP/1.1" 200 187467 "https://mplan.ashesi.edu.gh/subscriber/" "Mozilla/5.0 (iPhone; CPU iPhone OS 16_1 like Mac OS X) AppleWebKit/605.1.15 (KHTML, like Gecko) Version/16.1 Mobile/15E148 Safari/604.1"
41.79.97.5 - - [05/Nov/2023:11:42:43 +0000] "GET /subscriber/vite.svg HTTP/1.1" 200 6989 "-" "Mozilla/5.0 (iPhone; CPU iPhone OS 16_1 like Mac OS X) AppleWebKit/605.1.15 (KHTML, like Gecko) Version/16.1 Mobile/15E148 Safari/604.1"
41.79.97.5 - - [05/Nov/2023:11:42:43 +0000] "GET /subscriber/assets/headerimg-5519f95f.png HTTP/1.1" 200 1760353 "https://mplan.ashesi.edu.gh/subscriber/" "Mozilla/5.0 (iPhone; CPU iPhone OS 16_1 like Mac OS X) AppleWebKit/605.1.15 (KHTML, like Gecko) Version/16.1 Mobile/15E148 Safari/604.1"
41.79.97.5 - - [05/Nov/2023:11:42:45 +0000] "GET /API/api/getCurrentBalance/46762026 HTTP/1.1" 200 1740 "https://mplan.ashesi.edu.gh/pos/" "Mozilla/5.0 (Windows NT 10.0; Win64; x64) AppleWebKit/537.36 (KHTML, like Gecko) Chrome/119.0.0.0 Safari/537.36"
41.79.97.5 - - [05/Nov/2023:11:42:47 +0000] "GET /API/api/getCurrentBalance/46762026 HTTP/1.1" 200 1740 "https://mplan.ashesi.edu.gh/pos/" "Mozilla/5.0 (Windows NT 10.0; Win64; x64) AppleWebKit/537.36 (KHTML, like Gecko) Chrome/119.0.0.0 Safari/537.36"
41.79.97.5 - - [05/Nov/2023:11:42:48 +0000] "GET /API/api/getCurrentBalance/46762026 HTTP/1.1" 200 1740 "https://mplan.ashesi.edu.gh/pos/" "Mozilla/5.0 (Windows NT 10.0; Win64; x64) AppleWebKit/537.36 (KHTML, like Gecko) Chrome/119.0.0.0 Safari/537.36"
41.79.97.5 - - [05/Nov/2023:11:42:50 +0000] "GET /API/api/getCurrentBalance/46762026 HTTP/1.1" 200 1740 "https://mplan.ashesi.edu.gh/pos/" "Mozilla/5.0 (Windows NT 10.0; Win64; x64) AppleWebKit/537.36 (KHTML, like Gecko) Chrome/119.0.0.0 Safari/537.36"
41.79.97.5 - - [05/Nov/2023:11:42:52 +0000] "GET /API/api/getCurrentBalance/46762026 HTTP/1.1" 200 1756 "https://mplan.ashesi.edu.gh/pos/" "Mozilla/5.0 (Windows NT 10.0; Win64; x64) AppleWebKit/537.36 (KHTML, like Gecko) Chrome/119.0.0.0 Safari/537.36"
41.79.97.5 - - [05/Nov/2023:11:42:53 +0000] "PUT /API/api/make_order HTTP/1.1" 200 1507 "https://mplan.ashesi.edu.gh/pos/" "Mozilla/5.0 (Windows NT 10.0; Win64; x64) AppleWebKit/537.36 (KHTML, like Gecko) Chrome/119.0.0.0 Safari/537.36"
41.79.97.5 - - [05/Nov/2023:11:43:17 +0000] "GET /API/api/getCurrentBalance/98482026 HTTP/1.1" 200 1742 "https://mplan.ashesi.edu.gh/pos/" "Mozilla/5.0 (Windows NT 10.0; Win64; x64) AppleWebKit/537.36 (KHTML, like Gecko) Chrome/119.0.0.0 Safari/537.36"
216.144.248.27 - - [05/Nov/2023:11:43:19 +0000] "HEAD /subscriber HTTP/1.1" 301 5373 "https://mplan.ashesi.edu.gh/subscriber" "Mozilla/5.0+(compatible; UptimeRobot/2.0; http://www.uptimerobot.com/)"
216.144.248.27 - - [05/Nov/2023:11:43:19 +0000] "HEAD /subscriber/ HTTP/1.1" 200 866 "https://mplan.ashesi.edu.gh/subscriber" "Mozilla/5.0+(compatible; UptimeRobot/2.0; http://www.uptimerobot.com/)"
41.79.97.5 - - [05/Nov/2023:11:43:25 +0000] "PUT /API/api/make_order HTTP/1.1" 200 1501 "https://mplan.ashesi.edu.gh/pos/" "Mozilla/5.0 (Windows NT 10.0; Win64; x64) AppleWebKit/537.36 (KHTML, like Gecko) Chrome/119.0.0.0 Safari/537.36"
154.160.7.138 - - [05/Nov/2023:11:43:32 +0000] "GET /API/api/getCurrentBalance/69152026 HTTP/1.1" 200 1739 "https://mplan.ashesi.edu.gh/pos/" "Mozilla/5.0 (Windows NT 10.0; Win64; x64) AppleWebKit/537.36 (KHTML, like Gecko) Chrome/119.0.0.0 Safari/537.36"
154.160.7.138 - - [05/Nov/2023:11:43:34 +0000] "GET /API/api/getCurrentBalance/69152026 HTTP/1.1" 200 1739 "https://mplan.ashesi.edu.gh/pos/" "Mozilla/5.0 (Windows NT 10.0; Win64; x64) AppleWebKit/537.36 (KHTML, like Gecko) Chrome/119.0.0.0 Safari/537.36"
41.79.97.5 - - [05/Nov/2023:11:43:36 +0000] "GET /API/api/getCurrentBalance/78032026 HTTP/1.1" 200 1746 "https://mplan.ashesi.edu.gh/pos/" "Mozilla/5.0 (Windows NT 10.0; Win64; x64) AppleWebKit/537.36 (KHTML, like Gecko) Chrome/119.0.0.0 Safari/537.36"
154.160.7.138 - - [05/Nov/2023:11:43:38 +0000] "PUT /API/api/make_order HTTP/1.1" 200 1487 "https://mplan.ashesi.edu.gh/pos/" "Mozilla/5.0 (Windows NT 10.0; Win64; x64) AppleWebKit/537.36 (KHTML, like Gecko) Chrome/119.0.0.0 Safari/537.36"
41.79.97.5 - - [05/Nov/2023:11:43:43 +0000] "PUT /API/api/make_order HTTP/1.1" 200 1503 "https://mplan.ashesi.edu.gh/pos/" "Mozilla/5.0 (Windows NT 10.0; Win64; x64) AppleWebKit/537.36 (KHTML, like Gecko) Chrome/119.0.0.0 Safari/537.36"
193.35.18.187 - - [05/Nov/2023:11:44:15 +0000] "CONNECT google.com:443 HTTP/1.1" 302 199 "-" "Go-http-client/1.1"
66.249.66.33 - - [05/Nov/2023:11:44:19 +0000] "GET /robots.txt HTTP/1.1" 404 492 "-" "Mozilla/5.0 (compatible; Googlebot/2.1; +http://www.google.com/bot.html)"
66.249.66.33 - - [05/Nov/2023:11:44:20 +0000] "GET / HTTP/1.1" 302 254 "-" "Mozilla/5.0 (Linux; Android 6.0.1; Nexus 5X Build/MMB29P) AppleWebKit/537.36 (KHTML, like Gecko) Chrome/119.0.6045.105 Mobile Safari/537.36 (compatible; Googlebot/2.1; +http://www.google.com/bot.html)"
41.79.97.5 - - [05/Nov/2023:11:44:22 +0000] "GET /API/api/getCurrentBalance/63012026 HTTP/1.1" 200 6353 "https://mplan.ashesi.edu.gh/pos/" "Mozilla/5.0 (Windows NT 10.0; Win64; x64) AppleWebKit/537.36 (KHTML, like Gecko) Chrome/119.0.0.0 Safari/537.36"
41.79.97.5 - - [05/Nov/2023:11:44:30 +0000] "PUT /API/api/make_order HTTP/1.1" 200 1483 "https://mplan.ashesi.edu.gh/pos/" "Mozilla/5.0 (Windows NT 10.0; Win64; x64) AppleWebKit/537.36 (KHTML, like Gecko) Chrome/119.0.0.0 Safari/537.36"
41.79.97.5 - - [05/Nov/2023:11:44:33 +0000] "OPTIONS /API/api/getCurrentBalance/76372025 HTTP/1.1" 200 1046 "http://104.248.33.13/" "Mozilla/5.0 (Windows NT 10.0; Win64; x64) AppleWebKit/537.36 (KHTML, like Gecko) Chrome/119.0.0.0 Safari/537.36"
41.79.97.5 - - [05/Nov/2023:11:44:33 +0000] "GET /API/api/getCurrentBalance/76372025 HTTP/1.1" 200 1742 "http://104.248.33.13/" "Mozilla/5.0 (Windows NT 10.0; Win64; x64) AppleWebKit/537.36 (KHTML, like Gecko) Chrome/119.0.0.0 Safari/537.36"
41.79.97.5 - - [05/Nov/2023:11:44:39 +0000] "PUT /API/api/make_order HTTP/1.1" 200 1502 "http://104.248.33.13/" "Mozilla/5.0 (Windows NT 10.0; Win64; x64) AppleWebKit/537.36 (KHTML, like Gecko) Chrome/119.0.0.0 Safari/537.36"
41.79.97.5 - - [05/Nov/2023:11:45:02 +0000] "GET / HTTP/1.1" 302 5425 "https://www.google.com/" "Mozilla/5.0 (Linux; Android 10; K) AppleWebKit/537.36 (KHTML, like Gecko) Chrome/118.0.0.0 Mobile Safari/537.36"
41.79.97.5 - - [05/Nov/2023:11:45:17 +0000] "OPTIONS /API/api/getCurrentBalance/27622025 HTTP/1.1" 200 1046 "http://104.248.33.13/" "Mozilla/5.0 (Windows NT 10.0; Win64; x64) AppleWebKit/537.36 (KHTML, like Gecko) Chrome/119.0.0.0 Safari/537.36"
41.79.97.5 - - [05/Nov/2023:11:45:17 +0000] "GET /API/api/getCurrentBalance/27622025 HTTP/1.1" 200 1747 "http://104.248.33.13/" "Mozilla/5.0 (Windows NT 10.0; Win64; x64) AppleWebKit/537.36 (KHTML, like Gecko) Chrome/119.0.0.0 Safari/537.36"
41.79.97.5 - - [05/Nov/2023:11:45:17 +0000] "GET /API/api/getCurrentBalance/76752026 HTTP/1.1" 200 1735 "https://mplan.ashesi.edu.gh/subscriber/" "Mozilla/5.0 (Linux; Android 10; K) AppleWebKit/537.36 (KHTML, like Gecko) Chrome/118.0.0.0 Mobile Safari/537.36"
41.79.97.5 - - [05/Nov/2023:11:45:23 +0000] "PUT /API/api/make_order HTTP/1.1" 200 1500 "http://104.248.33.13/" "Mozilla/5.0 (Windows NT 10.0; Win64; x64) AppleWebKit/537.36 (KHTML, like Gecko) Chrome/119.0.0.0 Safari/537.36"
41.79.97.5 - - [05/Nov/2023:11:45:36 +0000] "GET /API/api/getCurrentBalance/30742027 HTTP/1.1" 200 1760 "https://mplan.ashesi.edu.gh/pos/" "Mozilla/5.0 (Windows NT 10.0; Win64; x64) AppleWebKit/537.36 (KHTML, like Gecko) Chrome/118.0.0.0 Safari/537.36"
41.79.97.5 - - [05/Nov/2023:11:45:46 +0000] "OPTIONS /API/api/getCurrentBalance/30212027 HTTP/1.1" 200 1046 "http://104.248.33.13/" "Mozilla/5.0 (Windows NT 10.0; Win64; x64) AppleWebKit/537.36 (KHTML, like Gecko) Chrome/119.0.0.0 Safari/537.36"
41.79.97.5 - - [05/Nov/2023:11:45:47 +0000] "GET /API/api/getCurrentBalance/30212027 HTTP/1.1" 200 1759 "http://104.248.33.13/" "Mozilla/5.0 (Windows NT 10.0; Win64; x64) AppleWebKit/537.36 (KHTML, like Gecko) Chrome/119.0.0.0 Safari/537.36"
41.79.97.5 - - [05/Nov/2023:11:45:49 +0000] "GET /API/api/getCurrentBalance/30212027 HTTP/1.1" 200 1743 "http://104.248.33.13/" "Mozilla/5.0 (Windows NT 10.0; Win64; x64) AppleWebKit/537.36 (KHTML, like Gecko) Chrome/119.0.0.0 Safari/537.36"
216.144.248.27 - - [05/Nov/2023:11:45:52 +0000] "HEAD /pos HTTP/1.1" 301 5366 "https://mplan.ashesi.edu.gh/pos" "Mozilla/5.0+(compatible; UptimeRobot/2.0; http://www.uptimerobot.com/)"
216.144.248.27 - - [05/Nov/2023:11:45:52 +0000] "HEAD /pos/ HTTP/1.1" 200 867 "https://mplan.ashesi.edu.gh/pos" "Mozilla/5.0+(compatible; UptimeRobot/2.0; http://www.uptimerobot.com/)"
41.79.97.5 - - [05/Nov/2023:11:45:51 +0000] "PUT /API/api/make_order HTTP/1.1" 200 1487 "https://mplan.ashesi.edu.gh/pos/" "Mozilla/5.0 (Windows NT 10.0; Win64; x64) AppleWebKit/537.36 (KHTML, like Gecko) Chrome/118.0.0.0 Safari/537.36"
41.79.97.5 - - [05/Nov/2023:11:45:57 +0000] "GET /API/api/getCurrentBalance/30212027 HTTP/1.1" 200 1759 "http://104.248.33.13/" "Mozilla/5.0 (Windows NT 10.0; Win64; x64) AppleWebKit/537.36 (KHTML, like Gecko) Chrome/119.0.0.0 Safari/537.36"
41.79.97.5 - - [05/Nov/2023:11:46:00 +0000] "PUT /API/api/make_order HTTP/1.1" 200 1487 "http://104.248.33.13/" "Mozilla/5.0 (Windows NT 10.0; Win64; x64) AppleWebKit/537.36 (KHTML, like Gecko) Chrome/119.0.0.0 Safari/537.36"
154.160.0.39 - - [05/Nov/2023:11:46:30 +0000] "GET /subscriber/ HTTP/1.1" 200 5934 "https://www.google.com/" "Mozilla/5.0 (iPhone; CPU iPhone OS 17_0_3 like Mac OS X) AppleWebKit/605.1.15 (KHTML, like Gecko) Version/17.0.1 Mobile/15E148 Safari/604.1"
41.79.97.5 - - [05/Nov/2023:11:46:40 +0000] "GET /API/api/getCurrentBalance/30722027 HTTP/1.1" 200 1741 "https://mplan.ashesi.edu.gh/pos/" "Mozilla/5.0 (Windows NT 10.0; Win64; x64) AppleWebKit/537.36 (KHTML, like Gecko) Chrome/119.0.0.0 Safari/537.36"
41.79.97.5 - - [05/Nov/2023:11:46:42 +0000] "GET /API/api/getCurrentBalance/30722027 HTTP/1.1" 200 1741 "https://mplan.ashesi.edu.gh/pos/" "Mozilla/5.0 (Windows NT 10.0; Win64; x64) AppleWebKit/537.36 (KHTML, like Gecko) Chrome/119.0.0.0 Safari/537.36"
41.79.97.5 - - [05/Nov/2023:11:46:44 +0000] "GET /API/api/getCurrentBalance/30722027 HTTP/1.1" 200 1741 "https://mplan.ashesi.edu.gh/pos/" "Mozilla/5.0 (Windows NT 10.0; Win64; x64) AppleWebKit/537.36 (KHTML, like Gecko) Chrome/119.0.0.0 Safari/537.36"
41.79.97.5 - - [05/Nov/2023:11:46:46 +0000] "GET /API/api/getCurrentBalance/30722027 HTTP/1.1" 200 1757 "https://mplan.ashesi.edu.gh/pos/" "Mozilla/5.0 (Windows NT 10.0; Win64; x64) AppleWebKit/537.36 (KHTML, like Gecko) Chrome/119.0.0.0 Safari/537.36"
41.79.97.5 - - [05/Nov/2023:11:46:47 +0000] "GET /API/api/getCurrentBalance/30722027 HTTP/1.1" 200 1757 "https://mplan.ashesi.edu.gh/pos/" "Mozilla/5.0 (Windows NT 10.0; Win64; x64) AppleWebKit/537.36 (KHTML, like Gecko) Chrome/119.0.0.0 Safari/537.36"
41.79.97.5 - - [05/Nov/2023:11:46:48 +0000] "PUT /API/api/make_order HTTP/1.1" 200 1503 "https://mplan.ashesi.edu.gh/pos/" "Mozilla/5.0 (Windows NT 10.0; Win64; x64) AppleWebKit/537.36 (KHTML, like Gecko) Chrome/119.0.0.0 Safari/537.36"
41.79.97.5 - - [05/Nov/2023:11:46:49 +0000] "GET /API/api/getCurrentBalance/30722027 HTTP/1.1" 200 1757 "https://mplan.ashesi.edu.gh/pos/" "Mozilla/5.0 (Windows NT 10.0; Win64; x64) AppleWebKit/537.36 (KHTML, like Gecko) Chrome/119.0.0.0 Safari/537.36"
41.79.97.5 - - [05/Nov/2023:11:46:51 +0000] "GET /API/api/getCurrentBalance/30722027 HTTP/1.1" 200 1757 "https://mplan.ashesi.edu.gh/pos/" "Mozilla/5.0 (Windows NT 10.0; Win64; x64) AppleWebKit/537.36 (KHTML, like Gecko) Chrome/119.0.0.0 Safari/537.36"
216.144.248.27 - - [05/Nov/2023:11:47:06 +0000] "HEAD /vendor/public/admin HTTP/1.1" 302 6081 "https://mplan.ashesi.edu.gh/vendor/public/admin" "Mozilla/5.0+(compatible; UptimeRobot/2.0; http://www.uptimerobot.com/)"
216.144.248.27 - - [05/Nov/2023:11:47:06 +0000] "HEAD /vendor/public/admin/login HTTP/1.1" 200 1434 "https://mplan.ashesi.edu.gh/vendor/public/admin" "Mozilla/5.0+(compatible; UptimeRobot/2.0; http://www.uptimerobot.com/)"
41.79.97.5 - - [05/Nov/2023:11:47:08 +0000] "GET /API/api/getCurrentBalance/30662027 HTTP/1.1" 200 1750 "https://mplan.ashesi.edu.gh/pos/" "Mozilla/5.0 (Windows NT 10.0; Win64; x64) AppleWebKit/537.36 (KHTML, like Gecko) Chrome/118.0.0.0 Safari/537.36"
41.79.97.5 - - [05/Nov/2023:11:47:19 +0000] "PUT /API/api/make_order HTTP/1.1" 200 1503 "https://mplan.ashesi.edu.gh/pos/" "Mozilla/5.0 (Windows NT 10.0; Win64; x64) AppleWebKit/537.36 (KHTML, like Gecko) Chrome/118.0.0.0 Safari/537.36"
41.79.97.5 - - [05/Nov/2023:11:47:23 +0000] "OPTIONS /API/api/getCurrentBalance/30862027 HTTP/1.1" 200 1030 "http://104.248.33.13/" "Mozilla/5.0 (Windows NT 10.0; Win64; x64) AppleWebKit/537.36 (KHTML, like Gecko) Chrome/119.0.0.0 Safari/537.36"
41.79.97.5 - - [05/Nov/2023:11:47:24 +0000] "GET /API/api/getCurrentBalance/30862027 HTTP/1.1" 200 1745 "http://104.248.33.13/" "Mozilla/5.0 (Windows NT 10.0; Win64; x64) AppleWebKit/537.36 (KHTML, like Gecko) Chrome/119.0.0.0 Safari/537.36"
216.144.248.27 - - [05/Nov/2023:11:47:30 +0000] "HEAD /admin HTTP/1.1" 301 5368 "https://mplan.ashesi.edu.gh/admin" "Mozilla/5.0+(compatible; UptimeRobot/2.0; http://www.uptimerobot.com/)"
216.144.248.27 - - [05/Nov/2023:11:47:30 +0000] "HEAD /admin/ HTTP/1.1" 302 1548 "https://mplan.ashesi.edu.gh/admin" "Mozilla/5.0+(compatible; UptimeRobot/2.0; http://www.uptimerobot.com/)"
216.144.248.27 - - [05/Nov/2023:11:47:31 +0000] "HEAD /admin/admin/login HTTP/1.1" 200 1496 "https://mplan.ashesi.edu.gh/admin" "Mozilla/5.0+(compatible; UptimeRobot/2.0; http://www.uptimerobot.com/)"
41.79.97.5 - - [05/Nov/2023:11:47:33 +0000] "GET /API/api/getCurrentBalance/30862027 HTTP/1.1" 200 1761 "http://104.248.33.13/" "Mozilla/5.0 (Windows NT 10.0; Win64; x64) AppleWebKit/537.36 (KHTML, like Gecko) Chrome/119.0.0.0 Safari/537.36"
41.79.97.5 - - [05/Nov/2023:11:47:39 +0000] "PUT /API/api/make_order HTTP/1.1" 200 1030 "http://104.248.33.13/" "Mozilla/5.0 (Windows NT 10.0; Win64; x64) AppleWebKit/537.36 (KHTML, like Gecko) Chrome/119.0.0.0 Safari/537.36"
41.79.97.5 - - [05/Nov/2023:11:47:42 +0000] "PUT /API/api/make_order HTTP/1.1" 200 1030 "http://104.248.33.13/" "Mozilla/5.0 (Windows NT 10.0; Win64; x64) AppleWebKit/537.36 (KHTML, like Gecko) Chrome/119.0.0.0 Safari/537.36"
41.79.97.5 - - [05/Nov/2023:11:47:43 +0000] "PUT /API/api/make_order HTTP/1.1" 200 1046 "http://104.248.33.13/" "Mozilla/5.0 (Windows NT 10.0; Win64; x64) AppleWebKit/537.36 (KHTML, like Gecko) Chrome/119.0.0.0 Safari/537.36"
154.160.7.138 - - [05/Nov/2023:11:47:42 +0000] "GET /API/api/getCurrentBalance/75162026 HTTP/1.1" 200 1728 "https://mplan.ashesi.edu.gh/pos/" "Mozilla/5.0 (Windows NT 10.0; Win64; x64) AppleWebKit/537.36 (KHTML, like Gecko) Chrome/119.0.0.0 Safari/537.36"
41.79.97.5 - - [05/Nov/2023:11:47:50 +0000] "PUT /API/api/make_order HTTP/1.1" 200 1503 "http://104.248.33.13/" "Mozilla/5.0 (Windows NT 10.0; Win64; x64) AppleWebKit/537.36 (KHTML, like Gecko) Chrome/119.0.0.0 Safari/537.36"
41.79.97.5 - - [05/Nov/2023:11:47:50 +0000] "GET /API/api/getCurrentBalance/30722027 HTTP/1.1" 200 1757 "https://mplan.ashesi.edu.gh/pos/" "Mozilla/5.0 (Windows NT 10.0; Win64; x64) AppleWebKit/537.36 (KHTML, like Gecko) Chrome/119.0.0.0 Safari/537.36"
154.160.7.138 - - [05/Nov/2023:11:47:49 +0000] "PUT /API/api/make_order HTTP/1.1" 200 1485 "https://mplan.ashesi.edu.gh/pos/" "Mozilla/5.0 (Windows NT 10.0; Win64; x64) AppleWebKit/537.36 (KHTML, like Gecko) Chrome/119.0.0.0 Safari/537.36"
154.160.7.138 - - [05/Nov/2023:11:47:52 +0000] "PUT /API/api/make_order HTTP/1.1" 500 57847 "https://mplan.ashesi.edu.gh/pos/" "Mozilla/5.0 (Windows NT 10.0; Win64; x64) AppleWebKit/537.36 (KHTML, like Gecko) Chrome/119.0.0.0 Safari/537.36"
154.160.7.138 - - [05/Nov/2023:11:47:52 +0000] "PUT /API/api/make_order HTTP/1.1" 500 62468 "https://mplan.ashesi.edu.gh/pos/" "Mozilla/5.0 (Windows NT 10.0; Win64; x64) AppleWebKit/537.36 (KHTML, like Gecko) Chrome/119.0.0.0 Safari/537.36"
154.160.7.138 - - [05/Nov/2023:11:47:52 +0000] "PUT /API/api/make_order HTTP/1.1" 500 57863 "https://mplan.ashesi.edu.gh/pos/" "Mozilla/5.0 (Windows NT 10.0; Win64; x64) AppleWebKit/537.36 (KHTML, like Gecko) Chrome/119.0.0.0 Safari/537.36"
41.79.97.5 - - [05/Nov/2023:11:47:58 +0000] "GET /API/api/getCurrentBalance/30462027 HTTP/1.1" 200 1743 "https://mplan.ashesi.edu.gh/pos/" "Mozilla/5.0 (Windows NT 10.0; Win64; x64) AppleWebKit/537.36 (KHTML, like Gecko) Chrome/118.0.0.0 Safari/537.36"
41.79.97.5 - - [05/Nov/2023:11:48:10 +0000] "PUT /API/api/make_order HTTP/1.1" 200 1487 "https://mplan.ashesi.edu.gh/pos/" "Mozilla/5.0 (Windows NT 10.0; Win64; x64) AppleWebKit/537.36 (KHTML, like Gecko) Chrome/118.0.0.0 Safari/537.36"
154.160.7.138 - - [05/Nov/2023:11:48:14 +0000] "GET /API/api/getCurrentBalance/78332026 HTTP/1.1" 200 1738 "https://mplan.ashesi.edu.gh/pos/" "Mozilla/5.0 (Windows NT 10.0; Win64; x64) AppleWebKit/537.36 (KHTML, like Gecko) Chrome/119.0.0.0 Safari/537.36"
216.144.248.27 - - [05/Nov/2023:11:48:19 +0000] "HEAD /subscriber HTTP/1.1" 301 5373 "https://mplan.ashesi.edu.gh/subscriber" "Mozilla/5.0+(compatible; UptimeRobot/2.0; http://www.uptimerobot.com/)"
216.144.248.27 - - [05/Nov/2023:11:48:19 +0000] "HEAD /subscriber/ HTTP/1.1" 200 866 "https://mplan.ashesi.edu.gh/subscriber" "Mozilla/5.0+(compatible; UptimeRobot/2.0; http://www.uptimerobot.com/)"
41.79.97.5 - - [05/Nov/2023:11:48:19 +0000] "OPTIONS /API/api/getCurrentBalance/12329999 HTTP/1.1" 200 1030 "http://104.248.33.13/" "Mozilla/5.0 (Windows NT 10.0; Win64; x64) AppleWebKit/537.36 (KHTML, like Gecko) Chrome/119.0.0.0 Safari/537.36"
41.79.97.5 - - [05/Nov/2023:11:48:20 +0000] "GET /API/api/getCurrentBalance/12329999 HTTP/1.1" 200 1773 "http://104.248.33.13/" "Mozilla/5.0 (Windows NT 10.0; Win64; x64) AppleWebKit/537.36 (KHTML, like Gecko) Chrome/119.0.0.0 Safari/537.36"
154.160.7.138 - - [05/Nov/2023:11:48:20 +0000] "PUT /API/api/make_order HTTP/1.1" 200 1503 "https://mplan.ashesi.edu.gh/pos/" "Mozilla/5.0 (Windows NT 10.0; Win64; x64) AppleWebKit/537.36 (KHTML, like Gecko) Chrome/119.0.0.0 Safari/537.36"
41.79.97.5 - - [05/Nov/2023:11:48:26 +0000] "PUT /API/api/make_order HTTP/1.1" 200 1485 "http://104.248.33.13/" "Mozilla/5.0 (Windows NT 10.0; Win64; x64) AppleWebKit/537.36 (KHTML, like Gecko) Chrome/119.0.0.0 Safari/537.36"
41.79.97.5 - - [05/Nov/2023:11:48:40 +0000] "PUT /API/api/make_order HTTP/1.1" 200 1503 "https://mplan.ashesi.edu.gh/pos/" "Mozilla/5.0 (Windows NT 10.0; Win64; x64) AppleWebKit/537.36 (KHTML, like Gecko) Chrome/119.0.0.0 Safari/537.36"
41.79.97.5 - - [05/Nov/2023:11:48:42 +0000] "GET /API/api/getCurrentBalance/30312027 HTTP/1.1" 200 1760 "https://mplan.ashesi.edu.gh/pos/" "Mozilla/5.0 (Windows NT 10.0; Win64; x64) AppleWebKit/537.36 (KHTML, like Gecko) Chrome/118.0.0.0 Safari/537.36"
41.79.97.5 - - [05/Nov/2023:11:48:53 +0000] "PUT /API/api/make_order HTTP/1.1" 200 1487 "https://mplan.ashesi.edu.gh/pos/" "Mozilla/5.0 (Windows NT 10.0; Win64; x64) AppleWebKit/537.36 (KHTML, like Gecko) Chrome/118.0.0.0 Safari/537.36"
154.160.7.138 - - [05/Nov/2023:11:49:20 +0000] "GET /API/api/getCurrentBalance/469820269 HTTP/1.1" 200 1021 "https://mplan.ashesi.edu.gh/pos/" "Mozilla/5.0 (Windows NT 10.0; Win64; x64) AppleWebKit/537.36 (KHTML, like Gecko) Chrome/119.0.0.0 Safari/537.36"
154.160.7.138 - - [05/Nov/2023:11:49:23 +0000] "GET /API/api/getCurrentBalance/46982026 HTTP/1.1" 200 1748 "https://mplan.ashesi.edu.gh/pos/" "Mozilla/5.0 (Windows NT 10.0; Win64; x64) AppleWebKit/537.36 (KHTML, like Gecko) Chrome/119.0.0.0 Safari/537.36"
41.79.97.5 - - [05/Nov/2023:11:49:25 +0000] "-" 408 5148 "-" "-"
41.79.97.5 - - [05/Nov/2023:11:49:25 +0000] "-" 408 5180 "-" "-"
41.79.97.5 - - [05/Nov/2023:11:49:33 +0000] "OPTIONS /API/api/getCurrentBalance/30442027 HTTP/1.1" 200 1046 "http://104.248.33.13/" "Mozilla/5.0 (Windows NT 10.0; Win64; x64) AppleWebKit/537.36 (KHTML, like Gecko) Chrome/119.0.0.0 Safari/537.36"
41.79.97.5 - - [05/Nov/2023:11:49:33 +0000] "OPTIONS /API/api/getCurrentBalance/30442027 HTTP/1.1" 200 5635 "http://104.248.33.13/" "Mozilla/5.0 (Windows NT 10.0; Win64; x64) AppleWebKit/537.36 (KHTML, like Gecko) Chrome/119.0.0.0 Safari/537.36"
41.79.97.5 - - [05/Nov/2023:11:49:33 +0000] "GET /API/api/getCurrentBalance/30442027 HTTP/1.1" 200 1747 "http://104.248.33.13/" "Mozilla/5.0 (Windows NT 10.0; Win64; x64) AppleWebKit/537.36 (KHTML, like Gecko) Chrome/119.0.0.0 Safari/537.36"
154.160.7.138 - - [05/Nov/2023:11:49:34 +0000] "PUT /API/api/make_order HTTP/1.1" 200 1486 "https://mplan.ashesi.edu.gh/pos/" "Mozilla/5.0 (Windows NT 10.0; Win64; x64) AppleWebKit/537.36 (KHTML, like Gecko) Chrome/119.0.0.0 Safari/537.36"
41.79.97.5 - - [05/Nov/2023:11:49:35 +0000] "GET /API/api/getCurrentBalance/30442027 HTTP/1.1" 200 1763 "http://104.248.33.13/" "Mozilla/5.0 (Windows NT 10.0; Win64; x64) AppleWebKit/537.36 (KHTML, like Gecko) Chrome/119.0.0.0 Safari/537.36"
41.79.97.5 - - [05/Nov/2023:11:49:39 +0000] "GET /API/api/getCurrentBalance/46762026 HTTP/1.1" 200 1755 "https://mplan.ashesi.edu.gh/pos/" "Mozilla/5.0 (Windows NT 10.0; Win64; x64) AppleWebKit/537.36 (KHTML, like Gecko) Chrome/119.0.0.0 Safari/537.36"
41.79.97.5 - - [05/Nov/2023:11:49:41 +0000] "GET /API/api/getCurrentBalance/46762026 HTTP/1.1" 200 1755 "https://mplan.ashesi.edu.gh/pos/" "Mozilla/5.0 (Windows NT 10.0; Win64; x64) AppleWebKit/537.36 (KHTML, like Gecko) Chrome/119.0.0.0 Safari/537.36"
41.79.97.5 - - [05/Nov/2023:11:49:43 +0000] "GET /API/api/getCurrentBalance/46762026 HTTP/1.1" 200 1739 "https://mplan.ashesi.edu.gh/pos/" "Mozilla/5.0 (Windows NT 10.0; Win64; x64) AppleWebKit/537.36 (KHTML, like Gecko) Chrome/119.0.0.0 Safari/537.36"
41.79.97.5 - - [05/Nov/2023:11:49:44 +0000] "PUT /API/api/make_order HTTP/1.1" 200 1487 "http://104.248.33.13/" "Mozilla/5.0 (Windows NT 10.0; Win64; x64) AppleWebKit/537.36 (KHTML, like Gecko) Chrome/119.0.0.0 Safari/537.36"
41.79.97.5 - - [05/Nov/2023:11:49:45 +0000] "GET /API/api/getCurrentBalance/46762026 HTTP/1.1" 200 1755 "https://mplan.ashesi.edu.gh/pos/" "Mozilla/5.0 (Windows NT 10.0; Win64; x64) AppleWebKit/537.36 (KHTML, like Gecko) Chrome/119.0.0.0 Safari/537.36"
41.79.97.5 - - [05/Nov/2023:11:49:46 +0000] "GET /API/api/getCurrentBalance/46762026 HTTP/1.1" 200 1739 "https://mplan.ashesi.edu.gh/pos/" "Mozilla/5.0 (Windows NT 10.0; Win64; x64) AppleWebKit/537.36 (KHTML, like Gecko) Chrome/119.0.0.0 Safari/537.36"
41.79.97.5 - - [05/Nov/2023:11:49:53 +0000] "GET / HTTP/1.1" 302 5457 "https://www.google.com/" "Mozilla/5.0 (iPhone; CPU iPhone OS 16_5 like Mac OS X) AppleWebKit/605.1.15 (KHTML, like Gecko) CriOS/119.0.6045.109 Mobile/15E148 Safari/604.1"
41.79.97.5 - - [05/Nov/2023:11:49:53 +0000] "GET /subscriber HTTP/1.1" 301 630 "https://www.google.com/" "Mozilla/5.0 (iPhone; CPU iPhone OS 16_5 like Mac OS X) AppleWebKit/605.1.15 (KHTML, like Gecko) CriOS/119.0.6045.109 Mobile/15E148 Safari/604.1"
41.79.97.5 - - [05/Nov/2023:11:49:53 +0000] "GET /subscriber/ HTTP/1.1" 200 753 "https://www.google.com/" "Mozilla/5.0 (iPhone; CPU iPhone OS 16_5 like Mac OS X) AppleWebKit/605.1.15 (KHTML, like Gecko) CriOS/119.0.6045.109 Mobile/15E148 Safari/604.1"
41.79.97.5 - - [05/Nov/2023:11:49:52 +0000] "PUT /API/api/make_order HTTP/1.1" 200 1501 "https://mplan.ashesi.edu.gh/pos/" "Mozilla/5.0 (Windows NT 10.0; Win64; x64) AppleWebKit/537.36 (KHTML, like Gecko) Chrome/119.0.0.0 Safari/537.36"
41.79.97.5 - - [05/Nov/2023:11:49:54 +0000] "GET / HTTP/1.1" 302 276 "https://www.google.com/" "Mozilla/5.0 (iPhone; CPU iPhone OS 16_5 like Mac OS X) AppleWebKit/605.1.15 (KHTML, like Gecko) CriOS/119.0.6045.109 Mobile/15E148 Safari/604.1"
41.79.97.5 - - [05/Nov/2023:11:49:54 +0000] "GET /subscriber HTTP/1.1" 301 630 "https://www.google.com/" "Mozilla/5.0 (iPhone; CPU iPhone OS 16_5 like Mac OS X) AppleWebKit/605.1.15 (KHTML, like Gecko) CriOS/119.0.6045.109 Mobile/15E148 Safari/604.1"
41.79.97.5 - - [05/Nov/2023:11:49:54 +0000] "GET /subscriber/ HTTP/1.1" 200 753 "https://www.google.com/" "Mozilla/5.0 (iPhone; CPU iPhone OS 16_5 like Mac OS X) AppleWebKit/605.1.15 (KHTML, like Gecko) CriOS/119.0.6045.109 Mobile/15E148 Safari/604.1"
41.79.97.5 - - [05/Nov/2023:11:49:57 +0000] "GET /API/api/getCurrentBalance/30442027 HTTP/1.1" 200 1747 "http://104.248.33.13/" "Mozilla/5.0 (Windows NT 10.0; Win64; x64) AppleWebKit/537.36 (KHTML, like Gecko) Chrome/119.0.0.0 Safari/537.36"
41.79.97.5 - - [05/Nov/2023:11:49:58 +0000] "GET /API/api/getCurrentBalance/30442027 HTTP/1.1" 200 1747 "http://104.248.33.13/" "Mozilla/5.0 (Windows NT 10.0; Win64; x64) AppleWebKit/537.36 (KHTML, like Gecko) Chrome/119.0.0.0 Safari/537.36"
41.79.97.5 - - [05/Nov/2023:11:50:02 +0000] "GET /API/api/getCurrentBalance/75162026 HTTP/1.1" 200 6333 "https://mplan.ashesi.edu.gh/subscriber/" "Mozilla/5.0 (iPhone; CPU iPhone OS 16_5 like Mac OS X) AppleWebKit/605.1.15 (KHTML, like Gecko) CriOS/119.0.6045.109 Mobile/15E148 Safari/604.1"
41.79.97.5 - - [05/Nov/2023:11:50:02 +0000] "PUT /API/api/make_order HTTP/1.1" 200 1505 "http://104.248.33.13/" "Mozilla/5.0 (Windows NT 10.0; Win64; x64) AppleWebKit/537.36 (KHTML, like Gecko) Chrome/119.0.0.0 Safari/537.36"
41.79.97.5 - - [05/Nov/2023:11:50:19 +0000] "GET /API/api/getCurrentBalance/87932025 HTTP/1.1" 200 1728 "https://mplan.ashesi.edu.gh/pos/" "Mozilla/5.0 (Windows NT 10.0; Win64; x64) AppleWebKit/537.36 (KHTML, like Gecko) Chrome/119.0.0.0 Safari/537.36"
41.79.97.5 - - [05/Nov/2023:11:50:17 +0000] "GET /API/api/getSubscriberHistory/75162026/2023-11-5/2023-11-5 HTTP/1.1" 200 7963 "https://mplan.ashesi.edu.gh/subscriber/" "Mozilla/5.0 (iPhone; CPU iPhone OS 16_5 like Mac OS X) AppleWebKit/605.1.15 (KHTML, like Gecko) CriOS/119.0.6045.109 Mobile/15E148 Safari/604.1"
41.79.97.5 - - [05/Nov/2023:11:50:27 +0000] "PUT /API/api/make_order HTTP/1.1" 200 1502 "https://mplan.ashesi.edu.gh/pos/" "Mozilla/5.0 (Windows NT 10.0; Win64; x64) AppleWebKit/537.36 (KHTML, like Gecko) Chrome/119.0.0.0 Safari/537.36"
41.79.97.5 - - [05/Nov/2023:11:50:33 +0000] "GET / HTTP/1.1" 302 5425 "https://www.google.com/" "Mozilla/5.0 (iPhone; CPU iPhone OS 16_7 like Mac OS X) AppleWebKit/605.1.15 (KHTML, like Gecko) CriOS/119.0.6045.109 Mobile/15E148 Safari/604.1"
41.79.97.5 - - [05/Nov/2023:11:50:34 +0000] "GET /subscriber HTTP/1.1" 301 630 "https://www.google.com/" "Mozilla/5.0 (iPhone; CPU iPhone OS 16_7 like Mac OS X) AppleWebKit/605.1.15 (KHTML, like Gecko) CriOS/119.0.6045.109 Mobile/15E148 Safari/604.1"
41.79.97.5 - - [05/Nov/2023:11:50:34 +0000] "GET /subscriber/ HTTP/1.1" 200 753 "https://www.google.com/" "Mozilla/5.0 (iPhone; CPU iPhone OS 16_7 like Mac OS X) AppleWebKit/605.1.15 (KHTML, like Gecko) CriOS/119.0.6045.109 Mobile/15E148 Safari/604.1"
41.79.97.5 - - [05/Nov/2023:11:50:40 +0000] "OPTIONS /API/api/getCurrentBalance/28922024 HTTP/1.1" 200 1030 "http://104.248.33.13/" "Mozilla/5.0 (Windows NT 10.0; Win64; x64) AppleWebKit/537.36 (KHTML, like Gecko) Chrome/119.0.0.0 Safari/537.36"
41.79.97.5 - - [05/Nov/2023:11:50:40 +0000] "GET /API/api/getCurrentBalance/28922024 HTTP/1.1" 200 1743 "http://104.248.33.13/" "Mozilla/5.0 (Windows NT 10.0; Win64; x64) AppleWebKit/537.36 (KHTML, like Gecko) Chrome/119.0.0.0 Safari/537.36"
41.79.97.5 - - [05/Nov/2023:11:50:42 +0000] "GET /API/api/getCurrentBalance/31012027 HTTP/1.1" 200 6365 "https://mplan.ashesi.edu.gh/subscriber/" "Mozilla/5.0 (iPhone; CPU iPhone OS 16_7 like Mac OS X) AppleWebKit/605.1.15 (KHTML, like Gecko) CriOS/119.0.6045.109 Mobile/15E148 Safari/604.1"
41.79.97.5 - - [05/Nov/2023:11:50:46 +0000] "PUT /API/api/make_order HTTP/1.1" 200 1505 "http://104.248.33.13/" "Mozilla/5.0 (Windows NT 10.0; Win64; x64) AppleWebKit/537.36 (KHTML, like Gecko) Chrome/119.0.0.0 Safari/537.36"
41.79.97.5 - - [05/Nov/2023:11:50:47 +0000] "GET /API/api/getCurrentBalance/30842027 HTTP/1.1" 200 1736 "https://mplan.ashesi.edu.gh/pos/" "Mozilla/5.0 (Windows NT 10.0; Win64; x64) AppleWebKit/537.36 (KHTML, like Gecko) Chrome/118.0.0.0 Safari/537.36"
216.144.248.27 - - [05/Nov/2023:11:50:52 +0000] "HEAD /pos HTTP/1.1" 301 5366 "https://mplan.ashesi.edu.gh/pos" "Mozilla/5.0+(compatible; UptimeRobot/2.0; http://www.uptimerobot.com/)"
216.144.248.27 - - [05/Nov/2023:11:50:52 +0000] "HEAD /pos/ HTTP/1.1" 200 867 "https://mplan.ashesi.edu.gh/pos" "Mozilla/5.0+(compatible; UptimeRobot/2.0; http://www.uptimerobot.com/)"
41.79.97.5 - - [05/Nov/2023:11:50:54 +0000] "PUT /API/api/make_order HTTP/1.1" 200 1503 "https://mplan.ashesi.edu.gh/pos/" "Mozilla/5.0 (Windows NT 10.0; Win64; x64) AppleWebKit/537.36 (KHTML, like Gecko) Chrome/118.0.0.0 Safari/537.36"
41.79.97.5 - - [05/Nov/2023:11:50:57 +0000] "GET /API/api/getCurrentBalance/65752024 HTTP/1.1" 200 1755 "https://mplan.ashesi.edu.gh/pos/" "Mozilla/5.0 (Windows NT 10.0; Win64; x64) AppleWebKit/537.36 (KHTML, like Gecko) Chrome/119.0.0.0 Safari/537.36"
41.79.97.5 - - [05/Nov/2023:11:50:58 +0000] "GET /API/api/getCurrentBalance/65752024 HTTP/1.1" 200 1755 "https://mplan.ashesi.edu.gh/pos/" "Mozilla/5.0 (Windows NT 10.0; Win64; x64) AppleWebKit/537.36 (KHTML, like Gecko) Chrome/119.0.0.0 Safari/537.36"
41.79.97.5 - - [05/Nov/2023:11:51:00 +0000] "GET /API/api/getCurrentBalance/65752024 HTTP/1.1" 200 1755 "https://mplan.ashesi.edu.gh/pos/" "Mozilla/5.0 (Windows NT 10.0; Win64; x64) AppleWebKit/537.36 (KHTML, like Gecko) Chrome/119.0.0.0 Safari/537.36"
154.160.7.138 - - [05/Nov/2023:11:51:01 +0000] "GET /API/api/getCurrentBalance/56752026 HTTP/1.1" 200 1736 "https://mplan.ashesi.edu.gh/pos/" "Mozilla/5.0 (Windows NT 10.0; Win64; x64) AppleWebKit/537.36 (KHTML, like Gecko) Chrome/119.0.0.0 Safari/537.36"
41.79.97.5 - - [05/Nov/2023:11:51:02 +0000] "GET /API/api/getCurrentBalance/65752024 HTTP/1.1" 200 1739 "https://mplan.ashesi.edu.gh/pos/" "Mozilla/5.0 (Windows NT 10.0; Win64; x64) AppleWebKit/537.36 (KHTML, like Gecko) Chrome/119.0.0.0 Safari/537.36"
41.79.97.5 - - [05/Nov/2023:11:51:04 +0000] "PUT /API/api/make_order HTTP/1.1" 200 1482 "https://mplan.ashesi.edu.gh/pos/" "Mozilla/5.0 (Windows NT 10.0; Win64; x64) AppleWebKit/537.36 (KHTML, like Gecko) Chrome/119.0.0.0 Safari/537.36"
41.79.97.5 - - [05/Nov/2023:11:51:04 +0000] "GET /API/api/getCurrentBalance/65752024 HTTP/1.1" 200 6328 "https://mplan.ashesi.edu.gh/pos/" "Mozilla/5.0 (Windows NT 10.0; Win64; x64) AppleWebKit/537.36 (KHTML, like Gecko) Chrome/119.0.0.0 Safari/537.36"
154.160.7.138 - - [05/Nov/2023:11:51:05 +0000] "PUT /API/api/make_order HTTP/1.1" 200 1504 "https://mplan.ashesi.edu.gh/pos/" "Mozilla/5.0 (Windows NT 10.0; Win64; x64) AppleWebKit/537.36 (KHTML, like Gecko) Chrome/119.0.0.0 Safari/537.36"
41.79.97.5 - - [05/Nov/2023:11:51:06 +0000] "GET /API/api/getCurrentBalance/65752024 HTTP/1.1" 200 1755 "https://mplan.ashesi.edu.gh/pos/" "Mozilla/5.0 (Windows NT 10.0; Win64; x64) AppleWebKit/537.36 (KHTML, like Gecko) Chrome/119.0.0.0 Safari/537.36"
41.79.97.5 - - [05/Nov/2023:11:51:08 +0000] "GET /API/api/getCurrentBalance/65752024 HTTP/1.1" 200 1739 "https://mplan.ashesi.edu.gh/pos/" "Mozilla/5.0 (Windows NT 10.0; Win64; x64) AppleWebKit/537.36 (KHTML, like Gecko) Chrome/119.0.0.0 Safari/537.36"
41.79.97.5 - - [05/Nov/2023:11:51:09 +0000] "GET /API/api/getCurrentBalance/65752024 HTTP/1.1" 200 1739 "https://mplan.ashesi.edu.gh/pos/" "Mozilla/5.0 (Windows NT 10.0; Win64; x64) AppleWebKit/537.36 (KHTML, like Gecko) Chrome/119.0.0.0 Safari/537.36"
41.79.97.5 - - [05/Nov/2023:11:51:11 +0000] "GET /API/api/getCurrentBalance/65752024 HTTP/1.1" 200 1739 "https://mplan.ashesi.edu.gh/pos/" "Mozilla/5.0 (Windows NT 10.0; Win64; x64) AppleWebKit/537.36 (KHTML, like Gecko) Chrome/119.0.0.0 Safari/537.36"
41.79.97.5 - - [05/Nov/2023:11:51:18 +0000] "OPTIONS /API/api/getCurrentBalance/30662027 HTTP/1.1" 200 1030 "http://104.248.33.13/" "Mozilla/5.0 (Windows NT 10.0; Win64; x64) AppleWebKit/537.36 (KHTML, like Gecko) Chrome/119.0.0.0 Safari/537.36"
41.79.97.5 - - [05/Nov/2023:11:51:18 +0000] "OPTIONS /API/api/getCurrentBalance/30662027 HTTP/1.1" 200 1046 "http://104.248.33.13/" "Mozilla/5.0 (Windows NT 10.0; Win64; x64) AppleWebKit/537.36 (KHTML, like Gecko) Chrome/119.0.0.0 Safari/537.36"
41.79.97.5 - - [05/Nov/2023:11:51:18 +0000] "GET /API/api/getCurrentBalance/30662027 HTTP/1.1" 200 1750 "http://104.248.33.13/" "Mozilla/5.0 (Windows NT 10.0; Win64; x64) AppleWebKit/537.36 (KHTML, like Gecko) Chrome/119.0.0.0 Safari/537.36"
41.79.97.5 - - [05/Nov/2023:11:51:20 +0000] "GET /API/api/getCurrentBalance/30662027 HTTP/1.1" 200 1750 "http://104.248.33.13/" "Mozilla/5.0 (Windows NT 10.0; Win64; x64) AppleWebKit/537.36 (KHTML, like Gecko) Chrome/119.0.0.0 Safari/537.36"
41.79.97.5 - - [05/Nov/2023:11:51:23 +0000] "GET /API/api/getCurrentBalance/76372026 HTTP/1.1" 200 1736 "https://mplan.ashesi.edu.gh/pos/" "Mozilla/5.0 (Windows NT 10.0; Win64; x64) AppleWebKit/537.36 (KHTML, like Gecko) Chrome/119.0.0.0 Safari/537.36"
41.79.97.5 - - [05/Nov/2023:11:51:25 +0000] "GET /API/api/getCurrentBalance/76372026 HTTP/1.1" 200 1720 "https://mplan.ashesi.edu.gh/pos/" "Mozilla/5.0 (Windows NT 10.0; Win64; x64) AppleWebKit/537.36 (KHTML, like Gecko) Chrome/119.0.0.0 Safari/537.36"
41.79.97.5 - - [05/Nov/2023:11:51:27 +0000] "PUT /API/api/make_order HTTP/1.1" 200 1487 "http://104.248.33.13/" "Mozilla/5.0 (Windows NT 10.0; Win64; x64) AppleWebKit/537.36 (KHTML, like Gecko) Chrome/119.0.0.0 Safari/537.36"
41.79.97.5 - - [05/Nov/2023:11:51:31 +0000] "GET /API/api/getCurrentBalance/76372026 HTTP/1.1" 200 1720 "https://mplan.ashesi.edu.gh/pos/" "Mozilla/5.0 (Windows NT 10.0; Win64; x64) AppleWebKit/537.36 (KHTML, like Gecko) Chrome/119.0.0.0 Safari/537.36"
41.79.97.5 - - [05/Nov/2023:11:51:33 +0000] "GET /API/api/getCurrentBalance/76372026 HTTP/1.1" 200 1736 "https://mplan.ashesi.edu.gh/pos/" "Mozilla/5.0 (Windows NT 10.0; Win64; x64) AppleWebKit/537.36 (KHTML, like Gecko) Chrome/119.0.0.0 Safari/537.36"
154.160.7.138 - - [05/Nov/2023:11:51:37 +0000] "GET /API/api/getCurrentBalance/483352026 HTTP/1.1" 200 1037 "https://mplan.ashesi.edu.gh/pos/" "Mozilla/5.0 (Windows NT 10.0; Win64; x64) AppleWebKit/537.36 (KHTML, like Gecko) Chrome/119.0.0.0 Safari/537.36"
41.79.97.5 - - [05/Nov/2023:11:51:40 +0000] "PUT /API/api/make_order HTTP/1.1" 200 1491 "https://mplan.ashesi.edu.gh/pos/" "Mozilla/5.0 (Windows NT 10.0; Win64; x64) AppleWebKit/537.36 (KHTML, like Gecko) Chrome/119.0.0.0 Safari/537.36"
154.160.7.138 - - [05/Nov/2023:11:51:46 +0000] "GET /API/api/getCurrentBalance/48352026 HTTP/1.1" 200 1728 "https://mplan.ashesi.edu.gh/pos/" "Mozilla/5.0 (Windows NT 10.0; Win64; x64) AppleWebKit/537.36 (KHTML, like Gecko) Chrome/119.0.0.0 Safari/537.36"
154.160.7.138 - - [05/Nov/2023:11:51:51 +0000] "PUT /API/api/make_order HTTP/1.1" 200 1487 "https://mplan.ashesi.edu.gh/pos/" "Mozilla/5.0 (Windows NT 10.0; Win64; x64) AppleWebKit/537.36 (KHTML, like Gecko) Chrome/119.0.0.0 Safari/537.36"
216.144.248.27 - - [05/Nov/2023:11:52:06 +0000] "HEAD /vendor/public/admin HTTP/1.1" 302 6083 "https://mplan.ashesi.edu.gh/vendor/public/admin" "Mozilla/5.0+(compatible; UptimeRobot/2.0; http://www.uptimerobot.com/)"
