41.79.97.5 - - [05/Nov/2023:08:31:30 +0000] "GET /API/api/getCurrentBalance/30512027 HTTP/1.1" 200 1734 "http://104.248.33.13/" "Mozilla/5.0 (Windows NT 10.0; Win64; x64) AppleWebKit/537.36 (KHTML, like Gecko) Chrome/119.0.0.0 Safari/537.36"
167.94.146.55 - - [05/Nov/2023:08:31:31 +0000] "GET /subscriber HTTP/1.1" 301 550 "-" "Mozilla/5.0 (compatible; CensysInspect/1.1; +https://about.censys.io/)"
167.94.146.55 - - [05/Nov/2023:08:31:31 +0000] "PRI * HTTP/2.0" 400 493 "-" "-"
167.94.146.55 - - [05/Nov/2023:08:31:31 +0000] "GET /subscriber HTTP/1.1" 301 5708 "-" "Mozilla/5.0 (compatible; CensysInspect/1.1; +https://about.censys.io/)"
167.94.146.55 - - [05/Nov/2023:08:31:31 +0000] "GET /subscriber HTTP/1.1" 301 5708 "-" "Mozilla/5.0 (compatible; CensysInspect/1.1; +https://about.censys.io/)"
167.94.146.55 - - [05/Nov/2023:08:31:31 +0000] "GET /subscriber HTTP/1.1" 301 5708 "-" "Mozilla/5.0 (compatible; CensysInspect/1.1; +https://about.censys.io/)"
167.94.146.55 - - [05/Nov/2023:08:31:31 +0000] "GET /subscriber HTTP/1.1" 301 5708 "-" "Mozilla/5.0 (compatible; CensysInspect/1.1; +https://about.censys.io/)"
41.79.97.5 - - [05/Nov/2023:08:31:33 +0000] "OPTIONS /API/api/make_order HTTP/1.1" 200 1030 "http://104.248.33.13/" "Mozilla/5.0 (Windows NT 10.0; Win64; x64) AppleWebKit/537.36 (KHTML, like Gecko) Chrome/119.0.0.0 Safari/537.36"
41.79.97.5 - - [05/Nov/2023:08:31:33 +0000] "PUT /API/api/make_order HTTP/1.1" 200 1493 "http://104.248.33.13/" "Mozilla/5.0 (Windows NT 10.0; Win64; x64) AppleWebKit/537.36 (KHTML, like Gecko) Chrome/119.0.0.0 Safari/537.36"
216.144.248.27 - - [05/Nov/2023:08:32:06 +0000] "HEAD /vendor/public/admin HTTP/1.1" 302 6081 "https://mplan.ashesi.edu.gh/vendor/public/admin" "Mozilla/5.0+(compatible; UptimeRobot/2.0; http://www.uptimerobot.com/)"
216.144.248.27 - - [05/Nov/2023:08:32:06 +0000] "HEAD /vendor/public/admin/login HTTP/1.1" 200 1424 "https://mplan.ashesi.edu.gh/vendor/public/admin" "Mozilla/5.0+(compatible; UptimeRobot/2.0; http://www.uptimerobot.com/)"
89.248.165.197 - - [05/Nov/2023:08:32:17 +0000] "GET / HTTP/1.0" 302 4896 "-" "-"
89.248.165.197 - - [05/Nov/2023:08:32:29 +0000] "GET / HTTP/1.1" 302 4896 "-" "Mozilla/5.0 (compatible; Nmap Scripting Engine; http://nmap.org/book/nse.html)"
89.248.165.197 - - [05/Nov/2023:08:32:29 +0000] "GET /robots.txt HTTP/1.1" 404 5134 "-" "Mozilla/5.0 (compatible; Nmap Scripting Engine; http://nmap.org/book/nse.html)"
89.248.165.197 - - [05/Nov/2023:08:32:29 +0000] "OPTIONS / HTTP/1.1" 302 4896 "-" "Mozilla/5.0 (compatible; Nmap Scripting Engine; http://nmap.org/book/nse.html)"
89.248.165.197 - - [05/Nov/2023:08:32:29 +0000] "OPTIONS / HTTP/1.1" 302 4896 "-" "Mozilla/5.0 (compatible; Nmap Scripting Engine; http://nmap.org/book/nse.html)"
89.248.165.197 - - [05/Nov/2023:08:32:29 +0000] "GET /.git/HEAD HTTP/1.1" 404 5134 "-" "Mozilla/5.0 (compatible; Nmap Scripting Engine; http://nmap.org/book/nse.html)"
89.248.165.197 - - [05/Nov/2023:08:32:29 +0000] "GET /favicon.ico HTTP/1.1" 404 5134 "-" "Mozilla/5.0 (compatible; Nmap Scripting Engine; http://nmap.org/book/nse.html)"
89.248.165.197 - - [05/Nov/2023:08:32:29 +0000] "OPTIONS / HTTP/1.1" 302 4896 "-" "Mozilla/5.0 (compatible; Nmap Scripting Engine; http://nmap.org/book/nse.html)"
89.248.165.197 - - [05/Nov/2023:08:32:29 +0000] "GET /subscriber HTTP/1.1" 301 569 "-" "Mozilla/5.0 (compatible; Nmap Scripting Engine; http://nmap.org/book/nse.html)"
89.248.165.197 - - [05/Nov/2023:08:32:29 +0000] "GET / HTTP/1.1" 302 4896 "-" "Mozilla/5.0 (compatible; Nmap Scripting Engine; http://nmap.org/book/nse.html)"
89.248.165.197 - - [05/Nov/2023:08:32:29 +0000] "OPTIONS / HTTP/1.1" 302 4896 "-" "Mozilla/5.0 (compatible; Nmap Scripting Engine; http://nmap.org/book/nse.html)"
89.248.165.197 - - [05/Nov/2023:08:32:29 +0000] "GET /subscriber HTTP/1.1" 301 5270 "-" "Mozilla/5.0 (compatible; Nmap Scripting Engine; http://nmap.org/book/nse.html)"
89.248.165.197 - - [05/Nov/2023:08:32:29 +0000] "OPTIONS / HTTP/1.1" 302 4896 "-" "Mozilla/5.0 (compatible; Nmap Scripting Engine; http://nmap.org/book/nse.html)"
89.248.165.197 - - [05/Nov/2023:08:32:29 +0000] "GET /subscriber/ HTTP/1.1" 200 5698 "-" "Mozilla/5.0 (compatible; Nmap Scripting Engine; http://nmap.org/book/nse.html)"
89.248.165.197 - - [05/Nov/2023:08:32:29 +0000] "OPTIONS / HTTP/1.1" 302 4896 "-" "Mozilla/5.0 (compatible; Nmap Scripting Engine; http://nmap.org/book/nse.html)"
89.248.165.197 - - [05/Nov/2023:08:32:30 +0000] "OPTIONS / HTTP/1.1" 302 4896 "-" "Mozilla/5.0 (compatible; Nmap Scripting Engine; http://nmap.org/book/nse.html)"
89.248.165.197 - - [05/Nov/2023:08:32:30 +0000] "OPTIONS / HTTP/1.1" 302 4896 "-" "Mozilla/5.0 (compatible; Nmap Scripting Engine; http://nmap.org/book/nse.html)"
89.248.165.197 - - [05/Nov/2023:08:32:30 +0000] "OPTIONS / HTTP/1.1" 302 4896 "-" "Mozilla/5.0 (compatible; Nmap Scripting Engine; http://nmap.org/book/nse.html)"
89.248.165.197 - - [05/Nov/2023:08:32:30 +0000] "OPTIONS / HTTP/1.1" 302 4896 "-" "Mozilla/5.0 (compatible; Nmap Scripting Engine; http://nmap.org/book/nse.html)"
216.144.248.27 - - [05/Nov/2023:08:32:30 +0000] "HEAD /admin HTTP/1.1" 301 5368 "https://mplan.ashesi.edu.gh/admin" "Mozilla/5.0+(compatible; UptimeRobot/2.0; http://www.uptimerobot.com/)"
::1 - - [05/Nov/2023:08:32:30 +0000] "OPTIONS * HTTP/1.0" 200 126 "-" "Apache/2.4.29 (Ubuntu) OpenSSL/1.1.1 (internal dummy connection)"
216.144.248.27 - - [05/Nov/2023:08:32:30 +0000] "HEAD /admin/ HTTP/1.1" 302 1554 "https://mplan.ashesi.edu.gh/admin" "Mozilla/5.0+(compatible; UptimeRobot/2.0; http://www.uptimerobot.com/)"
216.144.248.27 - - [05/Nov/2023:08:32:31 +0000] "HEAD /admin/admin/login HTTP/1.1" 200 1490 "https://mplan.ashesi.edu.gh/admin" "Mozilla/5.0+(compatible; UptimeRobot/2.0; http://www.uptimerobot.com/)"
41.79.97.5 - - [05/Nov/2023:08:32:33 +0000] "GET /API/api/getCurrentBalance/02222025 HTTP/1.1" 200 1727 "https://mplan.ashesi.edu.gh/pos/" "Mozilla/5.0 (Windows NT 10.0; Win64; x64) AppleWebKit/537.36 (KHTML, like Gecko) Chrome/119.0.0.0 Safari/537.36"
41.79.97.5 - - [05/Nov/2023:08:32:40 +0000] "PUT /API/api/make_order HTTP/1.1" 200 1030 "https://mplan.ashesi.edu.gh/pos/" "Mozilla/5.0 (Windows NT 10.0; Win64; x64) AppleWebKit/537.36 (KHTML, like Gecko) Chrome/119.0.0.0 Safari/537.36"
41.79.97.5 - - [05/Nov/2023:08:32:45 +0000] "GET /API/api/getCurrentBalance/02222025 HTTP/1.1" 200 1743 "https://mplan.ashesi.edu.gh/pos/" "Mozilla/5.0 (Windows NT 10.0; Win64; x64) AppleWebKit/537.36 (KHTML, like Gecko) Chrome/119.0.0.0 Safari/537.36"
41.79.97.5 - - [05/Nov/2023:08:32:48 +0000] "PUT /API/api/make_order HTTP/1.1" 200 1487 "https://mplan.ashesi.edu.gh/pos/" "Mozilla/5.0 (Windows NT 10.0; Win64; x64) AppleWebKit/537.36 (KHTML, like Gecko) Chrome/119.0.0.0 Safari/537.36"
216.144.248.27 - - [05/Nov/2023:08:33:19 +0000] "HEAD /subscriber HTTP/1.1" 301 5373 "https://mplan.ashesi.edu.gh/subscriber" "Mozilla/5.0+(compatible; UptimeRobot/2.0; http://www.uptimerobot.com/)"
216.144.248.27 - - [05/Nov/2023:08:33:19 +0000] "HEAD /subscriber/ HTTP/1.1" 200 866 "https://mplan.ashesi.edu.gh/subscriber" "Mozilla/5.0+(compatible; UptimeRobot/2.0; http://www.uptimerobot.com/)"
66.249.66.22 - - [05/Nov/2023:08:33:29 +0000] "GET /subscriber/vite.svg HTTP/1.1" 200 6942 "-" "Googlebot-Image/1.0"
154.160.7.138 - - [05/Nov/2023:08:33:52 +0000] "GET /API/api/getCurrentBalance/62572024 HTTP/1.1" 200 6345 "https://mplan.ashesi.edu.gh/pos/" "Mozilla/5.0 (Windows NT 10.0; Win64; x64) AppleWebKit/537.36 (KHTML, like Gecko) Chrome/119.0.0.0 Safari/537.36"
154.160.7.138 - - [05/Nov/2023:08:34:02 +0000] "PUT /API/api/make_order HTTP/1.1" 200 1500 "https://mplan.ashesi.edu.gh/pos/" "Mozilla/5.0 (Windows NT 10.0; Win64; x64) AppleWebKit/537.36 (KHTML, like Gecko) Chrome/119.0.0.0 Safari/537.36"
212.162.149.126 - - [05/Nov/2023:08:34:46 +0000] "GET /.env HTTP/1.1" 404 492 "-" "Mozilla/5.0 (X11; Linux x86_64) AppleWebKit/537.36 (KHTML, like Gecko) Chrome/81.0.4044.129 Safari/537.36"
212.162.149.126 - - [05/Nov/2023:08:34:47 +0000] "POST / HTTP/1.1" 302 255 "-" "Mozilla/5.0 (X11; Linux x86_64) AppleWebKit/537.36 (KHTML, like Gecko) Chrome/81.0.4044.129 Safari/537.36"
212.162.149.126 - - [05/Nov/2023:08:34:49 +0000] "GET /sendgrid/.env HTTP/1.1" 404 492 "-" "Mozilla/5.0 (X11; Linux x86_64) AppleWebKit/537.36 (KHTML, like Gecko) Chrome/81.0.4044.129 Safari/537.36"
212.162.149.126 - - [05/Nov/2023:08:34:50 +0000] "POST / HTTP/1.1" 302 255 "-" "Mozilla/5.0 (X11; Linux x86_64) AppleWebKit/537.36 (KHTML, like Gecko) Chrome/81.0.4044.129 Safari/537.36"
154.160.7.138 - - [05/Nov/2023:08:34:56 +0000] "GET /API/api/getCurrentBalance/62572024 HTTP/1.1" 200 1724 "https://mplan.ashesi.edu.gh/pos/" "Mozilla/5.0 (Windows NT 10.0; Win64; x64) AppleWebKit/537.36 (KHTML, like Gecko) Chrome/119.0.0.0 Safari/537.36"
154.160.7.138 - - [05/Nov/2023:08:35:03 +0000] "PUT /API/api/make_order HTTP/1.1" 200 1500 "https://mplan.ashesi.edu.gh/pos/" "Mozilla/5.0 (Windows NT 10.0; Win64; x64) AppleWebKit/537.36 (KHTML, like Gecko) Chrome/119.0.0.0 Safari/537.36"
154.160.7.138 - - [05/Nov/2023:08:35:30 +0000] "GET /API/api/getCurrentBalance/84012026 HTTP/1.1" 200 1725 "https://mplan.ashesi.edu.gh/pos/" "Mozilla/5.0 (Windows NT 10.0; Win64; x64) AppleWebKit/537.36 (KHTML, like Gecko) Chrome/119.0.0.0 Safari/537.36"
154.160.7.138 - - [05/Nov/2023:08:35:36 +0000] "PUT /API/api/make_order HTTP/1.1" 200 1502 "https://mplan.ashesi.edu.gh/pos/" "Mozilla/5.0 (Windows NT 10.0; Win64; x64) AppleWebKit/537.36 (KHTML, like Gecko) Chrome/119.0.0.0 Safari/537.36"
216.144.248.27 - - [05/Nov/2023:08:35:52 +0000] "HEAD /pos HTTP/1.1" 301 5366 "https://mplan.ashesi.edu.gh/pos" "Mozilla/5.0+(compatible; UptimeRobot/2.0; http://www.uptimerobot.com/)"
216.144.248.27 - - [05/Nov/2023:08:35:52 +0000] "HEAD /pos/ HTTP/1.1" 200 867 "https://mplan.ashesi.edu.gh/pos" "Mozilla/5.0+(compatible; UptimeRobot/2.0; http://www.uptimerobot.com/)"
216.144.248.27 - - [05/Nov/2023:08:37:06 +0000] "HEAD /vendor/public/admin HTTP/1.1" 302 6087 "https://mplan.ashesi.edu.gh/vendor/public/admin" "Mozilla/5.0+(compatible; UptimeRobot/2.0; http://www.uptimerobot.com/)"
216.144.248.27 - - [05/Nov/2023:08:37:06 +0000] "HEAD /vendor/public/admin/login HTTP/1.1" 200 1428 "https://mplan.ashesi.edu.gh/vendor/public/admin" "Mozilla/5.0+(compatible; UptimeRobot/2.0; http://www.uptimerobot.com/)"
216.144.248.27 - - [05/Nov/2023:08:37:30 +0000] "HEAD /admin HTTP/1.1" 301 5368 "https://mplan.ashesi.edu.gh/admin" "Mozilla/5.0+(compatible; UptimeRobot/2.0; http://www.uptimerobot.com/)"
216.144.248.27 - - [05/Nov/2023:08:37:30 +0000] "HEAD /admin/ HTTP/1.1" 302 1546 "https://mplan.ashesi.edu.gh/admin" "Mozilla/5.0+(compatible; UptimeRobot/2.0; http://www.uptimerobot.com/)"
216.144.248.27 - - [05/Nov/2023:08:37:31 +0000] "HEAD /admin/admin/login HTTP/1.1" 200 1488 "https://mplan.ashesi.edu.gh/admin" "Mozilla/5.0+(compatible; UptimeRobot/2.0; http://www.uptimerobot.com/)"
216.144.248.27 - - [05/Nov/2023:08:38:19 +0000] "HEAD /subscriber HTTP/1.1" 301 5373 "https://mplan.ashesi.edu.gh/subscriber" "Mozilla/5.0+(compatible; UptimeRobot/2.0; http://www.uptimerobot.com/)"
216.144.248.27 - - [05/Nov/2023:08:38:19 +0000] "HEAD /subscriber/ HTTP/1.1" 200 866 "https://mplan.ashesi.edu.gh/subscriber" "Mozilla/5.0+(compatible; UptimeRobot/2.0; http://www.uptimerobot.com/)"
41.79.97.5 - - [05/Nov/2023:08:39:41 +0000] "GET /API/api/getCurrentBalance/51952024 HTTP/1.1" 200 6323 "https://mplan.ashesi.edu.gh/pos/" "Mozilla/5.0 (Windows NT 10.0; Win64; x64) AppleWebKit/537.36 (KHTML, like Gecko) Chrome/119.0.0.0 Safari/537.36"
41.79.97.5 - - [05/Nov/2023:08:39:43 +0000] "GET /API/api/getCurrentBalance/51952024 HTTP/1.1" 200 1734 "https://mplan.ashesi.edu.gh/pos/" "Mozilla/5.0 (Windows NT 10.0; Win64; x64) AppleWebKit/537.36 (KHTML, like Gecko) Chrome/119.0.0.0 Safari/537.36"
41.79.97.5 - - [05/Nov/2023:08:39:56 +0000] "PUT /API/api/make_order HTTP/1.1" 200 1486 "https://mplan.ashesi.edu.gh/pos/" "Mozilla/5.0 (Windows NT 10.0; Win64; x64) AppleWebKit/537.36 (KHTML, like Gecko) Chrome/119.0.0.0 Safari/537.36"
216.144.248.27 - - [05/Nov/2023:08:40:52 +0000] "HEAD /pos HTTP/1.1" 301 5366 "https://mplan.ashesi.edu.gh/pos" "Mozilla/5.0+(compatible; UptimeRobot/2.0; http://www.uptimerobot.com/)"
216.144.248.27 - - [05/Nov/2023:08:40:52 +0000] "HEAD /pos/ HTTP/1.1" 200 867 "https://mplan.ashesi.edu.gh/pos" "Mozilla/5.0+(compatible; UptimeRobot/2.0; http://www.uptimerobot.com/)"
41.79.97.5 - - [05/Nov/2023:08:40:56 +0000] "GET /API/api/getCurrentBalance/79292025 HTTP/1.1" 200 6324 "https://mplan.ashesi.edu.gh/pos/" "Mozilla/5.0 (Windows NT 10.0; Win64; x64) AppleWebKit/537.36 (KHTML, like Gecko) Chrome/118.0.0.0 Safari/537.36"
41.79.97.5 - - [05/Nov/2023:08:41:02 +0000] "PUT /API/api/make_order HTTP/1.1" 200 1501 "https://mplan.ashesi.edu.gh/pos/" "Mozilla/5.0 (Windows NT 10.0; Win64; x64) AppleWebKit/537.36 (KHTML, like Gecko) Chrome/118.0.0.0 Safari/537.36"
216.144.248.27 - - [05/Nov/2023:08:42:06 +0000] "HEAD /vendor/public/admin HTTP/1.1" 302 6083 "https://mplan.ashesi.edu.gh/vendor/public/admin" "Mozilla/5.0+(compatible; UptimeRobot/2.0; http://www.uptimerobot.com/)"
216.144.248.27 - - [05/Nov/2023:08:42:07 +0000] "HEAD /vendor/public/admin/login HTTP/1.1" 200 1432 "https://mplan.ashesi.edu.gh/vendor/public/admin" "Mozilla/5.0+(compatible; UptimeRobot/2.0; http://www.uptimerobot.com/)"
41.79.97.5 - - [05/Nov/2023:08:42:12 +0000] "GET /API/api/get_orders_not_deliveries/1 HTTP/1.1" 200 1022 "https://mplan.ashesi.edu.gh/pos/" "Mozilla/5.0 (Windows NT 10.0; Win64; x64) AppleWebKit/537.36 (KHTML, like Gecko) Chrome/119.0.0.0 Safari/537.36"
41.79.97.5 - - [05/Nov/2023:08:42:17 +0000] "GET /API/api/print_shift/6107 HTTP/1.1" 200 1385 "https://mplan.ashesi.edu.gh/pos/" "Mozilla/5.0 (Windows NT 10.0; Win64; x64) AppleWebKit/537.36 (KHTML, like Gecko) Chrome/119.0.0.0 Safari/537.36"
216.144.248.27 - - [05/Nov/2023:08:42:30 +0000] "HEAD /admin HTTP/1.1" 301 5368 "https://mplan.ashesi.edu.gh/admin" "Mozilla/5.0+(compatible; UptimeRobot/2.0; http://www.uptimerobot.com/)"
216.144.248.27 - - [05/Nov/2023:08:42:30 +0000] "HEAD /admin/ HTTP/1.1" 302 1552 "https://mplan.ashesi.edu.gh/admin" "Mozilla/5.0+(compatible; UptimeRobot/2.0; http://www.uptimerobot.com/)"
216.144.248.27 - - [05/Nov/2023:08:42:31 +0000] "HEAD /admin/admin/login HTTP/1.1" 200 1488 "https://mplan.ashesi.edu.gh/admin" "Mozilla/5.0+(compatible; UptimeRobot/2.0; http://www.uptimerobot.com/)"
216.144.248.27 - - [05/Nov/2023:08:43:19 +0000] "HEAD /subscriber HTTP/1.1" 301 5373 "https://mplan.ashesi.edu.gh/subscriber" "Mozilla/5.0+(compatible; UptimeRobot/2.0; http://www.uptimerobot.com/)"
216.144.248.27 - - [05/Nov/2023:08:43:19 +0000] "HEAD /subscriber/ HTTP/1.1" 200 866 "https://mplan.ashesi.edu.gh/subscriber" "Mozilla/5.0+(compatible; UptimeRobot/2.0; http://www.uptimerobot.com/)"
154.160.25.125 - - [05/Nov/2023:08:44:00 +0000] "GET /subscriber/ HTTP/1.1" 200 5918 "-" "Mozilla/5.0 (Linux; Android 10; K) AppleWebKit/537.36 (KHTML, like Gecko) Chrome/118.0.0.0 Mobile Safari/537.36"
154.160.25.125 - - [05/Nov/2023:08:44:01 +0000] "GET /subscriber/assets/index-919520b5.css HTTP/1.1" 200 2034 "https://mplan.ashesi.edu.gh/subscriber/" "Mozilla/5.0 (Linux; Android 10; K) AppleWebKit/537.36 (KHTML, like Gecko) Chrome/118.0.0.0 Mobile Safari/537.36"
154.160.25.125 - - [05/Nov/2023:08:44:00 +0000] "GET /subscriber/assets/index-e7c9cb4e.js HTTP/1.1" 200 187467 "https://mplan.ashesi.edu.gh/subscriber/" "Mozilla/5.0 (Linux; Android 10; K) AppleWebKit/537.36 (KHTML, like Gecko) Chrome/118.0.0.0 Mobile Safari/537.36"
154.160.25.125 - - [05/Nov/2023:08:44:01 +0000] "GET /subscriber/vite.svg HTTP/1.1" 200 1808 "https://mplan.ashesi.edu.gh/subscriber/" "Mozilla/5.0 (Linux; Android 10; K) AppleWebKit/537.36 (KHTML, like Gecko) Chrome/118.0.0.0 Mobile Safari/537.36"
154.160.25.125 - - [05/Nov/2023:08:44:01 +0000] "GET /subscriber/assets/headerimg-5519f95f.png HTTP/1.1" 200 1760353 "https://mplan.ashesi.edu.gh/subscriber/assets/index-919520b5.css" "Mozilla/5.0 (Linux; Android 10; K) AppleWebKit/537.36 (KHTML, like Gecko) Chrome/118.0.0.0 Mobile Safari/537.36"
154.160.25.125 - - [05/Nov/2023:08:44:04 +0000] "GET /API/api/getCurrentBalance/62772026 HTTP/1.1" 200 1177 "https://mplan.ashesi.edu.gh/subscriber/" "Mozilla/5.0 (Linux; Android 10; K) AppleWebKit/537.36 (KHTML, like Gecko) Chrome/118.0.0.0 Mobile Safari/537.36"
41.79.97.5 - - [05/Nov/2023:08:44:36 +0000] "GET /API/api/getCurrentBalance/62772026 HTTP/1.1" 200 6325 "https://mplan.ashesi.edu.gh/pos/" "Mozilla/5.0 (Windows NT 10.0; Win64; x64) AppleWebKit/537.36 (KHTML, like Gecko) Chrome/119.0.0.0 Safari/537.36"
41.79.97.5 - - [05/Nov/2023:08:44:46 +0000] "PUT /API/api/make_order HTTP/1.1" 200 1485 "https://mplan.ashesi.edu.gh/pos/" "Mozilla/5.0 (Windows NT 10.0; Win64; x64) AppleWebKit/537.36 (KHTML, like Gecko) Chrome/119.0.0.0 Safari/537.36"
216.144.248.27 - - [05/Nov/2023:08:45:52 +0000] "HEAD /pos HTTP/1.1" 301 5366 "https://mplan.ashesi.edu.gh/pos" "Mozilla/5.0+(compatible; UptimeRobot/2.0; http://www.uptimerobot.com/)"
216.144.248.27 - - [05/Nov/2023:08:45:52 +0000] "HEAD /pos/ HTTP/1.1" 200 867 "https://mplan.ashesi.edu.gh/pos" "Mozilla/5.0+(compatible; UptimeRobot/2.0; http://www.uptimerobot.com/)"
172.104.11.34 - - [05/Nov/2023:08:46:47 +0000] "\x16\x03\x01" 400 493 "-" "-"
216.144.248.27 - - [05/Nov/2023:08:47:06 +0000] "HEAD /vendor/public/admin HTTP/1.1" 302 6081 "https://mplan.ashesi.edu.gh/vendor/public/admin" "Mozilla/5.0+(compatible; UptimeRobot/2.0; http://www.uptimerobot.com/)"
216.144.248.27 - - [05/Nov/2023:08:47:06 +0000] "HEAD /vendor/public/admin/login HTTP/1.1" 200 1422 "https://mplan.ashesi.edu.gh/vendor/public/admin" "Mozilla/5.0+(compatible; UptimeRobot/2.0; http://www.uptimerobot.com/)"
216.144.248.27 - - [05/Nov/2023:08:47:30 +0000] "HEAD /admin HTTP/1.1" 301 5368 "https://mplan.ashesi.edu.gh/admin" "Mozilla/5.0+(compatible; UptimeRobot/2.0; http://www.uptimerobot.com/)"
216.144.248.27 - - [05/Nov/2023:08:47:30 +0000] "HEAD /admin/ HTTP/1.1" 302 1554 "https://mplan.ashesi.edu.gh/admin" "Mozilla/5.0+(compatible; UptimeRobot/2.0; http://www.uptimerobot.com/)"
216.144.248.27 - - [05/Nov/2023:08:47:31 +0000] "HEAD /admin/admin/login HTTP/1.1" 200 1490 "https://mplan.ashesi.edu.gh/admin" "Mozilla/5.0+(compatible; UptimeRobot/2.0; http://www.uptimerobot.com/)"
216.144.248.27 - - [05/Nov/2023:08:48:19 +0000] "HEAD /subscriber HTTP/1.1" 301 5373 "https://mplan.ashesi.edu.gh/subscriber" "Mozilla/5.0+(compatible; UptimeRobot/2.0; http://www.uptimerobot.com/)"
216.144.248.27 - - [05/Nov/2023:08:48:19 +0000] "HEAD /subscriber/ HTTP/1.1" 200 866 "https://mplan.ashesi.edu.gh/subscriber" "Mozilla/5.0+(compatible; UptimeRobot/2.0; http://www.uptimerobot.com/)"
216.144.248.27 - - [05/Nov/2023:08:50:52 +0000] "HEAD /pos HTTP/1.1" 301 5366 "https://mplan.ashesi.edu.gh/pos" "Mozilla/5.0+(compatible; UptimeRobot/2.0; http://www.uptimerobot.com/)"
216.144.248.27 - - [05/Nov/2023:08:50:52 +0000] "HEAD /pos/ HTTP/1.1" 200 867 "https://mplan.ashesi.edu.gh/pos" "Mozilla/5.0+(compatible; UptimeRobot/2.0; http://www.uptimerobot.com/)"
41.79.97.5 - - [05/Nov/2023:08:51:10 +0000] "GET /API/api/getCurrentBalance/84812025 HTTP/1.1" 200 6340 "https://mplan.ashesi.edu.gh/pos/" "Mozilla/5.0 (Windows NT 10.0; Win64; x64) AppleWebKit/537.36 (KHTML, like Gecko) Chrome/119.0.0.0 Safari/537.36"
41.79.97.5 - - [05/Nov/2023:08:51:12 +0000] "GET /API/api/getCurrentBalance/84812025 HTTP/1.1" 200 1735 "https://mplan.ashesi.edu.gh/pos/" "Mozilla/5.0 (Windows NT 10.0; Win64; x64) AppleWebKit/537.36 (KHTML, like Gecko) Chrome/119.0.0.0 Safari/537.36"
41.79.97.5 - - [05/Nov/2023:08:51:16 +0000] "PUT /API/api/make_order HTTP/1.1" 200 1483 "https://mplan.ashesi.edu.gh/pos/" "Mozilla/5.0 (Windows NT 10.0; Win64; x64) AppleWebKit/537.36 (KHTML, like Gecko) Chrome/119.0.0.0 Safari/537.36"
41.79.97.5 - - [05/Nov/2023:08:51:18 +0000] "GET /pos/web/img/tick.svg HTTP/1.1" 200 1871 "https://mplan.ashesi.edu.gh/pos/" "Mozilla/5.0 (Windows NT 10.0; Win64; x64) AppleWebKit/537.36 (KHTML, like Gecko) Chrome/119.0.0.0 Safari/537.36"
41.79.97.5 - - [05/Nov/2023:08:51:28 +0000] "GET /API/api/getCurrentBalance/85482025 HTTP/1.1" 200 6343 "https://mplan.ashesi.edu.gh/pos/" "Mozilla/5.0 (Windows NT 10.0; Win64; x64) AppleWebKit/537.36 (KHTML, like Gecko) Chrome/119.0.0.0 Safari/537.36"
41.79.97.5 - - [05/Nov/2023:08:51:35 +0000] "PUT /API/api/make_order HTTP/1.1" 200 1501 "https://mplan.ashesi.edu.gh/pos/" "Mozilla/5.0 (Windows NT 10.0; Win64; x64) AppleWebKit/537.36 (KHTML, like Gecko) Chrome/119.0.0.0 Safari/537.36"
41.79.97.5 - - [05/Nov/2023:08:51:47 +0000] "GET /API/api/getCurrentBalance/74582025 HTTP/1.1" 200 6324 "https://mplan.ashesi.edu.gh/pos/" "Mozilla/5.0 (Windows NT 10.0; Win64; x64) AppleWebKit/537.36 (KHTML, like Gecko) Chrome/118.0.0.0 Safari/537.36"
41.79.97.5 - - [05/Nov/2023:08:51:56 +0000] "PUT /API/api/make_order HTTP/1.1" 200 1485 "https://mplan.ashesi.edu.gh/pos/" "Mozilla/5.0 (Windows NT 10.0; Win64; x64) AppleWebKit/537.36 (KHTML, like Gecko) Chrome/118.0.0.0 Safari/537.36"
216.144.248.27 - - [05/Nov/2023:08:52:06 +0000] "HEAD /vendor/public/admin HTTP/1.1" 302 6089 "https://mplan.ashesi.edu.gh/vendor/public/admin" "Mozilla/5.0+(compatible; UptimeRobot/2.0; http://www.uptimerobot.com/)"
216.144.248.27 - - [05/Nov/2023:08:52:07 +0000] "HEAD /vendor/public/admin/login HTTP/1.1" 200 1426 "https://mplan.ashesi.edu.gh/vendor/public/admin" "Mozilla/5.0+(compatible; UptimeRobot/2.0; http://www.uptimerobot.com/)"
216.144.248.27 - - [05/Nov/2023:08:52:30 +0000] "HEAD /admin HTTP/1.1" 301 5368 "https://mplan.ashesi.edu.gh/admin" "Mozilla/5.0+(compatible; UptimeRobot/2.0; http://www.uptimerobot.com/)"
216.144.248.27 - - [05/Nov/2023:08:52:30 +0000] "HEAD /admin/ HTTP/1.1" 302 1548 "https://mplan.ashesi.edu.gh/admin" "Mozilla/5.0+(compatible; UptimeRobot/2.0; http://www.uptimerobot.com/)"
216.144.248.27 - - [05/Nov/2023:08:52:31 +0000] "HEAD /admin/admin/login HTTP/1.1" 200 1496 "https://mplan.ashesi.edu.gh/admin" "Mozilla/5.0+(compatible; UptimeRobot/2.0; http://www.uptimerobot.com/)"
216.144.248.27 - - [05/Nov/2023:08:53:19 +0000] "HEAD /subscriber HTTP/1.1" 301 5373 "https://mplan.ashesi.edu.gh/subscriber" "Mozilla/5.0+(compatible; UptimeRobot/2.0; http://www.uptimerobot.com/)"
216.144.248.27 - - [05/Nov/2023:08:53:19 +0000] "HEAD /subscriber/ HTTP/1.1" 200 866 "https://mplan.ashesi.edu.gh/subscriber" "Mozilla/5.0+(compatible; UptimeRobot/2.0; http://www.uptimerobot.com/)"
154.160.7.138 - - [05/Nov/2023:08:54:55 +0000] "GET /API/api/getCurrentBalance/73902026 HTTP/1.1" 200 6332 "https://mplan.ashesi.edu.gh/pos/" "Mozilla/5.0 (Windows NT 10.0; Win64; x64) AppleWebKit/537.36 (KHTML, like Gecko) Chrome/119.0.0.0 Safari/537.36"
154.160.7.138 - - [05/Nov/2023:08:55:20 +0000] "GET /API/api/getCurrentBalance/73902026 HTTP/1.1" 200 1743 "https://mplan.ashesi.edu.gh/pos/" "Mozilla/5.0 (Windows NT 10.0; Win64; x64) AppleWebKit/537.36 (KHTML, like Gecko) Chrome/119.0.0.0 Safari/537.36"
154.160.7.138 - - [05/Nov/2023:08:55:26 +0000] "PUT /API/api/make_order HTTP/1.1" 200 1486 "https://mplan.ashesi.edu.gh/pos/" "Mozilla/5.0 (Windows NT 10.0; Win64; x64) AppleWebKit/537.36 (KHTML, like Gecko) Chrome/119.0.0.0 Safari/537.36"
216.144.248.27 - - [05/Nov/2023:08:55:52 +0000] "HEAD /pos HTTP/1.1" 301 5366 "https://mplan.ashesi.edu.gh/pos" "Mozilla/5.0+(compatible; UptimeRobot/2.0; http://www.uptimerobot.com/)"
216.144.248.27 - - [05/Nov/2023:08:55:52 +0000] "HEAD /pos/ HTTP/1.1" 200 867 "https://mplan.ashesi.edu.gh/pos" "Mozilla/5.0+(compatible; UptimeRobot/2.0; http://www.uptimerobot.com/)"
66.249.66.22 - - [05/Nov/2023:08:56:13 +0000] "GET / HTTP/1.1" 302 5410 "-" "Mozilla/5.0 (compatible; Googlebot/2.1; +http://www.google.com/bot.html)"
66.249.66.9 - - [05/Nov/2023:08:56:14 +0000] "GET /subscriber HTTP/1.1" 301 606 "-" "Mozilla/5.0 (compatible; Googlebot/2.1; +http://www.google.com/bot.html)"
66.249.66.22 - - [05/Nov/2023:08:56:14 +0000] "GET /subscriber HTTP/1.1" 301 630 "-" "Mozilla/5.0 (compatible; Googlebot/2.1; +http://www.google.com/bot.html)"
66.249.66.22 - - [05/Nov/2023:08:56:14 +0000] "GET /subscriber/ HTTP/1.1" 200 753 "-" "Mozilla/5.0 (compatible; Googlebot/2.1; +http://www.google.com/bot.html)"
216.144.248.27 - - [05/Nov/2023:08:57:06 +0000] "HEAD /vendor/public/admin HTTP/1.1" 302 6083 "https://mplan.ashesi.edu.gh/vendor/public/admin" "Mozilla/5.0+(compatible; UptimeRobot/2.0; http://www.uptimerobot.com/)"
216.144.248.27 - - [05/Nov/2023:08:57:06 +0000] "HEAD /vendor/public/admin/login HTTP/1.1" 200 1430 "https://mplan.ashesi.edu.gh/vendor/public/admin" "Mozilla/5.0+(compatible; UptimeRobot/2.0; http://www.uptimerobot.com/)"
216.144.248.27 - - [05/Nov/2023:08:57:30 +0000] "HEAD /admin HTTP/1.1" 301 5368 "https://mplan.ashesi.edu.gh/admin" "Mozilla/5.0+(compatible; UptimeRobot/2.0; http://www.uptimerobot.com/)"
216.144.248.27 - - [05/Nov/2023:08:57:30 +0000] "HEAD /admin/ HTTP/1.1" 302 1556 "https://mplan.ashesi.edu.gh/admin" "Mozilla/5.0+(compatible; UptimeRobot/2.0; http://www.uptimerobot.com/)"
216.144.248.27 - - [05/Nov/2023:08:57:31 +0000] "HEAD /admin/admin/login HTTP/1.1" 200 1498 "https://mplan.ashesi.edu.gh/admin" "Mozilla/5.0+(compatible; UptimeRobot/2.0; http://www.uptimerobot.com/)"
216.144.248.27 - - [05/Nov/2023:08:58:19 +0000] "HEAD /subscriber HTTP/1.1" 301 5373 "https://mplan.ashesi.edu.gh/subscriber" "Mozilla/5.0+(compatible; UptimeRobot/2.0; http://www.uptimerobot.com/)"
216.144.248.27 - - [05/Nov/2023:08:58:19 +0000] "HEAD /subscriber/ HTTP/1.1" 200 866 "https://mplan.ashesi.edu.gh/subscriber" "Mozilla/5.0+(compatible; UptimeRobot/2.0; http://www.uptimerobot.com/)"
216.144.248.27 - - [05/Nov/2023:09:00:52 +0000] "HEAD /pos HTTP/1.1" 301 5366 "https://mplan.ashesi.edu.gh/pos" "Mozilla/5.0+(compatible; UptimeRobot/2.0; http://www.uptimerobot.com/)"
216.144.248.27 - - [05/Nov/2023:09:00:52 +0000] "HEAD /pos/ HTTP/1.1" 200 867 "https://mplan.ashesi.edu.gh/pos" "Mozilla/5.0+(compatible; UptimeRobot/2.0; http://www.uptimerobot.com/)"
216.144.248.27 - - [05/Nov/2023:09:02:06 +0000] "HEAD /vendor/public/admin HTTP/1.1" 302 6081 "https://mplan.ashesi.edu.gh/vendor/public/admin" "Mozilla/5.0+(compatible; UptimeRobot/2.0; http://www.uptimerobot.com/)"
216.144.248.27 - - [05/Nov/2023:09:02:07 +0000] "HEAD /vendor/public/admin/login HTTP/1.1" 200 1426 "https://mplan.ashesi.edu.gh/vendor/public/admin" "Mozilla/5.0+(compatible; UptimeRobot/2.0; http://www.uptimerobot.com/)"
41.79.97.5 - - [05/Nov/2023:09:02:15 +0000] "GET /API/api/getCurrentBalance/02802026 HTTP/1.1" 200 6343 "https://mplan.ashesi.edu.gh/pos/" "Mozilla/5.0 (Windows NT 10.0; Win64; x64) AppleWebKit/537.36 (KHTML, like Gecko) Chrome/119.0.0.0 Safari/537.36"
41.79.97.5 - - [05/Nov/2023:09:02:24 +0000] "PUT /API/api/make_order HTTP/1.1" 200 1484 "https://mplan.ashesi.edu.gh/pos/" "Mozilla/5.0 (Windows NT 10.0; Win64; x64) AppleWebKit/537.36 (KHTML, like Gecko) Chrome/119.0.0.0 Safari/537.36"
216.144.248.27 - - [05/Nov/2023:09:02:30 +0000] "HEAD /admin HTTP/1.1" 301 5368 "https://mplan.ashesi.edu.gh/admin" "Mozilla/5.0+(compatible; UptimeRobot/2.0; http://www.uptimerobot.com/)"
216.144.248.27 - - [05/Nov/2023:09:02:30 +0000] "HEAD /admin/ HTTP/1.1" 302 1554 "https://mplan.ashesi.edu.gh/admin" "Mozilla/5.0+(compatible; UptimeRobot/2.0; http://www.uptimerobot.com/)"
216.144.248.27 - - [05/Nov/2023:09:02:31 +0000] "HEAD /admin/admin/login HTTP/1.1" 200 1494 "https://mplan.ashesi.edu.gh/admin" "Mozilla/5.0+(compatible; UptimeRobot/2.0; http://www.uptimerobot.com/)"
216.144.248.27 - - [05/Nov/2023:09:03:19 +0000] "HEAD /subscriber HTTP/1.1" 301 5373 "https://mplan.ashesi.edu.gh/subscriber" "Mozilla/5.0+(compatible; UptimeRobot/2.0; http://www.uptimerobot.com/)"
216.144.248.27 - - [05/Nov/2023:09:03:19 +0000] "HEAD /subscriber/ HTTP/1.1" 200 866 "https://mplan.ashesi.edu.gh/subscriber" "Mozilla/5.0+(compatible; UptimeRobot/2.0; http://www.uptimerobot.com/)"
41.79.97.5 - - [05/Nov/2023:09:04:21 +0000] "-" 408 5148 "-" "-"
41.79.97.5 - - [05/Nov/2023:09:04:27 +0000] "GET /API/api/getCurrentBalance/28822022 HTTP/1.1" 200 1734 "https://mplan.ashesi.edu.gh/pos/" "Mozilla/5.0 (Windows NT 10.0; Win64; x64) AppleWebKit/537.36 (KHTML, like Gecko) Chrome/119.0.0.0 Safari/537.36"
41.79.97.5 - - [05/Nov/2023:09:04:29 +0000] "GET /API/api/getCurrentBalance/28822022 HTTP/1.1" 200 1734 "https://mplan.ashesi.edu.gh/pos/" "Mozilla/5.0 (Windows NT 10.0; Win64; x64) AppleWebKit/537.36 (KHTML, like Gecko) Chrome/119.0.0.0 Safari/537.36"
41.79.97.5 - - [05/Nov/2023:09:04:36 +0000] "PUT /API/api/make_order HTTP/1.1" 200 1486 "https://mplan.ashesi.edu.gh/pos/" "Mozilla/5.0 (Windows NT 10.0; Win64; x64) AppleWebKit/537.36 (KHTML, like Gecko) Chrome/119.0.0.0 Safari/537.36"
41.79.97.5 - - [05/Nov/2023:09:05:03 +0000] "GET /API/api/getCurrentBalance/02542026 HTTP/1.1" 200 5642 "https://mplan.ashesi.edu.gh/pos/" "Mozilla/5.0 (Windows NT 10.0; Win64; x64) AppleWebKit/537.36 (KHTML, like Gecko) Chrome/119.0.0.0 Safari/537.36"
41.79.97.5 - - [05/Nov/2023:09:05:05 +0000] "GET /pos/web/img/error_white.svg HTTP/1.1" 200 1656 "https://mplan.ashesi.edu.gh/pos/" "Mozilla/5.0 (Windows NT 10.0; Win64; x64) AppleWebKit/537.36 (KHTML, like Gecko) Chrome/119.0.0.0 Safari/537.36"
41.79.97.5 - - [05/Nov/2023:09:05:19 +0000] "GET /API/api/getCurrentBalance/30562027 HTTP/1.1" 200 1767 "https://mplan.ashesi.edu.gh/pos/" "Mozilla/5.0 (Windows NT 10.0; Win64; x64) AppleWebKit/537.36 (KHTML, like Gecko) Chrome/119.0.0.0 Safari/537.36"
41.79.97.5 - - [05/Nov/2023:09:05:28 +0000] "GET /API/api/getCurrentBalance/02452026 HTTP/1.1" 200 1750 "https://mplan.ashesi.edu.gh/pos/" "Mozilla/5.0 (Windows NT 10.0; Win64; x64) AppleWebKit/537.36 (KHTML, like Gecko) Chrome/119.0.0.0 Safari/537.36"
41.79.97.5 - - [05/Nov/2023:09:05:35 +0000] "PUT /API/api/make_order HTTP/1.1" 200 1483 "https://mplan.ashesi.edu.gh/pos/" "Mozilla/5.0 (Windows NT 10.0; Win64; x64) AppleWebKit/537.36 (KHTML, like Gecko) Chrome/119.0.0.0 Safari/537.36"
41.79.97.5 - - [05/Nov/2023:09:05:41 +0000] "GET /subscriber/ HTTP/1.1" 200 5918 "-" "Mozilla/5.0 (iPhone; CPU iPhone OS 16_7 like Mac OS X) AppleWebKit/605.1.15 (KHTML, like Gecko) CriOS/119.0.6045.109 Mobile/15E148 Safari/604.1"
41.79.97.5 - - [05/Nov/2023:09:05:42 +0000] "GET /API/api/getCurrentBalance/31062027 HTTP/1.1" 200 6341 "https://mplan.ashesi.edu.gh/pos/" "Mozilla/5.0 (Windows NT 10.0; Win64; x64) AppleWebKit/537.36 (KHTML, like Gecko) Chrome/119.0.0.0 Safari/537.36"
41.79.97.5 - - [05/Nov/2023:09:05:51 +0000] "PUT /API/api/make_order HTTP/1.1" 200 1507 "https://mplan.ashesi.edu.gh/pos/" "Mozilla/5.0 (Windows NT 10.0; Win64; x64) AppleWebKit/537.36 (KHTML, like Gecko) Chrome/119.0.0.0 Safari/537.36"
216.144.248.27 - - [05/Nov/2023:09:05:52 +0000] "HEAD /pos HTTP/1.1" 301 5366 "https://mplan.ashesi.edu.gh/pos" "Mozilla/5.0+(compatible; UptimeRobot/2.0; http://www.uptimerobot.com/)"
41.79.97.5 - - [05/Nov/2023:09:05:52 +0000] "PUT /API/api/make_order HTTP/1.1" 500 57964 "https://mplan.ashesi.edu.gh/pos/" "Mozilla/5.0 (Windows NT 10.0; Win64; x64) AppleWebKit/537.36 (KHTML, like Gecko) Chrome/119.0.0.0 Safari/537.36"
216.144.248.27 - - [05/Nov/2023:09:05:52 +0000] "HEAD /pos/ HTTP/1.1" 200 867 "https://mplan.ashesi.edu.gh/pos" "Mozilla/5.0+(compatible; UptimeRobot/2.0; http://www.uptimerobot.com/)"
41.79.97.5 - - [05/Nov/2023:09:05:52 +0000] "PUT /API/api/make_order HTTP/1.1" 500 57964 "https://mplan.ashesi.edu.gh/pos/" "Mozilla/5.0 (Windows NT 10.0; Win64; x64) AppleWebKit/537.36 (KHTML, like Gecko) Chrome/119.0.0.0 Safari/537.36"
41.79.97.5 - - [05/Nov/2023:09:06:00 +0000] "PUT /API/api/make_order HTTP/1.1" 200 1503 "https://mplan.ashesi.edu.gh/pos/" "Mozilla/5.0 (Windows NT 10.0; Win64; x64) AppleWebKit/537.36 (KHTML, like Gecko) Chrome/119.0.0.0 Safari/537.36"
41.79.97.5 - - [05/Nov/2023:09:06:08 +0000] "GET /API/api/getCurrentBalance/71522025 HTTP/1.1" 200 1745 "https://mplan.ashesi.edu.gh/pos/" "Mozilla/5.0 (Windows NT 10.0; Win64; x64) AppleWebKit/537.36 (KHTML, like Gecko) Chrome/119.0.0.0 Safari/537.36"
41.79.97.5 - - [05/Nov/2023:09:06:15 +0000] "PUT /API/api/make_order HTTP/1.1" 200 1030 "https://mplan.ashesi.edu.gh/pos/" "Mozilla/5.0 (Windows NT 10.0; Win64; x64) AppleWebKit/537.36 (KHTML, like Gecko) Chrome/119.0.0.0 Safari/537.36"
41.79.97.5 - - [05/Nov/2023:09:06:19 +0000] "GET /API/api/getCurrentBalance/30562027 HTTP/1.1" 200 1767 "https://mplan.ashesi.edu.gh/pos/" "Mozilla/5.0 (Windows NT 10.0; Win64; x64) AppleWebKit/537.36 (KHTML, like Gecko) Chrome/119.0.0.0 Safari/537.36"
41.79.97.5 - - [05/Nov/2023:09:06:23 +0000] "PUT /API/api/make_order HTTP/1.1" 200 1484 "https://mplan.ashesi.edu.gh/pos/" "Mozilla/5.0 (Windows NT 10.0; Win64; x64) AppleWebKit/537.36 (KHTML, like Gecko) Chrome/119.0.0.0 Safari/537.36"
41.79.97.5 - - [05/Nov/2023:09:06:27 +0000] "PUT /API/api/make_order HTTP/1.1" 200 1503 "https://mplan.ashesi.edu.gh/pos/" "Mozilla/5.0 (Windows NT 10.0; Win64; x64) AppleWebKit/537.36 (KHTML, like Gecko) Chrome/119.0.0.0 Safari/537.36"
41.79.97.5 - - [05/Nov/2023:09:06:38 +0000] "GET /API/api/getCurrentBalance/30832027 HTTP/1.1" 200 1774 "https://mplan.ashesi.edu.gh/pos/" "Mozilla/5.0 (Windows NT 10.0; Win64; x64) AppleWebKit/537.36 (KHTML, like Gecko) Chrome/119.0.0.0 Safari/537.36"
41.79.97.5 - - [05/Nov/2023:09:06:40 +0000] "GET /API/api/getCurrentBalance/77312026 HTTP/1.1" 200 1702 "https://mplan.ashesi.edu.gh/pos/" "Mozilla/5.0 (Windows NT 10.0; Win64; x64) AppleWebKit/537.36 (KHTML, like Gecko) Chrome/119.0.0.0 Safari/537.36"
41.79.97.5 - - [05/Nov/2023:09:06:45 +0000] "PUT /API/api/make_order HTTP/1.1" 200 1487 "https://mplan.ashesi.edu.gh/pos/" "Mozilla/5.0 (Windows NT 10.0; Win64; x64) AppleWebKit/537.36 (KHTML, like Gecko) Chrome/119.0.0.0 Safari/537.36"
41.79.97.5 - - [05/Nov/2023:09:06:48 +0000] "PUT /API/api/make_order HTTP/1.1" 500 57904 "https://mplan.ashesi.edu.gh/pos/" "Mozilla/5.0 (Windows NT 10.0; Win64; x64) AppleWebKit/537.36 (KHTML, like Gecko) Chrome/119.0.0.0 Safari/537.36"
41.79.97.5 - - [05/Nov/2023:09:06:48 +0000] "PUT /API/api/make_order HTTP/1.1" 500 57888 "https://mplan.ashesi.edu.gh/pos/" "Mozilla/5.0 (Windows NT 10.0; Win64; x64) AppleWebKit/537.36 (KHTML, like Gecko) Chrome/119.0.0.0 Safari/537.36"
41.79.97.5 - - [05/Nov/2023:09:06:51 +0000] "PUT /API/api/make_order HTTP/1.1" 200 1488 "https://mplan.ashesi.edu.gh/pos/" "Mozilla/5.0 (Windows NT 10.0; Win64; x64) AppleWebKit/537.36 (KHTML, like Gecko) Chrome/119.0.0.0 Safari/537.36"
216.144.248.27 - - [05/Nov/2023:09:07:06 +0000] "HEAD /vendor/public/admin HTTP/1.1" 302 6081 "https://mplan.ashesi.edu.gh/vendor/public/admin" "Mozilla/5.0+(compatible; UptimeRobot/2.0; http://www.uptimerobot.com/)"
216.144.248.27 - - [05/Nov/2023:09:07:07 +0000] "HEAD /vendor/public/admin/login HTTP/1.1" 200 1426 "https://mplan.ashesi.edu.gh/vendor/public/admin" "Mozilla/5.0+(compatible; UptimeRobot/2.0; http://www.uptimerobot.com/)"
216.144.248.27 - - [05/Nov/2023:09:07:30 +0000] "HEAD /admin HTTP/1.1" 301 5368 "https://mplan.ashesi.edu.gh/admin" "Mozilla/5.0+(compatible; UptimeRobot/2.0; http://www.uptimerobot.com/)"
216.144.248.27 - - [05/Nov/2023:09:07:30 +0000] "HEAD /admin/ HTTP/1.1" 302 1550 "https://mplan.ashesi.edu.gh/admin" "Mozilla/5.0+(compatible; UptimeRobot/2.0; http://www.uptimerobot.com/)"
216.144.248.27 - - [05/Nov/2023:09:07:31 +0000] "HEAD /admin/admin/login HTTP/1.1" 200 1494 "https://mplan.ashesi.edu.gh/admin" "Mozilla/5.0+(compatible; UptimeRobot/2.0; http://www.uptimerobot.com/)"
66.249.66.7 - - [05/Nov/2023:09:08:18 +0000] "GET / HTTP/1.1" 301 586 "-" "Mozilla/5.0 (compatible; Googlebot/2.1; +http://www.google.com/bot.html)"
216.144.248.27 - - [05/Nov/2023:09:08:19 +0000] "HEAD /subscriber HTTP/1.1" 301 5373 "https://mplan.ashesi.edu.gh/subscriber" "Mozilla/5.0+(compatible; UptimeRobot/2.0; http://www.uptimerobot.com/)"
66.249.66.21 - - [05/Nov/2023:09:08:19 +0000] "GET / HTTP/1.1" 302 5410 "-" "Mozilla/5.0 (compatible; Googlebot/2.1; +http://www.google.com/bot.html)"
66.249.66.7 - - [05/Nov/2023:09:08:19 +0000] "GET /subscriber HTTP/1.1" 301 605 "-" "Mozilla/5.0 (compatible; Googlebot/2.1; +http://www.google.com/bot.html)"
216.144.248.27 - - [05/Nov/2023:09:08:19 +0000] "HEAD /subscriber/ HTTP/1.1" 200 866 "https://mplan.ashesi.edu.gh/subscriber" "Mozilla/5.0+(compatible; UptimeRobot/2.0; http://www.uptimerobot.com/)"
66.249.66.21 - - [05/Nov/2023:09:08:20 +0000] "GET /subscriber HTTP/1.1" 301 630 "-" "Mozilla/5.0 (compatible; Googlebot/2.1; +http://www.google.com/bot.html)"
66.249.66.20 - - [05/Nov/2023:09:08:20 +0000] "GET /subscriber/ HTTP/1.1" 200 5887 "-" "Mozilla/5.0 (compatible; Googlebot/2.1; +http://www.google.com/bot.html)"
154.160.7.138 - - [05/Nov/2023:09:09:15 +0000] "GET /API/api/getCurrentBalance/77312026 HTTP/1.1" 200 6307 "https://mplan.ashesi.edu.gh/pos/" "Mozilla/5.0 (Windows NT 10.0; Win64; x64) AppleWebKit/537.36 (KHTML, like Gecko) Chrome/119.0.0.0 Safari/537.36"
154.160.7.138 - - [05/Nov/2023:09:09:17 +0000] "GET /API/api/getCurrentBalance/77312026 HTTP/1.1" 200 1718 "https://mplan.ashesi.edu.gh/pos/" "Mozilla/5.0 (Windows NT 10.0; Win64; x64) AppleWebKit/537.36 (KHTML, like Gecko) Chrome/119.0.0.0 Safari/537.36"
154.160.7.138 - - [05/Nov/2023:09:09:29 +0000] "PUT /API/api/make_order HTTP/1.1" 200 1487 "https://mplan.ashesi.edu.gh/pos/" "Mozilla/5.0 (Windows NT 10.0; Win64; x64) AppleWebKit/537.36 (KHTML, like Gecko) Chrome/119.0.0.0 Safari/537.36"
52.167.144.175 - - [05/Nov/2023:09:09:48 +0000] "GET /sitemap.xml HTTP/1.1" 404 5710 "-" "Mozilla/5.0 AppleWebKit/537.36 (KHTML, like Gecko; compatible; bingbot/2.0; +http://www.bing.com/bingbot.htm) Chrome/103.0.5060.134 Safari/537.36"
41.79.97.5 - - [05/Nov/2023:09:10:16 +0000] "GET /API/api/getCurrentBalance/18442026 HTTP/1.1" 200 1768 "https://mplan.ashesi.edu.gh/pos/" "Mozilla/5.0 (Windows NT 10.0; Win64; x64) AppleWebKit/537.36 (KHTML, like Gecko) Chrome/119.0.0.0 Safari/537.36"
41.79.97.5 - - [05/Nov/2023:09:10:18 +0000] "GET /API/api/getCurrentBalance/18442026 HTTP/1.1" 200 1752 "https://mplan.ashesi.edu.gh/pos/" "Mozilla/5.0 (Windows NT 10.0; Win64; x64) AppleWebKit/537.36 (KHTML, like Gecko) Chrome/119.0.0.0 Safari/537.36"
41.79.97.5 - - [05/Nov/2023:09:10:19 +0000] "GET /API/api/getCurrentBalance/18442026 HTTP/1.1" 200 1768 "https://mplan.ashesi.edu.gh/pos/" "Mozilla/5.0 (Windows NT 10.0; Win64; x64) AppleWebKit/537.36 (KHTML, like Gecko) Chrome/119.0.0.0 Safari/537.36"
41.79.97.5 - - [05/Nov/2023:09:10:21 +0000] "GET /API/api/getCurrentBalance/18442026 HTTP/1.1" 200 1768 "https://mplan.ashesi.edu.gh/pos/" "Mozilla/5.0 (Windows NT 10.0; Win64; x64) AppleWebKit/537.36 (KHTML, like Gecko) Chrome/119.0.0.0 Safari/537.36"
41.79.97.5 - - [05/Nov/2023:09:10:23 +0000] "PUT /API/api/make_order HTTP/1.1" 200 6095 "https://mplan.ashesi.edu.gh/pos/" "Mozilla/5.0 (Windows NT 10.0; Win64; x64) AppleWebKit/537.36 (KHTML, like Gecko) Chrome/119.0.0.0 Safari/537.36"
41.79.97.5 - - [05/Nov/2023:09:10:23 +0000] "GET /API/api/getCurrentBalance/18442026 HTTP/1.1" 200 1768 "https://mplan.ashesi.edu.gh/pos/" "Mozilla/5.0 (Windows NT 10.0; Win64; x64) AppleWebKit/537.36 (KHTML, like Gecko) Chrome/119.0.0.0 Safari/537.36"
41.79.97.5 - - [05/Nov/2023:09:10:25 +0000] "GET /API/api/getCurrentBalance/18442026 HTTP/1.1" 200 1770 "https://mplan.ashesi.edu.gh/pos/" "Mozilla/5.0 (Windows NT 10.0; Win64; x64) AppleWebKit/537.36 (KHTML, like Gecko) Chrome/119.0.0.0 Safari/537.36"
41.79.97.5 - - [05/Nov/2023:09:10:27 +0000] "GET /API/api/getCurrentBalance/18442026 HTTP/1.1" 200 1770 "https://mplan.ashesi.edu.gh/pos/" "Mozilla/5.0 (Windows NT 10.0; Win64; x64) AppleWebKit/537.36 (KHTML, like Gecko) Chrome/119.0.0.0 Safari/537.36"
54.36.115.221 - - [05/Nov/2023:09:10:48 +0000] "GET /.env HTTP/1.1" 404 492 "-" "Mozilla/5.0 (X11; Linux x86_64) AppleWebKit/537.36 (KHTML, like Gecko) Chrome/81.0.4044.129 Safari/537.36"
54.36.115.221 - - [05/Nov/2023:09:10:48 +0000] "POST / HTTP/1.1" 302 255 "-" "Mozilla/5.0 (X11; Linux x86_64) AppleWebKit/537.36 (KHTML, like Gecko) Chrome/81.0.4044.129 Safari/537.36"
216.144.248.27 - - [05/Nov/2023:09:10:52 +0000] "HEAD /pos HTTP/1.1" 301 5366 "https://mplan.ashesi.edu.gh/pos" "Mozilla/5.0+(compatible; UptimeRobot/2.0; http://www.uptimerobot.com/)"
216.144.248.27 - - [05/Nov/2023:09:10:52 +0000] "HEAD /pos/ HTTP/1.1" 200 867 "https://mplan.ashesi.edu.gh/pos" "Mozilla/5.0+(compatible; UptimeRobot/2.0; http://www.uptimerobot.com/)"
41.79.97.5 - - [05/Nov/2023:09:12:00 +0000] "GET /API/api/getCurrentBalance/30162027 HTTP/1.1" 200 1747 "https://mplan.ashesi.edu.gh/pos/" "Mozilla/5.0 (Windows NT 10.0; Win64; x64) AppleWebKit/537.36 (KHTML, like Gecko) Chrome/119.0.0.0 Safari/537.36"
41.79.97.5 - - [05/Nov/2023:09:12:02 +0000] "GET /API/api/getCurrentBalance/30162027 HTTP/1.1" 200 1763 "https://mplan.ashesi.edu.gh/pos/" "Mozilla/5.0 (Windows NT 10.0; Win64; x64) AppleWebKit/537.36 (KHTML, like Gecko) Chrome/119.0.0.0 Safari/537.36"
41.79.97.5 - - [05/Nov/2023:09:12:03 +0000] "GET /API/api/getCurrentBalance/30162027 HTTP/1.1" 200 1747 "https://mplan.ashesi.edu.gh/pos/" "Mozilla/5.0 (Windows NT 10.0; Win64; x64) AppleWebKit/537.36 (KHTML, like Gecko) Chrome/119.0.0.0 Safari/537.36"
216.144.248.27 - - [05/Nov/2023:09:12:06 +0000] "HEAD /vendor/public/admin HTTP/1.1" 302 6087 "https://mplan.ashesi.edu.gh/vendor/public/admin" "Mozilla/5.0+(compatible; UptimeRobot/2.0; http://www.uptimerobot.com/)"
41.79.97.5 - - [05/Nov/2023:09:12:05 +0000] "GET /API/api/getCurrentBalance/30162027 HTTP/1.1" 200 1747 "https://mplan.ashesi.edu.gh/pos/" "Mozilla/5.0 (Windows NT 10.0; Win64; x64) AppleWebKit/537.36 (KHTML, like Gecko) Chrome/119.0.0.0 Safari/537.36"
216.144.248.27 - - [05/Nov/2023:09:12:06 +0000] "HEAD /vendor/public/admin/login HTTP/1.1" 200 1426 "https://mplan.ashesi.edu.gh/vendor/public/admin" "Mozilla/5.0+(compatible; UptimeRobot/2.0; http://www.uptimerobot.com/)"
41.79.97.5 - - [05/Nov/2023:09:12:19 +0000] "PUT /API/api/make_order HTTP/1.1" 200 1509 "https://mplan.ashesi.edu.gh/pos/" "Mozilla/5.0 (Windows NT 10.0; Win64; x64) AppleWebKit/537.36 (KHTML, like Gecko) Chrome/119.0.0.0 Safari/537.36"
216.144.248.27 - - [05/Nov/2023:09:12:30 +0000] "HEAD /admin HTTP/1.1" 301 5368 "https://mplan.ashesi.edu.gh/admin" "Mozilla/5.0+(compatible; UptimeRobot/2.0; http://www.uptimerobot.com/)"
216.144.248.27 - - [05/Nov/2023:09:12:30 +0000] "HEAD /admin/ HTTP/1.1" 302 1558 "https://mplan.ashesi.edu.gh/admin" "Mozilla/5.0+(compatible; UptimeRobot/2.0; http://www.uptimerobot.com/)"
216.144.248.27 - - [05/Nov/2023:09:12:31 +0000] "HEAD /admin/admin/login HTTP/1.1" 200 1494 "https://mplan.ashesi.edu.gh/admin" "Mozilla/5.0+(compatible; UptimeRobot/2.0; http://www.uptimerobot.com/)"
154.160.7.138 - - [05/Nov/2023:09:13:09 +0000] "GET /API/api/getCurrentBalance/30352027 HTTP/1.1" 200 1753 "https://mplan.ashesi.edu.gh/pos/" "Mozilla/5.0 (Windows NT 10.0; Win64; x64) AppleWebKit/537.36 (KHTML, like Gecko) Chrome/119.0.0.0 Safari/537.36"
154.160.7.138 - - [05/Nov/2023:09:13:15 +0000] "PUT /API/api/make_order HTTP/1.1" 200 1504 "https://mplan.ashesi.edu.gh/pos/" "Mozilla/5.0 (Windows NT 10.0; Win64; x64) AppleWebKit/537.36 (KHTML, like Gecko) Chrome/119.0.0.0 Safari/537.36"
216.144.248.27 - - [05/Nov/2023:09:13:19 +0000] "HEAD /subscriber HTTP/1.1" 301 5373 "https://mplan.ashesi.edu.gh/subscriber" "Mozilla/5.0+(compatible; UptimeRobot/2.0; http://www.uptimerobot.com/)"
216.144.248.27 - - [05/Nov/2023:09:13:19 +0000] "HEAD /subscriber/ HTTP/1.1" 200 866 "https://mplan.ashesi.edu.gh/subscriber" "Mozilla/5.0+(compatible; UptimeRobot/2.0; http://www.uptimerobot.com/)"
154.160.7.138 - - [05/Nov/2023:09:14:20 +0000] "GET /API/api/getCurrentBalance/aue00240 HTTP/1.1" 200 1760 "https://mplan.ashesi.edu.gh/pos/" "Mozilla/5.0 (Windows NT 10.0; Win64; x64) AppleWebKit/537.36 (KHTML, like Gecko) Chrome/119.0.0.0 Safari/537.36"
154.160.7.138 - - [05/Nov/2023:09:14:30 +0000] "PUT /API/api/make_order HTTP/1.1" 200 1046 "https://mplan.ashesi.edu.gh/pos/" "Mozilla/5.0 (Windows NT 10.0; Win64; x64) AppleWebKit/537.36 (KHTML, like Gecko) Chrome/119.0.0.0 Safari/537.36"
154.160.7.138 - - [05/Nov/2023:09:14:37 +0000] "PUT /API/api/make_order HTTP/1.1" 200 1502 "https://mplan.ashesi.edu.gh/pos/" "Mozilla/5.0 (Windows NT 10.0; Win64; x64) AppleWebKit/537.36 (KHTML, like Gecko) Chrome/119.0.0.0 Safari/537.36"
34.140.130.61 - - [05/Nov/2023:09:15:03 +0000] "GET / HTTP/1.0" 400 630 "-" "-"
143.110.222.166 - - [05/Nov/2023:09:15:28 +0000] "GET / HTTP/1.1" 302 199 "-" "Mozilla/5.0 (iPhone; CPU iPhone OS 16_1 like Mac OS X) AppleWebKit/605.1.15 (KHTML, like Gecko) Version/16.1 Mobile/15E148 Safari/604.1"
41.79.97.5 - - [05/Nov/2023:09:15:50 +0000] "HEAD /subscriber/ HTTP/1.1" 200 5507 "-" "Mozilla/5.0 (Windows NT 10.0; Win64; x64) AppleWebKit/537.36 (KHTML, like Gecko) Chrome/118.0.0.0 Safari/537.36 Edg/118.0.2088.57"
216.144.248.27 - - [05/Nov/2023:09:15:52 +0000] "HEAD /pos HTTP/1.1" 301 5366 "https://mplan.ashesi.edu.gh/pos" "Mozilla/5.0+(compatible; UptimeRobot/2.0; http://www.uptimerobot.com/)"
216.144.248.27 - - [05/Nov/2023:09:15:52 +0000] "HEAD /pos/ HTTP/1.1" 200 867 "https://mplan.ashesi.edu.gh/pos" "Mozilla/5.0+(compatible; UptimeRobot/2.0; http://www.uptimerobot.com/)"
41.79.97.5 - - [05/Nov/2023:09:16:20 +0000] "GET /API/api/getCurrentBalance/83752026 HTTP/1.1" 200 1727 "https://mplan.ashesi.edu.gh/pos/" "Mozilla/5.0 (Windows NT 10.0; Win64; x64) AppleWebKit/537.36 (KHTML, like Gecko) Chrome/119.0.0.0 Safari/537.36"
41.79.97.5 - - [05/Nov/2023:09:16:22 +0000] "GET /API/api/getCurrentBalance/83752026 HTTP/1.1" 200 1727 "https://mplan.ashesi.edu.gh/pos/" "Mozilla/5.0 (Windows NT 10.0; Win64; x64) AppleWebKit/537.36 (KHTML, like Gecko) Chrome/119.0.0.0 Safari/537.36"
41.79.97.5 - - [05/Nov/2023:09:16:24 +0000] "GET /API/api/getCurrentBalance/83752026 HTTP/1.1" 200 1711 "https://mplan.ashesi.edu.gh/pos/" "Mozilla/5.0 (Windows NT 10.0; Win64; x64) AppleWebKit/537.36 (KHTML, like Gecko) Chrome/119.0.0.0 Safari/537.36"
41.79.97.5 - - [05/Nov/2023:09:16:25 +0000] "GET /API/api/getCurrentBalance/83752026 HTTP/1.1" 200 1711 "https://mplan.ashesi.edu.gh/pos/" "Mozilla/5.0 (Windows NT 10.0; Win64; x64) AppleWebKit/537.36 (KHTML, like Gecko) Chrome/119.0.0.0 Safari/537.36"
41.79.97.5 - - [05/Nov/2023:09:16:30 +0000] "PUT /API/api/make_order HTTP/1.1" 200 1487 "https://mplan.ashesi.edu.gh/pos/" "Mozilla/5.0 (Windows NT 10.0; Win64; x64) AppleWebKit/537.36 (KHTML, like Gecko) Chrome/119.0.0.0 Safari/537.36"
216.144.248.27 - - [05/Nov/2023:09:17:06 +0000] "HEAD /vendor/public/admin HTTP/1.1" 302 6085 "https://mplan.ashesi.edu.gh/vendor/public/admin" "Mozilla/5.0+(compatible; UptimeRobot/2.0; http://www.uptimerobot.com/)"
216.144.248.27 - - [05/Nov/2023:09:17:06 +0000] "HEAD /vendor/public/admin/login HTTP/1.1" 200 1428 "https://mplan.ashesi.edu.gh/vendor/public/admin" "Mozilla/5.0+(compatible; UptimeRobot/2.0; http://www.uptimerobot.com/)"
216.144.248.27 - - [05/Nov/2023:09:17:30 +0000] "HEAD /admin HTTP/1.1" 301 5368 "https://mplan.ashesi.edu.gh/admin" "Mozilla/5.0+(compatible; UptimeRobot/2.0; http://www.uptimerobot.com/)"
216.144.248.27 - - [05/Nov/2023:09:17:30 +0000] "HEAD /admin/ HTTP/1.1" 302 1558 "https://mplan.ashesi.edu.gh/admin" "Mozilla/5.0+(compatible; UptimeRobot/2.0; http://www.uptimerobot.com/)"
216.144.248.27 - - [05/Nov/2023:09:17:31 +0000] "HEAD /admin/admin/login HTTP/1.1" 200 1486 "https://mplan.ashesi.edu.gh/admin" "Mozilla/5.0+(compatible; UptimeRobot/2.0; http://www.uptimerobot.com/)"
114.119.147.246 - - [05/Nov/2023:09:17:48 +0000] "GET /robots.txt HTTP/1.1" 404 5617 "-" "Mozilla/5.0 (compatible;PetalBot;+https://webmaster.petalsearch.com/site/petalbot)"
41.79.97.5 - - [05/Nov/2023:09:18:02 +0000] "GET /API/api/getCurrentBalance/59662026 HTTP/1.1" 200 1723 "https://mplan.ashesi.edu.gh/pos/" "Mozilla/5.0 (Windows NT 10.0; Win64; x64) AppleWebKit/537.36 (KHTML, like Gecko) Chrome/119.0.0.0 Safari/537.36"
41.79.97.5 - - [05/Nov/2023:09:18:04 +0000] "GET /API/api/getCurrentBalance/59662026 HTTP/1.1" 200 1739 "https://mplan.ashesi.edu.gh/pos/" "Mozilla/5.0 (Windows NT 10.0; Win64; x64) AppleWebKit/537.36 (KHTML, like Gecko) Chrome/119.0.0.0 Safari/537.36"
41.79.97.5 - - [05/Nov/2023:09:18:06 +0000] "GET /API/api/getCurrentBalance/59662026 HTTP/1.1" 200 1723 "https://mplan.ashesi.edu.gh/pos/" "Mozilla/5.0 (Windows NT 10.0; Win64; x64) AppleWebKit/537.36 (KHTML, like Gecko) Chrome/119.0.0.0 Safari/537.36"
41.79.97.5 - - [05/Nov/2023:09:18:08 +0000] "GET /API/api/getCurrentBalance/59662026 HTTP/1.1" 200 1739 "https://mplan.ashesi.edu.gh/pos/" "Mozilla/5.0 (Windows NT 10.0; Win64; x64) AppleWebKit/537.36 (KHTML, like Gecko) Chrome/119.0.0.0 Safari/537.36"
41.79.97.5 - - [05/Nov/2023:09:18:09 +0000] "GET /API/api/getCurrentBalance/59662026 HTTP/1.1" 200 1723 "https://mplan.ashesi.edu.gh/pos/" "Mozilla/5.0 (Windows NT 10.0; Win64; x64) AppleWebKit/537.36 (KHTML, like Gecko) Chrome/119.0.0.0 Safari/537.36"
41.79.97.5 - - [05/Nov/2023:09:18:12 +0000] "PUT /API/api/make_order HTTP/1.1" 200 1486 "https://mplan.ashesi.edu.gh/pos/" "Mozilla/5.0 (Windows NT 10.0; Win64; x64) AppleWebKit/537.36 (KHTML, like Gecko) Chrome/119.0.0.0 Safari/537.36"
216.144.248.27 - - [05/Nov/2023:09:18:19 +0000] "HEAD /subscriber HTTP/1.1" 301 5373 "https://mplan.ashesi.edu.gh/subscriber" "Mozilla/5.0+(compatible; UptimeRobot/2.0; http://www.uptimerobot.com/)"
216.144.248.27 - - [05/Nov/2023:09:18:19 +0000] "HEAD /subscriber/ HTTP/1.1" 200 866 "https://mplan.ashesi.edu.gh/subscriber" "Mozilla/5.0+(compatible; UptimeRobot/2.0; http://www.uptimerobot.com/)"
41.79.97.5 - - [05/Nov/2023:09:20:45 +0000] "GET /API/api/getCurrentBalance/78132026 HTTP/1.1" 200 1727 "https://mplan.ashesi.edu.gh/pos/" "Mozilla/5.0 (Windows NT 10.0; Win64; x64) AppleWebKit/537.36 (KHTML, like Gecko) Chrome/119.0.0.0 Safari/537.36"
216.144.248.27 - - [05/Nov/2023:09:20:52 +0000] "HEAD /pos HTTP/1.1" 301 5366 "https://mplan.ashesi.edu.gh/pos" "Mozilla/5.0+(compatible; UptimeRobot/2.0; http://www.uptimerobot.com/)"
