41.79.97.5 - - [06/Nov/2023:07:21:13 +0000] "GET /pos/web/js/uikit-icons.min.js HTTP/1.1" 200 17102 "https://mplan.ashesi.edu.gh/pos/" "Mozilla/5.0 (Windows NT 10.0; Win64; x64) AppleWebKit/537.36 (KHTML, like Gecko) Chrome/118.0.0.0 Safari/537.36"
41.79.97.5 - - [06/Nov/2023:07:21:13 +0000] "GET /pos/web/js/jquery.dataTables.min.js HTTP/1.1" 200 28328 "https://mplan.ashesi.edu.gh/pos/" "Mozilla/5.0 (Windows NT 10.0; Win64; x64) AppleWebKit/537.36 (KHTML, like Gecko) Chrome/118.0.0.0 Safari/537.36"
41.79.97.5 - - [06/Nov/2023:07:21:14 +0000] "GET /pos/web/js/keyboard.js HTTP/1.1" 200 1720 "https://mplan.ashesi.edu.gh/pos/" "Mozilla/5.0 (Windows NT 10.0; Win64; x64) AppleWebKit/537.36 (KHTML, like Gecko) Chrome/118.0.0.0 Safari/537.36"
41.79.97.5 - - [06/Nov/2023:07:21:14 +0000] "GET /pos/web/js/angular-route.js HTTP/1.1" 200 12283 "https://mplan.ashesi.edu.gh/pos/" "Mozilla/5.0 (Windows NT 10.0; Win64; x64) AppleWebKit/537.36 (KHTML, like Gecko) Chrome/118.0.0.0 Safari/537.36"
41.79.97.5 - - [06/Nov/2023:07:21:14 +0000] "GET /pos/web/js/angular.min.js HTTP/1.1" 200 60210 "https://mplan.ashesi.edu.gh/pos/" "Mozilla/5.0 (Windows NT 10.0; Win64; x64) AppleWebKit/537.36 (KHTML, like Gecko) Chrome/118.0.0.0 Safari/537.36"
41.79.97.5 - - [06/Nov/2023:07:21:14 +0000] "GET /pos/web/js/angular-datatables.min.js HTTP/1.1" 200 5146 "https://mplan.ashesi.edu.gh/pos/" "Mozilla/5.0 (Windows NT 10.0; Win64; x64) AppleWebKit/537.36 (KHTML, like Gecko) Chrome/118.0.0.0 Safari/537.36"
41.79.97.5 - - [06/Nov/2023:07:21:14 +0000] "GET /pos/web/js/angular-datatables.fixedheader.min.js HTTP/1.1" 200 860 "https://mplan.ashesi.edu.gh/pos/" "Mozilla/5.0 (Windows NT 10.0; Win64; x64) AppleWebKit/537.36 (KHTML, like Gecko) Chrome/118.0.0.0 Safari/537.36"
41.79.97.5 - - [06/Nov/2023:07:21:14 +0000] "GET /pos/web/js/angular-datatables.select.min.js HTTP/1.1" 200 825 "https://mplan.ashesi.edu.gh/pos/" "Mozilla/5.0 (Windows NT 10.0; Win64; x64) AppleWebKit/537.36 (KHTML, like Gecko) Chrome/118.0.0.0 Safari/537.36"
41.79.97.5 - - [06/Nov/2023:07:21:14 +0000] "GET /pos/web/js/app.js HTTP/1.1" 200 1352 "https://mplan.ashesi.edu.gh/pos/" "Mozilla/5.0 (Windows NT 10.0; Win64; x64) AppleWebKit/537.36 (KHTML, like Gecko) Chrome/118.0.0.0 Safari/537.36"
41.79.97.5 - - [06/Nov/2023:07:21:14 +0000] "GET /pos/web/js/print.min.js HTTP/1.1" 200 4213 "https://mplan.ashesi.edu.gh/pos/" "Mozilla/5.0 (Windows NT 10.0; Win64; x64) AppleWebKit/537.36 (KHTML, like Gecko) Chrome/118.0.0.0 Safari/537.36"
41.79.97.5 - - [06/Nov/2023:07:21:14 +0000] "GET /pos/web/js/moment.js HTTP/1.1" 200 33122 "https://mplan.ashesi.edu.gh/pos/" "Mozilla/5.0 (Windows NT 10.0; Win64; x64) AppleWebKit/537.36 (KHTML, like Gecko) Chrome/118.0.0.0 Safari/537.36"
41.79.97.5 - - [06/Nov/2023:07:21:14 +0000] "GET /pos/web/js/angucomplete-alt.js HTTP/1.1" 200 6760 "https://mplan.ashesi.edu.gh/pos/" "Mozilla/5.0 (Windows NT 10.0; Win64; x64) AppleWebKit/537.36 (KHTML, like Gecko) Chrome/118.0.0.0 Safari/537.36"
41.79.97.5 - - [06/Nov/2023:07:21:14 +0000] "GET /pos/controllers/register.js HTTP/1.1" 200 2198 "https://mplan.ashesi.edu.gh/pos/" "Mozilla/5.0 (Windows NT 10.0; Win64; x64) AppleWebKit/537.36 (KHTML, like Gecko) Chrome/118.0.0.0 Safari/537.36"
41.79.97.5 - - [06/Nov/2023:07:21:14 +0000] "GET /pos/controllers/user.js HTTP/1.1" 200 1524 "https://mplan.ashesi.edu.gh/pos/" "Mozilla/5.0 (Windows NT 10.0; Win64; x64) AppleWebKit/537.36 (KHTML, like Gecko) Chrome/118.0.0.0 Safari/537.36"
41.79.97.5 - - [06/Nov/2023:07:21:14 +0000] "GET /pos/controllers/store.js HTTP/1.1" 200 1440 "https://mplan.ashesi.edu.gh/pos/" "Mozilla/5.0 (Windows NT 10.0; Win64; x64) AppleWebKit/537.36 (KHTML, like Gecko) Chrome/118.0.0.0 Safari/537.36"
41.79.97.5 - - [06/Nov/2023:07:21:14 +0000] "GET /pos/controllers/menu.js HTTP/1.1" 200 1167 "https://mplan.ashesi.edu.gh/pos/" "Mozilla/5.0 (Windows NT 10.0; Win64; x64) AppleWebKit/537.36 (KHTML, like Gecko) Chrome/118.0.0.0 Safari/537.36"
41.79.97.5 - - [06/Nov/2023:07:21:14 +0000] "GET /pos/controllers/pos.js HTTP/1.1" 200 8431 "https://mplan.ashesi.edu.gh/pos/" "Mozilla/5.0 (Windows NT 10.0; Win64; x64) AppleWebKit/537.36 (KHTML, like Gecko) Chrome/118.0.0.0 Safari/537.36"
41.79.97.5 - - [06/Nov/2023:07:21:14 +0000] "GET /pos/controllers/order.js HTTP/1.1" 200 8514 "https://mplan.ashesi.edu.gh/pos/" "Mozilla/5.0 (Windows NT 10.0; Win64; x64) AppleWebKit/537.36 (KHTML, like Gecko) Chrome/118.0.0.0 Safari/537.36"
41.79.97.5 - - [06/Nov/2023:07:21:14 +0000] "GET /pos/controllers/rider.js HTTP/1.1" 200 1492 "https://mplan.ashesi.edu.gh/pos/" "Mozilla/5.0 (Windows NT 10.0; Win64; x64) AppleWebKit/537.36 (KHTML, like Gecko) Chrome/118.0.0.0 Safari/537.36"
41.79.97.5 - - [06/Nov/2023:07:21:14 +0000] "GET /pos/controllers/customer.js HTTP/1.1" 200 1561 "https://mplan.ashesi.edu.gh/pos/" "Mozilla/5.0 (Windows NT 10.0; Win64; x64) AppleWebKit/537.36 (KHTML, like Gecko) Chrome/118.0.0.0 Safari/537.36"
41.79.97.5 - - [06/Nov/2023:07:21:14 +0000] "GET /pos/controllers/subscriber.js HTTP/1.1" 200 6760 "https://mplan.ashesi.edu.gh/pos/" "Mozilla/5.0 (Windows NT 10.0; Win64; x64) AppleWebKit/537.36 (KHTML, like Gecko) Chrome/118.0.0.0 Safari/537.36"
41.79.97.5 - - [06/Nov/2023:07:21:14 +0000] "GET /pos/directives/modal.directive.js HTTP/1.1" 200 1008 "https://mplan.ashesi.edu.gh/pos/" "Mozilla/5.0 (Windows NT 10.0; Win64; x64) AppleWebKit/537.36 (KHTML, like Gecko) Chrome/118.0.0.0 Safari/537.36"
41.79.97.5 - - [06/Nov/2023:07:21:14 +0000] "GET /pos/services/modal.service.js HTTP/1.1" 200 744 "https://mplan.ashesi.edu.gh/pos/" "Mozilla/5.0 (Windows NT 10.0; Win64; x64) AppleWebKit/537.36 (KHTML, like Gecko) Chrome/118.0.0.0 Safari/537.36"
41.79.97.5 - - [06/Nov/2023:07:21:14 +0000] "GET /pos/services/navparam.service.js HTTP/1.1" 200 628 "https://mplan.ashesi.edu.gh/pos/" "Mozilla/5.0 (Windows NT 10.0; Win64; x64) AppleWebKit/537.36 (KHTML, like Gecko) Chrome/118.0.0.0 Safari/537.36"
41.79.97.5 - - [06/Nov/2023:07:21:14 +0000] "GET /pos/services/toast.service.js HTTP/1.1" 200 817 "https://mplan.ashesi.edu.gh/pos/" "Mozilla/5.0 (Windows NT 10.0; Win64; x64) AppleWebKit/537.36 (KHTML, like Gecko) Chrome/118.0.0.0 Safari/537.36"
41.79.97.5 - - [06/Nov/2023:07:21:14 +0000] "GET /pos/web/js/angular-route.min.js HTTP/1.1" 200 2962 "https://mplan.ashesi.edu.gh/pos/" "Mozilla/5.0 (Windows NT 10.0; Win64; x64) AppleWebKit/537.36 (KHTML, like Gecko) Chrome/118.0.0.0 Safari/537.36"
41.79.97.5 - - [06/Nov/2023:07:21:14 +0000] "GET /pos/cordova.js HTTP/1.1" 404 520 "https://mplan.ashesi.edu.gh/pos/" "Mozilla/5.0 (Windows NT 10.0; Win64; x64) AppleWebKit/537.36 (KHTML, like Gecko) Chrome/118.0.0.0 Safari/537.36"
41.79.97.5 - - [06/Nov/2023:07:21:14 +0000] "GET /pos/services/cordova-plugin-printer-master/www/printer.js HTTP/1.1" 200 2158 "https://mplan.ashesi.edu.gh/pos/" "Mozilla/5.0 (Windows NT 10.0; Win64; x64) AppleWebKit/537.36 (KHTML, like Gecko) Chrome/118.0.0.0 Safari/537.36"
41.79.97.5 - - [06/Nov/2023:07:21:14 +0000] "GET /pos/view/layout/pos.html HTTP/1.1" 200 1128 "https://mplan.ashesi.edu.gh/pos/" "Mozilla/5.0 (Windows NT 10.0; Win64; x64) AppleWebKit/537.36 (KHTML, like Gecko) Chrome/118.0.0.0 Safari/537.36"
41.79.97.5 - - [06/Nov/2023:07:21:14 +0000] "GET /favicon.ico HTTP/1.1" 404 520 "https://mplan.ashesi.edu.gh/pos/" "Mozilla/5.0 (Windows NT 10.0; Win64; x64) AppleWebKit/537.36 (KHTML, like Gecko) Chrome/118.0.0.0 Safari/537.36"
41.79.97.5 - - [06/Nov/2023:07:21:15 +0000] "GET /pos/view/layout/riders.html HTTP/1.1" 200 751 "https://mplan.ashesi.edu.gh/pos/" "Mozilla/5.0 (Windows NT 10.0; Win64; x64) AppleWebKit/537.36 (KHTML, like Gecko) Chrome/118.0.0.0 Safari/537.36"
41.79.97.5 - - [06/Nov/2023:07:21:15 +0000] "GET /pos/view/layout/orders.html HTTP/1.1" 200 3353 "https://mplan.ashesi.edu.gh/pos/" "Mozilla/5.0 (Windows NT 10.0; Win64; x64) AppleWebKit/537.36 (KHTML, like Gecko) Chrome/118.0.0.0 Safari/537.36"
41.79.97.5 - - [06/Nov/2023:07:21:15 +0000] "GET /pos/view/layout/customers.html HTTP/1.1" 200 754 "https://mplan.ashesi.edu.gh/pos/" "Mozilla/5.0 (Windows NT 10.0; Win64; x64) AppleWebKit/537.36 (KHTML, like Gecko) Chrome/118.0.0.0 Safari/537.36"
41.79.97.5 - - [06/Nov/2023:07:21:15 +0000] "GET /pos/view/layout/subscribers.html HTTP/1.1" 200 1153 "https://mplan.ashesi.edu.gh/pos/" "Mozilla/5.0 (Windows NT 10.0; Win64; x64) AppleWebKit/537.36 (KHTML, like Gecko) Chrome/118.0.0.0 Safari/537.36"
41.79.97.5 - - [06/Nov/2023:07:21:15 +0000] "GET /pos/view/layout/shift.html HTTP/1.1" 200 784 "https://mplan.ashesi.edu.gh/pos/" "Mozilla/5.0 (Windows NT 10.0; Win64; x64) AppleWebKit/537.36 (KHTML, like Gecko) Chrome/118.0.0.0 Safari/537.36"
41.79.97.5 - - [06/Nov/2023:07:21:15 +0000] "GET /pos/view/layout/report.html HTTP/1.1" 200 800 "https://mplan.ashesi.edu.gh/pos/" "Mozilla/5.0 (Windows NT 10.0; Win64; x64) AppleWebKit/537.36 (KHTML, like Gecko) Chrome/118.0.0.0 Safari/537.36"
41.79.97.5 - - [06/Nov/2023:07:21:15 +0000] "GET /API/api/get_store_products/4 HTTP/1.1" 200 152724 "https://mplan.ashesi.edu.gh/pos/" "Mozilla/5.0 (Windows NT 10.0; Win64; x64) AppleWebKit/537.36 (KHTML, like Gecko) Chrome/118.0.0.0 Safari/537.36"
41.79.97.5 - - [06/Nov/2023:07:21:15 +0000] "GET /API/api/get_store_modifiers/4 HTTP/1.1" 200 447 "https://mplan.ashesi.edu.gh/pos/" "Mozilla/5.0 (Windows NT 10.0; Win64; x64) AppleWebKit/537.36 (KHTML, like Gecko) Chrome/118.0.0.0 Safari/537.36"
41.79.97.5 - - [06/Nov/2023:07:21:15 +0000] "GET /pos/view/template/close_register.template.html HTTP/1.1" 200 938 "https://mplan.ashesi.edu.gh/pos/" "Mozilla/5.0 (Windows NT 10.0; Win64; x64) AppleWebKit/537.36 (KHTML, like Gecko) Chrome/118.0.0.0 Safari/537.36"
41.79.97.5 - - [06/Nov/2023:07:21:15 +0000] "GET /pos/view/template/side_menu.template.html HTTP/1.1" 200 819 "https://mplan.ashesi.edu.gh/pos/" "Mozilla/5.0 (Windows NT 10.0; Win64; x64) AppleWebKit/537.36 (KHTML, like Gecko) Chrome/118.0.0.0 Safari/537.36"
41.79.97.5 - - [06/Nov/2023:07:21:15 +0000] "GET /pos/view/template/product_section.template.html HTTP/1.1" 200 1416 "https://mplan.ashesi.edu.gh/pos/" "Mozilla/5.0 (Windows NT 10.0; Win64; x64) AppleWebKit/537.36 (KHTML, like Gecko) Chrome/118.0.0.0 Safari/537.36"
41.79.97.5 - - [06/Nov/2023:07:21:15 +0000] "GET /API/api/get_store_product_categories/4 HTTP/1.1" 200 1215 "https://mplan.ashesi.edu.gh/pos/" "Mozilla/5.0 (Windows NT 10.0; Win64; x64) AppleWebKit/537.36 (KHTML, like Gecko) Chrome/118.0.0.0 Safari/537.36"
41.79.97.5 - - [06/Nov/2023:07:21:15 +0000] "GET /pos/view/template/order_details.template.html HTTP/1.1" 200 2677 "https://mplan.ashesi.edu.gh/pos/" "Mozilla/5.0 (Windows NT 10.0; Win64; x64) AppleWebKit/537.36 (KHTML, like Gecko) Chrome/118.0.0.0 Safari/537.36"
41.79.97.5 - - [06/Nov/2023:07:21:15 +0000] "GET /pos/view/template/pos_page_receipt.template.html HTTP/1.1" 200 1145 "https://mplan.ashesi.edu.gh/pos/" "Mozilla/5.0 (Windows NT 10.0; Win64; x64) AppleWebKit/537.36 (KHTML, like Gecko) Chrome/118.0.0.0 Safari/537.36"
41.79.97.5 - - [06/Nov/2023:07:21:15 +0000] "GET /pos/view/template/make_order_receipt.template.html HTTP/1.1" 200 58798 "https://mplan.ashesi.edu.gh/pos/" "Mozilla/5.0 (Windows NT 10.0; Win64; x64) AppleWebKit/537.36 (KHTML, like Gecko) Chrome/118.0.0.0 Safari/537.36"
41.79.97.5 - - [06/Nov/2023:07:21:15 +0000] "GET /pos/view/template/customer_form.template.html HTTP/1.1" 200 834 "https://mplan.ashesi.edu.gh/pos/" "Mozilla/5.0 (Windows NT 10.0; Win64; x64) AppleWebKit/537.36 (KHTML, like Gecko) Chrome/118.0.0.0 Safari/537.36"
41.79.97.5 - - [06/Nov/2023:07:21:15 +0000] "GET /pos/view/template/modifier_popup.template.html HTTP/1.1" 200 1299 "https://mplan.ashesi.edu.gh/pos/" "Mozilla/5.0 (Windows NT 10.0; Win64; x64) AppleWebKit/537.36 (KHTML, like Gecko) Chrome/118.0.0.0 Safari/537.36"
41.79.97.5 - - [06/Nov/2023:07:21:15 +0000] "GET /pos/view/template/print_sales.template.html HTTP/1.1" 200 1518 "https://mplan.ashesi.edu.gh/pos/" "Mozilla/5.0 (Windows NT 10.0; Win64; x64) AppleWebKit/537.36 (KHTML, like Gecko) Chrome/118.0.0.0 Safari/537.36"
41.79.97.5 - - [06/Nov/2023:07:21:15 +0000] "GET /pos/view/template/print_shift.template.html HTTP/1.1" 200 1744 "https://mplan.ashesi.edu.gh/pos/" "Mozilla/5.0 (Windows NT 10.0; Win64; x64) AppleWebKit/537.36 (KHTML, like Gecko) Chrome/118.0.0.0 Safari/537.36"
41.79.97.5 - - [06/Nov/2023:07:21:15 +0000] "GET /pos/view/template/orders_tab_receipt.template.html HTTP/1.1" 200 1132 "https://mplan.ashesi.edu.gh/pos/" "Mozilla/5.0 (Windows NT 10.0; Win64; x64) AppleWebKit/537.36 (KHTML, like Gecko) Chrome/118.0.0.0 Safari/537.36"
41.79.97.5 - - [06/Nov/2023:07:21:15 +0000] "GET /API/api/get_riders/4 HTTP/1.1" 200 1006 "https://mplan.ashesi.edu.gh/pos/" "Mozilla/5.0 (Windows NT 10.0; Win64; x64) AppleWebKit/537.36 (KHTML, like Gecko) Chrome/118.0.0.0 Safari/537.36"
41.79.97.5 - - [06/Nov/2023:07:21:16 +0000] "GET /pos/view/template/deliveries_tab_receipt.template.html HTTP/1.1" 200 1188 "https://mplan.ashesi.edu.gh/pos/" "Mozilla/5.0 (Windows NT 10.0; Win64; x64) AppleWebKit/537.36 (KHTML, like Gecko) Chrome/118.0.0.0 Safari/537.36"
41.79.97.5 - - [06/Nov/2023:07:21:16 +0000] "GET /pos/view/template/cancel_delivery.template.html HTTP/1.1" 200 1257 "https://mplan.ashesi.edu.gh/pos/" "Mozilla/5.0 (Windows NT 10.0; Win64; x64) AppleWebKit/537.36 (KHTML, like Gecko) Chrome/118.0.0.0 Safari/537.36"
41.79.97.5 - - [06/Nov/2023:07:21:16 +0000] "GET /pos/view/template/restore_order.template.html HTTP/1.1" 200 695 "https://mplan.ashesi.edu.gh/pos/" "Mozilla/5.0 (Windows NT 10.0; Win64; x64) AppleWebKit/537.36 (KHTML, like Gecko) Chrome/118.0.0.0 Safari/537.36"
41.79.97.5 - - [06/Nov/2023:07:21:16 +0000] "GET /pos/view/template/checkout.template.html HTTP/1.1" 200 1897 "https://mplan.ashesi.edu.gh/pos/" "Mozilla/5.0 (Windows NT 10.0; Win64; x64) AppleWebKit/537.36 (KHTML, like Gecko) Chrome/118.0.0.0 Safari/537.36"
41.79.97.5 - - [06/Nov/2023:07:21:16 +0000] "GET /pos/view/template/cancel_order.template.html HTTP/1.1" 200 689 "https://mplan.ashesi.edu.gh/pos/" "Mozilla/5.0 (Windows NT 10.0; Win64; x64) AppleWebKit/537.36 (KHTML, like Gecko) Chrome/118.0.0.0 Safari/537.36"
41.79.97.5 - - [06/Nov/2023:07:21:16 +0000] "GET /pos/view/template/delivery_receipt.template.html HTTP/1.1" 200 2555 "https://mplan.ashesi.edu.gh/pos/" "Mozilla/5.0 (Windows NT 10.0; Win64; x64) AppleWebKit/537.36 (KHTML, like Gecko) Chrome/118.0.0.0 Safari/537.36"
41.79.97.5 - - [06/Nov/2023:07:21:16 +0000] "GET /pos/view/template/bulk_delivery_receipt.template.html HTTP/1.1" 200 1518 "https://mplan.ashesi.edu.gh/pos/" "Mozilla/5.0 (Windows NT 10.0; Win64; x64) AppleWebKit/537.36 (KHTML, like Gecko) Chrome/118.0.0.0 Safari/537.36"
41.79.97.5 - - [06/Nov/2023:07:21:16 +0000] "GET /pos/view/template/change_rider_modal.template.html HTTP/1.1" 200 1334 "https://mplan.ashesi.edu.gh/pos/" "Mozilla/5.0 (Windows NT 10.0; Win64; x64) AppleWebKit/537.36 (KHTML, like Gecko) Chrome/118.0.0.0 Safari/537.36"
41.79.97.5 - - [06/Nov/2023:07:21:16 +0000] "GET /API/api/getAllSubscribers/ HTTP/1.1" 301 658 "https://mplan.ashesi.edu.gh/pos/" "Mozilla/5.0 (Windows NT 10.0; Win64; x64) AppleWebKit/537.36 (KHTML, like Gecko) Chrome/118.0.0.0 Safari/537.36"
41.79.97.5 - - [06/Nov/2023:07:21:16 +0000] "GET /API/api/getMyRegisters/49 HTTP/1.1" 200 447 "https://mplan.ashesi.edu.gh/pos/" "Mozilla/5.0 (Windows NT 10.0; Win64; x64) AppleWebKit/537.36 (KHTML, like Gecko) Chrome/118.0.0.0 Safari/537.36"
41.79.97.5 - - [06/Nov/2023:07:21:16 +0000] "GET /API/api/get_store_products/4 HTTP/1.1" 200 152724 "https://mplan.ashesi.edu.gh/pos/" "Mozilla/5.0 (Windows NT 10.0; Win64; x64) AppleWebKit/537.36 (KHTML, like Gecko) Chrome/118.0.0.0 Safari/537.36"
41.79.97.5 - - [06/Nov/2023:07:21:17 +0000] "GET /API/api/get_store_modifiers/4 HTTP/1.1" 200 1006 "https://mplan.ashesi.edu.gh/pos/" "Mozilla/5.0 (Windows NT 10.0; Win64; x64) AppleWebKit/537.36 (KHTML, like Gecko) Chrome/118.0.0.0 Safari/537.36"
41.79.97.5 - - [06/Nov/2023:07:21:15 +0000] "GET /API/api/getCurrentBalance/90702026 HTTP/1.1" 200 1731 "https://mplan.ashesi.edu.gh/pos/" "Mozilla/5.0 (Windows NT 10.0; Win64; x64) AppleWebKit/537.36 (KHTML, like Gecko) Chrome/119.0.0.0 Safari/537.36"
41.79.97.5 - - [06/Nov/2023:07:21:17 +0000] "GET /pos/view/template/edit_customer_details_modal.template.html HTTP/1.1" 200 1123 "https://mplan.ashesi.edu.gh/pos/" "Mozilla/5.0 (Windows NT 10.0; Win64; x64) AppleWebKit/537.36 (KHTML, like Gecko) Chrome/118.0.0.0 Safari/537.36"
41.79.97.5 - - [06/Nov/2023:07:21:17 +0000] "GET /pos/web/img/plus-button.svg HTTP/1.1" 200 976 "https://mplan.ashesi.edu.gh/pos/" "Mozilla/5.0 (Windows NT 10.0; Win64; x64) AppleWebKit/537.36 (KHTML, like Gecko) Chrome/118.0.0.0 Safari/537.36"
41.79.97.5 - - [06/Nov/2023:07:21:17 +0000] "GET /API/api/get_store_product_categories/4 HTTP/1.1" 200 1790 "https://mplan.ashesi.edu.gh/pos/" "Mozilla/5.0 (Windows NT 10.0; Win64; x64) AppleWebKit/537.36 (KHTML, like Gecko) Chrome/118.0.0.0 Safari/537.36"
41.79.97.5 - - [06/Nov/2023:07:21:15 +0000] "GET /API/api/get_orders_not_deliveries/4 HTTP/1.1" 200 447 "https://mplan.ashesi.edu.gh/pos/" "Mozilla/5.0 (Windows NT 10.0; Win64; x64) AppleWebKit/537.36 (KHTML, like Gecko) Chrome/118.0.0.0 Safari/537.36"
41.79.97.5 - - [06/Nov/2023:07:21:17 +0000] "GET /pos/web/img/down-arrow.svg HTTP/1.1" 200 729 "https://mplan.ashesi.edu.gh/pos/" "Mozilla/5.0 (Windows NT 10.0; Win64; x64) AppleWebKit/537.36 (KHTML, like Gecko) Chrome/118.0.0.0 Safari/537.36"
41.79.97.5 - - [06/Nov/2023:07:21:15 +0000] "GET /API/api/get_cancelled_orders/4/2082 HTTP/1.1" 200 190301 "https://mplan.ashesi.edu.gh/pos/" "Mozilla/5.0 (Windows NT 10.0; Win64; x64) AppleWebKit/537.36 (KHTML, like Gecko) Chrome/118.0.0.0 Safari/537.36"
41.79.97.5 - - [06/Nov/2023:07:21:18 +0000] "GET /API/api/getAllSubscribers HTTP/1.1" 200 2311222 "https://mplan.ashesi.edu.gh/pos/" "Mozilla/5.0 (Windows NT 10.0; Win64; x64) AppleWebKit/537.36 (KHTML, like Gecko) Chrome/118.0.0.0 Safari/537.36"
41.79.97.5 - - [06/Nov/2023:07:21:18 +0000] "PUT /API/api/make_order HTTP/1.1" 200 1498 "https://mplan.ashesi.edu.gh/pos/" "Mozilla/5.0 (Windows NT 10.0; Win64; x64) AppleWebKit/537.36 (KHTML, like Gecko) Chrome/119.0.0.0 Safari/537.36"
41.79.97.5 - - [06/Nov/2023:07:21:30 +0000] "GET /pos/web/img/close.svg HTTP/1.1" 200 2188 "https://mplan.ashesi.edu.gh/pos/" "Mozilla/5.0 (Windows NT 10.0; Win64; x64) AppleWebKit/537.36 (KHTML, like Gecko) Chrome/118.0.0.0 Safari/537.36"
41.79.97.5 - - [06/Nov/2023:07:21:30 +0000] "GET /pos/web/img/cancel.svg HTTP/1.1" 200 2155 "https://mplan.ashesi.edu.gh/pos/" "Mozilla/5.0 (Windows NT 10.0; Win64; x64) AppleWebKit/537.36 (KHTML, like Gecko) Chrome/118.0.0.0 Safari/537.36"
41.79.97.5 - - [06/Nov/2023:07:21:30 +0000] "GET /pos/web/img/pen-edit-disabled.svg HTTP/1.1" 200 1568 "https://mplan.ashesi.edu.gh/pos/" "Mozilla/5.0 (Windows NT 10.0; Win64; x64) AppleWebKit/537.36 (KHTML, like Gecko) Chrome/118.0.0.0 Safari/537.36"
41.79.97.5 - - [06/Nov/2023:07:21:30 +0000] "GET /pos/web/img/pen-edit.svg HTTP/1.1" 200 1305 "https://mplan.ashesi.edu.gh/pos/" "Mozilla/5.0 (Windows NT 10.0; Win64; x64) AppleWebKit/537.36 (KHTML, like Gecko) Chrome/118.0.0.0 Safari/537.36"
41.79.97.5 - - [06/Nov/2023:07:21:31 +0000] "GET /pos/web/img/error.svg HTTP/1.1" 200 1038 "https://mplan.ashesi.edu.gh/pos/" "Mozilla/5.0 (Windows NT 10.0; Win64; x64) AppleWebKit/537.36 (KHTML, like Gecko) Chrome/118.0.0.0 Safari/537.36"
41.79.97.5 - - [06/Nov/2023:07:21:30 +0000] "GET /API/api/get_sales/4/2082 HTTP/1.1" 500 207 "https://mplan.ashesi.edu.gh/pos/" "Mozilla/5.0 (Windows NT 10.0; Win64; x64) AppleWebKit/537.36 (KHTML, like Gecko) Chrome/118.0.0.0 Safari/537.36"
41.79.97.5 - - [06/Nov/2023:07:21:38 +0000] "GET /pos/web/img/error_white.svg HTTP/1.1" 200 1656 "https://mplan.ashesi.edu.gh/pos/" "Mozilla/5.0 (Windows NT 10.0; Win64; x64) AppleWebKit/537.36 (KHTML, like Gecko) Chrome/118.0.0.0 Safari/537.36"
41.79.97.5 - - [06/Nov/2023:07:21:15 +0000] "GET /API/api/get_sales/4/2082 HTTP/1.1" 200 93666709 "https://mplan.ashesi.edu.gh/pos/" "Mozilla/5.0 (Windows NT 10.0; Win64; x64) AppleWebKit/537.36 (KHTML, like Gecko) Chrome/118.0.0.0 Safari/537.36"
41.79.97.5 - - [06/Nov/2023:07:22:03 +0000] "GET /pos/cordova.js HTTP/1.1" 404 1096 "https://mplan.ashesi.edu.gh/pos/" "Mozilla/5.0 (Windows NT 10.0; Win64; x64) AppleWebKit/537.36 (KHTML, like Gecko) Chrome/118.0.0.0 Safari/537.36"
41.79.97.5 - - [06/Nov/2023:07:22:04 +0000] "GET /API/api/get_store_products/4 HTTP/1.1" 200 152724 "https://mplan.ashesi.edu.gh/pos/" "Mozilla/5.0 (Windows NT 10.0; Win64; x64) AppleWebKit/537.36 (KHTML, like Gecko) Chrome/118.0.0.0 Safari/537.36"
41.79.97.5 - - [06/Nov/2023:07:22:04 +0000] "GET /API/api/get_store_modifiers/4 HTTP/1.1" 200 1022 "https://mplan.ashesi.edu.gh/pos/" "Mozilla/5.0 (Windows NT 10.0; Win64; x64) AppleWebKit/537.36 (KHTML, like Gecko) Chrome/118.0.0.0 Safari/537.36"
41.79.97.5 - - [06/Nov/2023:07:22:04 +0000] "GET /API/api/get_store_product_categories/4 HTTP/1.1" 200 1790 "https://mplan.ashesi.edu.gh/pos/" "Mozilla/5.0 (Windows NT 10.0; Win64; x64) AppleWebKit/537.36 (KHTML, like Gecko) Chrome/118.0.0.0 Safari/537.36"
41.79.97.5 - - [06/Nov/2023:07:22:04 +0000] "GET /pos/ HTTP/1.1" 200 1876 "-" "Mozilla/5.0 (Windows NT 10.0; Win64; x64) AppleWebKit/537.36 (KHTML, like Gecko) Chrome/118.0.0.0 Safari/537.36"
41.79.97.5 - - [06/Nov/2023:07:22:04 +0000] "GET /API/api/get_riders/4 HTTP/1.1" 200 1006 "https://mplan.ashesi.edu.gh/pos/" "Mozilla/5.0 (Windows NT 10.0; Win64; x64) AppleWebKit/537.36 (KHTML, like Gecko) Chrome/118.0.0.0 Safari/537.36"
41.79.97.5 - - [06/Nov/2023:07:22:05 +0000] "GET /pos/cordova.js HTTP/1.1" 404 1080 "https://mplan.ashesi.edu.gh/pos/" "Mozilla/5.0 (Windows NT 10.0; Win64; x64) AppleWebKit/537.36 (KHTML, like Gecko) Chrome/118.0.0.0 Safari/537.36"
41.79.97.5 - - [06/Nov/2023:07:22:05 +0000] "GET /API/api/get_store_product_categories/4 HTTP/1.1" 200 1774 "https://mplan.ashesi.edu.gh/pos/" "Mozilla/5.0 (Windows NT 10.0; Win64; x64) AppleWebKit/537.36 (KHTML, like Gecko) Chrome/118.0.0.0 Safari/537.36"
41.79.97.5 - - [06/Nov/2023:07:22:05 +0000] "GET /API/api/get_store_products/4 HTTP/1.1" 200 152724 "https://mplan.ashesi.edu.gh/pos/" "Mozilla/5.0 (Windows NT 10.0; Win64; x64) AppleWebKit/537.36 (KHTML, like Gecko) Chrome/118.0.0.0 Safari/537.36"
41.79.97.5 - - [06/Nov/2023:07:22:05 +0000] "GET /API/api/get_store_modifiers/4 HTTP/1.1" 200 5627 "https://mplan.ashesi.edu.gh/pos/" "Mozilla/5.0 (Windows NT 10.0; Win64; x64) AppleWebKit/537.36 (KHTML, like Gecko) Chrome/118.0.0.0 Safari/537.36"
41.79.97.5 - - [06/Nov/2023:07:22:06 +0000] "GET /API/api/get_riders/4 HTTP/1.1" 200 1006 "https://mplan.ashesi.edu.gh/pos/" "Mozilla/5.0 (Windows NT 10.0; Win64; x64) AppleWebKit/537.36 (KHTML, like Gecko) Chrome/118.0.0.0 Safari/537.36"
41.79.97.5 - - [06/Nov/2023:07:22:04 +0000] "GET /API/api/get_orders_not_deliveries/4 HTTP/1.1" 200 5595 "https://mplan.ashesi.edu.gh/pos/" "Mozilla/5.0 (Windows NT 10.0; Win64; x64) AppleWebKit/537.36 (KHTML, like Gecko) Chrome/118.0.0.0 Safari/537.36"
216.144.248.27 - - [06/Nov/2023:07:22:06 +0000] "HEAD /vendor/public/admin HTTP/1.1" 302 6083 "https://mplan.ashesi.edu.gh/vendor/public/admin" "Mozilla/5.0+(compatible; UptimeRobot/2.0; http://www.uptimerobot.com/)"
41.79.97.5 - - [06/Nov/2023:07:22:06 +0000] "GET /API/api/getMyRegisters/49 HTTP/1.1" 200 1022 "https://mplan.ashesi.edu.gh/pos/" "Mozilla/5.0 (Windows NT 10.0; Win64; x64) AppleWebKit/537.36 (KHTML, like Gecko) Chrome/118.0.0.0 Safari/537.36"
216.144.248.27 - - [06/Nov/2023:07:22:07 +0000] "HEAD /vendor/public/admin/login HTTP/1.1" 200 1428 "https://mplan.ashesi.edu.gh/vendor/public/admin" "Mozilla/5.0+(compatible; UptimeRobot/2.0; http://www.uptimerobot.com/)"
41.79.97.5 - - [06/Nov/2023:07:22:07 +0000] "GET /API/api/getAllSubscribers HTTP/1.1" 200 2311222 "https://mplan.ashesi.edu.gh/pos/" "Mozilla/5.0 (Windows NT 10.0; Win64; x64) AppleWebKit/537.36 (KHTML, like Gecko) Chrome/118.0.0.0 Safari/537.36"
41.79.97.5 - - [06/Nov/2023:07:22:05 +0000] "GET /API/api/get_cancelled_orders/4/2082 HTTP/1.1" 200 190860 "https://mplan.ashesi.edu.gh/pos/" "Mozilla/5.0 (Windows NT 10.0; Win64; x64) AppleWebKit/537.36 (KHTML, like Gecko) Chrome/118.0.0.0 Safari/537.36"
41.79.97.5 - - [06/Nov/2023:07:22:06 +0000] "GET /API/api/get_orders_not_deliveries/4 HTTP/1.1" 200 1006 "https://mplan.ashesi.edu.gh/pos/" "Mozilla/5.0 (Windows NT 10.0; Win64; x64) AppleWebKit/537.36 (KHTML, like Gecko) Chrome/118.0.0.0 Safari/537.36"
41.79.97.5 - - [06/Nov/2023:07:22:09 +0000] "GET /API/api/get_store_product_categories/4 HTTP/1.1" 200 1790 "https://mplan.ashesi.edu.gh/pos/" "Mozilla/5.0 (Windows NT 10.0; Win64; x64) AppleWebKit/537.36 (KHTML, like Gecko) Chrome/118.0.0.0 Safari/537.36"
41.79.97.5 - - [06/Nov/2023:07:22:09 +0000] "GET /API/api/get_store_products/4 HTTP/1.1" 200 153283 "https://mplan.ashesi.edu.gh/pos/" "Mozilla/5.0 (Windows NT 10.0; Win64; x64) AppleWebKit/537.36 (KHTML, like Gecko) Chrome/118.0.0.0 Safari/537.36"
41.79.97.5 - - [06/Nov/2023:07:22:10 +0000] "GET /API/api/get_store_modifiers/4 HTTP/1.1" 200 1022 "https://mplan.ashesi.edu.gh/pos/" "Mozilla/5.0 (Windows NT 10.0; Win64; x64) AppleWebKit/537.36 (KHTML, like Gecko) Chrome/118.0.0.0 Safari/537.36"
41.79.97.5 - - [06/Nov/2023:07:22:06 +0000] "GET /API/api/get_cancelled_orders/4/2082 HTTP/1.1" 200 190876 "https://mplan.ashesi.edu.gh/pos/" "Mozilla/5.0 (Windows NT 10.0; Win64; x64) AppleWebKit/537.36 (KHTML, like Gecko) Chrome/118.0.0.0 Safari/537.36"
::1 - - [06/Nov/2023:07:22:11 +0000] "OPTIONS * HTTP/1.0" 200 126 "-" "Apache/2.4.29 (Ubuntu) OpenSSL/1.1.1 (internal dummy connection)"
41.79.97.5 - - [06/Nov/2023:07:22:06 +0000] "GET /API/api/get_sales/4/2082 HTTP/1.1" 500 15240 "https://mplan.ashesi.edu.gh/pos/" "Mozilla/5.0 (Windows NT 10.0; Win64; x64) AppleWebKit/537.36 (KHTML, like Gecko) Chrome/118.0.0.0 Safari/537.36"
::1 - - [06/Nov/2023:07:22:24 +0000] "OPTIONS * HTTP/1.0" 200 126 "-" "Apache/2.4.29 (Ubuntu) OpenSSL/1.1.1 (internal dummy connection)"
41.79.97.5 - - [06/Nov/2023:07:22:05 +0000] "GET /API/api/get_sales/4/2082 HTTP/1.1" 200 400040 "https://mplan.ashesi.edu.gh/pos/" "Mozilla/5.0 (Windows NT 10.0; Win64; x64) AppleWebKit/537.36 (KHTML, like Gecko) Chrome/118.0.0.0 Safari/537.36"
216.144.248.27 - - [06/Nov/2023:07:22:30 +0000] "HEAD /admin HTTP/1.1" 301 5368 "https://mplan.ashesi.edu.gh/admin" "Mozilla/5.0+(compatible; UptimeRobot/2.0; http://www.uptimerobot.com/)"
216.144.248.27 - - [06/Nov/2023:07:22:30 +0000] "HEAD /admin/ HTTP/1.1" 302 1552 "https://mplan.ashesi.edu.gh/admin" "Mozilla/5.0+(compatible; UptimeRobot/2.0; http://www.uptimerobot.com/)"
216.144.248.27 - - [06/Nov/2023:07:22:31 +0000] "HEAD /admin/admin/login HTTP/1.1" 200 1486 "https://mplan.ashesi.edu.gh/admin" "Mozilla/5.0+(compatible; UptimeRobot/2.0; http://www.uptimerobot.com/)"
41.79.97.5 - - [06/Nov/2023:07:21:18 +0000] "GET /API/api/getFunders/2023-10-19/4 HTTP/1.1" 200 2302 "https://mplan.ashesi.edu.gh/pos/" "Mozilla/5.0 (Windows NT 10.0; Win64; x64) AppleWebKit/537.36 (KHTML, like Gecko) Chrome/118.0.0.0 Safari/537.36"
41.79.97.5 - - [06/Nov/2023:07:22:49 +0000] "GET /pos/ HTTP/1.1" 200 559 "-" "Mozilla/5.0 (Windows NT 10.0; Win64; x64) AppleWebKit/537.36 (KHTML, like Gecko) Chrome/118.0.0.0 Safari/537.36"
41.79.97.5 - - [06/Nov/2023:07:22:49 +0000] "GET /pos/ HTTP/1.1" 200 575 "-" "Mozilla/5.0 (Windows NT 10.0; Win64; x64) AppleWebKit/537.36 (KHTML, like Gecko) Chrome/118.0.0.0 Safari/537.36"
41.79.97.5 - - [06/Nov/2023:07:22:49 +0000] "GET /pos/ HTTP/1.1" 200 6465 "-" "Mozilla/5.0 (Windows NT 10.0; Win64; x64) AppleWebKit/537.36 (KHTML, like Gecko) Chrome/118.0.0.0 Safari/537.36"
41.79.97.5 - - [06/Nov/2023:07:22:49 +0000] "GET /pos/ HTTP/1.1" 200 6449 "-" "Mozilla/5.0 (Windows NT 10.0; Win64; x64) AppleWebKit/537.36 (KHTML, like Gecko) Chrome/118.0.0.0 Safari/537.36"
41.79.97.5 - - [06/Nov/2023:07:22:50 +0000] "GET /pos/cordova.js HTTP/1.1" 404 520 "https://mplan.ashesi.edu.gh/pos/" "Mozilla/5.0 (Windows NT 10.0; Win64; x64) AppleWebKit/537.36 (KHTML, like Gecko) Chrome/118.0.0.0 Safari/537.36"
41.79.97.5 - - [06/Nov/2023:07:22:24 +0000] "GET /API/api/get_sales/4/2082 HTTP/1.1" 500 766 "https://mplan.ashesi.edu.gh/pos/" "Mozilla/5.0 (Windows NT 10.0; Win64; x64) AppleWebKit/537.36 (KHTML, like Gecko) Chrome/118.0.0.0 Safari/537.36"
41.79.97.5 - - [06/Nov/2023:07:22:51 +0000] "GET /API/api/get_store_product_categories/4 HTTP/1.1" 200 1774 "https://mplan.ashesi.edu.gh/pos/" "Mozilla/5.0 (Windows NT 10.0; Win64; x64) AppleWebKit/537.36 (KHTML, like Gecko) Chrome/118.0.0.0 Safari/537.36"
41.79.97.5 - - [06/Nov/2023:07:22:51 +0000] "GET /API/api/get_store_modifiers/4 HTTP/1.1" 200 1006 "https://mplan.ashesi.edu.gh/pos/" "Mozilla/5.0 (Windows NT 10.0; Win64; x64) AppleWebKit/537.36 (KHTML, like Gecko) Chrome/118.0.0.0 Safari/537.36"
41.79.97.5 - - [06/Nov/2023:07:22:50 +0000] "GET /API/api/get_store_products/4 HTTP/1.1" 200 152724 "https://mplan.ashesi.edu.gh/pos/" "Mozilla/5.0 (Windows NT 10.0; Win64; x64) AppleWebKit/537.36 (KHTML, like Gecko) Chrome/118.0.0.0 Safari/537.36"
41.79.97.5 - - [06/Nov/2023:07:22:52 +0000] "GET /API/api/get_riders/4 HTTP/1.1" 200 1006 "https://mplan.ashesi.edu.gh/pos/" "Mozilla/5.0 (Windows NT 10.0; Win64; x64) AppleWebKit/537.36 (KHTML, like Gecko) Chrome/118.0.0.0 Safari/537.36"
41.79.97.5 - - [06/Nov/2023:07:22:52 +0000] "GET /API/api/getMyRegisters/49 HTTP/1.1" 200 1006 "https://mplan.ashesi.edu.gh/pos/" "Mozilla/5.0 (Windows NT 10.0; Win64; x64) AppleWebKit/537.36 (KHTML, like Gecko) Chrome/118.0.0.0 Safari/537.36"
41.79.97.5 - - [06/Nov/2023:07:22:52 +0000] "GET /API/api/get_cancelled_orders/4/2082 HTTP/1.1" 200 190876 "https://mplan.ashesi.edu.gh/pos/" "Mozilla/5.0 (Windows NT 10.0; Win64; x64) AppleWebKit/537.36 (KHTML, like Gecko) Chrome/118.0.0.0 Safari/537.36"
41.79.97.5 - - [06/Nov/2023:07:22:51 +0000] "GET /API/api/get_orders_not_deliveries/4 HTTP/1.1" 200 1022 "https://mplan.ashesi.edu.gh/pos/" "Mozilla/5.0 (Windows NT 10.0; Win64; x64) AppleWebKit/537.36 (KHTML, like Gecko) Chrome/118.0.0.0 Safari/537.36"
41.79.97.5 - - [06/Nov/2023:07:22:55 +0000] "GET /pos/ HTTP/1.1" 200 1860 "-" "Mozilla/5.0 (Windows NT 10.0; Win64; x64) AppleWebKit/537.36 (KHTML, like Gecko) Chrome/118.0.0.0 Safari/537.36"
41.79.97.5 - - [06/Nov/2023:07:22:55 +0000] "GET /API/api/get_store_product_categories/4 HTTP/1.1" 200 6379 "https://mplan.ashesi.edu.gh/pos/" "Mozilla/5.0 (Windows NT 10.0; Win64; x64) AppleWebKit/537.36 (KHTML, like Gecko) Chrome/118.0.0.0 Safari/537.36"
41.79.97.5 - - [06/Nov/2023:07:22:55 +0000] "GET /API/api/get_store_modifiers/4 HTTP/1.1" 200 1022 "https://mplan.ashesi.edu.gh/pos/" "Mozilla/5.0 (Windows NT 10.0; Win64; x64) AppleWebKit/537.36 (KHTML, like Gecko) Chrome/118.0.0.0 Safari/537.36"
41.79.97.5 - - [06/Nov/2023:07:22:56 +0000] "GET /pos/cordova.js HTTP/1.1" 404 1080 "https://mplan.ashesi.edu.gh/pos/" "Mozilla/5.0 (Windows NT 10.0; Win64; x64) AppleWebKit/537.36 (KHTML, like Gecko) Chrome/118.0.0.0 Safari/537.36"
41.79.97.5 - - [06/Nov/2023:07:22:56 +0000] "GET /API/api/get_store_products/4 HTTP/1.1" 200 153283 "https://mplan.ashesi.edu.gh/pos/" "Mozilla/5.0 (Windows NT 10.0; Win64; x64) AppleWebKit/537.36 (KHTML, like Gecko) Chrome/118.0.0.0 Safari/537.36"
41.79.97.5 - - [06/Nov/2023:07:22:55 +0000] "GET /API/api/getAllSubscribers HTTP/1.1" 200 2310647 "https://mplan.ashesi.edu.gh/pos/" "Mozilla/5.0 (Windows NT 10.0; Win64; x64) AppleWebKit/537.36 (KHTML, like Gecko) Chrome/118.0.0.0 Safari/537.36"
41.79.97.5 - - [06/Nov/2023:07:22:56 +0000] "GET /API/api/get_store_product_categories/4 HTTP/1.1" 200 1215 "https://mplan.ashesi.edu.gh/pos/" "Mozilla/5.0 (Windows NT 10.0; Win64; x64) AppleWebKit/537.36 (KHTML, like Gecko) Chrome/118.0.0.0 Safari/537.36"
41.79.97.5 - - [06/Nov/2023:07:22:57 +0000] "GET /API/api/get_store_modifiers/4 HTTP/1.1" 200 1022 "https://mplan.ashesi.edu.gh/pos/" "Mozilla/5.0 (Windows NT 10.0; Win64; x64) AppleWebKit/537.36 (KHTML, like Gecko) Chrome/118.0.0.0 Safari/537.36"
41.79.97.5 - - [06/Nov/2023:07:22:57 +0000] "GET /API/api/get_riders/4 HTTP/1.1" 200 1006 "https://mplan.ashesi.edu.gh/pos/" "Mozilla/5.0 (Windows NT 10.0; Win64; x64) AppleWebKit/537.36 (KHTML, like Gecko) Chrome/118.0.0.0 Safari/537.36"
41.79.97.5 - - [06/Nov/2023:07:22:58 +0000] "GET /API/api/getMyRegisters/49 HTTP/1.1" 200 1022 "https://mplan.ashesi.edu.gh/pos/" "Mozilla/5.0 (Windows NT 10.0; Win64; x64) AppleWebKit/537.36 (KHTML, like Gecko) Chrome/118.0.0.0 Safari/537.36"
41.79.97.5 - - [06/Nov/2023:07:22:58 +0000] "GET /API/api/get_store_products/4 HTTP/1.1" 200 153299 "https://mplan.ashesi.edu.gh/pos/" "Mozilla/5.0 (Windows NT 10.0; Win64; x64) AppleWebKit/537.36 (KHTML, like Gecko) Chrome/118.0.0.0 Safari/537.36"
41.79.97.5 - - [06/Nov/2023:07:22:59 +0000] "GET /API/api/getAllSubscribers HTTP/1.1" 200 2311222 "https://mplan.ashesi.edu.gh/pos/" "Mozilla/5.0 (Windows NT 10.0; Win64; x64) AppleWebKit/537.36 (KHTML, like Gecko) Chrome/118.0.0.0 Safari/537.36"
41.79.97.5 - - [06/Nov/2023:07:22:57 +0000] "GET /API/api/get_orders_not_deliveries/4 HTTP/1.1" 200 1022 "https://mplan.ashesi.edu.gh/pos/" "Mozilla/5.0 (Windows NT 10.0; Win64; x64) AppleWebKit/537.36 (KHTML, like Gecko) Chrome/118.0.0.0 Safari/537.36"
41.79.97.5 - - [06/Nov/2023:07:22:57 +0000] "GET /API/api/get_cancelled_orders/4/2082 HTTP/1.1" 200 190876 "https://mplan.ashesi.edu.gh/pos/" "Mozilla/5.0 (Windows NT 10.0; Win64; x64) AppleWebKit/537.36 (KHTML, like Gecko) Chrome/118.0.0.0 Safari/537.36"
41.79.97.5 - - [06/Nov/2023:07:23:01 +0000] "GET /API/api/get_store_product_categories/4 HTTP/1.1" 200 1774 "https://mplan.ashesi.edu.gh/pos/" "Mozilla/5.0 (Windows NT 10.0; Win64; x64) AppleWebKit/537.36 (KHTML, like Gecko) Chrome/118.0.0.0 Safari/537.36"
41.79.97.5 - - [06/Nov/2023:07:23:01 +0000] "GET /API/api/get_store_modifiers/4 HTTP/1.1" 200 1006 "https://mplan.ashesi.edu.gh/pos/" "Mozilla/5.0 (Windows NT 10.0; Win64; x64) AppleWebKit/537.36 (KHTML, like Gecko) Chrome/118.0.0.0 Safari/537.36"
41.79.97.5 - - [06/Nov/2023:07:23:02 +0000] "GET /API/api/get_store_products/4 HTTP/1.1" 200 153283 "https://mplan.ashesi.edu.gh/pos/" "Mozilla/5.0 (Windows NT 10.0; Win64; x64) AppleWebKit/537.36 (KHTML, like Gecko) Chrome/118.0.0.0 Safari/537.36"
41.79.97.5 - - [06/Nov/2023:07:23:04 +0000] "GET /pos/ HTTP/1.1" 200 1876 "-" "Mozilla/5.0 (Windows NT 10.0; Win64; x64) AppleWebKit/537.36 (KHTML, like Gecko) Chrome/118.0.0.0 Safari/537.36"
41.79.97.5 - - [06/Nov/2023:07:23:04 +0000] "GET /pos/cordova.js HTTP/1.1" 404 520 "https://mplan.ashesi.edu.gh/pos/" "Mozilla/5.0 (Windows NT 10.0; Win64; x64) AppleWebKit/537.36 (KHTML, like Gecko) Chrome/118.0.0.0 Safari/537.36"
41.79.97.5 - - [06/Nov/2023:07:23:04 +0000] "GET /API/api/get_store_products/4 HTTP/1.1" 200 152724 "https://mplan.ashesi.edu.gh/pos/" "Mozilla/5.0 (Windows NT 10.0; Win64; x64) AppleWebKit/537.36 (KHTML, like Gecko) Chrome/118.0.0.0 Safari/537.36"
41.79.97.5 - - [06/Nov/2023:07:23:04 +0000] "GET /API/api/get_store_product_categories/4 HTTP/1.1" 200 1790 "https://mplan.ashesi.edu.gh/pos/" "Mozilla/5.0 (Windows NT 10.0; Win64; x64) AppleWebKit/537.36 (KHTML, like Gecko) Chrome/118.0.0.0 Safari/537.36"
41.79.97.5 - - [06/Nov/2023:07:23:04 +0000] "GET /API/api/get_store_modifiers/4 HTTP/1.1" 200 1006 "https://mplan.ashesi.edu.gh/pos/" "Mozilla/5.0 (Windows NT 10.0; Win64; x64) AppleWebKit/537.36 (KHTML, like Gecko) Chrome/118.0.0.0 Safari/537.36"
41.79.97.5 - - [06/Nov/2023:07:23:05 +0000] "GET /API/api/get_riders/4 HTTP/1.1" 200 1006 "https://mplan.ashesi.edu.gh/pos/" "Mozilla/5.0 (Windows NT 10.0; Win64; x64) AppleWebKit/537.36 (KHTML, like Gecko) Chrome/118.0.0.0 Safari/537.36"
41.79.97.5 - - [06/Nov/2023:07:23:06 +0000] "GET /API/api/getMyRegisters/49 HTTP/1.1" 200 1006 "https://mplan.ashesi.edu.gh/pos/" "Mozilla/5.0 (Windows NT 10.0; Win64; x64) AppleWebKit/537.36 (KHTML, like Gecko) Chrome/118.0.0.0 Safari/537.36"
41.79.97.5 - - [06/Nov/2023:07:23:06 +0000] "GET /API/api/getAllSubscribers HTTP/1.1" 200 2311206 "https://mplan.ashesi.edu.gh/pos/" "Mozilla/5.0 (Windows NT 10.0; Win64; x64) AppleWebKit/537.36 (KHTML, like Gecko) Chrome/118.0.0.0 Safari/537.36"
41.79.97.5 - - [06/Nov/2023:07:23:09 +0000] "GET /pos/ HTTP/1.1" 200 1876 "-" "Mozilla/5.0 (Windows NT 10.0; Win64; x64) AppleWebKit/537.36 (KHTML, like Gecko) Chrome/118.0.0.0 Safari/537.36"
41.79.97.5 - - [06/Nov/2023:07:23:05 +0000] "GET /API/api/get_cancelled_orders/4/2082 HTTP/1.1" 200 195465 "https://mplan.ashesi.edu.gh/pos/" "Mozilla/5.0 (Windows NT 10.0; Win64; x64) AppleWebKit/537.36 (KHTML, like Gecko) Chrome/118.0.0.0 Safari/537.36"
41.79.97.5 - - [06/Nov/2023:07:23:05 +0000] "GET /API/api/get_orders_not_deliveries/4 HTTP/1.1" 200 1022 "https://mplan.ashesi.edu.gh/pos/" "Mozilla/5.0 (Windows NT 10.0; Win64; x64) AppleWebKit/537.36 (KHTML, like Gecko) Chrome/118.0.0.0 Safari/537.36"
41.79.97.5 - - [06/Nov/2023:07:23:09 +0000] "GET /API/api/get_store_products/4 HTTP/1.1" 200 152724 "https://mplan.ashesi.edu.gh/pos/" "Mozilla/5.0 (Windows NT 10.0; Win64; x64) AppleWebKit/537.36 (KHTML, like Gecko) Chrome/118.0.0.0 Safari/537.36"
41.79.97.5 - - [06/Nov/2023:07:23:09 +0000] "GET /API/api/get_store_product_categories/4 HTTP/1.1" 200 1790 "https://mplan.ashesi.edu.gh/pos/" "Mozilla/5.0 (Windows NT 10.0; Win64; x64) AppleWebKit/537.36 (KHTML, like Gecko) Chrome/118.0.0.0 Safari/537.36"
41.79.97.5 - - [06/Nov/2023:07:23:09 +0000] "GET /API/api/get_store_modifiers/4 HTTP/1.1" 200 1022 "https://mplan.ashesi.edu.gh/pos/" "Mozilla/5.0 (Windows NT 10.0; Win64; x64) AppleWebKit/537.36 (KHTML, like Gecko) Chrome/118.0.0.0 Safari/537.36"
41.79.97.5 - - [06/Nov/2023:07:23:10 +0000] "GET /pos/cordova.js HTTP/1.1" 404 1096 "https://mplan.ashesi.edu.gh/pos/" "Mozilla/5.0 (Windows NT 10.0; Win64; x64) AppleWebKit/537.36 (KHTML, like Gecko) Chrome/118.0.0.0 Safari/537.36"
41.79.97.5 - - [06/Nov/2023:07:23:10 +0000] "GET /API/api/get_store_products/4 HTTP/1.1" 200 152724 "https://mplan.ashesi.edu.gh/pos/" "Mozilla/5.0 (Windows NT 10.0; Win64; x64) AppleWebKit/537.36 (KHTML, like Gecko) Chrome/118.0.0.0 Safari/537.36"
41.79.97.5 - - [06/Nov/2023:07:23:10 +0000] "GET /API/api/get_store_modifiers/4 HTTP/1.1" 200 1022 "https://mplan.ashesi.edu.gh/pos/" "Mozilla/5.0 (Windows NT 10.0; Win64; x64) AppleWebKit/537.36 (KHTML, like Gecko) Chrome/118.0.0.0 Safari/537.36"
41.79.97.5 - - [06/Nov/2023:07:23:10 +0000] "GET /API/api/get_store_product_categories/4 HTTP/1.1" 200 1774 "https://mplan.ashesi.edu.gh/pos/" "Mozilla/5.0 (Windows NT 10.0; Win64; x64) AppleWebKit/537.36 (KHTML, like Gecko) Chrome/118.0.0.0 Safari/537.36"
41.79.97.5 - - [06/Nov/2023:07:23:11 +0000] "GET /API/api/get_riders/4 HTTP/1.1" 200 1006 "https://mplan.ashesi.edu.gh/pos/" "Mozilla/5.0 (Windows NT 10.0; Win64; x64) AppleWebKit/537.36 (KHTML, like Gecko) Chrome/118.0.0.0 Safari/537.36"
41.79.97.5 - - [06/Nov/2023:07:23:11 +0000] "GET /API/api/getMyRegisters/49 HTTP/1.1" 200 1022 "https://mplan.ashesi.edu.gh/pos/" "Mozilla/5.0 (Windows NT 10.0; Win64; x64) AppleWebKit/537.36 (KHTML, like Gecko) Chrome/118.0.0.0 Safari/537.36"
41.79.97.5 - - [06/Nov/2023:07:22:55 +0000] "GET /API/api/get_sales/4/2082 HTTP/1.1" 200 400599 "https://mplan.ashesi.edu.gh/pos/" "Mozilla/5.0 (Windows NT 10.0; Win64; x64) AppleWebKit/537.36 (KHTML, like Gecko) Chrome/118.0.0.0 Safari/537.36"
41.79.97.5 - - [06/Nov/2023:07:23:12 +0000] "GET /API/api/getAllSubscribers HTTP/1.1" 200 2311206 "https://mplan.ashesi.edu.gh/pos/" "Mozilla/5.0 (Windows NT 10.0; Win64; x64) AppleWebKit/537.36 (KHTML, like Gecko) Chrome/118.0.0.0 Safari/537.36"
41.79.97.5 - - [06/Nov/2023:07:23:14 +0000] "GET /pos/ HTTP/1.1" 200 1860 "-" "Mozilla/5.0 (Windows NT 10.0; Win64; x64) AppleWebKit/537.36 (KHTML, like Gecko) Chrome/118.0.0.0 Safari/537.36"
41.79.97.5 - - [06/Nov/2023:07:23:14 +0000] "GET /API/api/get_store_products/4 HTTP/1.1" 200 152724 "https://mplan.ashesi.edu.gh/pos/" "Mozilla/5.0 (Windows NT 10.0; Win64; x64) AppleWebKit/537.36 (KHTML, like Gecko) Chrome/118.0.0.0 Safari/537.36"
41.79.97.5 - - [06/Nov/2023:07:23:15 +0000] "GET /API/api/get_store_product_categories/4 HTTP/1.1" 200 1774 "https://mplan.ashesi.edu.gh/pos/" "Mozilla/5.0 (Windows NT 10.0; Win64; x64) AppleWebKit/537.36 (KHTML, like Gecko) Chrome/118.0.0.0 Safari/537.36"
41.79.97.5 - - [06/Nov/2023:07:23:15 +0000] "GET /API/api/get_store_modifiers/4 HTTP/1.1" 200 1022 "https://mplan.ashesi.edu.gh/pos/" "Mozilla/5.0 (Windows NT 10.0; Win64; x64) AppleWebKit/537.36 (KHTML, like Gecko) Chrome/118.0.0.0 Safari/537.36"
41.79.97.5 - - [06/Nov/2023:07:23:11 +0000] "GET /API/api/get_orders_not_deliveries/4 HTTP/1.1" 200 1022 "https://mplan.ashesi.edu.gh/pos/" "Mozilla/5.0 (Windows NT 10.0; Win64; x64) AppleWebKit/537.36 (KHTML, like Gecko) Chrome/118.0.0.0 Safari/537.36"
41.79.97.5 - - [06/Nov/2023:07:23:16 +0000] "GET /pos/cordova.js HTTP/1.1" 404 5685 "https://mplan.ashesi.edu.gh/pos/" "Mozilla/5.0 (Windows NT 10.0; Win64; x64) AppleWebKit/537.36 (KHTML, like Gecko) Chrome/118.0.0.0 Safari/537.36"
41.79.97.5 - - [06/Nov/2023:07:23:16 +0000] "GET /API/api/get_store_products/4 HTTP/1.1" 200 152724 "https://mplan.ashesi.edu.gh/pos/" "Mozilla/5.0 (Windows NT 10.0; Win64; x64) AppleWebKit/537.36 (KHTML, like Gecko) Chrome/118.0.0.0 Safari/537.36"
41.79.97.5 - - [06/Nov/2023:07:23:16 +0000] "GET /API/api/get_store_product_categories/4 HTTP/1.1" 200 1790 "https://mplan.ashesi.edu.gh/pos/" "Mozilla/5.0 (Windows NT 10.0; Win64; x64) AppleWebKit/537.36 (KHTML, like Gecko) Chrome/118.0.0.0 Safari/537.36"
41.79.97.5 - - [06/Nov/2023:07:23:11 +0000] "GET /API/api/get_cancelled_orders/4/2082 HTTP/1.1" 200 195481 "https://mplan.ashesi.edu.gh/pos/" "Mozilla/5.0 (Windows NT 10.0; Win64; x64) AppleWebKit/537.36 (KHTML, like Gecko) Chrome/118.0.0.0 Safari/537.36"
41.79.97.5 - - [06/Nov/2023:07:23:17 +0000] "GET /API/api/get_store_modifiers/4 HTTP/1.1" 200 1006 "https://mplan.ashesi.edu.gh/pos/" "Mozilla/5.0 (Windows NT 10.0; Win64; x64) AppleWebKit/537.36 (KHTML, like Gecko) Chrome/118.0.0.0 Safari/537.36"
41.79.97.5 - - [06/Nov/2023:07:23:17 +0000] "GET /API/api/getMyRegisters/49 HTTP/1.1" 200 1006 "https://mplan.ashesi.edu.gh/pos/" "Mozilla/5.0 (Windows NT 10.0; Win64; x64) AppleWebKit/537.36 (KHTML, like Gecko) Chrome/118.0.0.0 Safari/537.36"
41.79.97.5 - - [06/Nov/2023:07:23:17 +0000] "GET /API/api/get_riders/4 HTTP/1.1" 200 1022 "https://mplan.ashesi.edu.gh/pos/" "Mozilla/5.0 (Windows NT 10.0; Win64; x64) AppleWebKit/537.36 (KHTML, like Gecko) Chrome/118.0.0.0 Safari/537.36"
41.79.97.5 - - [06/Nov/2023:07:23:18 +0000] "GET /API/api/get_store_products/4 HTTP/1.1" 200 153299 "https://mplan.ashesi.edu.gh/pos/" "Mozilla/5.0 (Windows NT 10.0; Win64; x64) AppleWebKit/537.36 (KHTML, like Gecko) Chrome/118.0.0.0 Safari/537.36"
216.144.248.27 - - [06/Nov/2023:07:23:19 +0000] "HEAD /subscriber HTTP/1.1" 301 5373 "https://mplan.ashesi.edu.gh/subscriber" "Mozilla/5.0+(compatible; UptimeRobot/2.0; http://www.uptimerobot.com/)"
41.79.97.5 - - [06/Nov/2023:07:23:19 +0000] "GET /API/api/get_store_product_categories/4 HTTP/1.1" 200 1790 "https://mplan.ashesi.edu.gh/pos/" "Mozilla/5.0 (Windows NT 10.0; Win64; x64) AppleWebKit/537.36 (KHTML, like Gecko) Chrome/118.0.0.0 Safari/537.36"
216.144.248.27 - - [06/Nov/2023:07:23:19 +0000] "HEAD /subscriber/ HTTP/1.1" 200 866 "https://mplan.ashesi.edu.gh/subscriber" "Mozilla/5.0+(compatible; UptimeRobot/2.0; http://www.uptimerobot.com/)"
41.79.97.5 - - [06/Nov/2023:07:23:18 +0000] "GET /API/api/getAllSubscribers HTTP/1.1" 200 2311206 "https://mplan.ashesi.edu.gh/pos/" "Mozilla/5.0 (Windows NT 10.0; Win64; x64) AppleWebKit/537.36 (KHTML, like Gecko) Chrome/118.0.0.0 Safari/537.36"
41.79.97.5 - - [06/Nov/2023:07:23:20 +0000] "GET /API/api/get_store_modifiers/4 HTTP/1.1" 200 1006 "https://mplan.ashesi.edu.gh/pos/" "Mozilla/5.0 (Windows NT 10.0; Win64; x64) AppleWebKit/537.36 (KHTML, like Gecko) Chrome/118.0.0.0 Safari/537.36"
41.79.97.5 - - [06/Nov/2023:07:23:17 +0000] "GET /API/api/get_orders_not_deliveries/4 HTTP/1.1" 200 1006 "https://mplan.ashesi.edu.gh/pos/" "Mozilla/5.0 (Windows NT 10.0; Win64; x64) AppleWebKit/537.36 (KHTML, like Gecko) Chrome/118.0.0.0 Safari/537.36"
41.79.97.5 - - [06/Nov/2023:07:23:20 +0000] "GET /API/api/get_cancelled_orders/4/2082 HTTP/1.1" 200 190860 "https://mplan.ashesi.edu.gh/pos/" "Mozilla/5.0 (Windows NT 10.0; Win64; x64) AppleWebKit/537.36 (KHTML, like Gecko) Chrome/118.0.0.0 Safari/537.36"
41.79.97.5 - - [06/Nov/2023:07:23:15 +0000] "GET /API/api/get_sales/4/2082 HTTP/1.1" 500 766 "https://mplan.ashesi.edu.gh/pos/" "Mozilla/5.0 (Windows NT 10.0; Win64; x64) AppleWebKit/537.36 (KHTML, like Gecko) Chrome/118.0.0.0 Safari/537.36"
41.79.97.5 - - [06/Nov/2023:07:23:10 +0000] "GET /API/api/get_sales/4/2082 HTTP/1.1" 200 400599 "https://mplan.ashesi.edu.gh/pos/" "Mozilla/5.0 (Windows NT 10.0; Win64; x64) AppleWebKit/537.36 (KHTML, like Gecko) Chrome/118.0.0.0 Safari/537.36"
41.79.97.5 - - [06/Nov/2023:07:23:36 +0000] "GET /API/api/get_sales/4/2082 HTTP/1.1" 500 15233 "https://mplan.ashesi.edu.gh/pos/" "Mozilla/5.0 (Windows NT 10.0; Win64; x64) AppleWebKit/537.36 (KHTML, like Gecko) Chrome/118.0.0.0 Safari/537.36"
41.79.97.5 - - [06/Nov/2023:07:23:36 +0000] "GET /API/api/get_sales/4/2082 HTTP/1.1" 500 15233 "https://mplan.ashesi.edu.gh/pos/" "Mozilla/5.0 (Windows NT 10.0; Win64; x64) AppleWebKit/537.36 (KHTML, like Gecko) Chrome/118.0.0.0 Safari/537.36"
41.79.97.5 - - [06/Nov/2023:07:23:29 +0000] "GET /API/api/get_sales/4/2082 HTTP/1.1" 500 15240 "https://mplan.ashesi.edu.gh/pos/" "Mozilla/5.0 (Windows NT 10.0; Win64; x64) AppleWebKit/537.36 (KHTML, like Gecko) Chrome/118.0.0.0 Safari/537.36"
41.79.97.5 - - [06/Nov/2023:07:22:26 +0000] "GET /API/api/getFunders/2023-10-19/4 HTTP/1.1" 200 2861 "https://mplan.ashesi.edu.gh/pos/" "Mozilla/5.0 (Windows NT 10.0; Win64; x64) AppleWebKit/537.36 (KHTML, like Gecko) Chrome/118.0.0.0 Safari/537.36"
216.144.248.27 - - [06/Nov/2023:07:25:52 +0000] "HEAD /pos HTTP/1.1" 301 5366 "https://mplan.ashesi.edu.gh/pos" "Mozilla/5.0+(compatible; UptimeRobot/2.0; http://www.uptimerobot.com/)"
80.215.252.252 - - [06/Nov/2023:07:25:52 +0000] "GET /subscriber/? HTTP/1.1" 200 5934 "-" "Mozilla/5.0 (iPhone; CPU iPhone OS 15_7_9 like Mac OS X) AppleWebKit/605.1.15 (KHTML, like Gecko) Version/15.6.6 Mobile/15E148 Safari/604.1"
80.215.252.252 - - [06/Nov/2023:07:25:52 +0000] "GET /subscriber/assets/index-e7c9cb4e.js HTTP/1.1" 200 187467 "https://mplan.ashesi.edu.gh/subscriber/?" "Mozilla/5.0 (iPhone; CPU iPhone OS 15_7_9 like Mac OS X) AppleWebKit/605.1.15 (KHTML, like Gecko) Version/15.6.6 Mobile/15E148 Safari/604.1"
80.215.252.252 - - [06/Nov/2023:07:25:52 +0000] "GET /subscriber/assets/index-919520b5.css HTTP/1.1" 200 6623 "https://mplan.ashesi.edu.gh/subscriber/?" "Mozilla/5.0 (iPhone; CPU iPhone OS 15_7_9 like Mac OS X) AppleWebKit/605.1.15 (KHTML, like Gecko) Version/15.6.6 Mobile/15E148 Safari/604.1"
216.144.248.27 - - [06/Nov/2023:07:25:52 +0000] "HEAD /pos/ HTTP/1.1" 200 867 "https://mplan.ashesi.edu.gh/pos" "Mozilla/5.0+(compatible; UptimeRobot/2.0; http://www.uptimerobot.com/)"
80.215.252.252 - - [06/Nov/2023:07:25:53 +0000] "GET /subscriber/assets/headerimg-5519f95f.png HTTP/1.1" 200 1760353 "https://mplan.ashesi.edu.gh/subscriber/?" "Mozilla/5.0 (iPhone; CPU iPhone OS 15_7_9 like Mac OS X) AppleWebKit/605.1.15 (KHTML, like Gecko) Version/15.6.6 Mobile/15E148 Safari/604.1"
41.79.97.5 - - [06/Nov/2023:07:22:53 +0000] "GET /API/api/getFunders/2023-10-19/4 HTTP/1.1" 200 2877 "https://mplan.ashesi.edu.gh/pos/" "Mozilla/5.0 (Windows NT 10.0; Win64; x64) AppleWebKit/537.36 (KHTML, like Gecko) Chrome/118.0.0.0 Safari/537.36"
41.79.97.5 - - [06/Nov/2023:07:23:09 +0000] "GET /API/api/getFunders/2023-10-19/4 HTTP/1.1" 200 7466 "https://mplan.ashesi.edu.gh/pos/" "Mozilla/5.0 (Windows NT 10.0; Win64; x64) AppleWebKit/537.36 (KHTML, like Gecko) Chrome/118.0.0.0 Safari/537.36"
::1 - - [06/Nov/2023:07:26:26 +0000] "OPTIONS * HTTP/1.0" 200 126 "-" "Apache/2.4.29 (Ubuntu) OpenSSL/1.1.1 (internal dummy connection)"
41.79.97.5 - - [06/Nov/2023:07:21:16 +0000] "GET /API/api/getSalesReport/4 HTTP/1.1" 200 6053 "https://mplan.ashesi.edu.gh/pos/" "Mozilla/5.0 (Windows NT 10.0; Win64; x64) AppleWebKit/537.36 (KHTML, like Gecko) Chrome/118.0.0.0 Safari/537.36"
::1 - - [06/Nov/2023:07:26:29 +0000] "OPTIONS * HTTP/1.0" 200 126 "-" "Apache/2.4.29 (Ubuntu) OpenSSL/1.1.1 (internal dummy connection)"
41.79.97.5 - - [06/Nov/2023:07:23:15 +0000] "GET /API/api/getFunders/2023-10-19/4 HTTP/1.1" 200 2877 "https://mplan.ashesi.edu.gh/pos/" "Mozilla/5.0 (Windows NT 10.0; Win64; x64) AppleWebKit/537.36 (KHTML, like Gecko) Chrome/118.0.0.0 Safari/537.36"
::1 - - [06/Nov/2023:07:26:36 +0000] "OPTIONS * HTTP/1.0" 200 126 "-" "Apache/2.4.29 (Ubuntu) OpenSSL/1.1.1 (internal dummy connection)"
41.79.97.5 - - [06/Nov/2023:07:23:47 +0000] "GET /API/api/getFunders/2023-10-19/4 HTTP/1.1" 200 2877 "https://mplan.ashesi.edu.gh/pos/" "Mozilla/5.0 (Windows NT 10.0; Win64; x64) AppleWebKit/537.36 (KHTML, like Gecko) Chrome/118.0.0.0 Safari/537.36"
::1 - - [06/Nov/2023:07:27:00 +0000] "OPTIONS * HTTP/1.0" 200 126 "-" "Apache/2.4.29 (Ubuntu) OpenSSL/1.1.1 (internal dummy connection)"
216.144.248.27 - - [06/Nov/2023:07:27:06 +0000] "HEAD /vendor/public/admin HTTP/1.1" 302 6087 "https://mplan.ashesi.edu.gh/vendor/public/admin" "Mozilla/5.0+(compatible; UptimeRobot/2.0; http://www.uptimerobot.com/)"
216.144.248.27 - - [06/Nov/2023:07:27:07 +0000] "HEAD /vendor/public/admin/login HTTP/1.1" 200 1430 "https://mplan.ashesi.edu.gh/vendor/public/admin" "Mozilla/5.0+(compatible; UptimeRobot/2.0; http://www.uptimerobot.com/)"
216.144.248.27 - - [06/Nov/2023:07:27:30 +0000] "HEAD /admin HTTP/1.1" 301 5368 "https://mplan.ashesi.edu.gh/admin" "Mozilla/5.0+(compatible; UptimeRobot/2.0; http://www.uptimerobot.com/)"
216.144.248.27 - - [06/Nov/2023:07:27:30 +0000] "HEAD /admin/ HTTP/1.1" 302 1550 "https://mplan.ashesi.edu.gh/admin" "Mozilla/5.0+(compatible; UptimeRobot/2.0; http://www.uptimerobot.com/)"
